Verifying Node checksum
Using vendored Node v22.11.0
:: Juke Build version 0.8.1
:: Skipping 'cutter' (condition unmet)
:: Skipping 'yarn' (up to date)
:: Skipping 'tgui' (up to date)
=> Starting 'icon-cutter'
Hypnagogic CLI v4.0.0
Found 0 files!
[92mSuccessfully processed 0 files![39m
[34mTook 9.34ms[39m
=> Finished 'icon-cutter' in 0.039s
=> Starting 'dm'
:: Using defines: CBT
DM compiler version 515.1647
loading tgstation.dme
loading interface/skin.dmf
code\modules\admin\admin_verbs.dm:62:error: /client/proc/centcom_podlauncher: undefined type path
code\modules\admin\admin_verbs.dm:93:error: /datum/admins/proc/open_borgopanel: undefined type path
code\game\machinery\computer\arcade.dm:164:error: /obj/item/card/emagfake: undefined type path
code\game\objects\items\stacks\rods.dm:9:error: /obj/structure/tank_holder: undefined type path
code\game\objects\items\stacks\sheets\leather.dm:186:error: /obj/item/saddle: undefined type path
code\game\objects\items\stacks\sheets\mineral.dm:30:error: /obj/machinery/hydroponics/soil: undefined type path
code\game\objects\items\stacks\sheets\mineral.dm:368:error: /obj/item/golem_shell/servant: undefined type path
code\game\objects\items\stacks\sheets\mineral.dm:428:error: /obj/structure/bed/abductor: undefined type path
code\game\objects\items\stacks\sheets\mineral.dm:428:error: /obj/structure/closet/abductor: undefined type path
code\game\objects\items\stacks\sheets\mineral.dm:428:error: /obj/structure/table_frame/abductor: undefined type path
code\game\objects\items\stacks\sheets\mineral.dm:428:error: /obj/structure/door_assembly/door_assembly_abductor: undefined type path
code\game\objects\items\stacks\sheets\mineral.dm:480:error: /obj/item/golem_shell/servant: undefined type path
code\game\objects\items\stacks\sheets\sheet_types.dm:128:error: /obj/structure/canister_frame/machine/frame_tier_0: undefined type path
code\game\objects\items\stacks\sheets\sheet_types.dm:128:error: /obj/machinery/modular_computer/console/buildable/: undefined type path
code\game\objects\items\stacks\sheets\sheet_types.dm:128:error: /obj/machinery/porta_turret_construct: undefined type path
code\game\objects\items\stacks\sheets\sheet_types.dm:128:error: /obj/item/bot_assembly/hygienebot: undefined type path
code\game\objects\items\stacks\sheets\sheet_types.dm:171:error: /obj/structure/ai_core: undefined type path
code\game\objects\items\stacks\sheets\sheet_types.dm:247:error: /obj/structure/fermenting_barrel: undefined type path
code\game\objects\items\stacks\sheets\sheet_types.dm:247:error: /obj/structure/beebox: undefined type path
code\game\objects\items\stacks\sheets\sheet_types.dm:247:error: /obj/item/honey_frame: undefined type path
code\game\objects\items\stacks\sheets\sheet_types.dm:512:error: /obj/structure/destructible/cult/pylon: undefined type path
code\game\objects\items\stacks\sheets\sheet_types.dm:512:error: /obj/structure/destructible/cult/forge: undefined type path
code\game\objects\items\stacks\sheets\sheet_types.dm:512:error: /obj/structure/destructible/cult/tome: undefined type path
code\game\objects\items\stacks\sheets\sheet_types.dm:512:error: /obj/structure/destructible/cult/talisman: undefined type path
code\modules\food_and_drinks\kitchen_machinery\deep_fryer.dm:23:error: /obj/item/his_grace: undefined type path
code\modules\projectiles\guns\wod13\ballistic.dm:557:error: /obj/item/melee/transforming/energy: undefined type path
code\modules\shuttle\supply.dm:71:error: /obj/structure/blob: undefined type path
code\modules\shuttle\supply.dm:72:error: /obj/effect/rune: undefined type path
code\modules\shuttle\supply.dm:74:error: /obj/item/disk/nuclear: undefined type path
code\modules\shuttle\supply.dm:75:error: /obj/machinery/nuclearbomb: undefined type path
code\modules\shuttle\supply.dm:77:error: /obj/narsie: undefined type path
code\modules\shuttle\supply.dm:78:error: /obj/tear_in_reality: undefined type path
code\modules\shuttle\supply.dm:79:error: /obj/machinery/teleport/station: undefined type path
code\modules\shuttle\supply.dm:80:error: /obj/machinery/teleport/hub: undefined type path
code\modules\shuttle\supply.dm:81:error: /obj/machinery/quantumpad: undefined type path
code\modules\shuttle\supply.dm:83:error: /obj/effect/hierophant: undefined type path
code\modules\shuttle\supply.dm:84:error: /obj/structure/receiving_pad: undefined type path
code\modules\shuttle\supply.dm:86:error: /obj/machinery/rnd/production: undefined type path
code\modules\shuttle\supply.dm:88:error: /obj/projectile/beam/wormhole: undefined type path
code\modules\shuttle\supply.dm:93:error: /obj/item/hilbertshotel: undefined type path
code\modules\shuttle\supply.dm:96:error: /obj/machinery/launchpad: undefined type path
code\modules\shuttle\supply.dm:97:error: /obj/machinery/disposal: undefined type path
code\modules\shuttle\supply.dm:99:error: /obj/item/hilbertshotel: undefined type path
code\modules\shuttle\supply.dm:102:error: /obj/structure/checkoutmachine: undefined type path
code\modules\spells\spell_types\rightandwrong.dm:101:error: /obj/item/gun/energy/pulse: undefined type path
code\modules\spells\spell_types\rightandwrong.dm:111:error: /obj/item/gun/energy/lasercannon: undefined type path
code\modules\spells\spell_types\rightandwrong.dm:113:error: /obj/item/gun/energy/e_gun/nuclear: undefined type path
code\modules\spells\spell_types\rightandwrong.dm:118:error: /obj/item/gun/energy/alien: undefined type path
code\modules\spells\spell_types\rightandwrong.dm:119:error: /obj/item/gun/energy/e_gun/dragnet: undefined type path
code\modules\spells\spell_types\rightandwrong.dm:120:error: /obj/item/gun/energy/e_gun/turret: undefined type path
code\modules\spells\spell_types\rightandwrong.dm:121:error: /obj/item/gun/energy/pulse/carbine: undefined type path
code\modules\spells\spell_types\rightandwrong.dm:134:error: /obj/item/gun/energy/laser/scatter: undefined type path
code\modules\spells\spell_types\rightandwrong.dm:110:error: /obj/item/gun/magic/wand/nothing: undefined type path
code\modules\spells\spell_types\rightandwrong.dm:111:error: /obj/item/gun/magic/wand/death: undefined type path
code\modules\spells\spell_types\rightandwrong.dm:112:error: /obj/item/gun/magic/wand/resurrection: undefined type path
code\modules\spells\spell_types\rightandwrong.dm:113:error: /obj/item/gun/magic/wand/polymorph: undefined type path
code\modules\spells\spell_types\rightandwrong.dm:114:error: /obj/item/gun/magic/wand/teleport: undefined type path
code\modules\spells\spell_types\rightandwrong.dm:115:error: /obj/item/gun/magic/wand/door: undefined type path
code\modules\spells\spell_types\rightandwrong.dm:116:error: /obj/item/gun/magic/wand/fireball: undefined type path
code\modules\spells\spell_types\rightandwrong.dm:119:error: /obj/item/scrying: undefined type path
code\modules\spells\spell_types\rightandwrong.dm:120:error: /obj/item/voodoo: undefined type path
code\modules\spells\spell_types\rightandwrong.dm:121:error: /obj/item/warpwhistle: undefined type path
code\modules\spells\spell_types\rightandwrong.dm:96:error: /obj/item/necromantic_stone: undefined type path
code\modules\spells\spell_types\rightandwrong.dm:115:error: /obj/item/necromantic_stone: undefined type path
code\modules\spells\spell_types\rightandwrong.dm:116:error: /obj/item/scrying: undefined type path
code\modules\spells\spell_types\rightandwrong.dm:117:error: /obj/item/spellbook: undefined type path
code\modules\spells\spell_types\rightandwrong.dm:119:error: /obj/item/voodoo: undefined type path
code\modules\spells\spell_types\rightandwrong.dm:120:error: /obj/item/warpwhistle: undefined type path
code\controllers\subsystem\ticker.dm:643:error: gather_newscaster: undefined proc
code\controllers\subsystem\chat.dm:35:error: CHAT_RELIABILITY_HISTORY_SIZE: undefined var
code\controllers\subsystem\chat.dm:68:error: LAZYADDASSOCLIST: undefined proc
code\controllers\subsystem\chat.dm:85:error: CHAT_RELIABILITY_MAX_RESENDS: undefined var
code\modules\tgui\external.dm:73:error: open_uis: undefined var
code\modules\tgui\external.dm:89:error: COMSIG_UI_ACT: undefined var
code\modules\tgui\external.dm:89:error: COMSIG_UI_ACT: undefined var
code\modules\mining\lavaland\necropolis_chests.dm:1114:error: /obj/effect/temp_visual/hierophant/blast/visual: undefined type path
code\modules\mining\lavaland\necropolis_chests.dm:1115:error: /obj/effect/temp_visual/hierophant/blast/visual: undefined type path
code\modules\vehicles\vehicle_actions.dm:165:error: /obj/vehicle/sealed/car/clowncar: undefined type path
code\modules\vehicles\vehicle_actions.dm:175:error: /obj/vehicle/sealed/car/clowncar: undefined type path
code\modules\vehicles\vehicle_actions.dm:190:error: /obj/vehicle/sealed/car/clowncar: undefined type path
code\modules\vtmb\werewolf\tribes.dm:176:error: tesla_zap: undefined proc
code\modules\admin\verbs\one_click_antag.dm:56:error: temp.restricted_jobs: undefined type: /datum/game_mode/traitor
code\modules\admin\verbs\one_click_antag.dm:56:error: temp.protected_jobs: undefined type: /datum/game_mode/traitor
code\modules\admin\verbs\one_click_antag.dm:59:error: temp.restricted_jobs: undefined type: /datum/game_mode/traitor
code\modules\admin\verbs\one_click_antag.dm:66:error: temp.age_check: undefined type: /datum/game_mode/traitor
code\modules\admin\verbs\one_click_antag.dm:67:error: temp.restricted_jobs: undefined type: /datum/game_mode/traitor
code\modules\admin\verbs\one_click_antag.dm:88:error: temp.restricted_jobs: undefined type: /datum/game_mode/changeling
code\modules\admin\verbs\one_click_antag.dm:88:error: temp.protected_jobs: undefined type: /datum/game_mode/changeling
code\modules\admin\verbs\one_click_antag.dm:91:error: temp.restricted_jobs: undefined type: /datum/game_mode/changeling
code\modules\admin\verbs\one_click_antag.dm:98:error: temp.age_check: undefined type: /datum/game_mode/changeling
code\modules\admin\verbs\one_click_antag.dm:99:error: temp.restricted_jobs: undefined type: /datum/game_mode/changeling
code\modules\admin\verbs\one_click_antag.dm:118:error: temp.restricted_jobs: undefined type: /datum/game_mode/revolution
code\modules\admin\verbs\one_click_antag.dm:118:error: temp.protected_jobs: undefined type: /datum/game_mode/revolution
code\modules\admin\verbs\one_click_antag.dm:121:error: temp.restricted_jobs: undefined type: /datum/game_mode/revolution
code\modules\admin\verbs\one_click_antag.dm:128:error: temp.age_check: undefined type: /datum/game_mode/revolution
code\modules\admin\verbs\one_click_antag.dm:129:error: temp.restricted_jobs: undefined type: /datum/game_mode/revolution
code\modules\admin\verbs\one_click_antag.dm:157:error: temp.restricted_jobs: undefined type: /datum/game_mode/cult
code\modules\admin\verbs\one_click_antag.dm:157:error: temp.protected_jobs: undefined type: /datum/game_mode/cult
code\modules\admin\verbs\one_click_antag.dm:160:error: temp.restricted_jobs: undefined type: /datum/game_mode/cult
code\modules\admin\verbs\one_click_antag.dm:167:error: temp.age_check: undefined type: /datum/game_mode/cult
code\modules\admin\verbs\one_click_antag.dm:168:error: temp.restricted_jobs: undefined type: /datum/game_mode/cult
code\modules\admin\verbs\one_click_antag.dm:294:error: temp: undefined type: /datum/game_mode/nuclear
code\modules\admin\verbs\one_click_antag.dm:325:error: /datum/antagonist/nukeop/leader: undefined type path
code\modules\admin\verbs\one_click_antag.dm:326:error: nuke_team: undefined type: /datum/team/nuclear
code\modules\admin\verbs\one_click_antag.dm:328:error: /datum/antagonist/nukeop: undefined type path
code\modules\admin\verbs\one_click_antag.dm:328:error: nuke_team: undefined type: /datum/team/nuclear
code\modules\admin\verbs\one_click_antag.dm:339:error: E.spawncount: undefined type: /datum/round_event/ghost_role/alien_infestation
code\modules\admin\verbs\one_click_antag.dm:342:error: E.processing: undefined type: /datum/round_event/ghost_role/alien_infestation
code\modules\admin\verbs\one_click_antag.dm:338:error: E: unknown variable type
code\modules\admin\verbs\one_click_antag.dm:346:error: /datum/round_event/ghost_role/space_ninja: undefined type path
code\modules\admin\verbs\one_click_antag.dm:375:error: /datum/antagonist/official: undefined type path
code\modules\admin\verbs\one_click_antag.dm:423:error: /datum/ert/centcom_official: undefined type path
code\modules\admin\verbs\one_click_antag.dm:519:error: door: undefined type: /obj/machinery/door/poddoor/ert
code\modules\admin\verbs\one_click_antag.dm:520:error: door.open: undefined type: /obj/machinery/door/poddoor/ert
code\modules\admin\verbs\one_click_antag.dm:530:error: /datum/round_event/ghost_role/abductor: undefined type path
code\modules\admin\verbs\one_click_antag.dm:534:error: /datum/round_event/ghost_role/revenant: undefined type path
code\modules\admin\verbs\randomverbs.dm:1088:error: S: undefined type: /datum/station_goal
code\modules\admin\verbs\randomverbs.dm:1089:error: S.name: undefined type: /datum/station_goal
code\modules\admin\verbs\randomverbs.dm:1089:error: S: undefined type: /datum/station_goal
code\modules\admin\verbs\randomverbs.dm:1089:error: S: undefined type: /datum/station_goal
code\modules\admin\verbs\spawnobjasmob.dm:14:error: /mob/living/simple_animal/hostile/mimic/copy: undefined type path
code\modules\admin\verbs\spawnobjasmob.dm:38:error: basemob: undefined type: /mob/living/simple_animal/hostile/mimic/copy
code\modules\admin\verbs\spawnobjasmob.dm:39:error: basemob: undefined type: /mob/living/simple_animal/hostile/mimic/copy
code\modules\admin\verbs\spawnobjasmob.dm:39:error: /mob/living/simple_animal/hostile/mimic/copy: undefined type path
code\modules\admin\verbs\spawnobjasmob.dm:42:error: basemob: undefined type: /mob/living/simple_animal/hostile/mimic/copy
code\modules\admin\verbs\spawnobjasmob.dm:42:error: basemob: undefined type: /mob/living/simple_animal/hostile/mimic/copy
code\modules\admin\verbs\spawnobjasmob.dm:45:error: basemob.toggle_ai: undefined type: /mob/living/simple_animal/hostile/mimic/copy
code\modules\admin\verbs\spawnobjasmob.dm:48:error: basemob.idledamage: undefined type: /mob/living/simple_animal/hostile/mimic/copy
code\modules\admin\verbs\spawnobjasmob.dm:53:error: basemob.access_card: undefined type: /mob/living/simple_animal/hostile/mimic/copy
code\modules\admin\verbs\spawnobjasmob.dm:59:error: basemob.maxHealth: undefined type: /mob/living/simple_animal/hostile/mimic/copy
code\modules\admin\verbs\spawnobjasmob.dm:59:error: basemob.maxHealth: undefined type: /mob/living/simple_animal/hostile/mimic/copy
code\modules\admin\verbs\spawnobjasmob.dm:62:error: basemob.name: undefined type: /mob/living/simple_animal/hostile/mimic/copy
code\modules\admin\verbs\spawnobjasmob.dm:62:error: basemob.real_name: undefined type: /mob/living/simple_animal/hostile/mimic/copy
code\modules\admin\verbs\spawnobjasmob.dm:65:error: basemob.ckey: undefined type: /mob/living/simple_animal/hostile/mimic/copy
code\modules\admin\verbs\spawnobjasmob.dm:68:error: basemob: undefined type: /mob/living/simple_animal/hostile/mimic/copy
code\modules\admin\topic.dm:147:error: /datum/round_event/ghost_role/blob: undefined type path
code\modules\admin\topic.dm:399:error: /mob/living/carbon/alien/humanoid/drone: undefined type path
code\modules\admin\topic.dm:401:error: /mob/living/carbon/alien/humanoid/hunter: undefined type path
code\modules\admin\topic.dm:403:error: /mob/living/carbon/alien/humanoid/royal/queen: undefined type path
code\modules\admin\topic.dm:405:error: /mob/living/carbon/alien/humanoid/royal/praetorian: undefined type path
code\modules\admin\topic.dm:407:error: /mob/living/carbon/alien/humanoid/sentinel: undefined type path
code\modules\admin\topic.dm:442:error: /mob/living/simple_animal/hostile/construct/juggernaut: undefined type path
code\modules\admin\topic.dm:444:error: /mob/living/simple_animal/hostile/construct/artificer: undefined type path
code\modules\admin\topic.dm:446:error: /mob/living/simple_animal/hostile/construct/wraith: undefined type path
code\modules\admin\topic.dm:1385:error: /datum/species/plasmaman: undefined type path
code\modules\admin\topic.dm:1387:error: /datum/species/ethereal: undefined type path
code\modules\admin\topic.dm:1389:error: /datum/species/lizard: undefined type path
code\modules\admin\topic.dm:1442:error: charter: undefined type: /obj/item/station_charter
code\modules\admin\topic.dm:1443:error: charter.reject_proposed: undefined type: /obj/item/station_charter
code\modules\admin\topic.dm:1576:error: open_borgopanel: undefined proc
code\modules\admin\topic.dm:2028:error: SD: undefined type: /obj/machinery/nuclearbomb/selfdestruct
code\modules\admin\topic.dm:2029:error: SD.r_code: undefined type: /obj/machinery/nuclearbomb/selfdestruct
code\modules\admin\topic.dm:2036:error: /datum/station_goal: undefined type path
code\modules\admin\topic.dm:2041:error: /datum/station_goal: undefined type path
code\modules\admin\topic.dm:2045:error: G.name: undefined type: /datum/station_goal
code\modules\admin\topic.dm:2049:error: G.report_message: undefined type: /datum/station_goal
code\modules\admin\topic.dm:2050:error: G.name: undefined type: /datum/station_goal
code\modules\admin\topic.dm:2051:error: G: undefined type: /datum/station_goal
code\modules\admin\topic.dm:2172:error: toggle_id_ctf: undefined proc
code\modules\admin\topic.dm:2349:error: button.force_war: undefined type: /obj/item/nuclear_challenge
code\modules\asset_cache\assets\achievements.dm:5:error: ACHIEVEMENTS_SET: undefined var
code\modules\asset_cache\assets\achievements.dm:7:error: other_award: undefined type: /datum/award
code\modules\asset_cache\assets\achievements.dm:7:error: /datum/award: undefined type path
code\modules\asset_cache\assets\achievements.dm:7:error: /datum/award: undefined type path
code\modules\asset_cache\assets\achievements.dm:8:error: other_award.icon: undefined type: /datum/award
code\modules\asset_cache\assets\achievements.dm:9:error: ACHIEVEMENTS_SET: undefined var
code\modules\asset_cache\assets\achievements.dm:10:error: other_award.icon_state: undefined type: /datum/award
code\modules\asset_cache\assets\condiments.dm:4:error: 'icons/ui/condiments/bottle.png': cannot find file
code\modules\asset_cache\assets\condiments.dm:5:error: 'icons/ui/condiments/flour.png': cannot find file
code\modules\asset_cache\assets\condiments.dm:6:error: 'icons/ui/condiments/rice.png': cannot find file
code\modules\asset_cache\assets\condiments.dm:7:error: 'icons/ui/condiments/sugar.png': cannot find file
code\modules\asset_cache\assets\condiments.dm:8:error: 'icons/ui/condiments/milk.png': cannot find file
code\modules\asset_cache\assets\condiments.dm:9:error: 'icons/ui/condiments/enzyme.png': cannot find file
code\modules\asset_cache\assets\condiments.dm:10:error: 'icons/ui/condiments/hotsauce.png': cannot find file
code\modules\asset_cache\assets\condiments.dm:11:error: 'icons/ui/condiments/coldsauce.png': cannot find file
code\modules\asset_cache\assets\condiments.dm:12:error: 'icons/ui/condiments/bbqsauce.png': cannot find file
code\modules\asset_cache\assets\condiments.dm:13:error: 'icons/ui/condiments/soymilk.png': cannot find file
code\modules\asset_cache\assets\condiments.dm:14:error: 'icons/ui/condiments/soysauce.png': cannot find file
code\modules\asset_cache\assets\condiments.dm:15:error: 'icons/ui/condiments/ketchup.png': cannot find file
code\modules\asset_cache\assets\condiments.dm:16:error: 'icons/ui/condiments/mayonnaise.png': cannot find file
code\modules\asset_cache\assets\condiments.dm:17:error: 'icons/ui/condiments/oliveoil.png': cannot find file
code\modules\asset_cache\assets\condiments.dm:18:error: 'icons/ui/condiments/cookingoil.png': cannot find file
code\modules\asset_cache\assets\condiments.dm:19:error: 'icons/ui/condiments/peanutbutter.png': cannot find file
code\modules\asset_cache\assets\condiments.dm:20:error: 'icons/ui/condiments/cherryjelly.png': cannot find file
code\modules\asset_cache\assets\condiments.dm:21:error: 'icons/ui/condiments/honey.png': cannot find file
code\modules\asset_cache\assets\condiments.dm:22:error: 'icons/ui/condiments/peppermillsmall.png': cannot find file
code\modules\asset_cache\assets\condiments.dm:23:error: 'icons/ui/condiments/saltshakersmall.png': cannot find file
code\modules\asset_cache\assets\paper.dm:7:error: 'icons/stamp_icons/large_stamp-void.png': cannot find file
code\modules\asset_cache\assets\bibles.dm:5:error: /obj/item/book/bible: undefined type path
code\modules\asset_cache\assets\bibles.dm:6:error: holy_template.icon: undefined type: /obj/item/book/bible
code\modules\asset_cache\assets\chat.dm:5:error: EMOJI_SET: undefined var
code\modules\asset_cache\assets\chat.dm:7:error: 'icons/ui/chat/language.dmi': cannot find file
code\modules\asset_cache\assets\chemmaster.dm:11:error: sanitize_css_class_name: undefined proc
code\modules\asset_cache\assets\crafting.dm:42:error: focus_only: undefined var
code\modules\asset_cache\assets\crafting.dm:42:error: bad_cooking_crafting_icons: undefined var
code\modules\asset_cache\assets\crafting.dm:42:error: PERFORM_ALL_TESTS: undefined proc
code\modules\asset_cache\assets\crafting.dm:43:error: icon_exists: undefined proc
code\modules\asset_cache\assets\crafting.dm:52:error: 'icons/obj/devices/tool.dmi': cannot find file
code\modules\asset_cache\assets\crafting.dm:57:error: 'icons/obj/devices/scanner.dmi': cannot find file
code\modules\asset_cache\assets\crafting.dm:60:error: 'icons/obj/medical/surgery_tools.dmi': cannot find file
code\modules\asset_cache\assets\crafting.dm:67:error: 'icons/obj/service/kitchen.dmi': cannot find file
code\modules\asset_cache\assets\emojipedia.dm:5:error: EMOJI_SET: undefined var
code\modules\asset_cache\assets\fish.dm:10:error: sanitize_css_class_name: undefined proc
code\modules\asset_cache\assets\light_templates.dm:7:error: 'icons/obj/medical/bloodpack.dmi': cannot find file
code\modules\asset_cache\assets\light_templates.dm:11:error: 'icons/mob/silicon/ai.dmi': cannot find file
code\modules\asset_cache\assets\plumbing.dm:7:error: 'icons/obj/medical/iv_drip.dmi': cannot find file
code\modules\asset_cache\assets\plumbing.dm:8:error: 'icons/obj/pipes_n_cables/hydrochem/fluid_ducts.dmi': cannot find file
code\modules\asset_cache\assets\plumbing.dm:16:error: 'icons/obj/pipes_n_cables/hydrochem/plumbers.dmi': cannot find file
code\modules\asset_cache\assets\research_designs.dm:17:error: focus_only: undefined var
code\modules\asset_cache\assets\research_designs.dm:17:error: invalid_research_designs: undefined var
code\modules\asset_cache\assets\research_designs.dm:17:error: PERFORM_ALL_TESTS: undefined proc
code\modules\asset_cache\assets\research_designs.dm:45:error: SSgreyscale.GetColoredIconByType: undefined var
code\modules\asset_cache\assets\research_designs.dm:50:error: focus_only: undefined var
code\modules\asset_cache\assets\research_designs.dm:50:error: invalid_research_designs: undefined var
code\modules\asset_cache\assets\research_designs.dm:50:error: PERFORM_ALL_TESTS: undefined proc
code\modules\asset_cache\assets\research_designs.dm:57:error: /obj/machinery/power/solar_control: undefined type path
code\modules\asset_cache\assets\vending.dm:24:error: SSgreyscale.GetColoredIconByType: undefined var
code\modules\asset_cache\assets\vending.dm:32:error: focus_only: undefined var
code\modules\asset_cache\assets\vending.dm:32:error: invalid_vending_machine_icon_states: undefined var
code\modules\asset_cache\assets\vending.dm:32:error: PERFORM_ALL_TESTS: undefined proc
code\modules\asset_cache\assets\vending.dm:38:error: text_ref: undefined proc
code\modules\asset_cache\assets\vending.dm:40:error: text_ref: undefined proc
code\modules\asset_cache\assets\vending.dm:42:error: text_ref: undefined proc
code\modules\asset_cache\asset_list.dm:212:error: /datum/config_entry/flag/save_spritesheets: undefined type path
code\modules\asset_cache\asset_list.dm:217:error: /datum/config_entry/flag/cache_assets: undefined type path
code\modules\asset_cache\asset_list.dm:221:error: SSasset_loading.dequeue_asset: undefined var
code\modules\asset_cache\asset_list.dm:270:error: /datum/config_entry/flag/save_spritesheets: undefined type path
code\modules\asset_cache\asset_list.dm:324:error: /datum/config_entry/flag/save_spritesheets: undefined type path
code\modules\asset_cache\asset_list.dm:183:error: /datum/config_entry/flag/cache_assets: undefined type path
code\modules\asset_cache\asset_list.dm:190:error: SSasset_loading.queue_asset: undefined var
code\modules\asset_cache\assets\adventure.dm:3:error: 'icons/ui/adventure/default.png': cannot find file
code\modules\asset_cache\assets\adventure.dm:4:error: 'icons/ui/adventure/grue.png': cannot find file
code\modules\asset_cache\assets\adventure.dm:5:error: 'icons/ui/adventure/signal_lost.png': cannot find file
code\modules\asset_cache\assets\adventure.dm:6:error: 'icons/ui/adventure/trade.png': cannot find file
code\modules\asset_cache\assets\arcade.dm:3:error: 'icons/ui/arcade/shopkeeper.png': cannot find file
code\modules\asset_cache\assets\arcade.dm:4:error: 'icons/ui/arcade/fireplace.png': cannot find file
code\modules\asset_cache\assets\arcade.dm:5:error: 'icons/ui/arcade/boss1.gif': cannot find file
code\modules\asset_cache\assets\arcade.dm:6:error: 'icons/ui/arcade/boss2.gif': cannot find file
code\modules\asset_cache\assets\arcade.dm:7:error: 'icons/ui/arcade/boss3.gif': cannot find file
code\modules\asset_cache\assets\arcade.dm:8:error: 'icons/ui/arcade/boss4.gif': cannot find file
code\modules\asset_cache\assets\arcade.dm:9:error: 'icons/ui/arcade/boss5.gif': cannot find file
code\modules\asset_cache\assets\arcade.dm:10:error: 'icons/ui/arcade/boss6.gif': cannot find file
code\modules\asset_cache\assets\body_zones.dm:23:error: SANITIZE_FILENAME: undefined proc
code\modules\asset_cache\assets\circuits.dm:3:error: 'icons/ui/tgui/grid_background.png': cannot find file
code\modules\asset_cache\assets\common.dm:2:error: 'icons/ui/common/padlock.png': cannot find file
code\modules\asset_cache\assets\fontawesome.dm:3:error: 'html/font-awesome/webfonts/fa-regular-400.ttf': cannot find file
code\modules\asset_cache\assets\fontawesome.dm:4:error: 'html/font-awesome/webfonts/fa-solid-900.ttf': cannot find file
code\modules\asset_cache\assets\fontawesome.dm:5:error: 'html/font-awesome/webfonts/fa-v4compatibility.ttf': cannot find file
code\modules\asset_cache\asset_list.dm:569:error: sort_list: undefined proc
code\modules\asset_cache\assets\contracts.dm:3:error: 'icons/ui/contracts/bluespace.png': cannot find file
code\modules\asset_cache\assets\contracts.dm:4:error: 'icons/ui/contracts/destruction.png': cannot find file
code\modules\asset_cache\assets\contracts.dm:5:error: 'icons/ui/contracts/healing.png': cannot find file
code\modules\asset_cache\assets\contracts.dm:6:error: 'icons/ui/contracts/robeless.png': cannot find file
code\modules\asset_cache\assets\headers.dm:3:error: 'icons/ui/programs/alarm_green.gif': cannot find file
code\modules\asset_cache\assets\headers.dm:4:error: 'icons/ui/programs/alarm_red.gif': cannot find file
code\modules\asset_cache\assets\headers.dm:5:error: 'icons/ui/programs/batt_5.gif': cannot find file
code\modules\asset_cache\assets\headers.dm:6:error: 'icons/ui/programs/batt_20.gif': cannot find file
code\modules\asset_cache\assets\headers.dm:7:error: 'icons/ui/programs/batt_40.gif': cannot find file
code\modules\asset_cache\assets\headers.dm:8:error: 'icons/ui/programs/batt_60.gif': cannot find file
code\modules\asset_cache\assets\headers.dm:9:error: 'icons/ui/programs/batt_80.gif': cannot find file
code\modules\asset_cache\assets\headers.dm:10:error: 'icons/ui/programs/batt_100.gif': cannot find file
code\modules\asset_cache\assets\headers.dm:11:error: 'icons/ui/programs/downloader_finished.gif': cannot find file
code\modules\asset_cache\assets\headers.dm:12:error: 'icons/ui/programs/downloader_running.gif': cannot find file
code\modules\asset_cache\assets\headers.dm:13:error: 'icons/ui/programs/ntnrc_idle.gif': cannot find file
code\modules\asset_cache\assets\headers.dm:14:error: 'icons/ui/programs/ntnrc_new.gif': cannot find file
code\modules\asset_cache\assets\headers.dm:15:error: 'icons/ui/programs/power_norm.gif': cannot find file
code\modules\asset_cache\assets\headers.dm:16:error: 'icons/ui/programs/power_warn.gif': cannot find file
code\modules\asset_cache\assets\headers.dm:17:error: 'icons/ui/programs/sig_high.gif': cannot find file
code\modules\asset_cache\assets\headers.dm:18:error: 'icons/ui/programs/sig_low.gif': cannot find file
code\modules\asset_cache\assets\headers.dm:19:error: 'icons/ui/programs/sig_lan.gif': cannot find file
code\modules\asset_cache\assets\headers.dm:20:error: 'icons/ui/programs/sig_none.gif': cannot find file
code\modules\asset_cache\assets\headers.dm:21:error: 'icons/ui/programs/smmon_0.gif': cannot find file
code\modules\asset_cache\assets\headers.dm:22:error: 'icons/ui/programs/smmon_1.gif': cannot find file
code\modules\asset_cache\assets\headers.dm:23:error: 'icons/ui/programs/smmon_2.gif': cannot find file
code\modules\asset_cache\assets\headers.dm:24:error: 'icons/ui/programs/smmon_3.gif': cannot find file
code\modules\asset_cache\assets\headers.dm:25:error: 'icons/ui/programs/smmon_4.gif': cannot find file
code\modules\asset_cache\assets\headers.dm:26:error: 'icons/ui/programs/smmon_5.gif': cannot find file
code\modules\asset_cache\assets\headers.dm:27:error: 'icons/ui/programs/smmon_6.gif': cannot find file
code\modules\asset_cache\assets\headers.dm:28:error: 'icons/ui/programs/borg_mon.gif': cannot find file
code\modules\asset_cache\assets\headers.dm:29:error: 'icons/ui/programs/robotact.gif': cannot find file
code\modules\asset_cache\assets\headers.dm:30:error: 'icons/ui/programs/mafia.gif': cannot find file
code\modules\asset_cache\assets\inventory.dm:3:error: 'icons/ui/inventory/glasses.png': cannot find file
code\modules\asset_cache\assets\inventory.dm:4:error: 'icons/ui/inventory/head.png': cannot find file
code\modules\asset_cache\assets\inventory.dm:5:error: 'icons/ui/inventory/neck.png': cannot find file
code\modules\asset_cache\assets\inventory.dm:6:error: 'icons/ui/inventory/mask.png': cannot find file
code\modules\asset_cache\assets\inventory.dm:7:error: 'icons/ui/inventory/ears.png': cannot find file
code\modules\asset_cache\assets\inventory.dm:8:error: 'icons/ui/inventory/uniform.png': cannot find file
code\modules\asset_cache\assets\inventory.dm:9:error: 'icons/ui/inventory/suit.png': cannot find file
code\modules\asset_cache\assets\inventory.dm:10:error: 'icons/ui/inventory/gloves.png': cannot find file
code\modules\asset_cache\assets\inventory.dm:11:error: 'icons/ui/inventory/hand_l.png': cannot find file
code\modules\asset_cache\assets\inventory.dm:12:error: 'icons/ui/inventory/hand_r.png': cannot find file
code\modules\asset_cache\assets\inventory.dm:13:error: 'icons/ui/inventory/shoes.png': cannot find file
code\modules\asset_cache\assets\inventory.dm:14:error: 'icons/ui/inventory/suit_storage.png': cannot find file
code\modules\asset_cache\assets\inventory.dm:15:error: 'icons/ui/inventory/id.png': cannot find file
code\modules\asset_cache\assets\inventory.dm:16:error: 'icons/ui/inventory/belt.png': cannot find file
code\modules\asset_cache\assets\inventory.dm:17:error: 'icons/ui/inventory/back.png': cannot find file
code\modules\asset_cache\assets\inventory.dm:18:error: 'icons/ui/inventory/pocket.png': cannot find file
code\modules\asset_cache\assets\inventory.dm:19:error: 'icons/ui/inventory/collar.png': cannot find file
code\modules\asset_cache\assets\irv.dm:3:error: 'html/jquery/jquery-ui.custom-core-widgit-mouse-sortable.min.js': cannot find file
code\modules\asset_cache\assets\jquery.dm:4:error: 'html/jquery/jquery.min.js': cannot find file
code\modules\asset_cache\assets\notes.dm:3:error: 'icons/ui/notes/high_button.png': cannot find file
code\modules\asset_cache\assets\notes.dm:4:error: 'icons/ui/notes/medium_button.png': cannot find file
code\modules\asset_cache\assets\notes.dm:5:error: 'icons/ui/notes/minor_button.png': cannot find file
code\modules\asset_cache\assets\notes.dm:6:error: 'icons/ui/notes/none_button.png': cannot find file
code\modules\asset_cache\assets\orbit.dm:3:error: 'icons/ui/orbit/ghost.png': cannot find file
code\modules\asset_cache\assets\plane_debug.dm:3:error: 'icons/ui/tgui/grid_background.png': cannot find file
code\modules\asset_cache\assets\portraits.dm:5:error: SSpersistent_paintings.paintings: undefined var
code\modules\asset_cache\assets\portraits.dm:7:error: portrait: undefined type: /datum/painting
code\modules\asset_cache\assets\portraits.dm:7:error: SSpersistent_paintings.paintings: undefined var
code\modules\asset_cache\assets\portraits.dm:8:error: portrait.md5: undefined type: /datum/painting
code\modules\asset_cache\assets\portraits.dm:10:error: portrait.md5: undefined type: /datum/painting
code\modules\asset_cache\assets\radar.dm:3:error: 'icons/ui/tgui/ntosradar_background.png': cannot find file
code\modules\asset_cache\assets\radar.dm:4:error: 'icons/ui/tgui/ntosradar_pointer.png': cannot find file
code\modules\asset_cache\assets\radar.dm:5:error: 'icons/ui/tgui/ntosradar_pointer_S.png': cannot find file
code\modules\asset_cache\assets\safe.dm:3:error: 'icons/ui/safe/safe_dial.png': cannot find file
code\modules\asset_cache\asset_list.dm:540:error: SANITIZE_FILENAME: undefined proc
code\modules\asset_cache\assets\icon_ref_map.dm:20:error: get_icon_dmi_path: undefined proc
code\modules\asset_cache\asset_list.dm:64:error: /datum/config_entry/flag/cache_assets: undefined type path
code\modules\asset_cache\asset_list.dm:500:error: SANITIZE_FILENAME: undefined proc
code\modules\tgui\states\greyscale_menu.dm:11:error: menu.target: undefined type: /datum/greyscale_modify_menu
code\modules\tgui\states\greyscale_menu.dm:14:error: menu.target: undefined type: /datum/greyscale_modify_menu
code\modules\tgui_input\alert.dm:112:error: /datum/preference/toggle/tgui_input_large: undefined type path
code\modules\tgui_input\alert.dm:113:error: /datum/preference/toggle/tgui_input_swapped: undefined type path
code\modules\tgui_input\checkboxes.dm:111:error: /datum/preference/toggle/tgui_input_large: undefined type path
code\modules\tgui_input\checkboxes.dm:113:error: /datum/preference/toggle/tgui_input_swapped: undefined type path
code\modules\tgui_input\keycombo.dm:98:error: /datum/preference/toggle/tgui_input_large: undefined type path
code\modules\tgui_input\keycombo.dm:100:error: /datum/preference/toggle/tgui_input_swapped: undefined type path
code\modules\tgui_input\list.dm:128:error: /datum/preference/toggle/tgui_input_large: undefined type path
code\modules\tgui_input\list.dm:130:error: /datum/preference/toggle/tgui_input_swapped: undefined type path
code\modules\tgui_input\number.dm:124:error: /datum/preference/toggle/tgui_input_large: undefined type path
code\modules\tgui_input\number.dm:128:error: /datum/preference/toggle/tgui_input_swapped: undefined type path
code\modules\tgui_input\text.dm:165:error: PREVENT_CHARACTER_TRIM_LOSS: undefined proc
code\modules\tgui_input\text.dm:121:error: /datum/preference/toggle/tgui_input_large: undefined type path
code\modules\tgui_input\text.dm:126:error: /datum/preference/toggle/tgui_input_swapped: undefined type path
code\modules\tgui_input\say_modal\modal.dm:70:error: /datum/preference/toggle/tgui_say_light_mode: undefined type path
code\modules\tgui_input\say_modal\modal.dm:89:error: OOC_CHANNEL: undefined var
code\modules\tgui_input\say_modal\modal.dm:89:error: ADMIN_CHANNEL: undefined var
code\modules\tgui_input\say_modal\modal.dm:92:error: log_speech_indicators: undefined proc
code\modules\tgui_input\say_modal\modal.dm:103:error: log_speech_indicators: undefined proc
code\modules\tgui_input\say_modal\speech.dm:13:error: OOC_CHANNEL: undefined var
code\modules\tgui_input\say_modal\speech.dm:13:error: ME_CHANNEL: undefined var
code\modules\tgui_input\say_modal\speech.dm:35:error: SAY_CHANNEL: undefined var
code\modules\tgui_input\say_modal\speech.dm:38:error: RADIO_CHANNEL: undefined var
code\modules\tgui_input\say_modal\speech.dm:41:error: ME_CHANNEL: undefined var
code\modules\tgui_input\say_modal\speech.dm:44:error: OOC_CHANNEL: undefined var
code\modules\tgui_input\say_modal\speech.dm:47:error: ADMIN_CHANNEL: undefined var
code\modules\tgui_input\say_modal\speech.dm:48:error: /datum/admin_verb/cmd_admin_say: undefined type path
code\modules\tgui_input\say_modal\speech.dm:48:error: SSadmin_verbs.dynamic_invoke_verb: undefined var
code\modules\tgui_input\say_modal\speech.dm:92:error: ME_CHANNEL: undefined var
code\modules\tgui_input\say_modal\speech.dm:92:error: OOC_CHANNEL: undefined var
code\modules\tgui_input\say_modal\speech.dm:93:error: SAY_CHANNEL: undefined var
code\modules\tgui_input\say_modal\typing.dm:32:error: category: undefined var
code\modules\tgui_input\say_modal\typing.dm:32:error: PREFERENCE_CATEGORY_GAME_PREFERENCES: undefined var
code\modules\tgui_input\say_modal\typing.dm:33:error: savefile_key: undefined var
code\modules\tgui_input\say_modal\typing.dm:34:error: savefile_identifier: undefined var
code\modules\tgui_input\say_modal\typing.dm:34:error: PREFERENCE_PLAYER: undefined var
code\datums\dna.dm:223:error: generate_dna_blocks: undefined proc
code\datums\dna.dm:413:error: create_sequence: undefined proc
code\datums\dna.dm:424:error: mutation_in_sequence: undefined proc
code\datums\ductnet.dm:10:error: D: undefined type: /obj/machinery/duct
code\datums\ductnet.dm:10:error: D: undefined type: /obj/machinery/duct
code\datums\ductnet.dm:10:error: ducts: undefined type: /obj/machinery/duct
code\datums\ductnet.dm:12:error: ducts: undefined type: /obj/machinery/duct
code\datums\ductnet.dm:12:error: D: undefined type: /obj/machinery/duct
code\datums\ductnet.dm:13:error: D.duct: undefined type: /obj/machinery/duct
code\datums\ductnet.dm:17:error: D: undefined type: /obj/machinery/duct
code\datums\ductnet.dm:17:error: ducting.neighbours: undefined type: /obj/machinery/duct
code\datums\ductnet.dm:18:error: D: undefined type: /obj/machinery/duct
code\datums\ductnet.dm:18:error: /obj/machinery/duct.proc/reconnect: undefined type path
code\datums\ductnet.dm:19:error: D: undefined type: /obj/machinery/duct
code\datums\ductnet.dm:19:error: /obj/machinery/duct.proc/generate_connects: undefined type path
code\datums\ductnet.dm:39:error: ducts.len: undefined type: /obj/machinery/duct
code\datums\ductnet.dm:43:error: ducts.Add: undefined type: /obj/machinery/duct
code\datums\ductnet.dm:54:error: M.duct: undefined type: /obj/machinery/duct
code\datums\ductnet.dm:61:error: ducts: undefined type: /obj/machinery/duct
code\datums\ductnet.dm:63:error: D.duct: undefined type: /obj/machinery/duct
code\game\alternate_appearance.dm:143:error: iscultist: undefined proc
code\game\alternate_appearance.dm:156:error: iscultist: undefined proc
code\game\alternate_appearance.dm:171:error: /mob/living/simple_animal/hostile/construct/wraith: undefined type path
code\game\alternate_appearance.dm:173:error: /mob/living/simple_animal/revenant: undefined type path
code\game\alternate_appearance.dm:173:error: iswizard: undefined proc
code\datums\mind.dm:306:error: /datum/component/uplink: undefined type path
code\datums\mind.dm:530:error: /datum/component/uplink: undefined type path
code\datums\mind.dm:542:error: /datum/antagonist/traitor/contractor_support: undefined type path
code\datums\mind.dm:543:error: /datum/antagonist/traitor/contractor_support: undefined type path
code\datums\mind.dm:546:error: /datum/antagonist/changeling: undefined type path
code\datums\mind.dm:547:error: C: undefined type: /datum/antagonist/changeling
code\datums\mind.dm:548:error: C: undefined type: /datum/antagonist/changeling
code\datums\mind.dm:548:error: /datum/antagonist/changeling: undefined type path
code\datums\mind.dm:550:error: returnC: undefined type: /datum/antagonist/changeling
code\datums\mind.dm:546:warning (unused_var): C: variable defined but not used
code\datums\mind.dm:553:error: /datum/antagonist/wizard: undefined type path
code\datums\mind.dm:556:error: /datum/antagonist/wizard: undefined type path
code\datums\mind.dm:560:error: /datum/antagonist/cult: undefined type path
code\datums\mind.dm:568:error: head.give_flash: undefined type: /datum/antagonist/rev/head
code\datums\mind.dm:569:error: head.give_hud: undefined type: /datum/antagonist/rev/head
code\datums\mind.dm:570:error: head: undefined type: /datum/antagonist/rev/head
code\datums\mind.dm:567:error: head: unknown variable type
code\modules\admin\antag_panel.dm:195:error: U: undefined type: /datum/component/uplink
code\modules\admin\antag_panel.dm:198:error: U.telecrystals: undefined type: /datum/component/uplink
code\modules\admin\antag_panel.dm:200:error: U.telecrystals: undefined type: /datum/component/uplink
code\datums\mind.dm:490:error: U: undefined type: /datum/component/uplink
code\datums\mind.dm:491:error: U.telecrystals: undefined type: /datum/component/uplink
code\datums\mind.dm:493:error: U.telecrystals: undefined type: /datum/component/uplink
code\datums\mind.dm:497:error: equip_traitor: undefined proc
code\game\objects\structures\ghost_role_spawners.dm:394:error: /obj/item/implant/mindshield: undefined type path
code\game\objects\structures\ghost_role_spawners.dm:394:error: /obj/item/implant/exile/noteleport: undefined type path
code\game\objects\structures\ghost_role_spawners.dm:482:error: /obj/item/melee/transforming/energy/sword/saber/red: undefined type path
code\game\objects\structures\ghost_role_spawners.dm:674:error: /obj/item/paper/fluff/ruins/forgottenship/password: undefined type path
code\game\objects\structures\ghost_role_spawners.dm:708:error: /datum/mutation/human/stoner: undefined type path
code\modules\clothing\outfits\ert.dm:53:error: /obj/item/gun/energy/pulse/pistol/loyalpin: undefined type path
code\modules\clothing\outfits\ert.dm:54:error: /obj/item/melee/transforming/energy/sword/saber: undefined type path
code\modules\clothing\outfits\ert.dm:197:error: /obj/item/nullrod/scythe/talking/chainsword: undefined type path
code\modules\clothing\outfits\ert.dm:61:error: /obj/item/gun/energy/e_gun/stun: undefined type path
code\modules\clothing\outfits\ert.dm:84:error: /obj/item/gun/energy/pulse/carbine/loyalpin: undefined type path
code\modules\clothing\outfits\ert.dm:205:error: /obj/item/gun/energy/e_gun/stun: undefined type path
code\modules\clothing\outfits\ert.dm:210:error: /obj/item/construction/rcd/loaded: undefined type path
code\modules\clothing\outfits\ert.dm:122:error: /obj/item/gun/energy/pulse/pistol/loyalpin: undefined type path
code\modules\clothing\outfits\ert.dm:132:error: /obj/item/clothing/glasses/meson/engine: undefined type path
code\modules\clothing\outfits\ert.dm:135:error: /obj/item/rcd_ammo/large: undefined type path
code\modules\clothing\outfits\ert.dm:139:error: /obj/item/construction/rcd/loaded: undefined type path
code\modules\clothing\outfits\ert.dm:158:error: /obj/item/gun/energy/pulse/pistol/loyalpin: undefined type path
code\modules\clothing\outfits\ert.dm:159:error: /obj/item/construction/rcd/combat: undefined type path
code\modules\clothing\outfits\ert.dm:401:error: /obj/item/construction/rcd/loaded: undefined type path
code\modules\clothing\outfits\ert.dm:233:error: /obj/item/nullrod: undefined type path
code\modules\clothing\outfits\ert.dm:250:error: /obj/item/nullrod: undefined type path
code\modules\clothing\outfits\ert.dm:300:error: /obj/item/clothing/shoes/clown_shoes/combat: undefined type path
code\modules\clothing\outfits\ert.dm:304:error: /obj/item/melee/transforming/energy/sword/bananium: undefined type path
code\modules\clothing\outfits\ert.dm:305:error: /obj/item/shield/energy/bananium: undefined type path
code\modules\clothing\outfits\ert.dm:316:error: /datum/mutation/human/clumsy: undefined type path
code\modules\clothing\outfits\ert.dm:317:error: M: undefined type: /datum/mutation/human/clumsy
code\modules\clothing\outfits\ert.dm:318:error: M.mutadone_proof: undefined type: /datum/mutation/human/clumsy
code\modules\clothing\outfits\ert.dm:407:error: /obj/item/clothing/head/chameleon: undefined type path
code\modules\clothing\outfits\ert.dm:408:error: /obj/item/clothing/suit/chameleon: undefined type path
code\modules\clothing\outfits\ert.dm:410:error: /obj/item/clothing/glasses/chameleon: undefined type path
code\modules\clothing\outfits\ert.dm:412:error: /obj/item/shield/energy/bananium: undefined type path
code\modules\clothing\outfits\ert.dm:173:error: /obj/item/pda/heads: undefined type path
code\modules\clothing\outfits\standard.dm:5:error: /obj/item/implant/mindshield: undefined type path
code\modules\clothing\outfits\standard.dm:19:error: /obj/item/gun/energy/pulse/pistol/m1911: undefined type path
code\modules\clothing\outfits\standard.dm:387:error: /obj/item/melee/transforming/energy/sword/saber: undefined type path
code\modules\clothing\outfits\standard.dm:391:error: /obj/item/gun/energy/pulse/loyalpin: undefined type path
code\modules\clothing\outfits\standard.dm:47:error: /obj/item/tank/jetpack/oxygen: undefined type path
code\modules\clothing\outfits\standard.dm:57:error: /obj/item/gun/energy/pulse/destroyer: undefined type path
code\modules\clothing\outfits\standard.dm:107:error: /obj/item/gun/energy/laser/redtag: undefined type path
code\modules\clothing\outfits\standard.dm:117:error: /obj/item/gun/energy/laser/bluetag: undefined type path
code\modules\clothing\outfits\standard.dm:161:error: /obj/item/clothing/suit/hooded/chaplain_hoodie: undefined type path
code\modules\clothing\outfits\standard.dm:207:error: /obj/item/melee/transforming/energy/sword/saber: undefined type path
code\modules\clothing\outfits\standard.dm:210:error: /obj/item/pda/heads: undefined type path
code\modules\clothing\outfits\standard.dm:274:error: /obj/item/clothing/suit/hooded/cultrobes/alt/ghost: undefined type path
code\modules\clothing\outfits\standard.dm:276:error: /obj/item/melee/cultblade/ghost: undefined type path
code\modules\clothing\outfits\standard.dm:286:error: /obj/item/teleportation_scroll: undefined type path
code\modules\clothing\outfits\standard.dm:287:error: /obj/item/spellbook: undefined type path
code\modules\clothing\outfits\standard.dm:304:error: /obj/item/teleportation_scroll/apprentice: undefined type path
code\modules\clothing\outfits\standard.dm:427:error: /obj/item/chrono_eraser: undefined type path
code\modules\clothing\outfits\standard.dm:448:error: /obj/item/melee/transforming/energy/axe: undefined type path
code\modules\clothing\outfits\standard.dm:449:error: /obj/item/storage/part_replacer/bluespace/tier4: undefined type path
code\modules\clothing\outfits\standard.dm:450:error: /obj/item/gun/magic/wand/resurrection/debug: undefined type path
code\modules\clothing\outfits\standard.dm:451:error: /obj/item/gun/magic/wand/death/debug: undefined type path
code\modules\clothing\outfits\standard.dm:477:error: /obj/item/melee/transforming/energy/axe: undefined type path
code\modules\clothing\outfits\standard.dm:478:error: /obj/item/storage/part_replacer/bluespace/tier4: undefined type path
code\modules\clothing\outfits\standard.dm:479:error: /obj/item/gun/magic/wand/resurrection/debug: undefined type path
code\modules\clothing\outfits\standard.dm:480:error: /obj/item/gun/magic/wand/death/debug: undefined type path
code\modules\clothing\outfits\vr.dm:30:error: /obj/item/uplink/nuclear_restricted: undefined type path
code\modules\jobs\job_types\atmospheric_technician.dm:30:error: /obj/item/pda/atmos: undefined type path
code\modules\jobs\job_types\atmospheric_technician.dm:40:error: /obj/item/modular_computer/tablet/preset/advanced/atmos: undefined type path
code\modules\jobs\job_types\bartender.dm:24:error: /obj/item/pda/bar: undefined type path
code\modules\jobs\job_types\botanist.dm:23:error: /obj/item/pda/botanist: undefined type path
code\modules\jobs\job_types\captain.dm:39:error: /obj/item/pda/captain: undefined type path
code\modules\jobs\job_types\captain.dm:47:error: /obj/item/station_charter: undefined type path
code\modules\jobs\job_types\captain.dm:55:error: /obj/item/implant/mindshield: undefined type path
code\modules\jobs\job_types\cargo_technician.dm:23:error: /obj/item/pda/cargo: undefined type path
code\modules\jobs\job_types\cargo_technician.dm:27:error: /obj/item/modular_computer/tablet/preset/cargo: undefined type path
code\modules\jobs\job_types\chaplain.dm:124:error: /obj/item/pda/chaplain: undefined type path
code\modules\jobs\job_types\chemist.dm:29:error: /obj/item/pda/chemist: undefined type path
code\modules\jobs\job_types\chief_engineer.dm:41:error: /obj/item/pda/heads/ce: undefined type path
code\modules\jobs\job_types\chief_engineer.dm:47:error: /obj/item/modular_computer/tablet/preset/advanced/command: undefined type path
code\modules\jobs\job_types\chief_engineer.dm:56:error: /obj/item/skillchip/job/engineer: undefined type path
code\modules\jobs\job_types\chief_engineer.dm:65:error: /obj/item/clothing/glasses/meson/engine: undefined type path
code\modules\jobs\job_types\chief_medical_officer.dm:38:error: /obj/item/pda/heads/cmo: undefined type path
code\modules\jobs\job_types\chief_medical_officer.dm:39:error: /obj/item/pinpointer/crew: undefined type path
code\modules\jobs\job_types\chief_medical_officer.dm:46:error: /obj/item/modular_computer/tablet/preset/advanced/command: undefined type path
code\modules\jobs\job_types\clown.dm:30:error: /obj/item/pda/clown: undefined type path
code\modules\jobs\job_types\clown.dm:43:error: /obj/item/implant/sad_trombone: undefined type path
code\modules\jobs\job_types\clown.dm:60:error: /datum/mutation/human/clumsy: undefined type path
code\modules\jobs\job_types\clown.dm:61:error: M: undefined type: /datum/mutation/human/clumsy
code\modules\jobs\job_types\clown.dm:62:error: M.mutadone_proof: undefined type: /datum/mutation/human/clumsy
code\modules\jobs\job_types\cook.dm:27:error: /obj/item/pda/cook: undefined type path
code\modules\jobs\job_types\cook.dm:34:error: /obj/item/sharpener: undefined type path
code\modules\jobs\job_types\cook.dm:37:error: /obj/item/skillchip/job/chef: undefined type path
code\modules\jobs\job_types\curator.dm:24:error: /obj/item/pda/curator: undefined type path
code\modules\jobs\job_types\detective.dm:30:error: /obj/item/pda/detective: undefined type path
code\modules\jobs\job_types\detective.dm:45:error: /obj/item/implant/mindshield: undefined type path
code\modules\jobs\job_types\geneticist.dm:26:error: /obj/item/pda/geneticist: undefined type path
code\modules\jobs\job_types\head_of_personnel.dm:46:error: /obj/item/pda/heads/hop: undefined type path
code\modules\jobs\job_types\head_of_personnel.dm:52:error: /obj/item/modular_computer/tablet/preset/advanced/command: undefined type path
code\modules\jobs\job_types\head_of_security.dm:41:error: /obj/item/pda/heads/hos: undefined type path
code\modules\jobs\job_types\head_of_security.dm:52:error: /obj/item/modular_computer/tablet/preset/advanced/command: undefined type path
code\modules\jobs\job_types\head_of_security.dm:59:error: /obj/item/implant/mindshield: undefined type path
code\modules\jobs\job_types\head_of_security.dm:61:error: /obj/item/gun/energy/e_gun/hos: undefined type path
code\modules\jobs\job_types\janitor.dm:23:error: /obj/item/pda/janitor: undefined type path
code\modules\jobs\job_types\janitor.dm:26:error: /obj/item/modular_computer/tablet/preset/advanced: undefined type path
code\modules\jobs\job_types\lawyer.dm:27:error: /obj/item/pda/lawyer: undefined type path
code\modules\jobs\job_types\medical_doctor.dm:26:error: /obj/item/pda/medical: undefined type path
code\modules\jobs\job_types\mime.dm:26:error: /obj/item/pda/mime: undefined type path
code\modules\jobs\job_types\paramedic.dm:36:error: /obj/item/pda/medical: undefined type path
code\modules\jobs\job_types\psychologist.dm:29:error: /obj/item/pda/medical: undefined type path
code\modules\jobs\job_types\psychologist.dm:35:error: /obj/item/skillchip/job/psychology: undefined type path
code\modules\jobs\job_types\quartermaster.dm:27:error: /obj/item/pda/quartermaster: undefined type path
code\modules\jobs\job_types\quartermaster.dm:33:error: /obj/item/modular_computer/tablet/preset/cargo: undefined type path
code\modules\jobs\job_types\research_director.dm:42:error: /obj/item/pda/heads/rd: undefined type path
code\modules\jobs\job_types\research_director.dm:49:error: /obj/item/modular_computer/tablet/preset/advanced/command: undefined type path
code\modules\jobs\job_types\research_director.dm:55:error: /obj/item/skillchip/job/research_director: undefined type path
code\modules\jobs\job_types\scientist.dm:29:error: /obj/item/pda/toxins: undefined type path
code\modules\jobs\job_types\security_officer.dm:116:error: /obj/item/pda/security: undefined type path
code\modules\jobs\job_types\security_officer.dm:133:error: /obj/item/implant/mindshield: undefined type path
code\modules\jobs\job_types\shaft_miner.dm:24:error: /obj/item/pda/shaftminer: undefined type path
code\modules\jobs\job_types\station_engineer.dm:31:error: /obj/item/pda/engineering: undefined type path
code\modules\jobs\job_types\station_engineer.dm:43:error: /obj/item/modular_computer/tablet/preset/advanced: undefined type path
code\modules\jobs\job_types\station_engineer.dm:45:error: /obj/item/skillchip/job/engineer: undefined type path
code\modules\jobs\job_types\virologist.dm:28:error: /obj/item/pda/viro: undefined type path
code\modules\jobs\job_types\warden.dm:36:error: /obj/item/pda/warden: undefined type path
code\modules\jobs\job_types\warden.dm:54:error: /obj/item/implant/mindshield: undefined type path
code\modules\vtmb\jobs\hound.dm:52:error: /obj/item/implant/mindshield: undefined type path
code\modules\vtmb\jobs\prince.dm:69:error: /obj/item/implant/mindshield: undefined type path
code\modules\vtmb\jobs\sheriff.dm:68:error: /obj/item/implant/mindshield: undefined type path
code\modules\mob\living\simple_animal\corpse.dm:45:error: /obj/item/tank/jetpack/oxygen: undefined type path
code\modules\wod13\map.dm:230:error: /obj/item/tank/jetpack/oxygen: undefined type path
code\modules\mob\living\simple_animal\corpse.dm:65:error: /obj/item/tank/jetpack/oxygen/harness: undefined type path
code\modules\mob\living\simple_animal\corpse.dm:239:error: /obj/item/storage/belt/fannypack/yellow/bee_terrorist: undefined type path
code\modules\mob\living\simple_animal\corpse.dm:241:error: /obj/item/paper/fluff/bee_objectives: undefined type path
code\datums\radiation_wave.dm:123:error: /obj/singularity: undefined type path
code\datums\radiation_wave.dm:124:error: /obj/energy_ball: undefined type path
code\datums\radiation_wave.dm:125:error: /obj/narsie: undefined type path
code\modules\mining\shelters.dm:45:error: /obj/structure/stone_tile: undefined type path
code\modules\mining\shelters.dm:60:error: /obj/structure/stone_tile: undefined type path
code\modules\mining\shelters.dm:75:error: /obj/structure/stone_tile: undefined type path
code\datums\saymode.dm:41:error: /mob/living/simple_animal/hostile/swarmer: undefined type path
code\datums\saymode.dm:74:error: is_monkey_leader: undefined proc
code\datums\saymode.dm:74:error: is_monkey: undefined proc
code\datums\saymode.dm:78:error: is_monkey_leader: undefined proc
code\datums\saymode.dm:78:error: is_monkey_leader: undefined proc
code\datums\saymode.dm:84:error: is_monkey_leader: undefined proc
code\datums\world_topic.dm:101:error: CM: undefined type: /obj/machinery/computer/communications
code\datums\world_topic.dm:102:error: CM.override_cooldown: undefined type: /obj/machinery/computer/communications
code\datums\brain_damage\creepy_trauma.dm:29:error: /datum/antagonist/obsessed: undefined type path
code\datums\brain_damage\creepy_trauma.dm:30:error: antagonist: undefined type: /datum/antagonist/obsessed
code\datums\brain_damage\creepy_trauma.dm:30:error: /datum/antagonist/obsessed: undefined type path
code\datums\brain_damage\creepy_trauma.dm:31:error: antagonist.trauma: undefined type: /datum/antagonist/obsessed
code\datums\brain_damage\creepy_trauma.dm:35:error: antagonist.forge_objectives: undefined type: /datum/antagonist/obsessed
code\datums\brain_damage\creepy_trauma.dm:36:error: antagonist.greet: undefined type: /datum/antagonist/obsessed
code\datums\brain_damage\creepy_trauma.dm:55:error: attachedobsessedobj: undefined type: /datum/objective/spendtime
code\datums\brain_damage\creepy_trauma.dm:56:error: attachedobsessedobj.timer: undefined type: /datum/objective/spendtime
code\datums\brain_damage\creepy_trauma.dm:69:error: /datum/antagonist/obsessed: undefined type path
code\datums\components\chasm.dm:18:error: /obj/effect/light_emitter/tendril: undefined type path
code\datums\components\chasm.dm:39:error: /obj/structure/stone_tile: undefined type path
code\datums\components\chasm.dm:43:error: S: undefined type: /obj/structure/stone_tile
code\datums\components\chasm.dm:44:error: S.fallen: undefined type: /obj/structure/stone_tile
code\datums\components\chasm.dm:45:error: S: undefined type: /obj/structure/stone_tile
code\datums\components\squeak.dm:31:error: .proc/disposing_react: undefined type path
code\datums\components\squeak.dm:103:error: .proc/disposing_react: undefined type path
code\datums\components\tackle.dm:285:error: /datum/species/lizard: undefined type path
code\datums\components\plumbing\_plumbing.dm:189:error: duct: undefined type: /obj/machinery/duct
code\datums\components\plumbing\_plumbing.dm:190:error: duct.duct_layer: undefined type: /obj/machinery/duct
code\datums\components\plumbing\_plumbing.dm:191:error: duct.remove_connects: undefined type: /obj/machinery/duct
code\datums\components\plumbing\_plumbing.dm:192:error: duct.update_icon: undefined type: /obj/machinery/duct
code\datums\components\plumbing\_plumbing.dm:203:error: D: undefined type: /obj/machinery/duct
code\datums\components\plumbing\_plumbing.dm:204:error: D.anchored: undefined type: /obj/machinery/duct
code\datums\components\plumbing\_plumbing.dm:205:error: D.disconnect_duct: undefined type: /obj/machinery/duct
code\datums\components\plumbing\_plumbing.dm:215:error: /obj/machinery/duct: undefined type path
code\datums\components\storage\concrete\implant.dm:12:error: /obj/item/disk/nuclear: undefined type path
code\datums\components\storage\concrete\pockets.dm:28:error: /obj/item/nullrod/claymore/katana: undefined type path
code\datums\components\storage\concrete\pockets.dm:29:error: /obj/item/energy_katana: undefined type path
code\datums\components\storage\concrete\pockets.dm:65:error: /obj/item/dnainjector: undefined type path
code\datums\components\storage\concrete\pockets.dm:77:error: /obj/item/dnainjector: undefined type path
code\datums\components\storage\concrete\pockets.dm:122:error: /obj/item/living_heart: undefined type path
code\datums\components\storage\concrete\pockets.dm:122:error: /obj/item/forbidden_book: undefined type path
code\modules\vtmb\vampire_clane\tzimisce.dm:313:error: /obj/item/dnainjector/koldun: undefined type path
code\datums\elements\art.dm:59:error: /datum/antagonist/rev: undefined type path
code\datums\elements\ridable.dm:114:error: speed_potion: undefined type: /obj/item/slimepotion/speed
code\datums\elements\ridable.dm:120:error: speed_potion: undefined type: /obj/item/slimepotion/speed
code\datums\elements\ridable.dm:136:error: speed_potion: undefined type: /obj/item/slimepotion/speed
code\datums\materials\basemats.dm:295:error: /datum/component/fantasy: undefined type path
code\datums\materials\basemats.dm:300:error: /datum/component/fantasy: undefined type path
code\datums\materials\basemats.dm:313:error: /obj/item/stack/sheet/hot_ice: undefined type path
code\datums\materials\basemats.dm:352:error: /obj/item/stack/sheet/otherworld_crystal: undefined type path
code\datums\mutations\_combined.dm:18:error: /datum/mutation/human/hulk: undefined type path
code\datums\mutations\_combined.dm:26:error: /datum/mutation/human/shock: undefined type path
code\datums\mutations\_combined.dm:30:error: /datum/mutation/human/glow/anti: undefined type path
code\datums\mutations\_combined.dm:38:error: /datum/mutation/human/martyrdom: undefined type path
code\datums\quirks\negative.dm:161:error: /datum/component/heirloom: undefined type path
code\datums\quirks\negative.dm:184:error: /datum/species/moth: undefined type path
code\datums\quirks\negative.dm:285:error: /datum/component/heirloom: undefined type path
code\datums\quirks\negative.dm:499:error: /obj/item/bodypart/l_arm/robot/surplus: undefined type path
code\datums\quirks\negative.dm:502:error: /obj/item/bodypart/r_arm/robot/surplus: undefined type path
code\datums\quirks\negative.dm:505:error: /obj/item/bodypart/l_leg/robot/surplus: undefined type path
code\datums\quirks\negative.dm:508:error: /obj/item/bodypart/r_leg/robot/surplus: undefined type path
code\datums\quirks\neutral.dm:170:error: /datum/brain_trauma/mild/phobia: undefined type path
code\datums\quirks\neutral.dm:175:error: /datum/brain_trauma/mild/phobia: undefined type path
code\datums\status_effects\buffs.dm:32:error: HG: undefined type: /obj/item/his_grace
code\datums\status_effects\buffs.dm:33:error: HG.bloodthirst: undefined type: /obj/item/his_grace
code\datums\status_effects\buffs.dm:34:error: HG.bloodthirst: undefined type: /obj/item/his_grace
code\datums\status_effects\buffs.dm:35:error: HG.awakened: undefined type: /obj/item/his_grace
code\datums\status_effects\debuffs.dm:313:error: HG: undefined type: /obj/item/his_grace
code\datums\status_effects\debuffs.dm:441:error: /datum/antagonist/heretic: undefined type path
code\datums\status_effects\debuffs.dm:931:error: /datum/antagonist/heretic: undefined type path
code\datums\status_effects\debuffs.dm:931:error: /datum/antagonist/heretic_monster: undefined type path
code\datums\status_effects\neutral.dm:22:error: reward_target: undefined type: /obj/item/borg/upgrade/modkit/bounty
code\datums\status_effects\neutral.dm:22:error: new_reward_target: undefined type: /obj/item/borg/upgrade/modkit/bounty
code\datums\status_effects\neutral.dm:30:error: reward_target: undefined type: /obj/item/borg/upgrade/modkit/bounty
code\datums\status_effects\neutral.dm:30:error: reward_target.gc_destroyed: undefined type: /obj/item/borg/upgrade/modkit/bounty
code\datums\status_effects\neutral.dm:31:error: reward_target.get_kill: undefined type: /obj/item/borg/upgrade/modkit/bounty
code\datums\weather\weather_types\void_storm.dm:26:error: /datum/antagonist/heretic: undefined type path
code\datums\weather\weather_types\void_storm.dm:26:error: /datum/antagonist/heretic_monster: undefined type path
code\datums\wires\r_n_d.dm:2:error: /obj/machinery/rnd: undefined type path
code\datums\wounds\slash.dm:172:error: DISEASE_SPREAD_SPECIAL: undefined var
code\datums\wounds\slash.dm:172:error: DISEASE_SPREAD_NON_CONTAGIOUS: undefined var
code\game\machinery\telecomms\machines\message_server.dm:191:error: P: undefined type: /obj/item/pda
code\game\machinery\telecomms\machines\message_server.dm:192:error: P.owner: undefined type: /obj/item/pda
code\game\machinery\telecomms\machines\message_server.dm:192:error: P.ownjob: undefined type: /obj/item/pda
code\game\machinery\telecomms\machines\message_server.dm:193:error: P.receive_message: undefined type: /obj/item/pda
code\game\gamemodes\game_mode.dm:509:error: /datum/antagonist/rev: undefined type path
code\game\gamemodes\game_mode.dm:510:error: rev: undefined type: /datum/antagonist/rev
code\game\gamemodes\game_mode.dm:511:error: rev.remove_revolutionary: undefined type: /datum/antagonist/rev
code\game\gamemodes\game_mode.dm:515:error: /datum/station_goal: undefined type path
code\game\gamemodes\game_mode.dm:515:error: /datum/station_goal: undefined type path
code\game\gamemodes\game_mode.dm:517:error: G.gamemode_blacklist: undefined type: /datum/station_goal
code\game\gamemodes\game_mode.dm:524:error: station_goals: undefined type: /datum/station_goal
code\game\gamemodes\extended\extended.dm:23:error: /datum/station_goal: undefined type path
code\game\gamemodes\extended\extended.dm:23:error: /datum/station_goal: undefined type path
code\game\gamemodes\extended\extended.dm:25:error: station_goals: undefined type: /datum/station_goal
code\game\gamemodes\extended\extended.dm:25:error: G: undefined type: /datum/station_goal
code\game\gamemodes\extended\extended.dm:26:error: G.on_report: undefined type: /datum/station_goal
code\game\gamemodes\objective.dm:56:error: considered_exiled: undefined proc
code\game\gamemodes\objective.dm:101:error: R.fields: undefined type: /datum/data/record
code\game\gamemodes\objective.dm:184:error: considered_exiled: undefined proc
code\game\gamemodes\objective.dm:215:error: considered_exiled: undefined proc
code\game\gamemodes\objective.dm:671:error: /obj/item/clothing/suit/space/space_ninja: undefined type path
code\game\gamemodes\objective.dm:673:error: checking: undefined type: /datum/techweb
code\game\gamemodes\objective.dm:675:error: TD: undefined type: /obj/item/disk/tech_disk
code\game\gamemodes\objective.dm:676:error: checking: undefined type: /datum/techweb
code\game\gamemodes\objective.dm:676:error: TD.stored_research.copy_research_to: undefined type: /obj/item/disk/tech_disk
code\game\gamemodes\objective.dm:677:error: checking.researched_nodes.len: undefined type: /datum/techweb
code\game\gamemodes\objective.dm:714:error: /mob/living/carbon/alien/humanoid/royal/queen: undefined type path
code\game\gamemodes\objective.dm:766:error: /datum/antagonist/changeling: undefined type path
code\game\gamemodes\objective.dm:789:error: /datum/antagonist/changeling: undefined type path
code\game\gamemodes\objective.dm:790:error: changeling: undefined type: /datum/antagonist/changeling
code\game\gamemodes\objective.dm:790:error: changeling.stored_profiles: undefined type: /datum/antagonist/changeling
code\game\gamemodes\objective.dm:792:error: changeling.absorbedcount: undefined type: /datum/antagonist/changeling
code\game\gamemodes\objective.dm:789:warning (unused_var): changeling: variable defined but not used
code\game\gamemodes\objective.dm:805:error: /datum/antagonist/changeling: undefined type path
code\game\gamemodes\objective.dm:806:error: changeling: undefined type: /datum/antagonist/changeling
code\game\gamemodes\objective.dm:806:error: changeling.stored_profiles: undefined type: /datum/antagonist/changeling
code\game\gamemodes\objective.dm:808:error: changeling.absorbedcount: undefined type: /datum/antagonist/changeling
code\game\gamemodes\objective.dm:810:error: changeling2: undefined type: /datum/antagonist/changeling
code\game\gamemodes\objective.dm:811:error: changeling2.owner: undefined type: /datum/antagonist/changeling
code\game\gamemodes\objective.dm:811:error: changeling2.owner: undefined type: /datum/antagonist/changeling
code\game\gamemodes\objective.dm:811:error: changeling2.stored_profiles: undefined type: /datum/antagonist/changeling
code\game\gamemodes\objective.dm:811:error: changeling2.absorbedcount: undefined type: /datum/antagonist/changeling
code\game\gamemodes\objective.dm:825:error: /datum/antagonist/changeling: undefined type path
code\game\gamemodes\objective.dm:826:error: changeling: undefined type: /datum/antagonist/changeling
code\game\gamemodes\objective.dm:828:error: changeling.geneticpoints: undefined type: /datum/antagonist/changeling
code\game\gamemodes\objective.dm:830:error: p: undefined type: /datum/action/changeling
code\game\gamemodes\objective.dm:830:error: changeling.purchasedpowers: undefined type: /datum/antagonist/changeling
code\game\gamemodes\objective.dm:831:error: p.dna_cost: undefined type: /datum/action/changeling
code\game\gamemodes\objective.dm:833:error: changeling.geneticpoints: undefined type: /datum/antagonist/changeling
code\game\gamemodes\objective.dm:833:error: initial: bad variable
code\game\gamemodes\objective.dm:825:warning (unused_var): changeling: variable defined but not used
code\game\gamemodes\objective.dm:830:warning (unused_var): p: variable defined but not used
code\game\gamemodes\objective.dm:844:error: active_ais: undefined proc
code\game\gamemodes\objective.dm:863:error: active_ais: undefined proc
code\game\gamemodes\objective_items.dm:30:error: /obj/item/gun/energy/laser/captain: undefined type path
code\game\gamemodes\objective_items.dm:36:error: /obj/item/gun/energy/e_gun/hos: undefined type path
code\game\gamemodes\objective_items.dm:42:error: /obj/item/hand_tele: undefined type path
code\game\gamemodes\objective_items.dm:48:error: /obj/item/tank/jetpack/oxygen/captain: undefined type path
code\game\gamemodes\objective_items.dm:72:error: /obj/item/disk/nuclear: undefined type path
code\game\gamemodes\objective_items.dm:77:error: N.fake: undefined type: /obj/item/disk/nuclear
code\game\gamemodes\objective_items.dm:87:error: /obj/item/clothing/suit/armor/reactive/teleport: undefined type path
code\game\gamemodes\objective_items.dm:102:error: /obj/item/storage/box/syndie_kit/nuke: undefined type path
code\game\gamemodes\objective_items.dm:111:error: /obj/item/storage/box/syndie_kit/supermatter: undefined type path
code\game\gamemodes\objective_items.dm:133:error: /obj/item/aicard: undefined type path
code\game\gamemodes\objective_items.dm:137:error: C: undefined type: /obj/item/aicard
code\game\gamemodes\objective_items.dm:190:error: /obj/item/pinpointer/nuke: undefined type path
code\game\gamemodes\objective_items.dm:195:error: /obj/item/gun/energy/e_gun/nuclear: undefined type path
code\modules\vtmb\jobs\national_guard.dm:381:error: living_players.len: undefined var
code\modules\vtmb\jobs\national_guard.dm:386:error: dead_players.len: undefined var
code\modules\vtmb\jobs\national_guard.dm:386:error: list_observers.len: undefined var
code\modules\vtmb\jobs\national_guard.dm:398:warning (no_parent): ..: ..() has no parent proc to call
code\modules\vtmb\jobs\swat.dm:361:error: living_players.len: undefined var
code\modules\vtmb\jobs\swat.dm:366:error: dead_players.len: undefined var
code\modules\vtmb\jobs\swat.dm:366:error: list_observers.len: undefined var
code\modules\vtmb\jobs\swat.dm:378:warning (no_parent): ..: ..() has no parent proc to call
code\game\gamemodes\sandbox\h_sandbox.dm:26:error: /obj/item/tk_grab: undefined type path
code\game\gamemodes\sandbox\h_sandbox.dm:27:error: /obj/item/pda/ai: undefined type path
code\game\gamemodes\sandbox\h_sandbox.dm:29:error: /obj/item/borg/sight: undefined type path
code\game\gamemodes\sandbox\h_sandbox.dm:29:error: /obj/item/borg/stun: undefined type path
code\game\gamemodes\sandbox\h_sandbox.dm:29:error: /obj/item/robot_model: undefined type path
code\game\gamemodes\sandbox\h_sandbox.dm:42:error: /obj/item/lightreplacer: undefined type path
code\game\gamemodes\sandbox\h_sandbox.dm:53:error: /obj/item/stack/cable_coil: undefined type path
code\game\gamemodes\sandbox\h_sandbox.dm:57:error: /obj/item/rcd_ammo: undefined type path
code\game\gamemodes\sandbox\h_sandbox.dm:62:error: /obj/item/disk/tech_disk/debug: undefined type path
code\game\gamemodes\sandbox\h_sandbox.dm:67:error: /mob/living/simple_animal/bot/cleanbot: undefined type path
code\game\gamemodes\sandbox\h_sandbox.dm:68:error: /mob/living/simple_animal/bot/floorbot: undefined type path
code\game\gamemodes\sandbox\h_sandbox.dm:69:error: /mob/living/simple_animal/bot/medbot: undefined type path
code\game\gamemodes\sandbox\h_sandbox.dm:174:error: /obj/item/tank/jetpack/oxygen: undefined type path
code\game\gamemodes\sandbox\h_sandbox.dm:221:error: /obj/item/construction/rcd/combat: undefined type path
code\game\objects\effects\effect_system\effects_smoke.dm:296:error: /obj/machinery/plumbing: undefined type path
code\game\objects\effects\effect_system\effects_smoke.dm:300:error: /obj/machinery/plumbing: undefined type path
code\modules\antagonists\_common\antag_datum.dm:93:error: /datum/mutation/human/clumsy: undefined type path
code\modules\antagonists\_common\antag_datum.dm:97:error: /datum/mutation/human/clumsy: undefined type path
code\modules\antagonists\ert\ert.dm:243:error: /datum/outfit/families_police/beatcop: undefined type path
code\modules\antagonists\ert\ert.dm:283:error: /datum/outfit/families_police/beatcop: undefined type path
code\modules\antagonists\ert\ert.dm:288:error: /datum/outfit/families_police/beatcop/armored: undefined type path
code\modules\antagonists\ert\ert.dm:293:error: /datum/outfit/families_police/beatcop/swat: undefined type path
code\modules\antagonists\ert\ert.dm:298:error: /datum/outfit/families_police/beatcop/fbi: undefined type path
code\modules\antagonists\ert\ert.dm:303:error: /datum/outfit/families_police/beatcop/military: undefined type path
code\modules\antagonists\traitor\datum_traitor.dm:129:error: active_ais: undefined proc
code\modules\antagonists\traitor\datum_traitor.dm:253:error: owner.equip_traitor: undefined proc
code\modules\antagonists\traitor\datum_traitor.dm:311:error: contractor_hub.contracts_completed: undefined type: /datum/contractor_hub
code\modules\antagonists\traitor\datum_traitor.dm:312:error: contractor_hub.contract_TC_payed_out: undefined type: /datum/contractor_hub
code\modules\antagonists\traitor\datum_traitor.dm:312:error: contractor_hub.contract_TC_to_redeem: undefined type: /datum/contractor_hub
code\modules\antagonists\traitor\datum_traitor.dm:318:error: contractor_purchase: undefined type: /datum/contractor_item
code\modules\antagonists\traitor\datum_traitor.dm:318:error: contractor_hub.purchased_items: undefined type: /datum/contractor_hub
code\modules\antagonists\traitor\datum_traitor.dm:319:error: contractor_purchase.item_icon: undefined type: /datum/contractor_item
code\modules\antagonists\traitor\datum_traitor.dm:319:error: contractor_purchase.name: undefined type: /datum/contractor_item
code\modules\antagonists\traitor\datum_traitor.dm:319:error: contractor_purchase.cost: undefined type: /datum/contractor_item
code\modules\antagonists\traitor\datum_traitor.dm:319:error: contractor_purchase.desc: undefined type: /datum/contractor_item
code\modules\antagonists\traitor\datum_traitor.dm:321:error: contractor_purchase.cost: undefined type: /datum/contractor_item
code\modules\antagonists\traitor\datum_traitor.dm:324:error: contractor_purchase: undefined type: /datum/contractor_item
code\modules\antagonists\traitor\datum_traitor.dm:324:error: /datum/contractor_item/contractor_partner: undefined type path
code\modules\antagonists\traitor\datum_traitor.dm:325:error: contractor_purchase: undefined type: /datum/contractor_item
code\modules\antagonists\traitor\datum_traitor.dm:326:error: partner.partner_mind.key: undefined type: /datum/contractor_item/contractor_partner
code\modules\antagonists\traitor\datum_traitor.dm:326:error: partner.partner_mind.current.name: undefined type: /datum/contractor_item/contractor_partner
code\modules\antagonists\traitor\datum_traitor.dm:328:error: contractor_hub.purchased_items.len: undefined type: /datum/contractor_hub
code\modules\antagonists\traitor\datum_traitor.dm:318:warning (unused_var): contractor_purchase: variable defined but not used
code\modules\antagonists\traitor\datum_traitor.dm:325:warning (unused_var): partner: variable defined but not used
code\modules\antagonists\traitor\datum_traitor.dm:295:error: contractor_hub: undefined type: /datum/contractor_hub
code\modules\admin\smites\fireball.dm:7:error: /obj/effect/temp_visual/target: undefined type path
code\modules\admin\smites\puzzle.dm:7:error: puzzle_imprison: undefined proc
code\modules\admin\smites\rod.dm:9:error: spaceDebrisStartLoc: undefined proc
code\modules\admin\smites\rod.dm:10:error: spaceDebrisFinishLoc: undefined proc
code\modules\admin\smites\rod.dm:11:error: /obj/effect/immovablerod: undefined type path
code\modules\admin\verbs\secrets.dm:101:error: SSdisease.active_diseases: undefined var
code\modules\admin\verbs\secrets.dm:132:error: t: undefined type: /datum/data/record
code\modules\admin\verbs\secrets.dm:133:error: t.fields: undefined type: /datum/data/record
code\modules\admin\verbs\secrets.dm:133:error: t.fields: undefined type: /datum/data/record
code\modules\admin\verbs\secrets.dm:155:error: toggle_id_ctf: undefined proc
code\modules\admin\verbs\secrets.dm:230:error: AdminCreateVirus: undefined proc
code\modules\admin\verbs\secrets.dm:232:error: /datum/round_event_control/disease_outbreak: undefined type path
code\modules\admin\verbs\secrets.dm:236:error: /datum/round_event_control/disease_outbreak: undefined type path
code\modules\admin\verbs\secrets.dm:535:error: mass_purrbation: undefined proc
code\modules\admin\verbs\secrets.dm:542:error: mass_remove_purrbation: undefined proc
code\modules\asset_cache\transports\asset_transport.dm:128:error: span_infoplain: undefined proc
code\modules\atmospherics\gasmixtures\reactions.dm:324:error: /obj/item/stack/sheet/hot_ice: undefined type path
code\modules\atmospherics\gasmixtures\reactions.dm:517:error: SSresearch.science_tech.add_point_type: undefined var
code\modules\atmospherics\gasmixtures\reactions.dm:557:error: SSresearch.science_tech.add_point_type: undefined var
code\modules\atmospherics\gasmixtures\reactions.dm:622:error: SSresearch.science_tech.add_point_type: undefined var
code\modules\atmospherics\gasmixtures\reactions.dm:653:error: SSresearch.science_tech.add_point_type: undefined var
code\modules\cargo\exports\large_objects.dm:62:error: /obj/machinery/pipedispenser: undefined type path
code\modules\cargo\exports\large_objects.dm:72:error: /obj/machinery/field/generator: undefined type path
code\modules\cargo\exports\large_objects.dm:77:error: /obj/machinery/power/rad_collector: undefined type path
code\modules\cargo\exports\large_objects.dm:82:error: /obj/machinery/power/tesla_coil: undefined type path
code\modules\cargo\exports\large_objects.dm:87:error: /obj/machinery/power/supermatter_crystal/shard: undefined type path
code\modules\cargo\exports\large_objects.dm:92:error: /obj/machinery/power/grounding_rod: undefined type path
code\modules\cargo\exports\materials.dm:111:error: /obj/item/stack/sheet/hot_ice: undefined type path
code\modules\cargo\exports\parts.dm:6:error: /obj/item/solar_assembly: undefined type path
code\modules\cargo\exports\parts.dm:22:error: /obj/item/computer_hardware: undefined type path
code\modules\cargo\exports\parts.dm:30:error: /obj/item/computer_hardware/processor_unit: undefined type path
code\modules\cargo\exports\parts.dm:36:error: /obj/item/computer_hardware/processor_unit: undefined type path
code\modules\cargo\exports\parts.dm:44:error: /obj/item/stock_parts/cell/computer/nano: undefined type path
code\modules\cargo\exports\parts.dm:51:error: /obj/item/stock_parts/cell/computer/micro: undefined type path
code\modules\cargo\exports\parts.dm:58:error: /obj/item/stock_parts/cell/computer: undefined type path
code\modules\cargo\exports\parts.dm:66:error: /obj/item/computer_hardware/hard_drive/micro: undefined type path
code\modules\cargo\exports\parts.dm:72:error: /obj/item/computer_hardware/hard_drive/small: undefined type path
code\modules\cargo\exports\parts.dm:78:error: /obj/item/computer_hardware/hard_drive: undefined type path
code\modules\cargo\exports\parts.dm:85:error: /obj/item/computer_hardware/network_card: undefined type path
code\modules\cargo\exports\parts.dm:91:error: /obj/item/computer_hardware/card_slot: undefined type path
code\modules\cargo\exports\parts.dm:97:error: /obj/item/computer_hardware/ai_slot: undefined type path
code\modules\cargo\exports\sheets.dm:108:error: /obj/item/stack/cable_coil: undefined type path
code\modules\cargo\exports\tools.dm:96:error: /obj/item/radio/mech: undefined type path
code\modules\cargo\exports\tools.dm:117:error: /obj/item/construction/rld/mini: undefined type path
code\modules\cargo\exports\tools.dm:122:error: /obj/item/rsf: undefined type path
code\modules\cargo\exports\tools.dm:127:error: /obj/item/construction/rcd: undefined type path
code\modules\cargo\exports\tools.dm:132:error: /obj/item/rcd_ammo: undefined type path
code\modules\cargo\exports\tools.dm:137:error: /obj/item/pipe_dispenser: undefined type path
code\modules\cargo\packs.dm:90:error: /mob/living/simple_animal/bot/floorbot: undefined type path
code\modules\cargo\packs.dm:91:error: /mob/living/simple_animal/bot/floorbot: undefined type path
code\modules\cargo\packs.dm:92:error: /mob/living/simple_animal/bot/medbot: undefined type path
code\modules\cargo\packs.dm:93:error: /mob/living/simple_animal/bot/medbot: undefined type path
code\modules\cargo\packs.dm:222:error: /obj/item/tank/jetpack/carbondioxide: undefined type path
code\modules\cargo\packs.dm:497:error: /obj/item/gun/energy/e_gun/dragnet: undefined type path
code\modules\cargo\packs.dm:498:error: /obj/item/gun/energy/e_gun/dragnet: undefined type path
code\modules\cargo\packs.dm:499:error: /obj/item/gun/energy/e_gun/dragnet: undefined type path
code\modules\cargo\packs.dm:661:error: /obj/machinery/shieldgen: undefined type path
code\modules\cargo\packs.dm:662:error: /obj/machinery/shieldgen: undefined type path
code\modules\cargo\packs.dm:670:error: /obj/item/mecha_parts/chassis/ripley: undefined type path
code\modules\cargo\packs.dm:671:error: /obj/item/mecha_parts/part/ripley_torso: undefined type path
code\modules\cargo\packs.dm:672:error: /obj/item/mecha_parts/part/ripley_right_arm: undefined type path
code\modules\cargo\packs.dm:673:error: /obj/item/mecha_parts/part/ripley_left_arm: undefined type path
code\modules\cargo\packs.dm:674:error: /obj/item/mecha_parts/part/ripley_right_leg: undefined type path
code\modules\cargo\packs.dm:675:error: /obj/item/mecha_parts/part/ripley_left_leg: undefined type path
code\modules\cargo\packs.dm:676:error: /obj/item/stock_parts/capacitor: undefined type path
code\modules\cargo\packs.dm:677:error: /obj/item/stock_parts/scanning_module: undefined type path
code\modules\cargo\packs.dm:678:error: /obj/item/circuitboard/mecha/ripley/main: undefined type path
code\modules\cargo\packs.dm:679:error: /obj/item/circuitboard/mecha/ripley/peripherals: undefined type path
code\modules\cargo\packs.dm:680:error: /obj/item/mecha_parts/mecha_equipment/drill: undefined type path
code\modules\cargo\packs.dm:681:error: /obj/item/mecha_parts/mecha_equipment/hydraulic_clamp: undefined type path
code\modules\cargo\packs.dm:710:error: /obj/item/clothing/glasses/meson/engine: undefined type path
code\modules\cargo\packs.dm:711:error: /obj/item/clothing/glasses/meson/engine: undefined type path
code\modules\cargo\packs.dm:729:error: /obj/item/inducer/sci: undefined type
code\modules\cargo\packs.dm:729:error: /obj/item/inducer/sci: undefined type
code\modules\cargo\packs.dm:824:error: /obj/item/dna_probe: undefined type path
code\modules\cargo\packs.dm:825:error: /obj/item/dna_probe: undefined type path
code\modules\cargo\packs.dm:826:error: /obj/item/dna_probe: undefined type path
code\modules\cargo\packs.dm:827:error: /obj/item/dna_probe: undefined type path
code\modules\cargo\packs.dm:828:error: /obj/item/dna_probe: undefined type path
code\modules\cargo\packs.dm:838:error: /obj/item/dna_probe: undefined type path
code\modules\cargo\packs.dm:839:error: /obj/item/dna_probe: undefined type path
code\modules\cargo\packs.dm:840:error: /obj/item/dna_probe: undefined type path
code\modules\cargo\packs.dm:841:error: /obj/item/dna_probe: undefined type path
code\modules\cargo\packs.dm:842:error: /obj/item/dna_probe: undefined type path
code\modules\cargo\packs.dm:854:error: /obj/machinery/satellite/meteor_shield: undefined type path
code\modules\cargo\packs.dm:855:error: /obj/machinery/satellite/meteor_shield: undefined type path
code\modules\cargo\packs.dm:856:error: /obj/machinery/satellite/meteor_shield: undefined type path
code\modules\cargo\packs.dm:895:error: /obj/machinery/field/generator: undefined type path
code\modules\cargo\packs.dm:896:error: /obj/machinery/field/generator: undefined type path
code\modules\cargo\packs.dm:903:error: /obj/machinery/power/grounding_rod: undefined type path
code\modules\cargo\packs.dm:904:error: /obj/machinery/power/grounding_rod: undefined type path
code\modules\cargo\packs.dm:905:error: /obj/machinery/power/grounding_rod: undefined type path
code\modules\cargo\packs.dm:906:error: /obj/machinery/power/grounding_rod: undefined type path
code\modules\cargo\packs.dm:914:error: /obj/machinery/power/rad_collector: undefined type path
code\modules\cargo\packs.dm:915:error: /obj/machinery/power/rad_collector: undefined type path
code\modules\cargo\packs.dm:916:error: /obj/machinery/power/rad_collector: undefined type path
code\modules\cargo\packs.dm:923:error: /obj/item/solar_assembly: undefined type path
code\modules\cargo\packs.dm:924:error: /obj/item/solar_assembly: undefined type path
code\modules\cargo\packs.dm:925:error: /obj/item/solar_assembly: undefined type path
code\modules\cargo\packs.dm:926:error: /obj/item/solar_assembly: undefined type path
code\modules\cargo\packs.dm:927:error: /obj/item/solar_assembly: undefined type path
code\modules\cargo\packs.dm:928:error: /obj/item/solar_assembly: undefined type path
code\modules\cargo\packs.dm:929:error: /obj/item/solar_assembly: undefined type path
code\modules\cargo\packs.dm:930:error: /obj/item/solar_assembly: undefined type path
code\modules\cargo\packs.dm:931:error: /obj/item/solar_assembly: undefined type path
code\modules\cargo\packs.dm:932:error: /obj/item/solar_assembly: undefined type path
code\modules\cargo\packs.dm:933:error: /obj/item/solar_assembly: undefined type path
code\modules\cargo\packs.dm:934:error: /obj/item/solar_assembly: undefined type path
code\modules\cargo\packs.dm:935:error: /obj/item/solar_assembly: undefined type path
code\modules\cargo\packs.dm:936:error: /obj/item/solar_assembly: undefined type path
code\modules\cargo\packs.dm:937:error: /obj/item/solar_assembly: undefined type path
code\modules\cargo\packs.dm:938:error: /obj/item/solar_assembly: undefined type path
code\modules\cargo\packs.dm:939:error: /obj/item/solar_assembly: undefined type path
code\modules\cargo\packs.dm:940:error: /obj/item/solar_assembly: undefined type path
code\modules\cargo\packs.dm:941:error: /obj/item/solar_assembly: undefined type path
code\modules\cargo\packs.dm:942:error: /obj/item/solar_assembly: undefined type path
code\modules\cargo\packs.dm:943:error: /obj/item/solar_assembly: undefined type path
code\modules\cargo\packs.dm:946:error: /obj/item/paper/guides/jobs/engi/solars: undefined type path
code\modules\cargo\packs.dm:955:error: /obj/machinery/power/supermatter_crystal/shard: undefined type path
code\modules\cargo\packs.dm:964:error: /obj/machinery/power/tesla_coil: undefined type path
code\modules\cargo\packs.dm:965:error: /obj/machinery/power/tesla_coil: undefined type path
code\modules\cargo\packs.dm:966:error: /obj/machinery/power/tesla_coil: undefined type path
code\modules\cargo\packs.dm:967:error: /obj/machinery/power/tesla_coil: undefined type path
code\modules\cargo\packs.dm:1326:error: /obj/item/raw_anomaly_core/flux: undefined type path
code\modules\cargo\packs.dm:1336:error: /obj/item/raw_anomaly_core/grav: undefined type path
code\modules\cargo\packs.dm:1346:error: /obj/item/raw_anomaly_core/vortex: undefined type path
code\modules\cargo\packs.dm:1356:error: /obj/item/raw_anomaly_core/bluespace: undefined type path
code\modules\cargo\packs.dm:1366:error: /obj/item/raw_anomaly_core/pyro: undefined type path
code\modules\cargo\packs.dm:1388:error: /obj/item/bot_assembly/cleanbot: undefined type path
code\modules\cargo\packs.dm:1389:error: /obj/item/bot_assembly/cleanbot: undefined type path
code\modules\cargo\packs.dm:1398:error: /obj/item/storage/part_replacer/cargo: undefined type path
code\modules\cargo\packs.dm:1407:error: /obj/machinery/power/shieldwallgen: undefined type path
code\modules\cargo\packs.dm:1408:error: /obj/machinery/power/shieldwallgen: undefined type path
code\modules\cargo\packs.dm:1409:error: /obj/machinery/power/shieldwallgen: undefined type path
code\modules\cargo\packs.dm:1410:error: /obj/machinery/power/shieldwallgen: undefined type path
code\modules\cargo\packs.dm:1419:error: /obj/item/transfer_valve: undefined type path
code\modules\cargo\packs.dm:1420:error: /obj/item/transfer_valve: undefined type path
code\modules\cargo\packs.dm:1438:error: /obj/structure/microscope: undefined type path
code\modules\cargo\packs.dm:1439:error: /obj/item/biopsy_tool: undefined type path
code\modules\cargo\packs.dm:1443:error: /obj/item/construction/plumbing/research: undefined type path
code\modules\cargo\packs.dm:1642:error: /obj/item/clothing/head/beekeeper_head: undefined type path
code\modules\cargo\packs.dm:1643:error: /obj/item/clothing/suit/beekeeper_suit: undefined type path
code\modules\cargo\packs.dm:1644:error: /obj/item/clothing/head/beekeeper_head: undefined type path
code\modules\cargo\packs.dm:1645:error: /obj/item/clothing/suit/beekeeper_suit: undefined type path
code\modules\cargo\packs.dm:1653:error: /obj/structure/beebox/unwrenched: undefined type path
code\modules\cargo\packs.dm:1654:error: /obj/item/honey_frame: undefined type path
code\modules\cargo\packs.dm:1655:error: /obj/item/honey_frame: undefined type path
code\modules\cargo\packs.dm:1656:error: /obj/item/honey_frame: undefined type path
code\modules\cargo\packs.dm:1658:error: /obj/item/clothing/head/beekeeper_head: undefined type path
code\modules\cargo\packs.dm:1659:error: /obj/item/clothing/suit/beekeeper_suit: undefined type path
code\modules\cargo\packs.dm:1801:error: print_command_report: undefined proc
code\modules\cargo\packs.dm:2074:error: /obj/item/poster/random_contraband: undefined type path
code\modules\cargo\packs.dm:2075:error: /obj/item/poster/random_contraband: undefined type path
code\modules\cargo\packs.dm:2306:error: /obj/item/cardpack: undefined type path
code\modules\cargo\packs.dm:2306:error: /obj/item/cardpack: undefined type path
code\modules\cargo\packs.dm:2166:error: /obj/item/gun/energy/laser/redtag: undefined type path
code\modules\cargo\packs.dm:2167:error: /obj/item/gun/energy/laser/redtag: undefined type path
code\modules\cargo\packs.dm:2168:error: /obj/item/gun/energy/laser/redtag: undefined type path
code\modules\cargo\packs.dm:2169:error: /obj/item/gun/energy/laser/bluetag: undefined type path
code\modules\cargo\packs.dm:2170:error: /obj/item/gun/energy/laser/bluetag: undefined type path
code\modules\cargo\packs.dm:2171:error: /obj/item/gun/energy/laser/bluetag: undefined type path
code\modules\cargo\packs.dm:2320:error: /obj/item/rcl: undefined type path
code\modules\cargo\packs.dm:2463:error: /obj/item/clothing/suit/hooded/chaplain_hoodie: undefined type path
code\modules\cargo\packs.dm:2464:error: /obj/item/clothing/suit/hooded/chaplain_hoodie: undefined type path
code\modules\cargo\packs.dm:2506:error: /obj/item/circuitboard/machine/ltsrbt: undefined type path
code\modules\cargo\packs.dm:2509:error: /obj/item/stock_parts/subspace/ansible: undefined type path
code\modules\cargo\packs.dm:2525:error: get_uplink_items: undefined proc
code\modules\cargo\packs.dm:2571:error: /obj/item/vending_refill/modularpc: undefined type path
code\modules\cargo\packs.dm:2594:error: /obj/item/vending_refill/hydroseeds: undefined type path
code\modules\cargo\packs.dm:2595:error: /obj/item/vending_refill/hydronutrients: undefined type path
code\modules\cargo\packs.dm:2603:error: /obj/item/vending_refill/robotics: undefined type path
code\modules\cargo\packs.dm:2629:error: /obj/item/vending_refill/security: undefined type path
code\modules\client\player_details.dm:11:error: achievements: undefined type: /datum/achievement_data
code\modules\client\preferences.dm:778:error: /datum/species/ethereal: undefined type path
code\modules\client\preferences.dm:2633:error: SStraumas.phobia_types: undefined var
code\modules\mob\dead\new_player\preferences_setup.dm:142:error: /datum/job/ai: undefined type path
code\modules\mob\dead\new_player\preferences_setup.dm:143:error: resolve_ai_icon: undefined proc
code\modules\mob\dead\new_player\preferences_setup.dm:145:error: /datum/job/cyborg: undefined type path
code\modules\economy\account.dm:152:error: /datum/bounty/item: undefined type path
code\modules\economy\account.dm:154:error: item.shipped_count: undefined type: /datum/bounty/item
code\modules\economy\account.dm:154:error: item.required_count: undefined type: /datum/bounty/item
code\modules\economy\account.dm:155:error: /datum/bounty/reagent: undefined type path
code\modules\economy\account.dm:157:error: chemical.shipped_volume: undefined type: /datum/bounty/reagent
code\modules\economy\account.dm:157:error: chemical.required_volume: undefined type: /datum/bounty/reagent
code\modules\economy\account.dm:158:error: /datum/bounty/virus: undefined type path
code\modules\economy\account.dm:153:warning (unused_var): item: variable defined but not used
code\modules\economy\account.dm:156:warning (unused_var): chemical: variable defined but not used
code\modules\events\_event.dm:56:error: /datum/round_event/ghost_role: undefined type path
code\modules\reagents\chemistry\recipes\others.dm:182:error: /datum/disease/advance: undefined type path
code\modules\reagents\chemistry\recipes\others.dm:249:error: /datum/disease/advance: undefined type path
code\modules\reagents\chemistry\recipes\others.dm:260:error: /datum/disease/advance: undefined type path
code\modules\reagents\chemistry\recipes\others.dm:536:error: /obj/item/slime_extract/grey: undefined type path
code\modules\reagents\chemistry\recipes\pyrotechnics.dm:21:error: /obj/machinery/plumbing: undefined type path
code\modules\reagents\chemistry\recipes\pyrotechnics.dm:146:error: R: undefined type: /mob/living/simple_animal/revenant
code\modules\reagents\chemistry\recipes\pyrotechnics.dm:152:error: R: undefined type: /mob/living/simple_animal/revenant
code\modules\reagents\chemistry\recipes\pyrotechnics.dm:153:error: R.stun: undefined type: /mob/living/simple_animal/revenant
code\modules\reagents\chemistry\recipes\pyrotechnics.dm:154:error: R.reveal: undefined type: /mob/living/simple_animal/revenant
code\modules\reagents\chemistry\recipes\pyrotechnics.dm:155:error: R.adjustHealth: undefined type: /mob/living/simple_animal/revenant
code\modules\reagents\chemistry\recipes\pyrotechnics.dm:157:error: iscultist: undefined proc
code\modules\reagents\chemistry\recipes\pyrotechnics.dm:473:error: tesla_zap: undefined proc
code\modules\holiday\holidays.dm:250:error: /obj/item/clothing/mask/facehugger/dead: undefined type path
code\modules\holiday\holidays.dm:478:error: maint_holiday_weight: undefined var
code\modules\holiday\holidays.dm:551:error: maint_holiday_weight: undefined var
code\modules\jobs\job_types\chaplain.dm:37:error: /obj/item/nullrod: undefined type path
code\modules\vending\_vending.dm:26:error: name: undefined var
code\modules\mining\lavaland\necropolis_chests.dm:120:error: category: undefined var
code\modules\mining\lavaland\necropolis_chests.dm:121:error: build_type: undefined var
code\modules\mining\lavaland\necropolis_chests.dm:122:error: departmental_flags: undefined var
code\modules\mining\lavaland\necropolis_chests.dm:125:error: name: undefined var
code\modules\mining\lavaland\necropolis_chests.dm:126:error: desc: undefined var
code\modules\mining\lavaland\necropolis_chests.dm:127:error: id: undefined var
code\modules\mining\lavaland\necropolis_chests.dm:128:error: materials: undefined var
code\modules\mining\lavaland\necropolis_chests.dm:129:error: build_path: undefined var
code\modules\mining\lavaland\necropolis_chests.dm:129:error: /obj/item/borg/upgrade/modkit/aoe/turfs/andmobs: undefined type path
code\modules\mining\lavaland\necropolis_chests.dm:132:error: name: undefined var
code\modules\mining\lavaland\necropolis_chests.dm:133:error: desc: undefined var
code\modules\mining\lavaland\necropolis_chests.dm:134:error: id: undefined var
code\modules\mining\lavaland\necropolis_chests.dm:135:error: materials: undefined var
code\modules\mining\lavaland\necropolis_chests.dm:136:error: build_path: undefined var
code\modules\mining\lavaland\necropolis_chests.dm:136:error: /obj/item/borg/upgrade/modkit/cooldown/repeater: undefined type path
code\modules\mining\lavaland\necropolis_chests.dm:139:error: name: undefined var
code\modules\mining\lavaland\necropolis_chests.dm:140:error: desc: undefined var
code\modules\mining\lavaland\necropolis_chests.dm:141:error: id: undefined var
code\modules\mining\lavaland\necropolis_chests.dm:142:error: materials: undefined var
code\modules\mining\lavaland\necropolis_chests.dm:143:error: build_path: undefined var
code\modules\mining\lavaland\necropolis_chests.dm:143:error: /obj/item/borg/upgrade/modkit/resonator_blasts: undefined type path
code\modules\mining\lavaland\necropolis_chests.dm:146:error: name: undefined var
code\modules\mining\lavaland\necropolis_chests.dm:147:error: desc: undefined var
code\modules\mining\lavaland\necropolis_chests.dm:148:error: id: undefined var
code\modules\mining\lavaland\necropolis_chests.dm:149:error: materials: undefined var
code\modules\mining\lavaland\necropolis_chests.dm:150:error: reagents_list: undefined var
code\modules\mining\lavaland\necropolis_chests.dm:151:error: build_path: undefined var
code\modules\mining\lavaland\necropolis_chests.dm:151:error: /obj/item/borg/upgrade/modkit/bounty: undefined type path
code\modules\mining\lavaland\necropolis_chests.dm:627:error: /datum/species/lizard: undefined type path
code\modules\mining\lavaland\necropolis_chests.dm:627:error: /datum/species/moth: undefined type path
code\modules\reagents\chemistry\reagents.dm:218:error: mytray: undefined type: /obj/machinery/hydroponics
code\modules\reagents\chemistry\reagents\alcohol_reagents.dm:96:error: mytray.adjustHealth: undefined type: /obj/machinery/hydroponics
code\modules\reagents\chemistry\reagents\alcohol_reagents.dm:97:error: mytray.adjustWater: undefined type: /obj/machinery/hydroponics
code\modules\reagents\chemistry\reagents\alcohol_reagents.dm:434:error: /datum/antagonist/rev: undefined type path
code\modules\reagents\chemistry\reagents\drink_reagents.dm:207:error: mytray.adjustWater: undefined type: /obj/machinery/hydroponics
code\modules\reagents\chemistry\reagents\drink_reagents.dm:511:error: mytray.adjustWater: undefined type: /obj/machinery/hydroponics
code\modules\reagents\chemistry\reagents\drink_reagents.dm:512:error: mytray.adjustHealth: undefined type: /obj/machinery/hydroponics
code\modules\reagents\chemistry\reagents\food_reagents.dm:56:error: mytray.adjustHealth: undefined type: /obj/machinery/hydroponics
code\modules\reagents\chemistry\reagents\food_reagents.dm:194:error: mytray.adjustWeeds: undefined type: /obj/machinery/hydroponics
code\modules\reagents\chemistry\reagents\food_reagents.dm:195:error: mytray.adjustPests: undefined type: /obj/machinery/hydroponics
code\modules\reagents\chemistry\reagents\food_reagents.dm:218:error: mytray.adjustHealth: undefined type: /obj/machinery/hydroponics
code\modules\reagents\chemistry\reagents\food_reagents.dm:426:error: /datum/species/vampire: undefined type path
code\modules\reagents\chemistry\reagents\food_reagents.dm:596:error: mytray.pollinate: undefined type: /obj/machinery/hydroponics
code\modules\reagents\chemistry\reagents\food_reagents.dm:598:error: mytray.adjustWeeds: undefined type: /obj/machinery/hydroponics
code\modules\reagents\chemistry\reagents\food_reagents.dm:599:error: mytray.adjustPests: undefined type: /obj/machinery/hydroponics
code\modules\reagents\chemistry\reagents\food_reagents.dm:767:error: /datum/species/ethereal: undefined type path
code\modules\reagents\chemistry\reagents\cat2_medicine_reagents.dm:61:error: /datum/award/achievement/misc/helbitaljanken: undefined type path
code\modules\reagents\chemistry\reagents\cat2_medicine_reagents.dm:331:error: mytray.adjustToxic: undefined type: /obj/machinery/hydroponics
code\modules\reagents\chemistry\reagents\medicine_reagents.dm:48:error: mytray.adjustWater: undefined type: /obj/machinery/hydroponics
code\modules\reagents\chemistry\reagents\medicine_reagents.dm:49:error: mytray.adjustHealth: undefined type: /obj/machinery/hydroponics
code\modules\reagents\chemistry\reagents\medicine_reagents.dm:50:error: mytray.adjustPests: undefined type: /obj/machinery/hydroponics
code\modules\reagents\chemistry\reagents\medicine_reagents.dm:51:error: mytray.adjustWeeds: undefined type: /obj/machinery/hydroponics
code\modules\reagents\chemistry\reagents\medicine_reagents.dm:55:error: mytray.mutatespecie: undefined type: /obj/machinery/hydroponics
code\modules\reagents\chemistry\reagents\medicine_reagents.dm:57:error: mytray.mutateweed: undefined type: /obj/machinery/hydroponics
code\modules\reagents\chemistry\reagents\medicine_reagents.dm:59:error: mytray.mutatepest: undefined type: /obj/machinery/hydroponics
code\modules\reagents\chemistry\reagents\medicine_reagents.dm:61:error: mytray.visible_message: undefined type: /obj/machinery/hydroponics
code\modules\reagents\chemistry\reagents\medicine_reagents.dm:97:error: DISEASE_SEVERITY_POSITIVE: undefined var
code\modules\reagents\chemistry\reagents\medicine_reagents.dm:170:error: mytray.adjustHealth: undefined type: /obj/machinery/hydroponics
code\modules\reagents\chemistry\reagents\medicine_reagents.dm:171:error: mytray.adjustToxic: undefined type: /obj/machinery/hydroponics
code\modules\reagents\chemistry\reagents\medicine_reagents.dm:506:error: /datum/disease/heart_failure: undefined type path
code\modules\reagents\chemistry\reagents\medicine_reagents.dm:778:error: mytray.spawnplant: undefined type: /obj/machinery/hydroponics
code\modules\reagents\chemistry\reagents\drug_reagents.dm:75:error: mytray.adjustToxic: undefined type: /obj/machinery/hydroponics
code\modules\reagents\chemistry\reagents\drug_reagents.dm:76:error: mytray.adjustPests: undefined type: /obj/machinery/hydroponics
code\modules\reagents\chemistry\reagents\other_reagents.dm:18:error: mytray.adjustPests: undefined type: /obj/machinery/hydroponics
code\modules\reagents\chemistry\reagents\other_reagents.dm:26:error: DISEASE_SPREAD_SPECIAL: undefined var
code\modules\reagents\chemistry\reagents\other_reagents.dm:26:error: DISEASE_SPREAD_NON_CONTAGIOUS: undefined var
code\modules\reagents\chemistry\reagents\other_reagents.dm:29:error: DISEASE_SPREAD_CONTACT_FLUIDS: undefined var
code\modules\reagents\chemistry\reagents\other_reagents.dm:45:error: SetViruses: undefined proc
code\modules\reagents\chemistry\reagents\other_reagents.dm:59:error: AD: undefined type: /datum/disease/advance
code\modules\reagents\chemistry\reagents\other_reagents.dm:60:error: AD: undefined type: /datum/disease/advance
code\modules\reagents\chemistry\reagents\other_reagents.dm:61:error: AD: undefined type: /datum/disease/advance
code\modules\reagents\chemistry\reagents\other_reagents.dm:62:error: AD: undefined type: /datum/disease/advance
code\modules\reagents\chemistry\reagents\other_reagents.dm:64:error: Advance_Mix: undefined proc
code\modules\reagents\chemistry\reagents\other_reagents.dm:65:error: AD: undefined type: /datum/disease/advance
code\modules\reagents\chemistry\reagents\other_reagents.dm:66:error: AD: undefined type: /datum/disease/advance
code\modules\reagents\chemistry\reagents\other_reagents.dm:68:error: /datum/disease/advance: undefined type path
code\modules\reagents\chemistry\reagents\other_reagents.dm:59:warning (unused_var): AD: variable defined but not used
code\modules\reagents\chemistry\reagents\other_reagents.dm:61:warning (unused_var): AD: variable defined but not used
code\modules\reagents\chemistry\reagents\other_reagents.dm:64:warning (unused_var): AD: variable defined but not used
code\modules\reagents\chemistry\reagents\other_reagents.dm:95:error: mytray.adjustPests: undefined type: /obj/machinery/hydroponics
code\modules\reagents\chemistry\reagents\other_reagents.dm:136:error: /datum/disease/tuberculosis: undefined type path
code\modules\reagents\chemistry\reagents\other_reagents.dm:188:error: /obj/item/toy/plush/carpplushie/dehy_carp: undefined type path
code\modules\reagents\chemistry\reagents\other_reagents.dm:214:error: mytray.adjustWater: undefined type: /obj/machinery/hydroponics
code\modules\reagents\chemistry\reagents\other_reagents.dm:230:error: mytray.adjustWater: undefined type: /obj/machinery/hydroponics
code\modules\reagents\chemistry\reagents\other_reagents.dm:231:error: mytray.adjustHealth: undefined type: /obj/machinery/hydroponics
code\modules\reagents\chemistry\reagents\other_reagents.dm:245:error: iscultist: undefined proc
code\modules\reagents\chemistry\reagents\other_reagents.dm:255:error: iscultist: undefined proc
code\modules\reagents\chemistry\reagents\other_reagents.dm:256:error: BM: undefined type: /datum/action/innate/cult/blood_magic
code\modules\reagents\chemistry\reagents\other_reagents.dm:258:error: BS: undefined type: /datum/action/innate/cult/blood_spell
code\modules\reagents\chemistry\reagents\other_reagents.dm:258:error: BM.spells: undefined type: /datum/action/innate/cult/blood_magic
code\modules\reagents\chemistry\reagents\other_reagents.dm:259:error: BS: undefined type: /datum/action/innate/cult/blood_spell
code\modules\reagents\chemistry\reagents\other_reagents.dm:265:error: iscultist: undefined proc
code\modules\reagents\chemistry\reagents\other_reagents.dm:273:error: iscultist: undefined proc
code\modules\reagents\chemistry\reagents\other_reagents.dm:286:error: R: undefined type: /obj/effect/rune
code\modules\reagents\chemistry\reagents\other_reagents.dm:287:error: R: undefined type: /obj/effect/rune
code\modules\reagents\chemistry\reagents\other_reagents.dm:292:error: mytray.adjustWater: undefined type: /obj/machinery/hydroponics
code\modules\reagents\chemistry\reagents\other_reagents.dm:293:error: mytray.adjustHealth: undefined type: /obj/machinery/hydroponics
code\modules\reagents\chemistry\reagents\other_reagents.dm:341:error: iscultist: undefined proc
code\modules\reagents\chemistry\reagents\other_reagents.dm:547:error: /datum/species/jelly/slime: undefined type path
code\modules\reagents\chemistry\reagents\other_reagents.dm:559:error: /datum/species/lizard: undefined type path
code\modules\reagents\chemistry\reagents\other_reagents.dm:566:error: /datum/species/fly: undefined type path
code\modules\reagents\chemistry\reagents\other_reagents.dm:573:error: /datum/species/moth: undefined type path
code\modules\reagents\chemistry\reagents\other_reagents.dm:580:error: /datum/species/pod: undefined type path
code\modules\reagents\chemistry\reagents\other_reagents.dm:587:error: /datum/species/jelly: undefined type path
code\modules\reagents\chemistry\reagents\other_reagents.dm:591:error: /datum/species/jelly: undefined type path
code\modules\reagents\chemistry\reagents\other_reagents.dm:593:error: /datum/species/jelly: undefined type path
code\modules\reagents\chemistry\reagents\other_reagents.dm:593:error: /datum/species/jelly: undefined type path
code\modules\reagents\chemistry\reagents\other_reagents.dm:609:error: /datum/species/golem/random: undefined type path
code\modules\reagents\chemistry\reagents\other_reagents.dm:616:error: /datum/species/abductor: undefined type path
code\modules\reagents\chemistry\reagents\other_reagents.dm:638:error: /datum/species/zombie: undefined type path
code\modules\reagents\chemistry\reagents\other_reagents.dm:645:error: /datum/species/lizard/ashwalker: undefined type path
code\modules\reagents\chemistry\reagents\other_reagents.dm:653:error: /datum/species/shadow: undefined type path
code\modules\reagents\chemistry\reagents\other_reagents.dm:660:error: /datum/species/plasmaman: undefined type path
code\modules\reagents\chemistry\reagents\other_reagents.dm:692:error: /datum/disease/transformation/slime: undefined type path
code\modules\reagents\chemistry\reagents\other_reagents.dm:704:error: /datum/disease/transformation/morph: undefined type path
code\modules\reagents\chemistry\reagents\other_reagents.dm:827:error: mytray.adjustHealth: undefined type: /obj/machinery/hydroponics
code\modules\reagents\chemistry\reagents\other_reagents.dm:828:error: mytray.adjustToxic: undefined type: /obj/machinery/hydroponics
code\modules\reagents\chemistry\reagents\other_reagents.dm:829:error: mytray.adjustWater: undefined type: /obj/machinery/hydroponics
code\modules\reagents\chemistry\reagents\other_reagents.dm:830:error: mytray.adjustWeeds: undefined type: /obj/machinery/hydroponics
code\modules\reagents\chemistry\reagents\other_reagents.dm:850:error: mytray.adjustHealth: undefined type: /obj/machinery/hydroponics
code\modules\reagents\chemistry\reagents\other_reagents.dm:851:error: mytray.adjustToxic: undefined type: /obj/machinery/hydroponics
code\modules\reagents\chemistry\reagents\other_reagents.dm:852:error: mytray.adjustWater: undefined type: /obj/machinery/hydroponics
code\modules\reagents\chemistry\reagents\other_reagents.dm:853:error: mytray.adjustWeeds: undefined type: /obj/machinery/hydroponics
code\modules\reagents\chemistry\reagents\other_reagents.dm:878:error: mytray.adjustHealth: undefined type: /obj/machinery/hydroponics
code\modules\reagents\chemistry\reagents\other_reagents.dm:879:error: mytray.adjustWater: undefined type: /obj/machinery/hydroponics
code\modules\reagents\chemistry\reagents\other_reagents.dm:880:error: mytray.adjustWeeds: undefined type: /obj/machinery/hydroponics
code\modules\reagents\chemistry\reagents\other_reagents.dm:974:error: mytray.mutation_roll: undefined type: /obj/machinery/hydroponics
code\modules\reagents\chemistry\reagents\other_reagents.dm:976:error: mytray.adjustHealth: undefined type: /obj/machinery/hydroponics
code\modules\reagents\chemistry\reagents\other_reagents.dm:977:error: mytray.adjustToxic: undefined type: /obj/machinery/hydroponics
code\modules\reagents\chemistry\reagents\other_reagents.dm:991:error: mytray.adjustHealth: undefined type: /obj/machinery/hydroponics
code\modules\reagents\chemistry\reagents\other_reagents.dm:992:error: mytray.adjustToxic: undefined type: /obj/machinery/hydroponics
code\modules\reagents\chemistry\reagents\other_reagents.dm:1144:error: /datum/disease/transformation/robot: undefined type path
code\modules\reagents\chemistry\reagents\other_reagents.dm:1157:error: /datum/disease/transformation/xeno: undefined type path
code\modules\reagents\chemistry\reagents\other_reagents.dm:1170:error: /datum/disease/tuberculosis: undefined type path
code\modules\reagents\chemistry\reagents\other_reagents.dm:1183:error: /datum/disease/gastrolosis: undefined type path
code\modules\reagents\chemistry\reagents\other_reagents.dm:1216:error: mytray.adjustHealth: undefined type: /obj/machinery/hydroponics
code\modules\reagents\chemistry\reagents\other_reagents.dm:1231:error: mytray.adjustHealth: undefined type: /obj/machinery/hydroponics
code\modules\reagents\chemistry\reagents\other_reagents.dm:1232:error: mytray.adjustPests: undefined type: /obj/machinery/hydroponics
code\modules\reagents\chemistry\reagents\other_reagents.dm:1344:error: /datum/species/plasmaman: undefined type path
code\modules\reagents\chemistry\reagents\other_reagents.dm:1348:error: /datum/species/plasmaman: undefined type path
code\modules\reagents\chemistry\reagents\other_reagents.dm:1539:error: mytray.adjustHealth: undefined type: /obj/machinery/hydroponics
code\modules\reagents\chemistry\reagents\other_reagents.dm:1763:error: mytray.adjustHealth: undefined type: /obj/machinery/hydroponics
code\modules\reagents\chemistry\reagents\other_reagents.dm:1764:error: mytray.adjustWeeds: undefined type: /obj/machinery/hydroponics
code\modules\reagents\chemistry\reagents\other_reagents.dm:1897:error: mytray.adjustHealth: undefined type: /obj/machinery/hydroponics
code\modules\reagents\chemistry\reagents\toxin_reagents.dm:59:error: mytray.mutation_roll: undefined type: /obj/machinery/hydroponics
code\modules\reagents\chemistry\reagents\toxin_reagents.dm:61:error: mytray.adjustToxic: undefined type: /obj/machinery/hydroponics
code\modules\reagents\chemistry\reagents\toxin_reagents.dm:18:error: mytray.adjustToxic: undefined type: /obj/machinery/hydroponics
code\modules\reagents\chemistry\reagents\toxin_reagents.dm:287:error: mytray.adjustHealth: undefined type: /obj/machinery/hydroponics
code\modules\reagents\chemistry\reagents\toxin_reagents.dm:288:error: mytray.adjustToxic: undefined type: /obj/machinery/hydroponics
code\modules\reagents\chemistry\reagents\toxin_reagents.dm:289:error: mytray.adjustWeeds: undefined type: /obj/machinery/hydroponics
code\modules\reagents\chemistry\reagents\toxin_reagents.dm:298:error: /obj/structure/spacevine: undefined type path
code\modules\reagents\chemistry\reagents\toxin_reagents.dm:317:error: mytray: undefined type: /obj/machinery/hydroponics
code\modules\reagents\chemistry\reagents\toxin_reagents.dm:320:error: mytray.adjustToxic: undefined type: /obj/machinery/hydroponics
code\modules\reagents\chemistry\reagents\toxin_reagents.dm:321:error: mytray.adjustWeeds: undefined type: /obj/machinery/hydroponics
code\modules\reagents\chemistry\reagents\toxin_reagents.dm:331:error: mytray: undefined type: /obj/machinery/hydroponics
code\modules\reagents\chemistry\reagents\toxin_reagents.dm:334:error: mytray.adjustToxic: undefined type: /obj/machinery/hydroponics
code\modules\reagents\chemistry\reagents\toxin_reagents.dm:335:error: mytray.adjustPests: undefined type: /obj/machinery/hydroponics
code\modules\reagents\chemistry\reagents\toxin_reagents.dm:351:error: mytray: undefined type: /obj/machinery/hydroponics
code\modules\reagents\chemistry\reagents\toxin_reagents.dm:354:error: mytray.adjustToxic: undefined type: /obj/machinery/hydroponics
code\modules\reagents\chemistry\reagents\toxin_reagents.dm:355:error: mytray.adjustPests: undefined type: /obj/machinery/hydroponics
code\modules\reagents\chemistry\reagents\toxin_reagents.dm:857:error: mytray.adjustHealth: undefined type: /obj/machinery/hydroponics
code\modules\reagents\chemistry\reagents\toxin_reagents.dm:858:error: mytray.adjustToxic: undefined type: /obj/machinery/hydroponics
code\modules\reagents\chemistry\reagents\toxin_reagents.dm:859:error: mytray.adjustWeeds: undefined type: /obj/machinery/hydroponics
code\modules\reagents\chemistry\reagents\toxin_reagents.dm:899:error: mytray.adjustHealth: undefined type: /obj/machinery/hydroponics
code\modules\reagents\chemistry\reagents\toxin_reagents.dm:900:error: mytray.adjustToxic: undefined type: /obj/machinery/hydroponics
code\modules\reagents\chemistry\reagents\toxin_reagents.dm:901:error: mytray.adjustWeeds: undefined type: /obj/machinery/hydroponics
code\modules\reagents\chemistry\reagents\other_reagents.dm:2121:error: /datum/antagonist/changeling: undefined type path
code\modules\reagents\chemistry\reagents\other_reagents.dm:2173:error: /datum/disease/transformation/gondola: undefined type path
code\modules\reagents\chemistry\reagents\other_reagents.dm:2370:error: /datum/antagonist/heretic: undefined type path
code\modules\reagents\chemistry\reagents\pyrotechnic_reagents.dm:103:error: /datum/species/plasmaman: undefined type path
code\modules\reagents\chemistry\reagents\pyrotechnic_reagents.dm:187:error: mytray.adjustHealth: undefined type: /obj/machinery/hydroponics
code\modules\reagents\chemistry\reagents\pyrotechnic_reagents.dm:188:error: mytray.adjustToxic: undefined type: /obj/machinery/hydroponics
code\modules\reagents\chemistry\reagents\pyrotechnic_reagents.dm:189:error: mytray.adjustWeeds: undefined type: /obj/machinery/hydroponics
code\modules\reagents\chemistry\reagents\pyrotechnic_reagents.dm:280:error: /datum/species/jelly: undefined type path
code\modules\reagents\chemistry\reagents\pyrotechnic_reagents.dm:284:error: /datum/species/jelly/luminescent: undefined type path
code\modules\mining\lavaland\necropolis_chests.dm:966:error: name: undefined var
code\modules\mining\lavaland\necropolis_chests.dm:967:error: cure_text: undefined var
code\modules\mining\lavaland\necropolis_chests.dm:968:error: cures: undefined var
code\modules\mining\lavaland\necropolis_chests.dm:969:error: agent: undefined var
code\modules\mining\lavaland\necropolis_chests.dm:970:error: desc: undefined var
code\modules\mining\lavaland\necropolis_chests.dm:971:error: stage_prob: undefined var
code\modules\mining\lavaland\necropolis_chests.dm:972:error: severity: undefined var
code\modules\mining\lavaland\necropolis_chests.dm:972:error: DISEASE_SEVERITY_BIOHAZARD: undefined var
code\modules\mining\lavaland\necropolis_chests.dm:973:error: visibility_flags: undefined var
code\modules\mining\lavaland\necropolis_chests.dm:974:error: stage1: undefined var
code\modules\mining\lavaland\necropolis_chests.dm:975:error: stage2: undefined var
code\modules\mining\lavaland\necropolis_chests.dm:976:error: stage3: undefined var
code\modules\mining\lavaland\necropolis_chests.dm:977:error: stage4: undefined var
code\modules\mining\lavaland\necropolis_chests.dm:978:error: stage5: undefined var
code\modules\mining\lavaland\necropolis_chests.dm:979:error: new_form: undefined var
code\modules\mining\lavaland\necropolis_chests.dm:979:error: /mob/living/simple_animal/hostile/megafauna/dragon/lesser: undefined type path
code\modules\mob\living\carbon\human\species.dm:110:error: /datum/mutation/human/dwarfism: undefined type path
code\modules\mob\living\carbon\human\species.dm:110:error: =: expected a constant expression
code\modules\mob\living\carbon\human\species.dm:405:error: A.cure: undefined proc
code\modules\mob\living\carbon\human\species.dm:453:error: create_sequence: undefined proc
code\modules\mob\living\carbon\human\species.dm:1134:error: /obj/item/pda: undefined type path
code\modules\mob\living\carbon\human\species.dm:1263:error: /datum/species/ethereal: undefined type path
code\modules\mob\living\carbon\human\species.dm:1581:error: /datum/antagonist/rev: undefined type path
code\modules\mob\living\carbon\human\species_types\monkeys.dm:51:error: /datum/mutation/human/race: undefined type path
code\modules\mob\living\carbon\human\species_types\monkeys.dm:52:error: /datum/mutation/human/race: undefined type path
code\modules\mob\living\carbon\human\species_types\monkeys.dm:60:error: /datum/mutation/human/race: undefined type path
code\modules\vtmb\kindred_species.dm:26:error: /obj/item/organ/brain/vampire: undefined type path
code\modules\NTNet\network.dm:345:error: /datum/computer_file/program: undefined type path
code\modules\NTNet\network.dm:348:error: prog: undefined type: /datum/computer_file/program
code\modules\NTNet\network.dm:348:error: prog.filename: undefined type: /datum/computer_file/program
code\modules\NTNet\network.dm:348:error: prog.filetype: undefined type: /datum/computer_file/program
code\modules\NTNet\network.dm:351:error: prog.available_on_ntnet: undefined type: /datum/computer_file/program
code\modules\NTNet\network.dm:352:error: prog: undefined type: /datum/computer_file/program
code\modules\NTNet\network.dm:353:error: prog.available_on_syndinet: undefined type: /datum/computer_file/program
code\modules\NTNet\network.dm:354:error: prog: undefined type: /datum/computer_file/program
code\modules\NTNet\network.dm:346:warning (unused_var): prog: variable defined but not used
code\modules\NTNet\network.dm:360:error: P.filename: undefined type: /datum/computer_file/program
code\modules\NTNet\network.dm:361:error: returnP: undefined type: /datum/computer_file/program
code\modules\NTNet\network.dm:364:error: P.filename: undefined type: /datum/computer_file/program
code\modules\NTNet\network.dm:365:error: returnP: undefined type: /datum/computer_file/program
code\modules\NTNet\network.dm:359:warning (unused_var): P: variable defined but not used
code\modules\NTNet\network.dm:363:warning (unused_var): P: variable defined but not used
code\modules\NTNet\network.dm:368:error: chan: undefined type: /datum/ntnet_conversation
code\modules\NTNet\network.dm:369:error: chan.id: undefined type: /datum/ntnet_conversation
code\modules\NTNet\network.dm:370:error: returnchan: undefined type: /datum/ntnet_conversation
code\modules\NTNet\network.dm:368:warning (unused_var): chan: variable defined but not used
code\modules\surgery\advanced\wingreconstruction.dm:14:error: /datum/species/moth: undefined type path
code\modules\surgery\amputation.dm:12:error: /obj/item/melee/arm_blade: undefined type path
code\modules\surgery\brain_surgery.dm:36:error: /datum/antagonist/brainwashed: undefined type path
code\modules\surgery\brain_surgery.dm:37:error: /datum/antagonist/brainwashed: undefined type path
code\modules\surgery\coronary_bypass.dm:20:error: /obj/item/melee/transforming/energy/sword: undefined type path
code\modules\surgery\coronary_bypass.dm:55:error: /obj/item/stack/cable_coil: undefined type path
code\modules\surgery\gastrectomy.dm:25:error: /obj/item/melee/transforming/energy/sword: undefined type path
code\modules\surgery\hepatectomy.dm:24:error: /obj/item/melee/transforming/energy/sword: undefined type path
code\modules\surgery\lobectomy.dm:20:error: /obj/item/melee/transforming/energy/sword: undefined type path
code\modules\surgery\organic_steps.dm:5:error: /obj/item/melee/transforming/energy/sword: undefined type path
code\modules\surgery\organic_steps.dm:40:error: /obj/item/stack/cable_coil: undefined type path
code\modules\surgery\organic_steps.dm:104:error: /obj/item/melee/arm_blade: undefined type path
code\modules\surgery\plastic_surgery.dm:26:error: /datum/species/abductor: undefined type path
code\modules\surgery\surgery_step.dm:111:error: /datum/award/achievement/misc/sandman: undefined type path
code\modules\surgery\advanced\brainwashing.dm:30:error: /obj/item/stack/cable_coil: undefined type path
code\modules\surgery\advanced\brainwashing.dm:53:error: brainwash: undefined proc
code\modules\surgery\advanced\lobotomy.dm:26:error: /obj/item/melee/transforming/energy/sword: undefined type path
code\modules\surgery\advanced\lobotomy.dm:45:error: /datum/antagonist/brainwashed: undefined type path
code\modules\surgery\advanced\lobotomy.dm:46:error: /datum/antagonist/brainwashed: undefined type path
code\modules\tgui\tgui.dm:59:error: /datum/preference/toggle/tgui_fancy: undefined type path
code\modules\tgui\tgui.dm:100:error: /datum/preference/toggle/tgui_fancy: undefined type path
code\modules\tgui\tgui.dm:219:error: TGUI_REFRESH_FULL_UPDATE_COOLDOWN: undefined var
code\modules\tgui\tgui.dm:254:error: /datum/preference/toggle/tgui_fancy: undefined type path
code\modules\tgui\tgui.dm:255:error: /datum/preference/toggle/tgui_lock: undefined type path
code\modules\tgui\tgui.dm:333:error: VERB_CALLBACK: undefined proc
code\modules\tgui\tgui.dm:333:error: DEFAULT_QUEUE_OR_CALL_VERB: undefined proc
code\modules\tgui_panel\telemetry.dm:113:error: log_suspicious_login: undefined proc
code\modules\tgui_panel\tgui_panel.dm:64:error: span_userdanger: undefined proc
code\modules\vtmb\disciplines.dm:1728:error: BAT: undefined type: /obj/effect/proc_holder/spell/targeted/shapeshift/bat
code\modules\vtmb\disciplines.dm:1729:error: BAT: undefined type: /obj/effect/proc_holder/spell/targeted/shapeshift/bat
code\modules\vtmb\disciplines.dm:1757:error: BAT.Shapeshift: undefined type: /obj/effect/proc_holder/spell/targeted/shapeshift/bat
code\modules\vtmb\disciplines.dm:1760:error: BAT.myshape: undefined type: /obj/effect/proc_holder/spell/targeted/shapeshift/bat
code\modules\vtmb\disciplines.dm:1760:error: BAT.Restore: undefined type: /obj/effect/proc_holder/spell/targeted/shapeshift/bat
code\modules\vtmb\disciplines.dm:2020:error: /datum/component/dejavu: undefined type path
code\modules\vtmb\vampire_clane\baali.dm:20:error: T: undefined type: /datum/brain_trauma/mild/phobia/security
code\game\atoms.dm:717:error: B: undefined type: /obj/structure/blob
code\game\atoms.dm:817:error: S: undefined type: /obj/singularity
code\game\atoms.dm:835:error: E: undefined type: /obj/item/card/emag
code\game\atoms.dm:865:error: the_rcd: undefined type: /obj/item/construction/rcd
code\modules\projectiles\projectile\magic.dm:343:error: /mob/living/simple_animal/hostile/mimic/copy/ranged: undefined type path
code\modules\projectiles\projectile\magic.dm:345:error: /mob/living/simple_animal/hostile/mimic/copy: undefined type path
code\modules\projectiles\projectile\magic.dm:347:error: /mob/living/simple_animal/hostile/mimic/copy: undefined type path
code\game\atoms_movable.dm:652:error: SSspacedrift.processing: undefined var
code\modules\wod13\onyxcombat.dm:514:error: level2: undefined type: /obj/overlay
code\modules\wod13\onyxcombat.dm:515:error: level2.icon: undefined type: /obj/overlay
code\modules\wod13\onyxcombat.dm:516:error: level2.icon_state: undefined type: /obj/overlay
code\modules\wod13\onyxcombat.dm:517:error: level2.layer: undefined type: /obj/overlay
code\modules\wod13\onyxcombat.dm:518:error: level2.plane: undefined type: /obj/overlay
code\modules\wod13\onyxcombat.dm:519:error: level3: undefined type: /obj/overlay
code\modules\wod13\onyxcombat.dm:520:error: level3.icon: undefined type: /obj/overlay
code\modules\wod13\onyxcombat.dm:521:error: level3.icon_state: undefined type: /obj/overlay
code\modules\wod13\onyxcombat.dm:522:error: level3.layer: undefined type: /obj/overlay
code\modules\wod13\onyxcombat.dm:523:error: level3.plane: undefined type: /obj/overlay
code\modules\wod13\onyxcombat.dm:524:error: level4: undefined type: /obj/overlay
code\modules\wod13\onyxcombat.dm:525:error: level4.icon: undefined type: /obj/overlay
code\modules\wod13\onyxcombat.dm:526:error: level4.icon_state: undefined type: /obj/overlay
code\modules\wod13\onyxcombat.dm:527:error: level4.layer: undefined type: /obj/overlay
code\modules\wod13\onyxcombat.dm:528:error: level4.plane: undefined type: /obj/overlay
code\modules\wod13\onyxcombat.dm:529:error: level5: undefined type: /obj/overlay
code\modules\wod13\onyxcombat.dm:530:error: level5.icon: undefined type: /obj/overlay
code\modules\wod13\onyxcombat.dm:531:error: level5.icon_state: undefined type: /obj/overlay
code\modules\wod13\onyxcombat.dm:532:error: level5.layer: undefined type: /obj/overlay
code\modules\wod13\onyxcombat.dm:533:error: level5.plane: undefined type: /obj/overlay
code\game\say.dm:206:error: find_record: undefined proc
code\game\objects\buckling.dm:43:warning (no_parent): ..: ..() has no parent proc to call
code\game\turfs\turf.dm:253:error: C.loaded: undefined type: /obj/item/rcl
code\game\turfs\turf.dm:254:error: LC: undefined type: /obj/structure/pipe_cleaner
code\game\turfs\turf.dm:255:error: LC.d1: undefined type: /obj/structure/pipe_cleaner
code\game\turfs\turf.dm:255:error: LC.d2: undefined type: /obj/structure/pipe_cleaner
code\game\turfs\turf.dm:256:error: C: undefined type: /obj/item/rcl
code\game\turfs\turf.dm:256:error: LC.handlecable: undefined type: /obj/structure/pipe_cleaner
code\game\turfs\turf.dm:258:error: C.loaded.place_turf: undefined type: /obj/item/rcl
code\game\turfs\turf.dm:259:error: C.wiring_gui_menu: undefined type: /obj/item/rcl
code\game\turfs\turf.dm:260:error: C.wiringGuiUpdate: undefined type: /obj/item/rcl
code\game\turfs\turf.dm:261:error: C.is_empty: undefined type: /obj/item/rcl
code\game\turfs\turf.dm:409:error: /obj/effect/blessing: undefined type path
code\modules\shuttle\on_move.dm:41:error: /obj/singularity: undefined type path
code\modules\shuttle\on_move.dm:41:error: /obj/energy_ball: undefined type path
code\game\turfs\closed\walls.dm:165:error: /datum/mutation/human/hulk: undefined type path
code\game\turfs\closed\walls.dm:226:error: place_poster: undefined proc
code\game\turfs\closed\walls.dm:62:error: attack_tk: undefined proc
code\game\turfs\closed\walls.dm:275:error: the_rcd.mode: undefined type: /obj/item/construction/rcd
code\game\turfs\closed\walls.dm:312:error: /obj/effect/temp_visual/glowing_rune: undefined type path
code\game\turfs\closed\wall\mineral_walls.dm:147:error: /obj/projectile/ion: undefined type path
code\game\turfs\closed\wall\misc_walls.dm:14:error: /obj/effect/temp_visual/cult/turf: undefined type path
code\game\turfs\closed\wall\misc_walls.dm:22:error: /mob/living/simple_animal/hostile/construct/harvester: undefined type path
code\game\turfs\closed\wall\misc_walls.dm:24:error: H.pulling: undefined type: /mob/living/simple_animal/hostile/construct/harvester
code\game\turfs\closed\wall\misc_walls.dm:28:error: H.start_pulling: undefined type: /mob/living/simple_animal/hostile/construct/harvester
code\game\turfs\closed\wall\misc_walls.dm:35:error: /obj/effect/temp_visual/cult/turf: undefined type path
code\game\turfs\closed\wall\misc_walls.dm:39:error: /obj/effect/temp_visual/cult/turf: undefined type path
code\game\turfs\closed\wall\reinf_walls.dm:220:error: the_rcd.canRturf: undefined type: /obj/item/construction/rcd
code\game\turfs\closed\wall\reinf_walls.dm:225:error: the_rcd.canRturf: undefined type: /obj/item/construction/rcd
code\game\turfs\closed\wall\reinf_walls.dm:232:error: /obj/effect/temp_visual/glowing_rune: undefined type path
code\modules\wod13\wallcode.dm:160:error: /obj/structure/window/reinforced/fulltile/indestructable: undefined type path
code\modules\wod13\wallcode.dm:270:error: /obj/structure/window/reinforced/fulltile/indestructable: undefined type path
code\modules\wod13\wallcode.dm:210:error: /obj/structure/window/reinforced/fulltile/indestructable: undefined type path
code\modules\wod13\wallcode.dm:230:error: /obj/structure/window/reinforced/fulltile/indestructable: undefined type path
code\modules\wod13\wallcode.dm:250:error: /obj/structure/window/reinforced/fulltile/indestructable: undefined type path
code\game\turfs\closed\minerals.dm:613:error: /datum/award/achievement/skill/legendary_miner: undefined type path
code\game\turfs\open\dirtystation.dm:56:error: /obj/effect/decal/cleanable/oil: undefined type path
code\game\turfs\open\dirtystation.dm:63:error: /area/awaymission/research/interior/bathroom: undefined type path
code\game\turfs\open\dirtystation.dm:76:error: /obj/effect/decal/cleanable/oil: undefined type path
code\game\turfs\open\floor.dm:237:error: the_rcd.mode: undefined type: /obj/item/construction/rcd
code\game\turfs\open\floor.dm:241:error: the_rcd.airlock_glass: undefined type: /obj/item/construction/rcd
code\game\turfs\open\floor.dm:254:error: the_rcd.furnish_delay: undefined type: /obj/item/construction/rcd
code\game\turfs\open\floor.dm:254:error: the_rcd.furnish_cost: undefined type: /obj/item/construction/rcd
code\game\turfs\open\floor.dm:269:error: the_rcd.airlock_type: undefined type: /obj/item/construction/rcd
code\game\turfs\open\floor.dm:271:error: the_rcd.airlock_type: undefined type: /obj/item/construction/rcd
code\game\turfs\open\floor.dm:272:error: the_rcd.airlock_electronics: undefined type: /obj/item/construction/rcd
code\game\turfs\open\floor.dm:273:error: the_rcd.airlock_electronics.accesses.Copy: undefined type: /obj/item/construction/rcd
code\game\turfs\open\floor.dm:274:error: the_rcd.airlock_electronics.one_access: undefined type: /obj/item/construction/rcd
code\game\turfs\open\floor.dm:275:error: the_rcd.airlock_electronics.unres_sides: undefined type: /obj/item/construction/rcd
code\game\turfs\open\floor.dm:280:error: the_rcd.airlock_type: undefined type: /obj/item/construction/rcd
code\game\turfs\open\floor.dm:282:error: the_rcd.airlock_electronics: undefined type: /obj/item/construction/rcd
code\game\turfs\open\floor.dm:283:error: the_rcd.airlock_electronics.accesses.Copy: undefined type: /obj/item/construction/rcd
code\game\turfs\open\floor.dm:284:error: the_rcd.airlock_electronics.one_access: undefined type: /obj/item/construction/rcd
code\game\turfs\open\floor.dm:285:error: the_rcd.airlock_electronics.unres_sides: undefined type: /obj/item/construction/rcd
code\game\turfs\open\floor.dm:321:error: the_rcd.computer_dir: undefined type: /obj/item/construction/rcd
code\game\turfs\open\floor.dm:324:error: the_rcd.furnish_type: undefined type: /obj/item/construction/rcd
code\game\turfs\open\floor.dm:326:error: the_rcd.furnish_type: undefined type: /obj/item/construction/rcd
code\game\turfs\open\floor\reinf_floor.dm:206:error: /obj/effect/temp_visual/cult/turf/floor: undefined type path
code\game\turfs\open\floor\reinf_floor.dm:207:error: realappearance: undefined type: /obj/effect/cult_turf/overlay/floor/bloodcult
code\game\turfs\open\floor\reinf_floor.dm:207:error: /obj/effect/cult_turf/overlay/floor/bloodcult: undefined type path
code\game\turfs\open\floor\reinf_floor.dm:208:error: realappearance.linked: undefined type: /obj/effect/cult_turf/overlay/floor/bloodcult
code\game\turfs\open\floor\reinf_floor.dm:220:error: realappearance: undefined type: /obj/effect/cult_turf/overlay/floor/bloodcult
code\game\turfs\open\floor\reinf_floor.dm:220:error: realappearance: undefined type: /obj/effect/cult_turf/overlay/floor/bloodcult
code\game\turfs\open\floor\misc_floor.dm:145:error: /obj/item/stack/tile/bluespace: undefined type path
code\game\turfs\open\floor\misc_floor.dm:152:error: /obj/item/stack/tile/sepia: undefined type path
code\game\turfs\open\floor\plating.dm:77:error: /obj/item/cautery/prt: undefined type path
code\game\turfs\open\floor\plating.dm:97:error: /obj/effect/temp_visual/glowing_rune: undefined type path
code\game\turfs\open\floor\plating.dm:136:error: the_rcd.mode: undefined type: /obj/item/construction/rcd
code\game\turfs\open\floor\plasteel_floor.dm:19:error: /obj/effect/temp_visual/glowing_rune: undefined type path
code\game\turfs\open\space\space.dm:237:error: the_rcd.mode: undefined type: /obj/item/construction/rcd
code\game\turfs\open\chasm.dm:39:error: the_rcd.mode: undefined type: /obj/item/construction/rcd
code\game\turfs\open\lava.dm:61:error: the_rcd.mode: undefined type: /obj/item/construction/rcd
code\game\turfs\open\lava.dm:111:error: /obj/structure/stone_tile: undefined type path
code\game\turfs\open\lava.dm:113:error: S: undefined type: /obj/structure/stone_tile
code\game\turfs\open\lava.dm:114:error: S.fallen: undefined type: /obj/structure/stone_tile
code\game\turfs\open\lava.dm:115:error: S: undefined type: /obj/structure/stone_tile
code\game\turfs\open\openspace.dm:138:error: the_rcd.mode: undefined type: /obj/item/construction/rcd
code\game\turfs\turf.dm:266:error: /obj/item/stack/cable_coil: undefined type path
code\game\turfs\turf.dm:270:error: /obj/item/stack/pipe_cleaner_coil: undefined type path
code\game\turfs\turf.dm:272:error: LC: undefined type: /obj/structure/pipe_cleaner
code\game\turfs\turf.dm:273:error: LC.d1: undefined type: /obj/structure/pipe_cleaner
code\game\turfs\turf.dm:273:error: LC.d2: undefined type: /obj/structure/pipe_cleaner
code\game\turfs\turf.dm:274:error: LC.attackby: undefined type: /obj/structure/pipe_cleaner
code\game\turfs\turf.dm:279:error: /obj/item/rcl: undefined type path
code\modules\tgui\status_composers.dm:36:error: GET_CLIENT: undefined proc
code\modules\tgui_input\alert.dm:31:error: /datum/preference/toggle/tgui_input: undefined type path
code\modules\tgui_input\checkboxes.dm:28:error: /datum/preference/toggle/tgui_input: undefined type path
code\modules\tgui_input\keycombo.dm:25:error: /datum/preference/toggle/tgui_input: undefined type path
code\modules\tgui_input\list.dm:29:error: /datum/preference/toggle/tgui_input: undefined type path
code\modules\tgui_input\number.dm:32:error: /datum/preference/toggle/tgui_input: undefined type path
code\modules\tgui_input\text.dm:32:error: /datum/preference/toggle/tgui_input: undefined type path
code\modules\tgui_input\text.dm:35:error: PREVENT_CHARACTER_TRIM_LOSS: undefined proc
code\modules\tgui_input\text.dm:37:error: PREVENT_CHARACTER_TRIM_LOSS: undefined proc
code\game\gamemodes\game_mode.dm:425:error: print_command_report: undefined proc
code\game\objects\items\devices\scanners.dm:394:error: D.visibility_flags: undefined var
code\game\objects\items\devices\scanners.dm:394:error: HIDDEN_SCANNER: undefined var
code\game\objects\items\devices\scanners.dm:397:error: D.form: undefined var
code\game\objects\items\devices\scanners.dm:397:error: D.name: undefined var
code\game\objects\items\devices\scanners.dm:397:error: D.spread_text: undefined var
code\game\objects\items\devices\scanners.dm:397:error: D.stage: undefined var
code\game\objects\items\devices\scanners.dm:397:error: D.max_stages: undefined var
code\game\objects\items\devices\scanners.dm:397:error: D.cure_text: undefined var
code\modules\admin\verbs\pray.dm:61:error: console: undefined type: /obj/machinery/computer/communications
code\modules\admin\verbs\pray.dm:62:error: console.override_cooldown: undefined type: /obj/machinery/computer/communications
code\modules\admin\verbs\pray.dm:69:error: console: undefined type: /obj/machinery/computer/communications
code\modules\admin\verbs\pray.dm:70:error: console.override_cooldown: undefined type: /obj/machinery/computer/communications
code\modules\admin\verbs\pray.dm:77:error: console: undefined type: /obj/machinery/computer/communications
code\modules\admin\verbs\pray.dm:78:error: console.override_cooldown: undefined type: /obj/machinery/computer/communications
code\modules\admin\verbs\randomverbs.dm:310:error: /mob/living/carbon/alien/humanoid/royal/queen: undefined type path
code\modules\admin\verbs\randomverbs.dm:312:error: /mob/living/carbon/alien/humanoid/royal/praetorian: undefined type path
code\modules\admin\verbs\randomverbs.dm:314:error: /mob/living/carbon/alien/humanoid/hunter: undefined type path
code\modules\admin\verbs\randomverbs.dm:316:error: /mob/living/carbon/alien/humanoid/sentinel: undefined type path
code\modules\admin\verbs\randomverbs.dm:318:error: /mob/living/carbon/alien/humanoid/drone: undefined type path
code\modules\admin\verbs\randomverbs.dm:1094:error: /datum/component/manual_breathing: undefined type path
code\modules\admin\verbs\randomverbs.dm:1094:error: /datum/component/manual_blinking: undefined type path
code\modules\cargo\bounty.dm:39:error: /datum/bounty/item/assistant: undefined type path
code\modules\cargo\bounty.dm:39:error: /datum/bounty/item/assistant: undefined type path
code\modules\cargo\bounty.dm:42:error: /datum/bounty/item/mech: undefined type path
code\modules\cargo\bounty.dm:42:error: /datum/bounty/item/mech: undefined type path
code\modules\cargo\bounty.dm:45:error: /datum/bounty/item/chef: undefined type path
code\modules\cargo\bounty.dm:45:error: /datum/bounty/item/chef: undefined type path
code\modules\cargo\bounty.dm:48:error: /datum/bounty/item/security: undefined type path
code\modules\cargo\bounty.dm:48:error: /datum/bounty/item/security: undefined type path
code\modules\cargo\bounty.dm:52:error: /datum/bounty/reagent/simple_drink: undefined type path
code\modules\cargo\bounty.dm:53:error: /datum/bounty/reagent/complex_drink: undefined type path
code\modules\cargo\bounty.dm:56:error: /datum/bounty/reagent/chemical_simple: undefined type path
code\modules\cargo\bounty.dm:57:error: /datum/bounty/reagent/chemical_complex: undefined type path
code\modules\cargo\bounty.dm:59:error: /datum/bounty/virus: undefined type path
code\modules\cargo\bounty.dm:59:error: /datum/bounty/virus: undefined type path
code\modules\cargo\bounty.dm:63:error: /datum/bounty/item/science: undefined type path
code\modules\cargo\bounty.dm:63:error: /datum/bounty/item/science: undefined type path
code\modules\cargo\bounty.dm:65:error: /datum/bounty/item/slime: undefined type path
code\modules\cargo\bounty.dm:65:error: /datum/bounty/item/slime: undefined type path
code\modules\cargo\bounty.dm:68:error: /datum/bounty/item/engineering: undefined type path
code\modules\cargo\bounty.dm:68:error: /datum/bounty/item/engineering: undefined type path
code\modules\cargo\bounty.dm:71:error: /datum/bounty/item/mining: undefined type path
code\modules\cargo\bounty.dm:71:error: /datum/bounty/item/mining: undefined type path
code\modules\cargo\bounty.dm:74:error: /datum/bounty/item/medical: undefined type path
code\modules\cargo\bounty.dm:74:error: /datum/bounty/item/medical: undefined type path
code\modules\cargo\bounty.dm:77:error: /datum/bounty/item/botany: undefined type path
code\modules\cargo\bounty.dm:77:error: /datum/bounty/item/botany: undefined type path
code\modules\projectiles\projectile\magic.dm:183:error: NEW_BORG: undefined var
code\modules\projectiles\projectile\magic.dm:199:error: /mob/living/silicon/robot/model/syndicate: undefined type path
code\modules\projectiles\projectile\magic.dm:200:error: /mob/living/silicon/robot/model/syndicate/medical: undefined type path
code\modules\projectiles\projectile\magic.dm:201:error: /mob/living/silicon/robot/model/syndicate/saboteur: undefined type path
code\modules\projectiles\projectile\magic.dm:202:error: /mob/living/simple_animal/drone/polymorphed: undefined type path
code\modules\projectiles\projectile\magic.dm:216:error: /mob/living/simple_animal/slime/random: undefined type path
code\modules\projectiles\projectile\magic.dm:221:error: /mob/living/carbon/alien/humanoid/hunter: undefined type path
code\modules\projectiles\projectile\magic.dm:221:error: /mob/living/carbon/alien/humanoid/sentinel: undefined type path
code\modules\projectiles\projectile\magic.dm:223:error: /mob/living/carbon/alien/humanoid/hunter: undefined type path
code\modules\projectiles\projectile\magic.dm:223:error: /mob/living/simple_animal/hostile/alien/sentinel: undefined type path
code\modules\projectiles\projectile\magic.dm:227:error: /mob/living/simple_animal/hostile/carp: undefined type path
code\modules\projectiles\projectile\magic.dm:229:error: /mob/living/simple_animal/hostile/mushroom: undefined type path
code\modules\projectiles\projectile\magic.dm:233:error: /mob/living/simple_animal/hostile/killertomato: undefined type path
code\modules\projectiles\projectile\magic.dm:236:error: /mob/living/simple_animal/hostile/blob/blobbernaut/independent: undefined type path
code\modules\projectiles\projectile\magic.dm:237:error: /mob/living/simple_animal/hostile/carp/ranged: undefined type path
code\modules\projectiles\projectile\magic.dm:238:error: /mob/living/simple_animal/hostile/carp/ranged/chaos: undefined type path
code\modules\projectiles\projectile\magic.dm:239:error: /mob/living/simple_animal/hostile/asteroid/basilisk/watcher: undefined type path
code\modules\projectiles\projectile\magic.dm:240:error: /mob/living/simple_animal/hostile/asteroid/goliath/beast: undefined type path
code\modules\projectiles\projectile\magic.dm:242:error: /mob/living/simple_animal/hostile/morph: undefined type path
code\modules\projectiles\projectile\magic.dm:243:error: /mob/living/simple_animal/hostile/stickman: undefined type path
code\modules\projectiles\projectile\magic.dm:244:error: /mob/living/simple_animal/hostile/stickman/dog: undefined type path
code\modules\projectiles\projectile\magic.dm:245:error: /mob/living/simple_animal/hostile/megafauna/dragon/lesser: undefined type path
code\modules\projectiles\projectile\magic.dm:246:error: /mob/living/simple_animal/hostile/gorilla: undefined type path
code\modules\spells\spell_types\rightandwrong.dm:108:error: iswizard: undefined proc
code\modules\spells\spell_types\rightandwrong.dm:108:error: /datum/antagonist/survivalist/guns: undefined type path
code\modules\spells\spell_types\rightandwrong.dm:114:error: /datum/antagonist/survivalist/guns: undefined type path
code\modules\spells\spell_types\rightandwrong.dm:131:error: iswizard: undefined proc
code\modules\spells\spell_types\rightandwrong.dm:131:error: /datum/antagonist/survivalist/magic: undefined type path
code\modules\spells\spell_types\rightandwrong.dm:135:error: /datum/antagonist/survivalist/magic: undefined type path
code\modules\surgery\organs\vocal_cords.dm:137:error: iscultist: undefined proc
code\modules\admin\admin_verbs.dm:850:error: SStrading_card_game.loaded: undefined var
code\modules\admin\admin_verbs.dm:853:error: SStrading_card_game.card_files: undefined var
code\modules\admin\admin_verbs.dm:853:error: SStrading_card_game.card_directory: undefined var
code\modules\admin\admin_verbs.dm:853:error: reloadAllCardFiles: undefined proc
code\modules\admin\admin_verbs.dm:860:error: SStrading_card_game.loaded: undefined var
code\modules\admin\admin_verbs.dm:863:error: SStrading_card_game.card_packs: undefined var
code\modules\admin\admin_verbs.dm:863:error: checkCardpacks: undefined proc
code\modules\admin\admin_verbs.dm:864:error: checkCardDatums: undefined proc
code\modules\admin\admin_verbs.dm:873:error: SStrading_card_game.loaded: undefined var
code\modules\admin\admin_verbs.dm:876:error: SStrading_card_game.card_packs: undefined var
code\modules\admin\admin_verbs.dm:880:error: checkCardDistribution: undefined proc
code\modules\admin\admin_verbs.dm:885:error: printAllCards: undefined proc
code\modules\admin\admin_verbs.dm:931:error: SSdisease.diseases: undefined var
code\modules\admin\verbs\debug.dm:107:error: card: undefined type: /obj/item/paicard
code\modules\admin\verbs\debug.dm:117:error: card.setPersonality: undefined type: /obj/item/paicard
code\modules\admin\verbs\debug.dm:118:error: candidate: undefined type: /datum/pai_candidate
code\modules\admin\verbs\debug.dm:118:error: SSpai.candidates: undefined var
code\modules\admin\verbs\debug.dm:119:error: candidate.key: undefined type: /datum/pai_candidate
code\modules\admin\verbs\debug.dm:120:error: candidate: undefined type: /datum/pai_candidate
code\modules\admin\verbs\debug.dm:120:error: SSpai.candidates.Remove: undefined var
code\modules\admin\verbs\debug.dm:211:error: /obj/item/pda: undefined type path
code\modules\admin\verbs\debug.dm:761:error: SSachievements.achievements_enabled: undefined var
code\modules\admin\verbs\debug.dm:761:error: SSachievements.achievements_enabled: undefined var
code\modules\admin\verbs\debug.dm:763:error: SSachievements.achievements_enabled: undefined var
code\modules\admin\verbs\debug.dm:765:error: SSachievements.achievements_enabled: undefined var
code\modules\admin\verbs\onlyone.dm:11:error: N: undefined type: /obj/item/disk/nuclear
code\modules\admin\verbs\onlyone.dm:12:error: N.GetComponent: undefined type: /obj/item/disk/nuclear
code\modules\admin\verbs\randomverbs.dm:369:error: /mob/living/carbon/alien/humanoid/hunter: undefined type path
code\modules\admin\verbs\randomverbs.dm:371:error: /mob/living/carbon/alien/humanoid/sentinel: undefined type path
code\modules\admin\verbs\randomverbs.dm:373:error: /mob/living/carbon/alien/humanoid/drone: undefined type path
code\modules\admin\verbs\randomverbs.dm:375:error: /mob/living/carbon/alien/humanoid/royal/praetorian: undefined type path
code\modules\admin\verbs\randomverbs.dm:377:error: /mob/living/carbon/alien/humanoid/royal/queen: undefined type path
code\modules\admin\verbs\randomverbs.dm:418:error: record_found: undefined type: /datum/data/record
code\modules\admin\verbs\randomverbs.dm:418:error: find_record: undefined proc
code\modules\admin\verbs\randomverbs.dm:420:error: record_found: undefined type: /datum/data/record
code\modules\admin\verbs\randomverbs.dm:421:error: record_found.fields: undefined type: /datum/data/record
code\modules\admin\verbs\randomverbs.dm:422:error: record_found.fields: undefined type: /datum/data/record
code\modules\admin\verbs\randomverbs.dm:423:error: record_found.fields: undefined type: /datum/data/record
code\modules\admin\verbs\randomverbs.dm:424:error: record_found.fields: undefined type: /datum/data/record
code\modules\admin\verbs\randomverbs.dm:424:error: record_found.fields: undefined type: /datum/data/record
code\modules\admin\verbs\randomverbs.dm:424:error: record_found.fields: undefined type: /datum/data/record
code\modules\admin\verbs\randomverbs.dm:424:error: record_found.fields: undefined type: /datum/data/record
code\modules\admin\verbs\randomverbs.dm:424:error: record_found.fields: undefined type: /datum/data/record
code\modules\admin\verbs\randomverbs.dm:424:error: record_found.fields: undefined type: /datum/data/record
code\modules\admin\verbs\randomverbs.dm:462:error: /datum/antagonist/wizard: undefined type path
code\modules\admin\verbs\randomverbs.dm:466:error: /datum/antagonist/nukeop: undefined type path
code\modules\admin\verbs\randomverbs.dm:472:error: /datum/antagonist/ninja: undefined type path
code\modules\admin\verbs\randomverbs.dm:488:error: record_found: undefined type: /datum/data/record
code\modules\admin\verbs\randomverbs.dm:523:error: ion.announceChance: undefined type: /datum/round_event/ion_storm/add_law_only
code\modules\admin\verbs\randomverbs.dm:524:error: ion.ionMessage: undefined type: /datum/round_event/ion_storm/add_law_only
code\modules\admin\verbs\randomverbs.dm:568:error: print_command_report: undefined proc
code\modules\admin\verbs\randomverbs.dm:900:error: N.timing: undefined type: /obj/machinery/nuclearbomb
code\modules\admin\verbs\randomverbs.dm:901:error: N.timer_set: undefined type: /obj/machinery/nuclearbomb
code\modules\admin\verbs\randomverbs.dm:904:error: N.timer_set: undefined type: /obj/machinery/nuclearbomb
code\modules\admin\verbs\randomverbs.dm:905:error: N.set_safety: undefined type: /obj/machinery/nuclearbomb
code\modules\admin\verbs\randomverbs.dm:906:error: N.set_active: undefined type: /obj/machinery/nuclearbomb
code\modules\admin\verbs\randomverbs.dm:908:error: N.timing: undefined type: /obj/machinery/nuclearbomb
code\modules\admin\verbs\randomverbs.dm:908:error: N: undefined type: /obj/machinery/nuclearbomb
code\modules\admin\verbs\randomverbs.dm:908:error: N.Admin_Coordinates_Readable: undefined type: /obj/machinery/nuclearbomb
code\modules\admin\verbs\randomverbs.dm:909:error: N.timing: undefined type: /obj/machinery/nuclearbomb
code\modules\admin\verbs\randomverbs.dm:909:error: N: undefined type: /obj/machinery/nuclearbomb
code\modules\admin\verbs\randomverbs.dm:909:error: N.Admin_Coordinates_Readable: undefined type: /obj/machinery/nuclearbomb
code\modules\admin\verbs\randomverbs.dm:910:error: N.timing: undefined type: /obj/machinery/nuclearbomb
code\modules\mob\mob_movement.dm:260:error: /mob/living/simple_animal/revenant: undefined type path
code\modules\mob\mob_movement.dm:268:error: /obj/effect/blessing: undefined type path
interface\interface.dm:117:error: /datum/asset/simple/namespaced/changelog: undefined type path
code\modules\mob\mob_movement.dm:108:error: AIMove: undefined proc
code\modules\mob\mob.dm:1071:error: /datum/mutation/human/telekinesis: undefined type path
code\modules\mob\mob.dm:1071:error: tkMaxRangeCheck: undefined proc
code\modules\mob\mob.dm:1173:error: /obj/item/pda: undefined type path
code\modules\mob\mob.dm:1175:error: PDA.owner: undefined type: /obj/item/pda
code\modules\mob\mob.dm:1176:error: PDA.owner: undefined type: /obj/item/pda
code\modules\mob\mob.dm:1177:error: PDA.update_label: undefined type: /obj/item/pda
code\modules\mob\transform_procs.dm:228:error: OVERMIND_STARTING_POINTS: undefined var
code\modules\mob\transform_procs.dm:229:error: /mob/camera/blob: undefined type path
code\modules\mob\transform_procs.dm:345:error: /mob/living/simple_animal/hostile/construct: undefined type path
code\modules\mob\transform_procs.dm:355:error: /mob/living/simple_animal/hostile/carp: undefined type path
code\modules\mob\transform_procs.dm:357:error: /mob/living/simple_animal/hostile/mushroom: undefined type path
code\modules\mob\transform_procs.dm:361:error: /mob/living/simple_animal/hostile/killertomato: undefined type path
code\modules\tgui\states.dm:64:error: TRAIT_PRESERVE_UI_WITHOUT_CLIENT: undefined var
code\modules\tgui\states.dm:70:error: incapacitated: undefined var
code\modules\tgui_input\say_modal\speech.dm:67:error: client.typing_indicators: undefined var
code\modules\tgui_input\say_modal\speech.dm:68:error: log_speech_indicators: undefined proc
code\modules\tgui_input\say_modal\speech.dm:70:error: log_speech_indicators: undefined proc
code\modules\tgui_input\say_modal\speech.dm:71:error: COMSIG_HUMAN_FORCESAY: undefined var
code\modules\tgui_input\say_modal\speech.dm:71:error: COMSIG_HUMAN_FORCESAY: undefined var
code\game\data_huds.dm:277:error: find_record: undefined proc
code\modules\admin\verbs\onlyone.dm:48:error: /datum/antagonist/highlander: undefined type path
code\modules\mob\transform_procs.dm:157:error: NEW_BORG: undefined var
code\modules\mob\transform_procs.dm:181:error: /mob/living/carbon/alien/humanoid/hunter: undefined type path
code\modules\mob\transform_procs.dm:183:error: /mob/living/carbon/alien/humanoid/sentinel: undefined type path
code\modules\mob\transform_procs.dm:185:error: /mob/living/carbon/alien/humanoid/drone: undefined type path
code\modules\mob\living\carbon\human\examine.dm:131:error: BLOODCULT_EYE: undefined var
code\modules\mob\living\carbon\human\examine.dm:131:error: iscultist: undefined proc
code\modules\mob\living\carbon\human\examine.dm:514:error: find_record: undefined proc
code\modules\mob\living\carbon\human\examine.dm:530:error: find_record: undefined proc
code\modules\mob\living\carbon\human\examine.dm:540:error: find_record: undefined proc
code\modules\mob\living\carbon\human\human.dm:82:error: /datum/antagonist/changeling: undefined type path
code\modules\mob\living\carbon\human\human.dm:315:error: find_record: undefined proc
code\modules\mob\living\carbon\human\human.dm:437:error: find_record: undefined proc
code\modules\mob\living\carbon\human\human.dm:461:error: c: undefined type: /datum/data/crime
code\modules\mob\living\carbon\human\human.dm:462:error: c.crimeName: undefined type: /datum/data/crime
code\modules\mob\living\carbon\human\human.dm:463:error: c.crimeDetails: undefined type: /datum/data/crime
code\modules\mob\living\carbon\human\human.dm:464:error: c.crimeDetails: undefined type: /datum/data/crime
code\modules\mob\living\carbon\human\human.dm:466:error: c.dataId: undefined type: /datum/data/crime
code\modules\mob\living\carbon\human\human.dm:467:error: c.author: undefined type: /datum/data/crime
code\modules\mob\living\carbon\human\human.dm:467:error: c.time: undefined type: /datum/data/crime
code\modules\mob\living\carbon\human\human.dm:488:error: P: undefined type: /obj/item/pda
code\modules\mob\living\carbon\human\human.dm:489:error: P.owner: undefined type: /obj/item/pda
code\modules\mob\living\carbon\human\human.dm:495:error: P.owner: undefined type: /obj/item/pda
code\modules\mob\living\carbon\human\human.dm:495:error: P.ownjob: undefined type: /obj/item/pda
code\modules\mob\living\carbon\human\human.dm:598:error: /obj/item/gun/energy/laser/redtag: undefined type path
code\modules\mob\living\carbon\human\human.dm:600:error: /obj/item/gun/energy/laser/redtag: undefined type path
code\modules\mob\living\carbon\human\human.dm:606:error: /obj/item/gun/energy/laser/bluetag: undefined type path
code\modules\mob\living\carbon\human\human.dm:608:error: /obj/item/gun/energy/laser/bluetag: undefined type path
code\modules\mob\living\carbon\human\human.dm:630:error: find_record: undefined proc
code\modules\mob\living\carbon\human\human.dm:760:error: /datum/mutation/human/hulk: undefined type path
code\modules\mob\living\carbon\human\human.dm:886:error: find_record: undefined proc
code\modules\mob\living\carbon\human\human.dm:887:error: R: undefined type: /datum/data/record
code\modules\mob\living\carbon\human\human.dm:888:error: R.fields: undefined type: /datum/data/record
code\modules\mob\living\carbon\human\human.dm:1067:error: purrbation_toggle: undefined proc
code\modules\mob\living\carbon\human\human.dm:1296:error: /datum/ai_controller/monkey: undefined type path
code\modules\mob\living\carbon\human\human.dm:1365:error: /datum/species/abductor: undefined type path
code\modules\mob\living\carbon\human\human.dm:1371:error: /datum/species/dullahan: undefined type path
code\modules\mob\living\carbon\human\human.dm:1377:error: /datum/species/fly: undefined type path
code\modules\mob\living\carbon\human\human.dm:1380:error: /datum/species/golem: undefined type path
code\modules\mob\living\carbon\human\human.dm:1383:error: /datum/species/golem/random: undefined type path
code\modules\mob\living\carbon\human\human.dm:1386:error: /datum/species/golem/adamantine: undefined type path
code\modules\mob\living\carbon\human\human.dm:1389:error: /datum/species/golem/plasma: undefined type path
code\modules\mob\living\carbon\human\human.dm:1392:error: /datum/species/golem/diamond: undefined type path
code\modules\mob\living\carbon\human\human.dm:1395:error: /datum/species/golem/gold: undefined type path
code\modules\mob\living\carbon\human\human.dm:1398:error: /datum/species/golem/silver: undefined type path
code\modules\mob\living\carbon\human\human.dm:1401:error: /datum/species/golem/plasteel: undefined type path
code\modules\mob\living\carbon\human\human.dm:1404:error: /datum/species/golem/titanium: undefined type path
code\modules\mob\living\carbon\human\human.dm:1407:error: /datum/species/golem/plastitanium: undefined type path
code\modules\mob\living\carbon\human\human.dm:1410:error: /datum/species/golem/alloy: undefined type path
code\modules\mob\living\carbon\human\human.dm:1413:error: /datum/species/golem/wood: undefined type path
code\modules\mob\living\carbon\human\human.dm:1416:error: /datum/species/golem/uranium: undefined type path
code\modules\mob\living\carbon\human\human.dm:1419:error: /datum/species/golem/sand: undefined type path
code\modules\mob\living\carbon\human\human.dm:1422:error: /datum/species/golem/glass: undefined type path
code\modules\mob\living\carbon\human\human.dm:1425:error: /datum/species/golem/bluespace: undefined type path
code\modules\mob\living\carbon\human\human.dm:1428:error: /datum/species/golem/bananium: undefined type path
code\modules\mob\living\carbon\human\human.dm:1431:error: /datum/species/golem/runic: undefined type path
code\modules\mob\living\carbon\human\human.dm:1434:error: /datum/species/golem/cloth: undefined type path
code\modules\mob\living\carbon\human\human.dm:1437:error: /datum/species/golem/plastic: undefined type path
code\modules\mob\living\carbon\human\human.dm:1440:error: /datum/species/golem/bronze: undefined type path
code\modules\mob\living\carbon\human\human.dm:1443:error: /datum/species/golem/cardboard: undefined type path
code\modules\mob\living\carbon\human\human.dm:1446:error: /datum/species/golem/leather: undefined type path
code\modules\mob\living\carbon\human\human.dm:1449:error: /datum/species/golem/bone: undefined type path
code\modules\mob\living\carbon\human\human.dm:1452:error: /datum/species/golem/durathread: undefined type path
code\modules\mob\living\carbon\human\human.dm:1455:error: /datum/species/golem/snow: undefined type path
code\modules\mob\living\carbon\human\human.dm:1458:error: /datum/species/jelly: undefined type path
code\modules\mob\living\carbon\human\human.dm:1461:error: /datum/species/jelly/slime: undefined type path
code\modules\mob\living\carbon\human\human.dm:1464:error: /datum/species/jelly/stargazer: undefined type path
code\modules\mob\living\carbon\human\human.dm:1467:error: /datum/species/jelly/luminescent: undefined type path
code\modules\mob\living\carbon\human\human.dm:1470:error: /datum/species/lizard: undefined type path
code\modules\mob\living\carbon\human\human.dm:1476:error: /datum/species/lizard/ashwalker: undefined type path
code\modules\mob\living\carbon\human\human.dm:1473:error: /datum/species/ethereal: undefined type path
code\modules\mob\living\carbon\human\human.dm:1479:error: /datum/species/moth: undefined type path
code\modules\mob\living\carbon\human\human.dm:1482:error: /datum/species/mush: undefined type path
code\modules\mob\living\carbon\human\human.dm:1485:error: /datum/species/plasmaman: undefined type path
code\modules\mob\living\carbon\human\human.dm:1488:error: /datum/species/pod: undefined type path
code\modules\mob\living\carbon\human\human.dm:1491:error: /datum/species/shadow: undefined type path
code\modules\mob\living\carbon\human\human.dm:1494:error: /datum/species/shadow/nightmare: undefined type path
code\modules\mob\living\carbon\human\human.dm:1500:error: /datum/species/snail: undefined type path
code\modules\mob\living\carbon\human\human.dm:1503:error: /datum/species/synth: undefined type path
code\modules\mob\living\carbon\human\human.dm:1506:error: /datum/species/synth/military: undefined type path
code\modules\mob\living\carbon\human\human.dm:1509:error: /datum/species/vampire: undefined type path
code\modules\mob\living\carbon\human\human.dm:1512:error: /datum/species/zombie: undefined type path
code\modules\mob\living\carbon\human\human.dm:1515:error: /datum/species/zombie/infectious: undefined type path
code\modules\mob\living\carbon\human\human.dm:1518:error: /datum/species/krokodil_addict: undefined type path
code\modules\mob\living\carbon\human\monkey\monkey.dm:3:error: /datum/ai_controller/monkey: undefined type path
code\modules\mob\living\carbon\human\monkey\monkey.dm:21:error: /datum/ai_controller/monkey/angry: undefined type path
code\modules\mob\living\carbon\human\monkey\monkey.dm:55:error: /datum/ai_controller/monkey/angry: undefined type path
code\modules\mob\living\carbon\human\human_say.dm:12:error: /obj/item/clothing/mask/chameleon: undefined type path
code\modules\mob\living\carbon\human\human_say.dm:29:error: /datum/antagonist/changeling: undefined type path
code\modules\mob\living\carbon\human\human_update_icons.dm:605:error: /datum/mutation/human/hulk: undefined type path
code\modules\tgui\states.dm:126:error: /datum/mutation/human/telekinesis: undefined type path
code\modules\tgui\states.dm:126:error: tkMaxRangeCheck: undefined proc
code\modules\mob\living\carbon\werewolf\werewolf.dm:143:error: /atom/movable/screen/alert/alien_fire: undefined type path
code\modules\mob\living\carbon\werewolf\werewolf_defense.dm:49:error: /datum/spacevine_mutation: undefined type path
code\modules\mob\living\carbon\werewolf\werewolf_defense.dm:49:error: isvineimmune: undefined proc
code\game\data_huds.dm:100:error: D.visibility_flags: undefined var
code\game\data_huds.dm:100:error: HIDDEN_SCANNER: undefined var
code\game\data_huds.dm:101:error: D.severity: undefined var
code\game\data_huds.dm:101:error: get_disease_severity_value: undefined proc
code\game\data_huds.dm:102:error: D.severity: undefined var
code\game\data_huds.dm:102:error: get_disease_severity_value: undefined proc
code\game\data_huds.dm:103:error: D.severity: undefined var
code\modules\mob\living\carbon\carbon.dm:567:error: /datum/species/fly: undefined type path
code\modules\mob\living\carbon\carbon.dm:1013:error: /datum/mutation/human/headless: undefined type path
code\modules\mob\living\carbon\carbon_defense.dm:312:error: target_disposal_bin: undefined type: /obj/machinery/disposal/bin
code\modules\mob\living\carbon\carbon_defense.dm:312:error: /obj/machinery/disposal/bin: undefined type path
code\modules\mob\living\carbon\carbon_defense.dm:336:error: target_disposal_bin: undefined type: /obj/machinery/disposal/bin
code\modules\mob\living\carbon\carbon_defense.dm:356:error: target_disposal_bin: undefined type: /obj/machinery/disposal/bin
code\modules\mob\living\carbon\carbon_defense.dm:358:error: target_disposal_bin: undefined type: /obj/machinery/disposal/bin
code\modules\mob\living\carbon\carbon_defense.dm:359:error: target_disposal_bin: undefined type: /obj/machinery/disposal/bin
code\modules\mob\living\carbon\carbon_defense.dm:360:error: target_disposal_bin: undefined type: /obj/machinery/disposal/bin
code\modules\mob\living\carbon\carbon_defense.dm:361:error: target_disposal_bin: undefined type: /obj/machinery/disposal/bin
code\modules\mob\living\carbon\carbon_defense.dm:362:error: target_disposal_bin: undefined type: /obj/machinery/disposal/bin
code\modules\mob\living\carbon\life.dm:267:error: /datum/disease/advance/random: undefined type path
code\modules\mob\living\carbon\life.dm:268:error: miasma_disease.name: undefined type: /datum/disease/advance
code\modules\mob\living\carbon\life.dm:269:error: miasma_disease: undefined type: /datum/disease/advance
code\modules\mob\living\carbon\life.dm:269:error: ForceContractDisease: undefined proc
code\modules\mob\living\carbon\life.dm:373:error: /datum/antagonist/changeling: undefined type path
code\game\data_huds.dm:198:error: DISEASE_SEVERITY_BIOHAZARD: undefined var
code\game\data_huds.dm:200:error: DISEASE_SEVERITY_DANGEROUS: undefined var
code\game\data_huds.dm:202:error: DISEASE_SEVERITY_HARMFUL: undefined var
code\game\data_huds.dm:204:error: DISEASE_SEVERITY_MEDIUM: undefined var
code\game\data_huds.dm:206:error: DISEASE_SEVERITY_MINOR: undefined var
code\game\data_huds.dm:208:error: DISEASE_SEVERITY_NONTHREAT: undefined var
code\game\data_huds.dm:210:error: DISEASE_SEVERITY_POSITIVE: undefined var
code\modules\mob\living\blood.dm:262:error: D.Copy: undefined proc
code\modules\mob\living\carbon\carbon.dm:531:error: /obj/item/organ/alien/plasmavessel: undefined type path
code\modules\mob\living\carbon\carbon.dm:532:error: vessel: undefined type: /obj/item/organ/alien/plasmavessel
code\modules\mob\living\carbon\carbon.dm:533:error: vessel.storedPlasma: undefined type: /obj/item/organ/alien/plasmavessel
code\modules\mob\living\carbon\carbon.dm:533:error: vessel.max_plasma: undefined type: /obj/item/organ/alien/plasmavessel
code\modules\mob\living\carbon\carbon.dm:969:error: D.severity: undefined var
code\modules\mob\living\carbon\carbon.dm:969:error: DISEASE_SEVERITY_POSITIVE: undefined var
code\modules\mob\living\carbon\carbon.dm:970:error: D.cure: undefined proc
code\modules\mob\living\carbon\carbon.dm:989:error: /datum/antagonist/changeling: undefined type path
code\modules\mob\living\carbon\carbon_defense.dm:155:error: D.spread_flags: undefined var
code\modules\mob\living\carbon\carbon_defense.dm:155:error: DISEASE_SPREAD_CONTACT_SKIN: undefined var
code\modules\mob\living\carbon\carbon_defense.dm:156:error: user.ContactContractDisease: undefined proc
code\modules\mob\living\carbon\carbon_defense.dm:160:error: D.spread_flags: undefined var
code\modules\mob\living\carbon\carbon_defense.dm:160:error: DISEASE_SPREAD_CONTACT_SKIN: undefined var
code\modules\mob\living\carbon\carbon_defense.dm:161:error: ContactContractDisease: undefined proc
code\modules\mob\living\carbon\carbon_defense.dm:185:error: D.spread_flags: undefined var
code\modules\mob\living\carbon\carbon_defense.dm:185:error: DISEASE_SPREAD_CONTACT_SKIN: undefined var
code\modules\mob\living\carbon\carbon_defense.dm:186:error: M.ContactContractDisease: undefined proc
code\modules\mob\living\carbon\carbon_defense.dm:190:error: D.spread_flags: undefined var
code\modules\mob\living\carbon\carbon_defense.dm:190:error: DISEASE_SPREAD_CONTACT_SKIN: undefined var
code\modules\mob\living\carbon\carbon_defense.dm:191:error: ContactContractDisease: undefined proc
code\modules\mob\living\carbon\carbon_defense.dm:200:error: ForceContractDisease: undefined proc
code\modules\mob\living\carbon\carbon_movement.dm:17:error: get_jetpack: undefined proc
code\modules\mob\living\carbon\carbon_movement.dm:18:error: J: undefined type: /obj/item/tank/jetpack
code\modules\mob\living\carbon\carbon_movement.dm:18:error: J.stabilizers: undefined type: /obj/item/tank/jetpack
code\modules\mob\living\carbon\carbon_movement.dm:18:error: J.on: undefined type: /obj/item/tank/jetpack
code\modules\mob\living\carbon\life.dm:358:error: D.infectivity: undefined var
code\modules\mob\living\carbon\life.dm:359:error: D.spread: undefined proc
code\modules\mob\living\carbon\life.dm:361:error: D.process_dead: undefined var
code\modules\mob\living\carbon\life.dm:362:error: D.stage_act: undefined proc
code\modules\mob\living\carbon\life.dm:525:error: SSresearch.science_tech: undefined var
code\modules\mob\living\carbon\life.dm:535:error: SSresearch.science_tech.add_point_list: undefined var
code\modules\mob\living\carbon\life.dm:538:error: SSresearch.science_tech.remove_point_list: undefined var
code\modules\shuttle\special.dm:139:error: hacked: undefined var
code\modules\shuttle\special.dm:140:error: laws: undefined var
code\modules\mining\minebot.dm:46:error: stored_gun: undefined type: /obj/item/gun/energy/kinetic_accelerator/minebot
code\modules\mining\minebot.dm:86:error: stored_gun: undefined type: /obj/item/gun/energy/kinetic_accelerator/minebot
code\modules\mining\minebot.dm:86:error: stored_gun.max_mod_capacity: undefined var
code\modules\mining\minebot.dm:87:error: stored_gun.get_remaining_mod_capacity: undefined type: /obj/item/gun/energy/kinetic_accelerator/minebot
code\modules\mining\minebot.dm:88:error: stored_gun.modkits: undefined type: /obj/item/gun/energy/kinetic_accelerator/minebot
code\modules\mining\minebot.dm:90:error: M: undefined type: /obj/item/borg/upgrade/modkit
code\modules\mining\minebot.dm:90:error: M.cost: undefined type: /obj/item/borg/upgrade/modkit
code\modules\mining\minebot.dm:112:error: /obj/item/borg/upgrade/modkit: undefined type path
code\modules\mining\minebot.dm:113:error: stored_gun: undefined type: /obj/item/gun/energy/kinetic_accelerator/minebot
code\modules\mining\minebot.dm:119:error: stored_gun: undefined type: /obj/item/gun/energy/kinetic_accelerator/minebot
code\modules\mining\minebot.dm:120:error: M: undefined type: /obj/item/borg/upgrade/modkit
code\modules\mining\minebot.dm:120:error: stored_gun.modkits: undefined type: /obj/item/gun/energy/kinetic_accelerator/minebot
code\modules\mining\minebot.dm:121:error: stored_gun: undefined type: /obj/item/gun/energy/kinetic_accelerator/minebot
code\modules\mining\minebot.dm:121:error: M.uninstall: undefined type: /obj/item/borg/upgrade/modkit
code\modules\mining\minebot.dm:140:error: /obj/projectile/kinetic: undefined type path
code\modules\mining\minebot.dm:142:error: K.kinetic_gun: undefined type: /obj/projectile/kinetic
code\modules\mining\minebot.dm:143:error: K.kinetic_gun.modkits: undefined type: /obj/projectile/kinetic
code\modules\mining\minebot.dm:145:error: M: undefined type: /obj/item/borg/upgrade/modkit
code\modules\mining\minebot.dm:145:error: /obj/item/borg/upgrade/modkit/minebot_passthrough: undefined type path
code\modules\mining\minebot.dm:183:error: stored_gun.afterattack: undefined type: /obj/item/gun/energy/kinetic_accelerator/minebot
code\modules\mob\living\simple_animal\eldritch_demons.dm:62:error: /obj/effect/proc_holder/spell/targeted/ethereal_jaunt/shift/ash/long: undefined type path
code\modules\mob\living\simple_animal\eldritch_demons.dm:62:error: /obj/effect/proc_holder/spell/pointed/manse_link: undefined type path
code\modules\mob\living\simple_animal\eldritch_demons.dm:62:error: /obj/effect/proc_holder/spell/targeted/telepathy/eldritch: undefined type path
code\modules\mob\living\simple_animal\eldritch_demons.dm:62:error: /obj/effect/proc_holder/spell/pointed/trigger/blind/eldritch: undefined type path
code\modules\mob\living\simple_animal\eldritch_demons.dm:123:error: /obj/effect/proc_holder/spell/targeted/worm_contract: undefined type path
code\modules\mob\living\simple_animal\eldritch_demons.dm:316:error: /obj/effect/proc_holder/spell/aoe_turf/rust_conversion/small: undefined type path
code\modules\mob\living\simple_animal\eldritch_demons.dm:316:error: /obj/effect/proc_holder/spell/targeted/projectile/dumbfire/rust_wave/short: undefined type path
code\modules\mob\living\simple_animal\eldritch_demons.dm:351:error: /obj/effect/proc_holder/spell/targeted/ethereal_jaunt/shift/ash: undefined type path
code\modules\mob\living\simple_animal\eldritch_demons.dm:351:error: /obj/effect/proc_holder/spell/pointed/cleave: undefined type path
code\modules\mob\living\simple_animal\eldritch_demons.dm:351:error: /obj/effect/proc_holder/spell/targeted/fire_sworn: undefined type path
code\modules\mob\living\simple_animal\eldritch_demons.dm:365:error: /obj/effect/proc_holder/spell/targeted/ethereal_jaunt/shift/ash: undefined type path
code\modules\mob\living\simple_animal\eldritch_demons.dm:365:error: /obj/effect/proc_holder/spell/targeted/shapeshift/eldritch: undefined type path
code\modules\mob\living\simple_animal\eldritch_demons.dm:365:error: /obj/effect/proc_holder/spell/targeted/emplosion/eldritch: undefined type path
code\modules\mob\living\simple_animal\friendly\farm_animals.dm:67:error: /obj/structure/spacevine: undefined type path
code\modules\mob\living\simple_animal\friendly\farm_animals.dm:81:error: /obj/structure/spacevine: undefined type path
code\modules\mob\living\simple_animal\friendly\farm_animals.dm:82:error: SV: undefined type: /obj/structure/spacevine
code\modules\mob\living\simple_animal\friendly\farm_animals.dm:83:error: SV.eat: undefined type: /obj/structure/spacevine
code\modules\mob\living\simple_animal\friendly\farm_animals.dm:106:error: /datum/species/pod: undefined type path
code\modules\mob\living\simple_animal\friendly\snake.dm:47:error: /datum/element/swabable: undefined type path
code\modules\mob\living\simple_animal\hostile\bear.dm:56:error: /datum/element/swabable: undefined type path
code\modules\mob\living\simple_animal\hostile\bees.dm:60:error: /obj/structure/beebox: undefined type path
code\modules\mob\living\simple_animal\hostile\bees.dm:61:error: /obj/machinery/hydroponics: undefined type path
code\modules\mob\living\simple_animal\hostile\bees.dm:79:error: beehome: undefined type: /obj/structure/beebox
code\modules\mob\living\simple_animal\hostile\bees.dm:80:error: beehome.bees: undefined type: /obj/structure/beebox
code\modules\mob\living\simple_animal\hostile\bees.dm:81:error: beehome: undefined type: /obj/structure/beebox
code\modules\mob\living\simple_animal\hostile\bees.dm:87:error: beehome: undefined type: /obj/structure/beebox
code\modules\mob\living\simple_animal\hostile\bees.dm:88:error: beehome.bees: undefined type: /obj/structure/beebox
code\modules\mob\living\simple_animal\hostile\bees.dm:89:error: beehome: undefined type: /obj/structure/beebox
code\modules\mob\living\simple_animal\hostile\bees.dm:104:error: beehome: undefined type: /obj/structure/beebox
code\modules\mob\living\simple_animal\hostile\bees.dm:195:error: Hydro: undefined type: /obj/machinery/hydroponics
code\modules\mob\living\simple_animal\hostile\bees.dm:195:error: Hydro.myseed: undefined type: /obj/machinery/hydroponics
code\modules\mob\living\simple_animal\hostile\bees.dm:195:error: Hydro.dead: undefined type: /obj/machinery/hydroponics
code\modules\mob\living\simple_animal\hostile\bees.dm:195:error: Hydro.recent_bee_visit: undefined type: /obj/machinery/hydroponics
code\modules\mob\living\simple_animal\hostile\bees.dm:201:error: Hydro.recent_bee_visit: undefined type: /obj/machinery/hydroponics
code\modules\mob\living\simple_animal\hostile\bees.dm:202:error: Hydro: undefined type: /obj/machinery/hydroponics
code\modules\mob\living\simple_animal\hostile\bees.dm:202:error: Hydro.recent_bee_visit: undefined type: /obj/machinery/hydroponics
code\modules\mob\living\simple_animal\hostile\bees.dm:206:error: Hydro.adjustHealth: undefined type: /obj/machinery/hydroponics
code\modules\mob\living\simple_animal\hostile\bees.dm:208:error: Hydro.adjustPests: undefined type: /obj/machinery/hydroponics
code\modules\mob\living\simple_animal\hostile\bees.dm:210:error: Hydro.myseed.adjust_yield: undefined type: /obj/machinery/hydroponics
code\modules\mob\living\simple_animal\hostile\bees.dm:211:error: Hydro.yieldmod: undefined type: /obj/machinery/hydroponics
code\modules\mob\living\simple_animal\hostile\bees.dm:213:error: Hydro.myseed.adjust_potency: undefined type: /obj/machinery/hydroponics
code\modules\mob\living\simple_animal\hostile\bees.dm:215:error: beehome: undefined type: /obj/structure/beebox
code\modules\mob\living\simple_animal\hostile\bees.dm:216:error: beehome.bee_resources: undefined type: /obj/structure/beebox
code\modules\mob\living\simple_animal\hostile\bees.dm:216:error: beehome.bee_resources: undefined type: /obj/structure/beebox
code\modules\mob\living\simple_animal\hostile\bees.dm:151:error: /obj/machinery/hydroponics: undefined type path
code\modules\mob\living\simple_animal\hostile\bees.dm:153:error: Hydro.myseed: undefined type: /obj/machinery/hydroponics
code\modules\mob\living\simple_animal\hostile\bees.dm:153:error: Hydro.dead: undefined type: /obj/machinery/hydroponics
code\modules\mob\living\simple_animal\hostile\bees.dm:153:error: Hydro.recent_bee_visit: undefined type: /obj/machinery/hydroponics
code\modules\mob\living\simple_animal\hostile\bees.dm:161:error: /obj/machinery/hydroponics: undefined type path
code\modules\mob\living\simple_animal\hostile\bees.dm:164:error: /obj/structure/beebox: undefined type path
code\modules\mob\living\simple_animal\hostile\bees.dm:165:error: beehome: undefined type: /obj/structure/beebox
code\modules\mob\living\simple_animal\hostile\bees.dm:225:error: beehome: undefined type: /obj/structure/beebox
code\modules\mob\living\simple_animal\hostile\bees.dm:229:error: beehome.drop_location: undefined type: /obj/structure/beebox
code\modules\mob\living\simple_animal\hostile\bees.dm:235:error: beehome: undefined type: /obj/structure/beebox
code\modules\mob\living\simple_animal\hostile\bees.dm:236:error: beehome: undefined type: /obj/structure/beebox
code\modules\mob\living\simple_animal\hostile\bees.dm:237:error: BB: undefined type: /obj/structure/beebox
code\modules\mob\living\simple_animal\hostile\bees.dm:238:error: BB.queen_bee: undefined type: /obj/structure/beebox
code\modules\mob\living\simple_animal\hostile\bees.dm:238:error: BB.bees.len: undefined type: /obj/structure/beebox
code\modules\mob\living\simple_animal\hostile\bees.dm:238:error: BB.get_max_bees: undefined type: /obj/structure/beebox
code\modules\mob\living\simple_animal\hostile\bees.dm:240:error: BB.bees: undefined type: /obj/structure/beebox
code\modules\mob\living\simple_animal\hostile\bees.dm:241:error: beehome: undefined type: /obj/structure/beebox
code\modules\mob\living\simple_animal\hostile\bees.dm:241:error: BB: undefined type: /obj/structure/beebox
code\modules\mob\living\simple_animal\hostile\bees.dm:333:error: beehome: undefined type: /obj/structure/beebox
code\modules\mob\living\simple_animal\hostile\bees.dm:333:error: beehome: undefined type: /obj/structure/beebox
code\modules\mob\living\simple_animal\hostile\bees.dm:337:error: beehome.drop_location: undefined type: /obj/structure/beebox
code\modules\mob\living\simple_animal\hostile\giant_spider.dm:668:error: /obj/effect/decal/cleanable/blood/bubblegum: undefined type path
code\modules\mob\living\simple_animal\hostile\cockroach.dm:45:error: /datum/element/swabable: undefined type path
code\modules\mob\living\simple_animal\hostile\hostile.dm:518:error: /obj/machinery/disposal: undefined type path
code\modules\mob\living\simple_animal\hostile\netherworld.dm:33:error: /datum/element/swabable: undefined type path
code\modules\mob\living\simple_animal\hostile\skeleton.dm:75:error: /obj/item/clothing/suit/armor/riot/chaplain: undefined type path
code\modules\mob\living\simple_animal\hostile\skeleton.dm:76:error: /obj/item/clothing/head/helmet/chaplain: undefined type path
code\modules\mob\living\simple_animal\hostile\wumborian_fugu.dm:8:error: icon_aggro: undefined var
code\modules\mob\living\simple_animal\hostile\wumborian_fugu.dm:31:error: throw_message: undefined var
code\modules\mob\living\simple_animal\hostile\wumborian_fugu.dm:110:error: throw_message: undefined var
code\game\data_huds.dm:434:error: on: undefined var
code\game\data_huds.dm:449:error: mode: undefined var
code\game\data_huds.dm:450:error: BOT_SUMMON: undefined var
code\game\data_huds.dm:450:error: BOT_RESPONDING: undefined var
code\game\data_huds.dm:452:error: BOT_CLEANING: undefined var
code\game\data_huds.dm:452:error: BOT_REPAIRING: undefined var
code\game\data_huds.dm:452:error: BOT_HEALING: undefined var
code\game\data_huds.dm:454:error: BOT_PATROL: undefined var
code\game\data_huds.dm:454:error: BOT_START_PATROL: undefined var
code\game\data_huds.dm:456:error: BOT_PREP_ARREST: undefined var
code\game\data_huds.dm:456:error: BOT_ARREST: undefined var
code\game\data_huds.dm:456:error: BOT_HUNT: undefined var
code\game\data_huds.dm:458:error: BOT_MOVING: undefined var
code\game\data_huds.dm:458:error: BOT_DELIVER: undefined var
code\game\data_huds.dm:458:error: BOT_GO_HOME: undefined var
code\game\data_huds.dm:458:error: BOT_NAV: undefined var
code\game\data_huds.dm:467:error: cell: undefined var
code\game\data_huds.dm:468:error: cell.charge: undefined var
code\game\data_huds.dm:468:error: cell.maxcharge: undefined var
code\modules\mob\living\simple_animal\friendly\dog.dm:106:error: /datum/element/swabable: undefined type path
code\modules\mob\living\simple_animal\friendly\dog.dm:139:error: /datum/element/swabable: undefined type path
code\modules\mob\living\simple_animal\friendly\cat.dm:54:error: /datum/element/swabable: undefined type path
code\modules\mob\living\simple_animal\friendly\gondola.dm:38:error: /mob/living/simple_animal/pet/gondola/gondolapod: undefined type path
code\modules\mob\living\simple_animal\friendly\farm_animals.dm:350:error: /datum/element/swabable: undefined type path
code\modules\mob\living\simple_animal\animal_defense.dm:109:error: L.amount_grown: undefined var
code\modules\mob\living\simple_animal\animal_defense.dm:109:error: L.amount_grown: undefined var
code\modules\mob\living\simple_animal\animal_defense.dm:109:error: L.max_grown: undefined var
code\modules\mob\living\simple_animal\animal_defense.dm:120:error: M.is_adult: undefined var
code\modules\mob\living\simple_animal\animal_defense.dm:150:error: /datum/spacevine_mutation: undefined type path
code\modules\mob\living\simple_animal\animal_defense.dm:150:error: isvineimmune: undefined proc
code\modules\mob\living\simple_animal\parrot.dm:97:error: /obj/machinery/teleport: undefined type path
code\modules\mob\living\simple_animal\parrot.dm:98:error: /obj/machinery/dna_scannernew: undefined type path
code\modules\mob\living\simple_animal\parrot.dm:100:error: /obj/machinery/nuclearbomb: undefined type path
code\modules\mob\living\simple_animal\parrot.dm:1002:error: P.parrot: undefined type: /datum/disease/parrot_possession
code\modules\mob\living\simple_animal\parrot.dm:1004:error: P: undefined type: /datum/disease/parrot_possession
code\modules\mob\living\simple_animal\parrot.dm:1004:error: H.ForceContractDisease: undefined proc
code\modules\mob\living\simple_animal\shade.dm:49:error: /obj/item/soulstone: undefined type path
code\modules\mob\living\simple_animal\shade.dm:54:error: /mob/living/simple_animal/hostile/construct: undefined type path
code\modules\mob\living\simple_animal\shade.dm:69:error: /obj/item/soulstone: undefined type path
code\modules\mob\living\simple_animal\friendly\butterfly.dm:37:error: bee_friendly: undefined proc
code\modules\mob\living\simple_animal\friendly\farm_animals.dm:156:error: /datum/element/swabable: undefined type path
code\modules\mob\living\simple_animal\friendly\farm_animals.dm:278:error: /datum/element/swabable: undefined type path
code\modules\mob\living\simple_animal\friendly\mouse.dm:46:error: /datum/element/swabable: undefined type path
code\modules\mob\living\simple_animal\friendly\mouse.dm:144:error: /mob/living/simple_animal/hostile/regalrat/controlled: undefined type path
code\modules\mob\living\simple_animal\friendly\mouse.dm:146:error: regalrat.say: undefined type: /mob/living/simple_animal/hostile/regalrat
code\modules\mob\living\simple_animal\friendly\mouse.dm:148:error: regalrat: undefined type: /mob/living/simple_animal/hostile/regalrat
code\game\data_huds.dm:255:error: /obj/item/implant/tracking: undefined type path
code\modules\mob\living\blood.dm:230:error: D.spread_flags: undefined var
code\modules\mob\living\blood.dm:230:error: DISEASE_SPREAD_SPECIAL: undefined var
code\modules\mob\living\blood.dm:230:error: D.spread_flags: undefined var
code\modules\mob\living\blood.dm:230:error: DISEASE_SPREAD_NON_CONTAGIOUS: undefined var
code\modules\mob\living\blood.dm:232:error: C.ForceContractDisease: undefined proc
code\modules\mob\living\living.dm:92:error: D.spread_flags: undefined var
code\modules\mob\living\living.dm:92:error: DISEASE_SPREAD_CONTACT_SKIN: undefined var
code\modules\mob\living\living.dm:97:error: D.spread_flags: undefined var
code\modules\mob\living\living.dm:97:error: DISEASE_SPREAD_CONTACT_SKIN: undefined var
code\modules\mob\living\living.dm:98:error: ContactContractDisease: undefined proc
code\modules\mob\living\living.dm:1210:error: hasparasites: undefined proc
code\modules\mob\living\living.dm:1212:error: G.summoner: undefined type: /mob/living/simple_animal/hostile/guardian
code\modules\mob\living\living.dm:1213:error: G.Recall: undefined type: /mob/living/simple_animal/hostile/guardian
code\modules\mob\living\living.dm:1214:error: G: undefined type: /mob/living/simple_animal/hostile/guardian
code\modules\mob\living\living.dm:1450:error: D.Copy: undefined proc
code\modules\mob\living\living.dm:1540:error: /obj/effect/landmark/error: undefined type path
code\modules\tgui\states.dm:105:error: /obj/item/machine_remote: undefined type path
code\modules\tgui\status_composers.dm:92:error: radio: undefined var
code\modules\tgui\states\default.dm:51:error: radio: undefined var
code\game\data_huds.dm:351:error: cell: undefined var
code\game\data_huds.dm:352:error: cell.charge: undefined var
code\game\data_huds.dm:352:error: cell.maxcharge: undefined var
code\game\data_huds.dm:362:error: shell: undefined var
code\game\data_huds.dm:364:error: deployed: undefined var
code\modules\admin\verbs\onlyone.dm:51:error: /datum/antagonist/highlander/robot: undefined type path
code\modules\client\verbs\suicide.dm:18:error: mmi: undefined var
code\modules\client\verbs\suicide.dm:19:error: mmi.brain: undefined var
code\modules\client\verbs\suicide.dm:20:error: mmi.brain.suicided: undefined var
code\modules\client\verbs\suicide.dm:21:error: mmi.brainmob: undefined var
code\modules\client\verbs\suicide.dm:22:error: mmi.brainmob.suiciding: undefined var
code\modules\mob\living\blood.dm:392:error: B: undefined type: /obj/effect/decal/cleanable/oil
code\modules\mob\living\blood.dm:393:error: B: undefined type: /obj/effect/decal/cleanable/oil
code\modules\tgui\states.dm:90:error: cell: undefined var
code\modules\tgui\states.dm:90:error: cell.charge: undefined var
code\modules\tgui\states.dm:90:error: lockcharge: undefined var
code\modules\tgui\states\hands.dm:28:error: activated: undefined proc
code\modules\tgui\status_composers.dm:86:error: control_disabled: undefined var
code\game\data_huds.dm:374:error: deployed_shell: undefined var
code\game\machinery\camera\tracking.dm:20:error: switchCamera: undefined proc
code\game\machinery\camera\tracking.dm:30:error: track.initialized: undefined var
code\game\machinery\camera\tracking.dm:31:error: track.names.Cut: undefined var
code\game\machinery\camera\tracking.dm:32:error: track.namecounts.Cut: undefined var
code\game\machinery\camera\tracking.dm:33:error: track.humans.Cut: undefined var
code\game\machinery\camera\tracking.dm:34:error: track.others.Cut: undefined var
code\game\machinery\camera\tracking.dm:45:error: track.names: undefined var
code\game\machinery\camera\tracking.dm:46:error: track.namecounts: undefined var
code\game\machinery\camera\tracking.dm:47:error: track.namecounts: undefined var
code\game\machinery\camera\tracking.dm:48:error: track.names.Add: undefined var
code\game\machinery\camera\tracking.dm:49:error: track.namecounts: undefined var
code\game\machinery\camera\tracking.dm:52:error: track.humans: undefined var
code\game\machinery\camera\tracking.dm:54:error: track.others: undefined var
code\game\machinery\camera\tracking.dm:56:error: track.humans: undefined var
code\game\machinery\camera\tracking.dm:56:error: track.others: undefined var
code\game\machinery\camera\tracking.dm:106:error: tracking: undefined var
code\game\machinery\camera\tracking.dm:120:error: view_core: undefined proc
code\game\machinery\camera\tracking.dm:67:error: track.initialized: undefined var
code\game\machinery\camera\tracking.dm:70:error: track.humans: undefined var
code\game\machinery\camera\tracking.dm:70:error: track.others: undefined var
code\game\machinery\camera\tracking.dm:70:error: track.humans: undefined var
code\modules\tgui\states.dm:81:error: apc_override: undefined var
code\modules\tgui\states.dm:83:error: lacks_power: undefined proc
code\modules\tgui\states\default.dm:45:error: control_disabled: undefined var
code\modules\tgui_input\say_modal\typing.dm:69:error: active_thinking_indicator: undefined var
code\modules\tgui_input\say_modal\typing.dm:69:error: active_typing_indicator: undefined var
code\modules\tgui_input\say_modal\typing.dm:69:error: TRAIT_THINKING_IN_CHARACTER: undefined var
code\modules\tgui_input\say_modal\typing.dm:71:error: active_thinking_indicator: undefined var
code\modules\tgui_input\say_modal\typing.dm:71:error: 'icons/mob/effects/talk.dmi': cannot find file
code\modules\tgui_input\say_modal\typing.dm:71:error: TYPING_LAYER: undefined var
code\modules\tgui_input\say_modal\typing.dm:72:error: active_thinking_indicator: undefined var
code\modules\tgui_input\say_modal\typing.dm:73:error: play_fov_effect: undefined proc
code\modules\tgui_input\say_modal\typing.dm:76:error: active_thinking_indicator: undefined var
code\modules\tgui_input\say_modal\typing.dm:78:error: active_thinking_indicator: undefined var
code\modules\tgui_input\say_modal\typing.dm:79:error: active_thinking_indicator: undefined var
code\modules\tgui_input\say_modal\typing.dm:82:error: active_typing_indicator: undefined var
code\modules\tgui_input\say_modal\typing.dm:82:error: active_thinking_indicator: undefined var
code\modules\tgui_input\say_modal\typing.dm:82:error: TRAIT_THINKING_IN_CHARACTER: undefined var
code\modules\tgui_input\say_modal\typing.dm:84:error: active_typing_indicator: undefined var
code\modules\tgui_input\say_modal\typing.dm:84:error: TYPING_LAYER: undefined var
code\modules\tgui_input\say_modal\typing.dm:85:error: active_typing_indicator: undefined var
code\modules\tgui_input\say_modal\typing.dm:86:error: play_fov_effect: undefined proc
code\modules\tgui_input\say_modal\typing.dm:89:error: active_typing_indicator: undefined var
code\modules\tgui_input\say_modal\typing.dm:91:error: active_typing_indicator: undefined var
code\modules\tgui_input\say_modal\typing.dm:92:error: active_typing_indicator: undefined var
code\modules\tgui_input\say_modal\typing.dm:95:error: CURRENTLY_TYPING_TRAIT: undefined var
code\modules\tgui_input\say_modal\typing.dm:95:error: CURRENTLY_TYPING_TRAIT: undefined var
code\modules\tgui_input\say_modal\typing.dm:95:error: CURRENTLY_TYPING_TRAIT: undefined var
code\modules\tgui_input\say_modal\typing.dm:95:error: CURRENTLY_TYPING_TRAIT: undefined var
code\modules\tgui_input\say_modal\typing.dm:95:error: TRAIT_THINKING_IN_CHARACTER: undefined var
code\modules\tgui_input\say_modal\typing.dm:95:error: TRAIT_THINKING_IN_CHARACTER: undefined var
code\modules\tgui_input\say_modal\typing.dm:95:error: TRAIT_THINKING_IN_CHARACTER: undefined var
code\modules\tgui_input\say_modal\typing.dm:95:error: TRAIT_THINKING_IN_CHARACTER: undefined var
code\modules\tgui_input\say_modal\typing.dm:95:error: TRAIT_THINKING_IN_CHARACTER: undefined var
code\modules\tgui_input\say_modal\typing.dm:95:error: TRAIT_THINKING_IN_CHARACTER: undefined var
code\modules\tgui_input\say_modal\typing.dm:95:error: TRAIT_THINKING_IN_CHARACTER: undefined var
code\modules\tgui_input\say_modal\typing.dm:95:error: TRAIT_THINKING_IN_CHARACTER: undefined var
code\modules\mob\living\living.dm:307:error: D.spread_flags: undefined var
code\modules\mob\living\living.dm:307:error: DISEASE_SPREAD_CONTACT_SKIN: undefined var
code\modules\mob\living\living.dm:312:error: D.spread_flags: undefined var
code\modules\mob\living\living.dm:312:error: DISEASE_SPREAD_CONTACT_SKIN: undefined var
code\modules\mob\living\living.dm:313:error: ContactContractDisease: undefined proc
code\modules\mob\living\living.dm:1169:error: /datum/mutation/human/telekinesis: undefined type path
code\modules\mob\living\living.dm:1169:error: tkMaxRangeCheck: undefined proc
code\modules\mob\living\living_defense.dm:191:error: M.Feedstop: undefined proc
code\modules\mob\living\living_defense.dm:324:error: /datum/spacevine_mutation: undefined type path
code\modules\mob\living\living_defense.dm:324:error: isvineimmune: undefined proc
code\modules\mob\living\living_defense.dm:378:error: /proc/cult_ending_helper: undefined type path
code\modules\mob\living\living_defense.dm:379:error: /proc/ending_helper: undefined type path
code\modules\mob\living\living_defense.dm:381:error: /mob/living/simple_animal/hostile/construct/harvester: undefined type path
code\modules\mob\living\living_defense.dm:381:error: makeNewConstruct: undefined proc
code\modules\mob\living\living_defense.dm:385:error: /mob/living/simple_animal/hostile/construct/juggernaut/hostile: undefined type path
code\modules\mob\living\living_defense.dm:387:error: /mob/living/simple_animal/hostile/construct/wraith/hostile: undefined type path
code\modules\mob\living\living_defense.dm:389:error: /mob/living/simple_animal/hostile/construct/artificer/hostile: undefined type path
code\modules\mob\living\living_defense.dm:391:error: /mob/living/simple_animal/hostile/construct/proteon/hostile: undefined type path
code\modules\mob\living\login.dm:30:error: /datum/antagonist/changeling: undefined type path
code\modules\tgui\states.dm:76:error: INTERACT_ATOM_IGNORE_MOBILITY: undefined var
code\modules\wod13\onyxcombat.dm:749:error: gnosis: undefined type: /obj/overlay
code\modules\wod13\onyxcombat.dm:750:error: gnosis.icon: undefined type: /obj/overlay
code\modules\wod13\onyxcombat.dm:751:error: gnosis.plane: undefined type: /obj/overlay
code\modules\wod13\onyxcombat.dm:752:error: gnosis.layer: undefined type: /obj/overlay
code\modules\mob\dead\observer\observer.dm:962:error: SSpai.recruitWindow: undefined var
code\modules\mob\dead\observer\observer_say.dm:42:error: S.eyeobj: undefined var
code\modules\mob\dead\new_player\new_player.dm:416:error: give_madness: undefined proc
code\modules\admin\verbs\pray.dm:30:error: iscultist: undefined proc
code\game\machinery\computer\camera_advanced.dm:185:error: ai_detector_visible: undefined var
code\game\machinery\computer\camera_advanced.dm:208:error: GetViewerClient: undefined proc
code\game\machinery\computer\camera_advanced.dm:215:error: allowed_area: undefined var
code\game\machinery\computer\camera_advanced.dm:226:error: update_ai_detect_hud: undefined proc
code\game\machinery\computer\camera_advanced.dm:227:error: use_static: undefined var
code\game\machinery\computer\camera_advanced.dm:228:error: GetViewerClient: undefined proc
code\game\machinery\computer\camera_advanced.dm:228:error: use_static: undefined var
code\game\machinery\computer\camera_advanced.dm:245:error: setLoc: undefined proc
code\game\objects\items\devices\multitool.dm:148:error: ai_detector_visible: undefined var
code\game\objects\items\devices\multitool.dm:149:error: use_static: undefined var
code\modules\shuttle\navigation_computer.dm:300:error: use_static: undefined var
code\modules\shuttle\navigation_computer.dm:309:warning (no_parent): ..: ..() has no parent proc to call
code\game\objects\objs.dm:159:error: /datum/mutation/human/telekinesis: undefined type path
code\game\objects\objs.dm:178:error: AutoUpdateAI: undefined proc
code\modules\clothing\gloves\boxing.dm:7:error: /datum/species/golem: undefined type path
code\modules\clothing\suits\chaplainsuits.dm:7:error: /obj/item/nullrod: undefined type path
code\modules\clothing\suits\miscellaneous.dm:325:error: /datum/species/golem: undefined type path
code\modules\clothing\suits\miscellaneous.dm:609:error: /obj/item/dnainjector: undefined type path
code\modules\clothing\suits\miscellaneous.dm:621:error: /obj/item/dnainjector: undefined type path
code\modules\clothing\suits\miscellaneous.dm:624:error: /datum/species/golem: undefined type path
code\modules\clothing\suits\miscellaneous.dm:635:error: /obj/item/construction/rcd: undefined type path
code\modules\clothing\suits\miscellaneous.dm:635:error: /obj/item/pipe_dispenser: undefined type path
code\modules\clothing\suits\miscellaneous.dm:637:error: /datum/species/golem/uranium: undefined type path
code\modules\clothing\suits\miscellaneous.dm:777:error: /obj/item/spellbook: undefined type path
code\modules\mining\equipment\explorer_gear.dm:32:error: /datum/component/armor_plate: undefined type path
code\modules\clothing\suits\armor.dm:247:error: /obj/item/nullrod: undefined type path
code\modules\clothing\spacesuits\chronosuit.dm:29:error: /obj/item/chrono_eraser: undefined type path
code\modules\clothing\spacesuits\chronosuit.dm:29:error: /obj/item/gun/energy/chrono_gun: undefined type path
code\modules\clothing\spacesuits\hardsuit.dm:107:error: /obj/item/construction/rcd: undefined type path
code\modules\clothing\spacesuits\hardsuit.dm:107:error: /obj/item/pipe_dispenser: undefined type path
code\modules\clothing\spacesuits\hardsuit.dm:117:error: jetpack: undefined type: /obj/item/tank/jetpack/suit
code\modules\clothing\spacesuits\hardsuit.dm:117:error: jetpack: undefined type: /obj/item/tank/jetpack/suit
code\modules\clothing\spacesuits\hardsuit.dm:118:error: jetpack: undefined type: /obj/item/tank/jetpack/suit
code\modules\clothing\spacesuits\hardsuit.dm:118:error: jetpack: undefined type: /obj/item/tank/jetpack/suit
code\modules\clothing\spacesuits\hardsuit.dm:131:error: /obj/item/tank/jetpack/suit: undefined type path
code\modules\clothing\spacesuits\hardsuit.dm:132:error: jetpack: undefined type: /obj/item/tank/jetpack/suit
code\modules\clothing\spacesuits\hardsuit.dm:140:error: jetpack: undefined type: /obj/item/tank/jetpack/suit
code\modules\clothing\spacesuits\hardsuit.dm:144:error: jetpack: undefined type: /obj/item/tank/jetpack/suit
code\modules\clothing\spacesuits\hardsuit.dm:151:error: jetpack.turn_off: undefined type: /obj/item/tank/jetpack/suit
code\modules\clothing\spacesuits\hardsuit.dm:152:error: jetpack.forceMove: undefined type: /obj/item/tank/jetpack/suit
code\modules\clothing\spacesuits\hardsuit.dm:153:error: jetpack: undefined type: /obj/item/tank/jetpack/suit
code\modules\clothing\spacesuits\hardsuit.dm:176:error: jetpack: undefined type: /obj/item/tank/jetpack/suit
code\modules\clothing\spacesuits\hardsuit.dm:178:error: jetpack.actions: undefined type: /obj/item/tank/jetpack/suit
code\modules\clothing\spacesuits\hardsuit.dm:184:error: jetpack: undefined type: /obj/item/tank/jetpack/suit
code\modules\clothing\spacesuits\hardsuit.dm:185:error: jetpack.actions: undefined type: /obj/item/tank/jetpack/suit
code\modules\clothing\spacesuits\hardsuit.dm:266:error: jetpack: undefined type: /obj/item/tank/jetpack/suit
code\modules\clothing\spacesuits\hardsuit.dm:266:error: /obj/item/tank/jetpack/suit: undefined type path
code\modules\clothing\spacesuits\hardsuit.dm:317:error: /datum/component/armor_plate: undefined type path
code\modules\clothing\spacesuits\hardsuit.dm:422:error: /obj/item/melee/transforming/energy/sword/saber: undefined type path
code\modules\clothing\spacesuits\hardsuit.dm:424:error: jetpack: undefined type: /obj/item/tank/jetpack/suit
code\modules\clothing\spacesuits\hardsuit.dm:424:error: /obj/item/tank/jetpack/suit: undefined type path
code\modules\clothing\spacesuits\hardsuit.dm:517:error: /obj/item/teleportation_scroll: undefined type path
code\modules\clothing\spacesuits\hardsuit.dm:596:error: /obj/item/hand_tele: undefined type path
code\modules\clothing\spacesuits\hardsuit.dm:596:error: /obj/item/aicard: undefined type path
code\modules\clothing\spacesuits\hardsuit.dm:638:error: jetpack: undefined type: /obj/item/tank/jetpack/suit
code\modules\clothing\spacesuits\hardsuit.dm:638:error: /obj/item/tank/jetpack/suit: undefined type path
code\modules\clothing\spacesuits\hardsuit.dm:891:error: /obj/item/melee/transforming/energy/sword/saber: undefined type path
code\modules\clothing\spacesuits\hardsuit.dm:915:error: jetpack: undefined type: /obj/item/tank/jetpack/suit
code\modules\clothing\spacesuits\hardsuit.dm:915:error: /obj/item/tank/jetpack/suit: undefined type path
code\modules\clothing\suits\toggles.dm:152:error: jetpack: undefined type: /obj/item/tank/jetpack/suit
code\modules\clothing\spacesuits\miscellaneous.dm:156:error: /obj/item/melee/transforming/energy/sword/pirate: undefined type path
code\modules\clothing\spacesuits\plasmamen.dm:7:error: /obj/item/melee/transforming/energy/sword: undefined type path
code\modules\clothing\spacesuits\syndi.dm:15:error: /obj/item/melee/transforming/energy/sword/saber: undefined type path
code\modules\clothing\suits\bio.dm:100:error: /obj/item/nullrod: undefined type path
code\modules\clothing\suits\chaplainsuits.dm:4:error: /obj/item/nullrod: undefined type path
code\modules\clothing\suits\jobs.dm:13:error: /obj/item/graft: undefined type path
code\modules\clothing\suits\jobs.dm:14:error: /datum/species/golem: undefined type path
code\modules\clothing\suits\miscellaneous.dm:99:error: /datum/species/golem: undefined type path
code\modules\clothing\suits\jobs.dm:45:error: /datum/species/golem: undefined type path
code\modules\clothing\suits\jobs.dm:105:error: /datum/species/golem: undefined type path
code\modules\clothing\suits\jobs.dm:129:error: /datum/species/golem: undefined type path
code\modules\clothing\suits\labcoat.dm:8:error: /obj/item/dnainjector: undefined type path
code\modules\clothing\suits\labcoat.dm:8:error: /obj/item/biopsy_tool: undefined type path
code\modules\clothing\suits\labcoat.dm:11:error: /datum/species/golem: undefined type path
code\modules\clothing\suits\jobs.dm:94:error: /datum/species/golem: undefined type path
code\modules\clothing\suits\miscellaneous.dm:18:error: /obj/item/gun/energy/laser/bluetag: undefined type path
code\modules\clothing\suits\miscellaneous.dm:28:error: /obj/item/gun/energy/laser/redtag: undefined type path
code\modules\clothing\suits\miscellaneous.dm:54:error: /obj/item/melee/transforming/energy/sword/pirate: undefined type path
code\modules\clothing\suits\miscellaneous.dm:55:error: /datum/species/golem: undefined type path
code\modules\clothing\suits\miscellaneous.dm:134:error: /obj/item/nullrod: undefined type path
code\modules\clothing\suits\miscellaneous.dm:215:error: /datum/species/golem: undefined type path
code\modules\clothing\suits\miscellaneous.dm:372:error: /datum/species/golem: undefined type path
code\modules\clothing\suits\miscellaneous.dm:379:error: /datum/species/golem: undefined type path
code\modules\clothing\suits\miscellaneous.dm:402:error: /datum/species/golem: undefined type path
code\modules\clothing\suits\miscellaneous.dm:412:error: /datum/species/golem/bone: undefined type path
code\modules\clothing\suits\miscellaneous.dm:427:error: /datum/species/golem/bone: undefined type path
code\modules\clothing\suits\miscellaneous.dm:450:error: /datum/species/golem: undefined type path
code\modules\clothing\suits\miscellaneous.dm:457:error: /datum/species/golem: undefined type path
code\modules\clothing\suits\miscellaneous.dm:464:error: /datum/species/golem: undefined type path
code\modules\clothing\suits\miscellaneous.dm:471:error: /datum/species/golem: undefined type path
code\modules\clothing\suits\miscellaneous.dm:522:error: /datum/species/golem: undefined type path
code\modules\clothing\suits\miscellaneous.dm:751:error: /datum/species/golem: undefined type path
code\modules\clothing\suits\miscellaneous.dm:801:error: /datum/species/golem: undefined type path
code\modules\clothing\suits\wiz_robe.dm:71:error: /obj/item/teleportation_scroll: undefined type path
code\modules\clothing\suits\wiz_robe.dm:174:error: /mob/living/simple_animal/hostile/stickman: undefined type path
code\modules\clothing\under\_under.dm:36:error: /obj/item/stack/cable_coil: undefined type path
code\modules\clothing\under\jobs\engineering.dm:48:error: /datum/species/golem/uranium: undefined type path
code\modules\clothing\under\jobs\civilian\clown_mime.dm:31:error: /datum/species/golem/bananium: undefined type path
code\modules\clothing\under\jobs\civilian\clown_mime.dm:35:error: /datum/element/swabable: undefined type path
code\modules\clothing\under\pants.dm:9:error: /datum/species/golem: undefined type path
code\modules\clothing\under\shorts.dm:11:error: /datum/species/golem: undefined type path
code\modules\mob\living\inhand_holder.dm:96:error: D.visualAppearance: undefined var
code\modules\clothing\spacesuits\hardsuit.dm:285:error: /datum/component/armor_plate: undefined type path
code\modules\clothing\head\helmet.dm:85:error: A: undefined type: /obj/item/bot_assembly/secbot
code\modules\clothing\head\_head.dm:59:error: R.place_on_head: undefined proc
code\modules\clothing\head\misc_special.dm:327:error: paranoia: undefined type: /datum/brain_trauma/mild/phobia/conspiracies
code\modules\clothing\head\misc_special.dm:328:error: paranoia: undefined type: /datum/brain_trauma/mild/phobia/conspiracies
code\modules\clothing\head\misc_special.dm:328:error: paranoia: undefined type: /datum/brain_trauma/mild/phobia/conspiracies
code\modules\clothing\head\misc_special.dm:329:error: paranoia: undefined type: /datum/brain_trauma/mild/phobia/conspiracies
code\modules\clothing\head\misc_special.dm:331:error: paranoia: undefined type: /datum/brain_trauma/mild/phobia/conspiracies
code\modules\clothing\head\misc_special.dm:345:error: paranoia: undefined type: /datum/brain_trauma/mild/phobia/conspiracies
code\modules\clothing\head\misc_special.dm:346:error: paranoia: undefined type: /datum/brain_trauma/mild/phobia/conspiracies
code\modules\clothing\head\misc_special.dm:346:error: paranoia: undefined type: /datum/brain_trauma/mild/phobia/conspiracies
code\modules\clothing\head\misc_special.dm:353:error: paranoia: undefined type: /datum/brain_trauma/mild/phobia/conspiracies
code\modules\clothing\head\misc_special.dm:358:error: paranoia: undefined type: /datum/brain_trauma/mild/phobia/conspiracies
code\modules\clothing\head\misc_special.dm:358:error: paranoia: undefined type: /datum/brain_trauma/mild/phobia/conspiracies
code\modules\mining\equipment\explorer_gear.dm:36:error: /datum/component/armor_plate: undefined type path
code\modules\clothing\shoes\miscellaneous.dm:97:error: /datum/species/golem/bananium: undefined type path
code\modules\clothing\shoes\miscellaneous.dm:102:error: /datum/element/swabable: undefined type path
code\modules\clothing\shoes\miscellaneous.dm:44:error: /datum/species/golem: undefined type path
code\modules\clothing\shoes\miscellaneous.dm:185:error: /datum/species/golem/uranium: undefined type path
code\modules\clothing\shoes\miscellaneous.dm:503:error: /datum/species/golem: undefined type path
code\modules\clothing\masks\gasmask.dm:86:error: /datum/species/golem/bananium: undefined type path
code\modules\clothing\masks\gasmask.dm:98:error: /datum/element/swabable: undefined type path
code\modules\clothing\masks\gasmask.dm:132:error: /datum/species/golem/bananium: undefined type path
code\modules\clothing\masks\gasmask.dm:144:error: /datum/species/golem: undefined type path
code\modules\clothing\masks\gasmask.dm:196:error: /datum/species/golem: undefined type path
code\modules\clothing\masks\gasmask.dm:227:error: /datum/species/golem/wood: undefined type path
code\modules\clothing\masks\miscellaneous.dm:43:error: /datum/species/golem: undefined type path
code\modules\clothing\masks\miscellaneous.dm:87:error: /datum/species/golem: undefined type path
code\modules\mining\equipment\vendor_items.dm:9:error: real: undefined var
code\modules\mining\equipment\vendor_items.dm:10:error: sterile: undefined var
code\modules\mining\equipment\vendor_items.dm:13:error: Die: undefined proc
code\modules\vtmb\vampire_clane\kiasyd.dm:222:error: sterile: undefined var
code\modules\clothing\glasses\_glasses.dm:396:error: chameleon_action: undefined type: /datum/action/item_action/chameleon/change
code\modules\clothing\glasses\_glasses.dm:397:error: chameleon_action.chameleon_type: undefined type: /datum/action/item_action/chameleon/change
code\modules\clothing\glasses\_glasses.dm:398:error: chameleon_action.chameleon_name: undefined type: /datum/action/item_action/chameleon/change
code\modules\clothing\glasses\_glasses.dm:399:error: chameleon_action.chameleon_blacklist: undefined type: /datum/action/item_action/chameleon/change
code\modules\clothing\glasses\_glasses.dm:399:error: /obj/item/clothing/glasses/changeling: undefined type path
code\modules\clothing\glasses\_glasses.dm:400:error: chameleon_action.initialize_disguises: undefined type: /datum/action/item_action/chameleon/change
code\modules\clothing\glasses\_glasses.dm:406:error: chameleon_action.emp_randomise: undefined type: /datum/action/item_action/chameleon/change
code\modules\clothing\glasses\hud.dm:116:error: chameleon_action: undefined type: /datum/action/item_action/chameleon/change
code\modules\clothing\glasses\hud.dm:117:error: chameleon_action.chameleon_type: undefined type: /datum/action/item_action/chameleon/change
code\modules\clothing\glasses\hud.dm:118:error: chameleon_action.chameleon_name: undefined type: /datum/action/item_action/chameleon/change
code\modules\clothing\glasses\hud.dm:119:error: chameleon_action.chameleon_blacklist: undefined type: /datum/action/item_action/chameleon/change
code\modules\clothing\glasses\hud.dm:119:error: /obj/item/clothing/glasses/changeling: undefined type path
code\modules\clothing\glasses\hud.dm:120:error: chameleon_action.initialize_disguises: undefined type: /datum/action/item_action/chameleon/change
code\modules\clothing\glasses\hud.dm:126:error: chameleon_action.emp_randomise: undefined type: /datum/action/item_action/chameleon/change
code\modules\clothing\clothing.dm:125:error: /datum/species/moth: undefined type path
code\modules\clothing\neck\_neck.dm:220:error: /obj/item/holochip: undefined type path
code\modules\mining\lavaland\necropolis_chests.dm:405:error: ammo_type: undefined var
code\modules\mining\lavaland\necropolis_chests.dm:411:error: max_charges: undefined var
code\modules\mining\lavaland\necropolis_chests.dm:463:error: ammo_type: undefined var
code\modules\vtmb\chi_disciplines.dm:745:error: ammo_type: undefined var
code\modules\vtmb\chi_disciplines.dm:752:error: max_charges: undefined var
code\modules\vtmb\chi_disciplines.dm:1577:error: ammo_type: undefined var
code\modules\vtmb\chi_disciplines.dm:1584:error: max_charges: undefined var
code\modules\vtmb\chi_disciplines.dm:1597:error: charges: undefined var
code\modules\projectiles\guns\magic\staff.dm:3:error: ammo_type: undefined var
code\modules\projectiles\guns\magic\staff.dm:3:error: /obj/item/ammo_casing/magic/nothing: undefined type path
code\modules\projectiles\guns\magic\staff.dm:14:error: ammo_type: undefined var
code\modules\projectiles\guns\magic\staff.dm:14:error: /obj/item/ammo_casing/magic/change: undefined type path
code\modules\projectiles\guns\magic\staff.dm:22:error: ammo_type: undefined var
code\modules\projectiles\guns\magic\staff.dm:22:error: /obj/item/ammo_casing/magic/animate: undefined type path
code\modules\projectiles\guns\magic\staff.dm:30:error: ammo_type: undefined var
code\modules\projectiles\guns\magic\staff.dm:30:error: /obj/item/ammo_casing/magic/heal: undefined type path
code\modules\projectiles\guns\magic\staff.dm:41:error: ammo_type: undefined var
code\modules\projectiles\guns\magic\staff.dm:41:error: /obj/item/ammo_casing/magic/chaos: undefined type path
code\modules\projectiles\guns\magic\staff.dm:44:error: max_charges: undefined var
code\modules\projectiles\guns\magic\staff.dm:45:error: recharge_rate: undefined var
code\modules\projectiles\guns\magic\staff.dm:46:error: no_den_usage: undefined var
code\modules\projectiles\guns\magic\staff.dm:61:error: ammo_type: undefined var
code\modules\projectiles\guns\magic\staff.dm:61:error: /obj/item/ammo_casing/magic/door: undefined type path
code\modules\projectiles\guns\magic\staff.dm:64:error: max_charges: undefined var
code\modules\projectiles\guns\magic\staff.dm:65:error: recharge_rate: undefined var
code\modules\projectiles\guns\magic\staff.dm:66:error: no_den_usage: undefined var
code\modules\projectiles\guns\magic\staff.dm:72:error: ammo_type: undefined var
code\modules\projectiles\guns\magic\staff.dm:72:error: /obj/item/ammo_casing/magic/honk: undefined type path
code\modules\projectiles\guns\magic\staff.dm:75:error: max_charges: undefined var
code\modules\projectiles\guns\magic\staff.dm:76:error: recharge_rate: undefined var
code\modules\projectiles\guns\magic\staff.dm:82:error: ammo_type: undefined var
code\modules\projectiles\guns\magic\staff.dm:82:error: /obj/item/ammo_casing/magic/spellblade: undefined type path
code\modules\projectiles\guns\magic\staff.dm:92:error: max_charges: undefined var
code\modules\projectiles\guns\magic\staff.dm:107:error: ammo_type: undefined var
code\modules\projectiles\guns\magic\staff.dm:107:error: /obj/item/ammo_casing/magic/locker: undefined type path
code\modules\projectiles\guns\magic\staff.dm:111:error: max_charges: undefined var
code\modules\projectiles\guns\magic\staff.dm:112:error: recharge_rate: undefined var
code\modules\projectiles\guns\magic\staff.dm:120:error: ammo_type: undefined var
code\modules\projectiles\guns\magic\staff.dm:120:error: /obj/item/ammo_casing/magic/flying: undefined type path
code\modules\projectiles\guns\magic\staff.dm:129:error: ammo_type: undefined var
code\modules\projectiles\guns\magic\staff.dm:129:error: /obj/item/ammo_casing/magic/sapping: undefined type path
code\modules\projectiles\guns\magic\staff.dm:138:error: ammo_type: undefined var
code\modules\projectiles\guns\magic\staff.dm:138:error: /obj/item/ammo_casing/magic/necropotence: undefined type path
code\modules\projectiles\guns\magic\staff.dm:147:error: ammo_type: undefined var
code\modules\projectiles\guns\magic\staff.dm:147:error: /obj/item/ammo_casing/magic/wipe: undefined type path
code\modules\vtmb\chi_disciplines.dm:266:error: ammo_type: undefined var
code\modules\vtmb\chi_disciplines.dm:269:error: max_charges: undefined var
code\modules\vtmb\chi_disciplines.dm:286:error: charges: undefined var
code\modules\vtmb\chi_disciplines.dm:634:error: ammo_type: undefined var
code\modules\vtmb\chi_disciplines.dm:637:error: max_charges: undefined var
code\modules\vtmb\chi_disciplines.dm:654:error: charges: undefined var
code\modules\vtmb\disciplines.dm:1565:error: ammo_type: undefined var
code\modules\vtmb\disciplines.dm:1568:error: max_charges: undefined var
code\modules\vtmb\disciplines.dm:1585:error: charges: undefined var
code\modules\projectiles\guns\energy.dm:100:error: R.cell: undefined var
code\modules\projectiles\guns\energy.dm:102:error: R.cell.use: undefined var
code\modules\projectiles\guns\energy\special.dm:83:error: /obj/item/ammo_casing/energy/mindflayer: undefined type path
code\modules\projectiles\guns\energy\special.dm:94:error: /obj/item/ammo_casing/energy/bolt: undefined type path
code\modules\projectiles\guns\energy\special.dm:97:error: overheat_time: undefined var
code\modules\projectiles\guns\energy\special.dm:98:error: holds_charge: undefined var
code\modules\projectiles\guns\energy\special.dm:99:error: unique_frequency: undefined var
code\modules\projectiles\guns\energy\special.dm:101:error: max_mod_capacity: undefined var
code\modules\projectiles\guns\energy\special.dm:108:error: /obj/item/ammo_casing/energy/bolt/halloween: undefined type path
code\modules\projectiles\guns\energy\special.dm:117:error: /obj/item/ammo_casing/energy/bolt/large: undefined type path
code\modules\projectiles\guns\energy\special.dm:125:error: /obj/item/ammo_casing/energy/plasma: undefined type path
code\modules\projectiles\guns\energy\special.dm:195:error: /obj/item/ammo_casing/energy/plasma/adv: undefined type path
code\modules\projectiles\guns\energy\special.dm:200:error: /obj/item/ammo_casing/energy/wormhole: undefined type path
code\modules\projectiles\guns\energy\special.dm:200:error: /obj/item/ammo_casing/energy/wormhole/orange: undefined type path
code\modules\projectiles\guns\energy\special.dm:210:error: /obj/item/assembly/signaler/anomaly/bluespace: undefined type path
code\modules\projectiles\guns\energy\special.dm:274:error: W: undefined type: /obj/projectile/beam/wormhole
code\modules\projectiles\guns\energy\special.dm:274:error: /obj/projectile/beam/wormhole/orange: undefined type path
code\modules\projectiles\guns\energy\special.dm:350:error: /obj/item/ammo_casing/energy/gravity/repulse: undefined type path
code\modules\projectiles\guns\energy\special.dm:350:error: /obj/item/ammo_casing/energy/gravity/attract: undefined type path
code\modules\projectiles\guns\energy\special.dm:350:error: /obj/item/ammo_casing/energy/gravity/chaos: undefined type path
code\modules\projectiles\guns\energy\special.dm:357:error: /obj/item/assembly/signaler/anomaly/grav: undefined type path
code\modules\projectiles\guns\ballistic\revolver.dm:212:error: /obj/item/soulstone/anybody/revolver: undefined type path
code\modules\projectiles\guns\ballistic\launchers.dm:85:error: attack_self_tk: undefined proc
code\modules\projectiles\guns\misc\syringe_gun.dm:113:error: /obj/item/dnainjector: undefined type path
code\game\objects\items\storage\belt.dm:55:error: /obj/item/stack/cable_coil: undefined type path
code\game\objects\items\storage\belt.dm:66:error: /obj/item/lightreplacer: undefined type path
code\game\objects\items\storage\belt.dm:67:error: /obj/item/construction/rcd: undefined type path
code\game\objects\items\storage\belt.dm:68:error: /obj/item/pipe_dispenser: undefined type path
code\game\objects\items\storage\belt.dm:69:error: /obj/item/inducer: undefined type path
code\game\objects\items\storage\belt.dm:70:error: /obj/item/plunger: undefined type path
code\game\objects\items\storage\belt.dm:72:error: /obj/item/pipe_painter: undefined type path
code\game\objects\items\storage\belt.dm:87:error: /obj/item/stack/cable_coil: undefined type path
code\game\objects\items\storage\belt.dm:99:error: /obj/item/stack/cable_coil: undefined type path
code\game\objects\items\storage\belt.dm:108:error: /obj/item/stack/cable_coil: undefined type path
code\game\objects\items\storage\belt.dm:127:error: /obj/item/inducer/syndicate: undefined type path
code\game\objects\items\storage\belt.dm:143:error: /obj/item/dnainjector: undefined type path
code\game\objects\items\storage\belt.dm:186:error: /obj/item/pinpointer/crew: undefined type path
code\game\objects\items\storage\belt.dm:188:error: /obj/item/construction/plumbing: undefined type path
code\game\objects\items\storage\belt.dm:189:error: /obj/item/plunger: undefined type path
code\game\objects\items\storage\belt.dm:197:error: /obj/item/pinpointer/crew/prox: undefined type path
code\game\objects\items\storage\belt.dm:282:error: /obj/item/stack/cable_coil: undefined type path
code\game\objects\items\storage\belt.dm:348:error: /obj/item/soulstone: undefined type path
code\game\objects\items\storage\belt.dm:353:error: /obj/item/soulstone: undefined type path
code\game\objects\items\storage\belt.dm:357:error: /obj/item/soulstone/anybody/chaplain: undefined type path
code\game\objects\items\storage\belt.dm:456:error: /obj/item/stack/cable_coil: undefined type path
code\game\objects\items\storage\belt.dm:530:error: /obj/item/gun/magic/wand: undefined type path
code\game\objects\items\storage\belt.dm:534:error: /obj/item/gun/magic/wand/death: undefined type path
code\game\objects\items\storage\belt.dm:535:error: /obj/item/gun/magic/wand/resurrection: undefined type path
code\game\objects\items\storage\belt.dm:536:error: /obj/item/gun/magic/wand/polymorph: undefined type path
code\game\objects\items\storage\belt.dm:537:error: /obj/item/gun/magic/wand/teleport: undefined type path
code\game\objects\items\storage\belt.dm:538:error: /obj/item/gun/magic/wand/door: undefined type path
code\game\objects\items\storage\belt.dm:539:error: /obj/item/gun/magic/wand/fireball: undefined type path
code\game\objects\items\storage\belt.dm:541:error: W: undefined type: /obj/item/gun/magic/wand
code\game\objects\items\storage\belt.dm:542:error: W.max_charges: undefined type: /obj/item/gun/magic/wand
code\game\objects\items\storage\belt.dm:542:error: W.max_charges: undefined type: /obj/item/gun/magic/wand
code\game\objects\items\storage\belt.dm:543:error: W.charges: undefined type: /obj/item/gun/magic/wand
code\game\objects\items\storage\belt.dm:543:error: W.max_charges: undefined type: /obj/item/gun/magic/wand
code\game\objects\items\storage\belt.dm:559:error: /obj/item/lightreplacer: undefined type path
code\game\objects\items\storage\belt.dm:574:error: /obj/item/lightreplacer: undefined type path
code\game\objects\items\storage\belt.dm:743:error: /obj/item/graft: undefined type path
code\game\objects\items\storage\holsters.dm:28:error: /obj/item/gun/energy/e_gun/mini: undefined type path
code\game\objects\items\storage\holsters.dm:74:error: chameleon_action: undefined type: /datum/action/item_action/chameleon/change
code\game\objects\items\storage\holsters.dm:75:error: chameleon_action.chameleon_type: undefined type: /datum/action/item_action/chameleon/change
code\game\objects\items\storage\holsters.dm:76:error: chameleon_action.chameleon_name: undefined type: /datum/action/item_action/chameleon/change
code\game\objects\items\storage\holsters.dm:77:error: chameleon_action.initialize_disguises: undefined type: /datum/action/item_action/chameleon/change
code\game\objects\items\storage\holsters.dm:88:error: chameleon_action.emp_randomise: undefined type: /datum/action/item_action/chameleon/change
code\game\objects\items\storage\holsters.dm:92:error: chameleon_action.emp_randomise: undefined type: /datum/action/item_action/chameleon/change
code\game\objects\items\storage\holsters.dm:112:error: /obj/item/gun/energy/e_gun/mini: undefined type path
code\game\objects\items\miscellaneous.dm:197:error: /obj/item/reagent_containers/honeycomb: undefined type path
code\game\objects\items\storage\boxes.dm:106:error: /obj/item/disk/data: undefined type path
code\game\objects\items\storage\boxes.dm:114:error: /obj/item/disk/nanite_program: undefined type path
code\game\objects\items\storage\boxes.dm:127:error: /datum/species/plasmaman: undefined type path
code\game\objects\items\storage\boxes.dm:268:error: /obj/item/dnainjector/h2m: undefined type path
code\game\objects\items\storage\boxes.dm:269:error: /obj/item/dnainjector/m2h: undefined type path
code\game\objects\items\storage\boxes.dm:352:error: /obj/item/locator: undefined type path
code\game\objects\items\storage\boxes.dm:365:error: /obj/item/locator: undefined type path
code\game\objects\items\storage\boxes.dm:387:error: /obj/item/implantcase/exile: undefined type path
code\game\objects\items\storage\boxes.dm:537:error: /obj/item/pda: undefined type path
code\game\objects\items\storage\boxes.dm:538:error: /obj/item/cartridge/head: undefined type path
code\game\objects\items\storage\boxes.dm:540:error: /obj/item/cartridge/engineering: undefined type path
code\game\objects\items\storage\boxes.dm:541:error: /obj/item/cartridge/security: undefined type path
code\game\objects\items\storage\boxes.dm:542:error: /obj/item/cartridge/medical: undefined type path
code\game\objects\items\storage\boxes.dm:543:error: /obj/item/cartridge/signal/toxins: undefined type path
code\game\objects\items\storage\boxes.dm:544:error: /obj/item/cartridge/quartermaster: undefined type path
code\game\objects\items\storage\boxes.dm:579:error: /obj/item/cartridge/detective: undefined type path
code\game\objects\items\storage\boxes.dm:581:error: /obj/item/cartridge/security: undefined type path
code\game\objects\items\storage\boxes.dm:829:error: /datum/species/plasmaman: undefined type path
code\game\objects\items\storage\boxes.dm:804:error: /obj/item/bodypart/l_arm/robot: undefined type path
code\game\objects\items\storage\boxes.dm:804:error: /obj/item/bodypart/r_arm/robot: undefined type path
code\game\objects\items\storage\boxes.dm:814:error: A: undefined type: /obj/item/bot_assembly/honkbot
code\game\objects\items\storage\boxes.dm:1017:error: /obj/item/stock_parts/capacitor: undefined type path
code\game\objects\items\storage\boxes.dm:1018:error: /obj/item/stock_parts/scanning_module: undefined type path
code\game\objects\items\storage\boxes.dm:1019:error: /obj/item/stock_parts/manipulator: undefined type path
code\game\objects\items\storage\boxes.dm:1020:error: /obj/item/stock_parts/micro_laser: undefined type path
code\game\objects\items\storage\boxes.dm:1021:error: /obj/item/stock_parts/matter_bin: undefined type path
code\game\objects\items\storage\boxes.dm:1031:error: /obj/item/stock_parts/capacitor/quadratic: undefined type path
code\game\objects\items\storage\boxes.dm:1032:error: /obj/item/stock_parts/scanning_module/triphasic: undefined type path
code\game\objects\items\storage\boxes.dm:1033:error: /obj/item/stock_parts/manipulator/femto: undefined type path
code\game\objects\items\storage\boxes.dm:1034:error: /obj/item/stock_parts/micro_laser/quadultra: undefined type path
code\game\objects\items\storage\boxes.dm:1035:error: /obj/item/stock_parts/matter_bin/bluespace: undefined type path
code\game\objects\items\storage\boxes.dm:1046:error: /obj/item/stack/cable_coil/five: undefined type path
code\game\objects\items\storage\boxes.dm:1049:error: /obj/item/stock_parts/manipulator: undefined type path
code\game\objects\items\storage\boxes.dm:1050:error: /obj/item/stock_parts/matter_bin: undefined type path
code\game\objects\items\storage\boxes.dm:1090:error: /obj/item/pda: undefined type path
code\game\objects\items\storage\boxes.dm:1091:error: /obj/item/modular_computer/tablet/preset/advanced: undefined type path
code\game\objects\items\storage\boxes.dm:1093:error: /obj/item/construction/rcd/combat/admin: undefined type path
code\game\objects\items\storage\boxes.dm:1094:error: /obj/item/pipe_dispenser: undefined type path
code\game\objects\items\storage\boxes.dm:1095:error: /obj/item/card/emag: undefined type path
code\game\objects\items\storage\boxes.dm:1098:error: /obj/item/disk/tech_disk/debug: undefined type path
code\game\objects\items\storage\boxes.dm:1099:error: /obj/item/uplink/debug: undefined type path
code\game\objects\items\storage\boxes.dm:1100:error: /obj/item/uplink/nuclear/debug: undefined type path
code\game\objects\items\storage\boxes.dm:1241:error: /obj/item/skillchip/job/roboticist: undefined type path
code\game\objects\items\storage\boxes.dm:1242:error: /obj/item/skillchip/job/roboticist: undefined type path
code\game\objects\items\storage\boxes.dm:1249:error: /obj/item/skillchip/job/engineer: undefined type path
code\game\objects\items\storage\boxes.dm:1250:error: /obj/item/skillchip/job/engineer: undefined type path
code\game\objects\items\storage\boxes.dm:1282:error: /obj/item/swab: undefined type path
code\game\objects\items\storage\boxes.dm:1291:error: /obj/item/petri_dish: undefined type path
code\game\objects\items\storage\boxes.dm:1299:error: /obj/item/stock_parts/water_recycler: undefined type path
code\game\objects\items\storage\boxes.dm:1300:error: /obj/item/stack/ducts/fifty: undefined type path
code\game\objects\items\storage\boxes.dm:1320:error: /obj/item/slimecross/stabilized/grey: undefined type path
code\game\objects\items\storage\boxes.dm:1321:error: /obj/item/slimecross/stabilized/orange: undefined type path
code\game\objects\items\storage\boxes.dm:1322:error: /obj/item/slimecross/stabilized/purple: undefined type path
code\game\objects\items\storage\boxes.dm:1323:error: /obj/item/slimecross/stabilized/blue: undefined type path
code\game\objects\items\storage\boxes.dm:1324:error: /obj/item/slimecross/stabilized/metal: undefined type path
code\game\objects\items\storage\boxes.dm:1325:error: /obj/item/slimecross/stabilized/yellow: undefined type path
code\game\objects\items\storage\boxes.dm:1326:error: /obj/item/slimecross/stabilized/darkpurple: undefined type path
code\game\objects\items\storage\boxes.dm:1327:error: /obj/item/slimecross/stabilized/darkblue: undefined type path
code\game\objects\items\storage\boxes.dm:1328:error: /obj/item/slimecross/stabilized/silver: undefined type path
code\game\objects\items\storage\boxes.dm:1329:error: /obj/item/slimecross/stabilized/bluespace: undefined type path
code\game\objects\items\storage\boxes.dm:1330:error: /obj/item/slimecross/stabilized/sepia: undefined type path
code\game\objects\items\storage\boxes.dm:1331:error: /obj/item/slimecross/stabilized/cerulean: undefined type path
code\game\objects\items\storage\boxes.dm:1332:error: /obj/item/slimecross/stabilized/pyrite: undefined type path
code\game\objects\items\storage\boxes.dm:1333:error: /obj/item/slimecross/stabilized/red: undefined type path
code\game\objects\items\storage\boxes.dm:1334:error: /obj/item/slimecross/stabilized/green: undefined type path
code\game\objects\items\storage\boxes.dm:1335:error: /obj/item/slimecross/stabilized/pink: undefined type path
code\game\objects\items\storage\boxes.dm:1336:error: /obj/item/slimecross/stabilized/gold: undefined type path
code\game\objects\items\storage\boxes.dm:1337:error: /obj/item/slimecross/stabilized/oil: undefined type path
code\game\objects\items\storage\boxes.dm:1338:error: /obj/item/slimecross/stabilized/black: undefined type path
code\game\objects\items\storage\boxes.dm:1339:error: /obj/item/slimecross/stabilized/lightpink: undefined type path
code\game\objects\items\storage\boxes.dm:1340:error: /obj/item/slimecross/stabilized/adamantine: undefined type path
code\game\objects\items\storage\boxes.dm:1341:error: /obj/item/slimecross/stabilized/rainbow: undefined type path
code\game\objects\items\storage\backpack.dm:64:error: /datum/component/storage/concrete/bluespace/bag_of_holding: undefined type path
code\game\objects\items\storage\backpack.dm:556:error: /obj/item/stack/cable_coil: undefined type path
code\game\objects\items\storage\backpack.dm:745:error: /obj/item/pda/clown: undefined type path
code\game\objects\items\storage\backpack.dm:750:error: /obj/item/implanter/sad_trombone: undefined type path
code\game\objects\items\storage\backpack.dm:706:error: /obj/item/storage/box/syndie_kit/chemical: undefined type path
code\game\objects\items\storage\backpack.dm:654:error: /obj/item/mecha_ammo/scattershot: undefined type path
code\game\objects\items\storage\backpack.dm:655:error: /obj/item/mecha_ammo/scattershot: undefined type path
code\game\objects\items\storage\backpack.dm:656:error: /obj/item/mecha_ammo/scattershot: undefined type path
code\game\objects\items\storage\backpack.dm:657:error: /obj/item/mecha_ammo/scattershot: undefined type path
code\game\objects\items\storage\backpack.dm:664:error: /obj/item/mecha_ammo/lmg: undefined type path
code\game\objects\items\storage\backpack.dm:665:error: /obj/item/mecha_ammo/lmg: undefined type path
code\game\objects\items\storage\backpack.dm:666:error: /obj/item/mecha_ammo/lmg: undefined type path
code\game\objects\items\storage\backpack.dm:667:error: /obj/item/mecha_ammo/scattershot: undefined type path
code\game\objects\items\storage\backpack.dm:668:error: /obj/item/mecha_ammo/scattershot: undefined type path
code\game\objects\items\storage\backpack.dm:669:error: /obj/item/mecha_ammo/scattershot: undefined type path
code\game\objects\items\storage\backpack.dm:670:error: /obj/item/mecha_ammo/missiles_he: undefined type path
code\game\objects\items\storage\backpack.dm:671:error: /obj/item/mecha_ammo/missiles_he: undefined type path
code\game\objects\items\storage\backpack.dm:672:error: /obj/item/mecha_ammo/missiles_he: undefined type path
code\game\objects\items\storage\bags.dm:51:error: /obj/item/disk/nuclear: undefined type path
code\game\objects\items\storage\bags.dm:214:error: /obj/item/reagent_containers/honeycomb: undefined type path
code\game\objects\items\storage\bags.dm:215:error: /obj/item/graft: undefined type path
code\game\objects\items\storage\bags.dm:231:error: seedify: undefined proc
code\game\objects\items\storage\bags.dm:299:error: /obj/item/spellbook: undefined type path
code\game\objects\items\storage\bags.dm:447:error: /obj/item/petri_dish: undefined type path
code\game\objects\items\storage\bags.dm:448:error: /obj/item/swab: undefined type path
code\game\objects\items\storage\bags.dm:475:error: /obj/item/stack/cable_coil: undefined type path
code\modules\mining\money_bag.dm:21:error: /obj/item/holochip: undefined type path
code\game\objects\items\storage\book.dm:77:error: /datum/mutation/human/clumsy: undefined type path
code\game\objects\items\storage\book.dm:80:error: /datum/mutation/human/clumsy: undefined type path
code\game\objects\items\storage\book.dm:195:error: R: undefined type: /obj/effect/rune
code\game\objects\items\storage\book.dm:196:error: R.invisibility: undefined type: /obj/effect/rune
code\game\objects\items\storage\book.dm:214:error: /obj/item/cult_bastard: undefined type path
code\game\objects\items\storage\book.dm:214:error: iscultist: undefined proc
code\game\objects\items\storage\book.dm:216:error: sword: undefined type: /obj/item/cult_bastard
code\game\objects\items\storage\book.dm:218:error: sword: undefined type: /obj/item/cult_bastard
code\game\objects\items\storage\book.dm:220:error: SS: undefined type: /obj/item/soulstone
code\game\objects\items\storage\book.dm:220:error: sword.contents: undefined type: /obj/item/cult_bastard
code\game\objects\items\storage\book.dm:221:error: SS.usability: undefined type: /obj/item/soulstone
code\game\objects\items\storage\book.dm:222:error: SS: undefined type: /obj/item/soulstone
code\game\objects\items\storage\book.dm:226:error: SS.release_shades: undefined type: /obj/item/soulstone
code\game\objects\items\storage\book.dm:227:error: SS: undefined type: /obj/item/soulstone
code\game\objects\items\storage\book.dm:228:error: /obj/item/nullrod/claymore: undefined type path
code\game\objects\items\storage\book.dm:228:error: sword: undefined type: /obj/item/cult_bastard
code\game\objects\items\storage\book.dm:229:error: sword: undefined type: /obj/item/cult_bastard
code\game\objects\items\storage\book.dm:230:error: sword: undefined type: /obj/item/cult_bastard
code\game\objects\items\storage\book.dm:231:error: /obj/item/soulstone: undefined type path
code\game\objects\items\storage\book.dm:231:error: iscultist: undefined proc
code\game\objects\items\storage\book.dm:233:error: SS.purified: undefined type: /obj/item/soulstone
code\game\objects\items\storage\book.dm:235:error: SS: undefined type: /obj/item/soulstone
code\game\objects\items\storage\book.dm:237:error: SS: undefined type: /obj/item/soulstone
code\game\objects\items\storage\book.dm:239:error: SS.usability: undefined type: /obj/item/soulstone
code\game\objects\items\storage\book.dm:240:error: SS.purified: undefined type: /obj/item/soulstone
code\game\objects\items\storage\book.dm:241:error: SS.icon_state: undefined type: /obj/item/soulstone
code\game\objects\items\storage\book.dm:242:error: SS.contents: undefined type: /obj/item/soulstone
code\game\objects\items\storage\book.dm:244:error: SS.icon_state: undefined type: /obj/item/soulstone
code\game\objects\items\storage\book.dm:245:error: iscultist: undefined proc
code\game\objects\items\storage\book.dm:247:error: SS: undefined type: /obj/item/soulstone
code\game\objects\items\storage\book.dm:250:error: SS: undefined type: /obj/item/soulstone
code\game\objects\items\storage\book.dm:251:error: /obj/item/nullrod/scythe/talking: undefined type path
code\game\objects\items\storage\book.dm:253:error: sword: undefined type: /obj/item/nullrod/scythe/talking
code\game\objects\items\storage\book.dm:255:error: sword: undefined type: /obj/item/nullrod/scythe/talking
code\game\objects\items\storage\book.dm:257:error: sword.contents: undefined type: /obj/item/nullrod/scythe/talking
code\game\objects\items\storage\book.dm:260:error: sword.possessed: undefined type: /obj/item/nullrod/scythe/talking
code\game\objects\items\storage\book.dm:261:error: sword.name: undefined type: /obj/item/nullrod/scythe/talking
code\game\objects\items\storage\book.dm:261:error: sword.name: undefined type: /obj/item/nullrod/scythe/talking
code\game\objects\items\storage\book.dm:262:error: sword.status_traits: undefined type: /obj/item/nullrod/scythe/talking
code\game\objects\items\storage\book.dm:262:error: sword.comp_lookup: undefined type: /obj/item/nullrod/scythe/talking
code\game\objects\items\storage\book.dm:262:error: sword.comp_lookup: undefined type: /obj/item/nullrod/scythe/talking
code\game\objects\items\storage\book.dm:262:error: sword: undefined type: /obj/item/nullrod/scythe/talking
code\game\objects\items\storage\book.dm:262:error: sword._SendSignal: undefined type: /obj/item/nullrod/scythe/talking
code\game\objects\items\storage\book.dm:262:error: sword.status_traits: undefined type: /obj/item/nullrod/scythe/talking
code\game\objects\items\storage\book.dm:263:error: sword: undefined type: /obj/item/nullrod/scythe/talking
code\game\objects\items\storage\book.dm:264:error: sword: undefined type: /obj/item/nullrod/scythe/talking
code\game\objects\items\storage\firstaid.dm:72:error: /obj/item/dnainjector: undefined type path
code\game\objects\items\storage\firstaid.dm:117:error: /obj/item/pinpointer/crew: undefined type path
code\game\objects\items\storage\firstaid.dm:312:error: /obj/item/bodypart/l_arm/robot: undefined type path
code\game\objects\items\storage\firstaid.dm:312:error: /obj/item/bodypart/r_arm/robot: undefined type path
code\game\objects\items\storage\firstaid.dm:322:error: A.set_skin: undefined type: /obj/item/bot_assembly/medbot
code\game\objects\items\storage\firstaid.dm:324:error: A.set_skin: undefined type: /obj/item/bot_assembly/medbot
code\game\objects\items\storage\firstaid.dm:326:error: A.set_skin: undefined type: /obj/item/bot_assembly/medbot
code\game\objects\items\storage\firstaid.dm:328:error: A.set_skin: undefined type: /obj/item/bot_assembly/medbot
code\game\objects\items\storage\firstaid.dm:330:error: A.set_skin: undefined type: /obj/item/bot_assembly/medbot
code\game\objects\items\storage\firstaid.dm:331:error: A: undefined type: /obj/item/bot_assembly/medbot
code\game\objects\items\storage\firstaid.dm:333:error: A.robot_arm: undefined type: /obj/item/bot_assembly/medbot
code\game\objects\items\storage\firstaid.dm:334:error: A.firstaid: undefined type: /obj/item/bot_assembly/medbot
code\game\objects\items\storage\firstaid.dm:644:error: /obj/item/plunger: undefined type path
code\game\objects\items\storage\lockbox.dm:76:error: /obj/item/implantcase/mindshield: undefined type path
code\game\objects\items\storage\lockbox.dm:77:error: /obj/item/implanter/mindshield: undefined type path
code\game\objects\items\storage\toolbox.dm:111:error: TC: undefined type: /obj/item/stack/telecrystal
code\game\objects\items\storage\toolbox.dm:112:error: TC.amount: undefined type: /obj/item/stack/telecrystal
code\game\objects\items\storage\toolbox.dm:145:error: /obj/item/stack/cable_coil: undefined type path
code\game\objects\items\storage\toolbox.dm:146:error: /obj/item/stack/cable_coil: undefined type path
code\game\objects\items\storage\toolbox.dm:150:error: /obj/item/stack/cable_coil: undefined type path
code\game\objects\items\storage\toolbox.dm:186:error: /obj/item/stack/cable_coil: undefined type path
code\game\objects\items\storage\toolbox.dm:207:error: /obj/item/stack/pipe_cleaner_coil/red: undefined type path
code\game\objects\items\storage\toolbox.dm:208:error: /obj/item/stack/pipe_cleaner_coil/yellow: undefined type path
code\game\objects\items\storage\toolbox.dm:209:error: /obj/item/stack/pipe_cleaner_coil/blue: undefined type path
code\game\objects\items\storage\toolbox.dm:210:error: /obj/item/stack/pipe_cleaner_coil/green: undefined type path
code\game\objects\items\storage\toolbox.dm:211:error: /obj/item/stack/pipe_cleaner_coil/pink: undefined type path
code\game\objects\items\storage\toolbox.dm:212:error: /obj/item/stack/pipe_cleaner_coil/orange: undefined type path
code\game\objects\items\storage\toolbox.dm:213:error: /obj/item/stack/pipe_cleaner_coil/cyan: undefined type path
code\game\objects\items\storage\toolbox.dm:214:error: /obj/item/stack/pipe_cleaner_coil/white: undefined type path
code\game\objects\items\storage\toolbox.dm:299:error: B.toolbox: undefined type: /obj/item/bot_assembly/floorbot
code\game\objects\items\storage\toolbox.dm:300:error: B.toolbox: undefined type: /obj/item/bot_assembly/floorbot
code\game\objects\items\storage\toolbox.dm:302:error: B.toolbox_color: undefined type: /obj/item/bot_assembly/floorbot
code\game\objects\items\storage\toolbox.dm:304:error: B.toolbox_color: undefined type: /obj/item/bot_assembly/floorbot
code\game\objects\items\storage\toolbox.dm:306:error: B.toolbox_color: undefined type: /obj/item/bot_assembly/floorbot
code\game\objects\items\storage\toolbox.dm:308:error: B.toolbox_color: undefined type: /obj/item/bot_assembly/floorbot
code\game\objects\items\storage\toolbox.dm:310:error: B.toolbox_color: undefined type: /obj/item/bot_assembly/floorbot
code\game\objects\items\storage\toolbox.dm:311:error: B: undefined type: /obj/item/bot_assembly/floorbot
code\game\objects\items\storage\toolbox.dm:312:error: B.update_icon: undefined type: /obj/item/bot_assembly/floorbot
code\game\objects\items\storage\wallets.dm:20:error: /obj/item/holochip: undefined type path
code\game\objects\items\storage\wallets.dm:124:error: /obj/item/holochip: undefined type path
code\game\objects\items\apc_frame.dm:107:error: /obj/item/stack/cable_coil: undefined type path
code\game\objects\items\grenades\chem_grenade.dm:94:error: /obj/item/stack/cable_coil: undefined type path
code\game\objects\items\grenades\chem_grenade.dm:120:error: /obj/item/stack/cable_coil: undefined type path
code\game\objects\items\grenades\plastic.dm:122:error: /datum/antagonist/nukeop: undefined type path
code\game\objects\items\grenades\plastic.dm:124:error: /datum/antagonist/changeling: undefined type path
code\game\objects\items\grenades\plastic.dm:126:error: /datum/antagonist/cult: undefined type path
code\game\objects\items\grenades\plastic.dm:128:error: /datum/antagonist/rev: undefined type path
code\game\objects\items\grenades\plastic.dm:130:error: /datum/antagonist/brother: undefined type path
code\game\objects\items\grenades\plastic.dm:132:error: /datum/antagonist/ninja: undefined type path
code\game\objects\items\grenades\plastic.dm:134:error: /datum/antagonist/fugitive: undefined type path
code\game\objects\items\grenades\plastic.dm:136:error: /datum/antagonist/ashwalker: undefined type path
code\game\objects\items\grenades\plastic.dm:140:error: /datum/antagonist/pirate: undefined type path
code\game\objects\items\grenades\plastic.dm:142:error: /datum/antagonist/wizard: undefined type path
code\game\objects\items\grenades\smokebomb.dm:30:error: B: undefined type: /obj/structure/blob
code\game\objects\items\grenades\smokebomb.dm:31:error: B: undefined type: /obj/structure/blob
code\game\objects\items\grenades\smokebomb.dm:32:error: B.take_damage: undefined type: /obj/structure/blob
code\game\objects\items\grenades\spawnergrenade.dm:36:error: /mob/living/simple_animal/hostile/carp: undefined type path
code\game\objects\items\grenades\spawnergrenade.dm:55:error: /mob/living/simple_animal/hostile/retaliate/clown/fleshclown: undefined type path
code\game\objects\items\grenades\spawnergrenade.dm:55:error: /mob/living/simple_animal/hostile/retaliate/clown/clownhulk: undefined type path
code\game\objects\items\grenades\spawnergrenade.dm:55:error: /mob/living/simple_animal/hostile/retaliate/clown/longface: undefined type path
code\game\objects\items\grenades\spawnergrenade.dm:55:error: /mob/living/simple_animal/hostile/retaliate/clown/clownhulk/chlown: undefined type path
code\game\objects\items\grenades\spawnergrenade.dm:55:error: /mob/living/simple_animal/hostile/retaliate/clown/clownhulk/honcmunculus: undefined type path
code\game\objects\items\grenades\spawnergrenade.dm:55:error: /mob/living/simple_animal/hostile/retaliate/clown/mutant/glutton: undefined type path
code\game\objects\items\grenades\spawnergrenade.dm:55:error: /mob/living/simple_animal/hostile/retaliate/clown/banana: undefined type path
code\game\objects\items\grenades\spawnergrenade.dm:55:error: /mob/living/simple_animal/hostile/retaliate/clown/honkling: undefined type path
code\game\objects\items\grenades\spawnergrenade.dm:55:error: /mob/living/simple_animal/hostile/retaliate/clown/lube: undefined type path
code\game\objects\items\grenades\spawnergrenade.dm:63:error: /mob/living/simple_animal/hostile/retaliate/clown/mutant: undefined type path
code\game\machinery\syndicatebeacon.dm:143:error: /obj/item/powersink: undefined type path
code\game\machinery\syndicatebomb.dm:355:error: /mob/living/simple_animal/hostile/retaliate/clown: undefined type path
code\game\machinery\syndicatebomb.dm:460:error: /obj/item/stock_parts/matter_bin: undefined type path
code\game\objects\items\stacks\sheets\glass.dm:33:error: /datum/robot_energy_storage/glass: undefined type path
code\game\objects\items\stacks\sheets\glass.dm:48:error: /obj/item/stack/cable_coil: undefined type path
code\game\objects\items\stacks\sheets\glass.dm:153:error: /datum/robot_energy_storage/metal: undefined type path
code\game\objects\items\stacks\sheets\glass.dm:156:error: /datum/robot_energy_storage/glass: undefined type path
code\game\objects\items\stacks\sheets\glass.dm:156:error: =: expected a constant expression
code\game\objects\items\stacks\sheets\glass.dm:161:error: glasource.energy: undefined type: /datum/robot_energy_storage
code\game\objects\items\stacks\sheets\glass.dm:166:error: glasource.use_charge: undefined type: /datum/robot_energy_storage
code\game\objects\items\stacks\sheets\glass.dm:171:error: glasource.add_charge: undefined type: /datum/robot_energy_storage
code\game\objects\items\stacks\sheets\sheet_types.dm:134:error: /datum/robot_energy_storage/metal: undefined type path
code\game\objects\items\stacks\sheets\sheet_types.dm:491:error: /obj/item/stamp/chameleon: undefined type path
code\game\objects\items\stacks\sheets\sheet_types.dm:496:error: /obj/item/storage/box/syndie_kit: undefined type path
code\game\objects\items\stacks\sheets\sheet_types.dm:529:error: iscultist: undefined proc
code\game\objects\items\stacks\sheets\sheet_types.dm:727:error: /datum/material/pizza: undefined type path
code\game\objects\items\stacks\sheets\sheet_types.dm:729:error: /datum/material/pizza: undefined type path
code\game\objects\items\stacks\medical.dm:16:error: /datum/robot_energy_storage/medical: undefined type path
code\game\objects\items\stacks\rods.dm:32:error: /datum/robot_energy_storage/metal: undefined type path
code\game\objects\items\stacks\stack.dm:156:error: source: undefined type: /datum/robot_energy_storage
code\game\objects\items\stacks\stack.dm:156:error: source.energy: undefined var
code\game\objects\items\stacks\stack.dm:392:error: source.energy: undefined type: /datum/robot_energy_storage
code\game\objects\items\stacks\stack.dm:405:error: source.add_charge: undefined type: /datum/robot_energy_storage
code\game\objects\items\stacks\stack.dm:364:error: source.use_charge: undefined type: /datum/robot_energy_storage
code\game\objects\items\stacks\sheets\light.dm:34:error: CC.add_fingerprint: undefined type: /obj/item/stack/cable_coil
code\game\objects\items\stacks\sheets\light.dm:33:error: CC: unknown variable type
code\game\objects\items\stacks\tiles\tile_types.dm:407:error: source: undefined type: /datum/robot_energy_storage
code\game\objects\items\stacks\tiles\tile_types.dm:407:error: /datum/robot_energy_storage/metal: undefined type path
code\modules\mining\equipment\marker_beacons.dm:27:error: source: undefined type: /datum/robot_energy_storage
code\modules\mining\equipment\marker_beacons.dm:27:error: /datum/robot_energy_storage/beacon: undefined type path
code\modules\vtmb\vampire_clane\tzimisce.dm:883:error: /datum/material/pizza: undefined type path
code\game\objects\items\tail_pin.dm:20:error: poster_type: undefined var
code\game\objects\items\blueprints.dm:159:error: /area/hilbertshotel: undefined type path
code\game\objects\items\blueprints.dm:160:error: /area/hilbertshotelstorage: undefined type path
code\modules\mob\living\simple_animal\hostile\headcrab.dm:75:error: /datum/antagonist/changeling: undefined type path
code\modules\mob\living\simple_animal\hostile\headcrab.dm:76:error: C: undefined type: /datum/antagonist/changeling
code\modules\mob\living\simple_animal\hostile\headcrab.dm:77:error: C: undefined type: /datum/antagonist/changeling
code\modules\mob\living\simple_animal\hostile\headcrab.dm:77:error: /datum/antagonist/changeling/xenobio: undefined type path
code\modules\mob\living\simple_animal\hostile\headcrab.dm:78:error: C.can_absorb_dna: undefined type: /datum/antagonist/changeling
code\modules\mob\living\simple_animal\hostile\headcrab.dm:79:error: C.add_new_profile: undefined type: /datum/antagonist/changeling
code\modules\mob\living\simple_animal\hostile\headcrab.dm:82:error: C.purchasedpowers: undefined type: /datum/antagonist/changeling
code\modules\mob\living\simple_animal\hostile\headcrab.dm:82:error: hf: undefined type: /datum/action/changeling/humanform
code\modules\mob\living\simple_animal\hostile\headcrab.dm:83:error: C.regain_powers: undefined type: /datum/antagonist/changeling
code\modules\mob\living\brain\brain_item.dm:42:error: /datum/antagonist/changeling: undefined type path
code\modules\surgery\organs\appendix.dm:36:error: A: undefined type: /datum/disease/appendicitis
code\modules\surgery\organs\appendix.dm:37:error: A.cure: undefined type: /datum/disease/appendicitis
code\modules\surgery\organs\appendix.dm:45:error: /datum/disease/appendicitis: undefined type path
code\modules\surgery\organs\appendix.dm:45:error: M.ForceContractDisease: undefined proc
code\modules\surgery\organs\augments_arms.dm:221:error: /obj/item/melee/transforming/energy/blade/hardlight: undefined type path
code\modules\surgery\organs\augments_arms.dm:253:error: /obj/item/borg/stun: undefined type path
code\modules\surgery\organs\augments_arms.dm:258:error: /obj/item/melee/transforming/energy/blade/hardlight: undefined type path
code\modules\surgery\organs\augments_arms.dm:258:error: /obj/item/borg/stun: undefined type path
code\modules\zombie\organs.dm:33:error: /datum/species/zombie: undefined type path
code\modules\zombie\organs.dm:50:error: /datum/species/zombie: undefined type path
code\modules\zombie\organs.dm:62:error: /datum/species/zombie: undefined type path
code\modules\zombie\organs.dm:76:error: /datum/species/zombie: undefined type path
code\modules\zombie\organs.dm:78:error: /datum/species/zombie/infectious: undefined type path
code\game\objects\items\broom.dm:81:error: /obj/machinery/disposal/bin: undefined type path
code\game\objects\items\broom.dm:84:error: target_bin: undefined type: /obj/machinery/disposal/bin
code\game\objects\items\broom.dm:85:error: target_bin: undefined type: /obj/machinery/disposal/bin
code\game\objects\items\broom.dm:92:error: target_bin: undefined type: /obj/machinery/disposal/bin
code\game\objects\items\broom.dm:93:error: target_bin.update_icon: undefined type: /obj/machinery/disposal/bin
code\game\objects\items\broom.dm:94:error: target_bin: undefined type: /obj/machinery/disposal/bin
code\game\objects\items\cards_ids.dm:121:error: /obj/item/holochip: undefined type path
code\game\objects\items\clown_items.dm:85:error: /obj/structure/chrono_field: undefined type path
code\modules\food_and_drinks\drinks\drinks.dm:61:error: malady.spread_flags: undefined var
code\modules\food_and_drinks\drinks\drinks.dm:61:error: DISEASE_SPREAD_CONTACT_FLUIDS: undefined var
code\modules\food_and_drinks\drinks\drinks.dm:64:error: /datum/component/infective: undefined type path
code\modules\food_and_drinks\drinks\drinks.dm:95:error: bro.cell.use: undefined var
code\modules\reagents\reagent_containers\bottle.dm:217:error: /datum/disease/advance/random: undefined type path
code\modules\reagents\reagent_containers\bottle.dm:222:error: /datum/disease/pierrot_throat: undefined type path
code\modules\reagents\reagent_containers\bottle.dm:227:error: /datum/disease/advance/cold: undefined type path
code\modules\reagents\reagent_containers\bottle.dm:232:error: /datum/disease/advance/flu: undefined type path
code\modules\reagents\reagent_containers\bottle.dm:237:error: /datum/disease/dna_retrovirus: undefined type path
code\modules\reagents\reagent_containers\bottle.dm:243:error: /datum/disease/gbs: undefined type path
code\modules\reagents\reagent_containers\bottle.dm:248:error: /datum/disease/fake_gbs: undefined type path
code\modules\reagents\reagent_containers\bottle.dm:254:error: /datum/disease/brainrot: undefined type path
code\modules\reagents\reagent_containers\bottle.dm:259:error: /datum/disease/magnitis: undefined type path
code\modules\reagents\reagent_containers\bottle.dm:264:error: /datum/disease/wizarditis: undefined type path
code\modules\reagents\reagent_containers\bottle.dm:269:error: /datum/disease/anxiety: undefined type path
code\modules\reagents\reagent_containers\bottle.dm:274:error: /datum/disease/beesease: undefined type path
code\modules\reagents\reagent_containers\bottle.dm:279:error: /datum/disease/fluspanish: undefined type path
code\modules\reagents\reagent_containers\bottle.dm:284:error: /datum/disease/tuberculosis: undefined type path
code\modules\reagents\reagent_containers\glass.dm:61:error: malady.spread_flags: undefined var
code\modules\reagents\reagent_containers\glass.dm:61:error: DISEASE_SPREAD_CONTACT_FLUIDS: undefined var
code\modules\reagents\reagent_containers\glass.dm:64:error: /datum/component/infective: undefined type path
code\modules\reagents\reagent_containers\glass.dm:280:error: /obj/item/bot_assembly/cleanbot: undefined type path
code\modules\reagents\reagent_containers\spray.dm:29:error: /obj/machinery/hydroponics: undefined type path
code\game\objects\items\crayons.dm:478:error: user_gang.my_gang: undefined type: /datum/antagonist/gang
code\game\objects\items\crayons.dm:494:error: user_gang.my_gang: undefined type: /datum/antagonist/gang
code\game\objects\items\crayons.dm:495:error: user_gang.gang_id: undefined type: /datum/antagonist/gang
code\game\objects\items\crayons.dm:808:error: borgy.cell: undefined var
code\game\objects\items\crayons.dm:809:error: borgy.cell.use: undefined var
code\game\objects\items\crayons.dm:337:error: /datum/antagonist/gang: undefined type path
code\game\objects\items\plushes.dm:20:error: /obj/item/toy/plush/carpplushie/dehy_carp: undefined type path
code\game\objects\items\plushes.dm:222:error: /datum/award/achievement/misc/rule8: undefined type path
code\game\objects\items\toy_mechs.dm:101:error: /datum/mutation/human/telekinesis: undefined type path
code\game\objects\items\toy_mechs.dm:110:error: /datum/mutation/human/telekinesis: undefined type path
code\game\objects\items\toy_mechs.dm:116:error: /datum/mutation/human/telekinesis: undefined type path
code\game\objects\items\toys.dm:597:error: generate_ion_law: undefined proc
code\game\objects\items\defib.dm:664:error: R.emagged: undefined var
code\game\objects\items\extinguisher.dm:60:error: /datum/component/container_item/tank_holder: undefined type path
code\game\objects\items\extinguisher.dm:261:error: /obj/item/bodypart/l_arm/robot: undefined type path
code\game\objects\items\extinguisher.dm:261:error: /obj/item/bodypart/r_arm/robot: undefined type path
code\game\objects\items\extinguisher.dm:265:error: /obj/item/bot_assembly/firebot: undefined type path
code\modules\assembly\doorcontrol.dm:156:error: M: undefined type: /obj/machinery/flasher
code\modules\assembly\doorcontrol.dm:157:error: M.id: undefined type: /obj/machinery/flasher
code\modules\assembly\doorcontrol.dm:158:error: M: undefined type: /obj/machinery/flasher
code\modules\assembly\doorcontrol.dm:158:error: /obj/machinery/flasher.proc/flash: undefined type path
code\modules\assembly\flash.dm:149:error: /datum/antagonist/rev/head: undefined type path
code\modules\assembly\flash.dm:152:error: converter: undefined type: /datum/antagonist/rev/head
code\modules\assembly\flash.dm:161:error: converter: undefined type: /datum/antagonist/rev/head
code\modules\assembly\flash.dm:289:error: /datum/antagonist/rev/head: undefined type path
code\modules\assembly\flash.dm:290:error: converter.add_revolutionary: undefined type: /datum/antagonist/rev/head
code\modules\assembly\infrared.dm:106:error: /obj/item/transfer_valve: undefined type path
code\modules\assembly\mousetrap.dm:65:error: /mob/living/simple_animal/hostile/rat: undefined type path
code\modules\assembly\mousetrap.dm:68:error: ratt.apply_damage: undefined type: /mob/living/simple_animal/hostile/rat
code\modules\assembly\mousetrap.dm:69:error: ratt.Stun: undefined type: /mob/living/simple_animal/hostile/rat
code\modules\assembly\mousetrap.dm:70:error: /mob/living/simple_animal/hostile/regalrat: undefined type path
code\modules\assembly\mousetrap.dm:121:error: /mob/living/simple_animal/hostile/rat: undefined type path
code\modules\assembly\mousetrap.dm:121:error: /mob/living/simple_animal/hostile/regalrat: undefined type path
code\modules\assembly\signaler.dm:152:error: /obj/item/transfer_valve: undefined type path
code\modules\assembly\timer.dm:114:error: /obj/item/transfer_valve: undefined type path
code\game\objects\items\gift.dm:67:error: /obj/item/poster/random_contraband: undefined type path
code\game\objects\items\gift.dm:76:error: /obj/item/paicard: undefined type path
code\game\objects\items\granters.dm:128:error: iswizard: undefined proc
code\game\objects\items\granters.dm:263:error: /obj/effect/proc_holder/spell/pointed/barnyardcurse: undefined type path
code\game\objects\items\granters.dm:364:error: /datum/martial_art/the_sleeping_carp: undefined type path
code\game\objects\items\granters.dm:384:error: /datum/martial_art/plasma_fist: undefined type path
code\game\objects\items\granters.dm:402:error: /datum/martial_art/plasma_fist/nobomb: undefined type path
code\modules\aquarium\misc.dm:75:error: sanitize_css_class_name: undefined proc
code\game\objects\items\holosign_creator.dm:18:error: /obj/structure/holosign/wetsign: undefined type path
code\game\objects\items\holosign_creator.dm:18:error: =: expected a constant expression
code\game\objects\items\holosign_creator.dm:33:error: target_holosign: undefined type: /obj/structure/holosign
code\game\objects\items\holosign_creator.dm:34:error: target_holosign: undefined type: /obj/structure/holosign
code\game\objects\items\holosign_creator.dm:35:error: target_holosign: undefined type: /obj/structure/holosign
code\game\objects\items\holosign_creator.dm:56:error: target_holosign: undefined type: /obj/structure/holosign
code\game\objects\items\holosign_creator.dm:57:error: target_holosign: undefined type: /obj/structure/holosign
code\game\objects\items\holosign_creator.dm:71:error: /obj/structure/holosign/barrier/wetsign: undefined type path
code\game\objects\items\holosign_creator.dm:79:error: /obj/structure/holosign/barrier: undefined type path
code\game\objects\items\holosign_creator.dm:87:error: /obj/structure/holosign/barrier/engineering: undefined type path
code\game\objects\items\holosign_creator.dm:95:error: /obj/structure/holosign/barrier/atmos: undefined type path
code\game\objects\items\holosign_creator.dm:103:error: /obj/structure/holosign/barrier/medical: undefined type path
code\game\objects\items\holosign_creator.dm:112:error: /obj/structure/holosign/barrier/cyborg: undefined type path
code\game\objects\items\holosign_creator.dm:121:error: /obj/structure/holosign/barrier/cyborg: undefined type path
code\game\objects\items\holosign_creator.dm:127:error: R.emagged: undefined var
code\game\objects\items\holosign_creator.dm:129:error: /obj/structure/holosign/barrier/cyborg/hacked: undefined type path
code\game\objects\items\miscellaneous.dm:328:error: /datum/component/container_item/tank_holder: undefined type path
code\game\objects\items\weaponry.dm:102:error: nuke_disk: undefined type: /obj/item/disk/nuclear
code\game\objects\items\weaponry.dm:103:error: nuke_disk.forceMove: undefined type: /obj/item/disk/nuclear
code\game\objects\items\weaponry.dm:104:error: nuke_disk.visible_message: undefined type: /obj/item/disk/nuclear
code\game\objects\items\weaponry.dm:105:error: nuke_disk: undefined type: /obj/item/disk/nuclear
code\game\objects\items\weaponry.dm:132:error: nuke_disk: undefined type: /obj/item/disk/nuclear
code\game\objects\items\weaponry.dm:221:error: kiltkit.loc: undefined type: /obj/item/robot_model
code\game\objects\items\stunbaton.dm:222:error: R.cell: undefined var
code\game\objects\items\stunbaton.dm:222:error: R.cell.use: undefined var
code\game\objects\items\melee\misc.dm:451:error: shard: undefined type: /obj/machinery/power/supermatter_crystal
code\game\objects\items\melee\misc.dm:451:error: /obj/machinery/power/supermatter_crystal: undefined type path
code\game\objects\items\melee\misc.dm:452:error: shard.countdown: undefined type: /obj/machinery/power/supermatter_crystal
code\game\objects\items\melee\misc.dm:453:error: shard.countdown: undefined type: /obj/machinery/power/supermatter_crystal
code\game\objects\items\melee\misc.dm:508:error: shard.Bumped: undefined type: /obj/machinery/power/supermatter_crystal
code\game\objects\items\melee\misc.dm:512:error: shard.Consume: undefined type: /obj/machinery/power/supermatter_crystal
code\game\objects\items\melee\misc.dm:514:error: shard.Bumped: undefined type: /obj/machinery/power/supermatter_crystal
code\game\objects\items\melee\misc.dm:526:error: shard.Consume: undefined type: /obj/machinery/power/supermatter_crystal
code\game\objects\items\melee\misc.dm:573:error: /obj/singularity: undefined type path
code\game\objects\items\melee\misc.dm:573:error: /obj/energy_ball: undefined type path
code\game\objects\items\melee\misc.dm:573:error: /obj/machinery/power/supermatter_crystal: undefined type path
code\game\objects\items\melee\misc.dm:640:error: /obj/singularity: undefined type path
code\modules\mining\lavaland\necropolis_chests.dm:786:error: /mob/living/simple_animal/hostile/asteroid/elite: undefined type path
code\modules\vtmb\chi_disciplines.dm:398:error: tank: undefined var
code\modules\vtmb\chi_disciplines.dm:400:error: updateTank: undefined proc
code\game\objects\items\theft_tools.dm:128:error: attack_tk: undefined proc
code\game\objects\items\theft_tools.dm:282:error: /obj/singularity: undefined type path
code\game\objects\items\toys.dm:453:error: two_hand_force: undefined var
code\game\objects\items\wayfinding.dm:255:error: active: undefined var
code\game\objects\items\wayfinding.dm:256:error: toggle_on: undefined proc
code\game\objects\items\wayfinding.dm:276:error: target: undefined var
code\game\objects\items\wayfinding.dm:277:error: toggle_on: undefined proc
code\game\objects\items\wayfinding.dm:283:error: target: undefined var
code\game\objects\items\wayfinding.dm:284:error: target: undefined var
code\game\objects\items\wayfinding.dm:293:error: target: undefined var
code\game\objects\items\wayfinding.dm:294:error: active: undefined var
code\game\objects\items\wayfinding.dm:292:error: scan_for_target: undefined proc
code\game\objects\items\weaponry.dm:263:error: /datum/brain_trauma/magic/stalker: undefined type path
code\game\objects\items\weaponry.dm:805:error: /datum/award/achievement/misc/gottem: undefined type path
code\game\objects\items\weaponry.dm:884:error: /datum/mutation/human/hulk: undefined type path
code\game\objects\items\weaponry.dm:919:error: /datum/mutation/human/hulk: undefined type path
code\game\objects\items\circuitboards\machine_circuitboards.dm:6:error: /obj/machinery/bsa/back: undefined type path
code\game\objects\items\circuitboards\machine_circuitboards.dm:8:error: /obj/item/stock_parts/capacitor/quadratic: undefined type path
code\game\objects\items\circuitboards\machine_circuitboards.dm:9:error: /obj/item/stack/cable_coil: undefined type path
code\game\objects\items\circuitboards\machine_circuitboards.dm:14:error: /obj/machinery/bsa/front: undefined type path
code\game\objects\items\circuitboards\machine_circuitboards.dm:16:error: /obj/item/stock_parts/manipulator/femto: undefined type path
code\game\objects\items\circuitboards\machine_circuitboards.dm:17:error: /obj/item/stack/cable_coil: undefined type path
code\game\objects\items\circuitboards\machine_circuitboards.dm:22:error: /obj/machinery/bsa/middle: undefined type path
code\game\objects\items\circuitboards\machine_circuitboards.dm:25:error: /obj/item/stack/cable_coil: undefined type path
code\game\objects\items\circuitboards\machine_circuitboards.dm:30:error: /obj/machinery/dna_vault: undefined type path
code\game\objects\items\circuitboards\machine_circuitboards.dm:32:error: /obj/item/stock_parts/capacitor/super: undefined type path
code\game\objects\items\circuitboards\machine_circuitboards.dm:33:error: /obj/item/stock_parts/manipulator/pico: undefined type path
code\game\objects\items\circuitboards\machine_circuitboards.dm:34:error: /obj/item/stack/cable_coil: undefined type path
code\game\objects\items\circuitboards\machine_circuitboards.dm:43:error: /obj/item/stack/cable_coil: undefined type path
code\game\objects\items\circuitboards\machine_circuitboards.dm:51:error: /obj/item/stock_parts/matter_bin: undefined type path
code\game\objects\items\circuitboards\machine_circuitboards.dm:52:error: /obj/item/stock_parts/manipulator: undefined type path
code\game\objects\items\circuitboards\machine_circuitboards.dm:58:error: /obj/machinery/power/grounding_rod: undefined type path
code\game\objects\items\circuitboards\machine_circuitboards.dm:59:error: /obj/item/stock_parts/capacitor: undefined type path
code\game\objects\items\circuitboards\machine_circuitboards.dm:68:error: /obj/item/stock_parts/manipulator: undefined type path
code\game\objects\items\circuitboards\machine_circuitboards.dm:69:error: /obj/item/stack/cable_coil: undefined type path
code\game\objects\items\circuitboards\machine_circuitboards.dm:70:error: /obj/item/stock_parts/subspace/filter: undefined type path
code\game\objects\items\circuitboards\machine_circuitboards.dm:71:error: /obj/item/stock_parts/subspace/crystal: undefined type path
code\game\objects\items\circuitboards\machine_circuitboards.dm:72:error: /obj/item/stock_parts/micro_laser: undefined type path
code\game\objects\items\circuitboards\machine_circuitboards.dm:79:error: /obj/item/stock_parts/manipulator: undefined type path
code\game\objects\items\circuitboards\machine_circuitboards.dm:80:error: /obj/item/stack/cable_coil: undefined type path
code\game\objects\items\circuitboards\machine_circuitboards.dm:81:error: /obj/item/stock_parts/subspace/filter: undefined type path
code\game\objects\items\circuitboards\machine_circuitboards.dm:88:error: /obj/item/stock_parts/manipulator: undefined type path
code\game\objects\items\circuitboards\machine_circuitboards.dm:89:error: /obj/item/stack/cable_coil: undefined type path
code\game\objects\items\circuitboards\machine_circuitboards.dm:90:error: /obj/item/stock_parts/subspace/filter: undefined type path
code\game\objects\items\circuitboards\machine_circuitboards.dm:97:error: /obj/item/stock_parts/manipulator: undefined type path
code\game\objects\items\circuitboards\machine_circuitboards.dm:98:error: /obj/item/stack/cable_coil: undefined type path
code\game\objects\items\circuitboards\machine_circuitboards.dm:99:error: /obj/item/stock_parts/subspace/filter: undefined type path
code\game\objects\items\circuitboards\machine_circuitboards.dm:106:error: /obj/item/stock_parts/manipulator: undefined type path
code\game\objects\items\circuitboards\machine_circuitboards.dm:107:error: /obj/item/stock_parts/subspace/filter: undefined type path
code\game\objects\items\circuitboards\machine_circuitboards.dm:108:error: /obj/item/stock_parts/subspace/treatment: undefined type path
code\game\objects\items\circuitboards\machine_circuitboards.dm:109:error: /obj/item/stock_parts/subspace/analyzer: undefined type path
code\game\objects\items\circuitboards\machine_circuitboards.dm:110:error: /obj/item/stack/cable_coil: undefined type path
code\game\objects\items\circuitboards\machine_circuitboards.dm:111:error: /obj/item/stock_parts/subspace/amplifier: undefined type path
code\game\objects\items\circuitboards\machine_circuitboards.dm:118:error: /obj/item/stock_parts/subspace/ansible: undefined type path
code\game\objects\items\circuitboards\machine_circuitboards.dm:119:error: /obj/item/stock_parts/subspace/filter: undefined type path
code\game\objects\items\circuitboards\machine_circuitboards.dm:120:error: /obj/item/stock_parts/manipulator: undefined type path
code\game\objects\items\circuitboards\machine_circuitboards.dm:121:error: /obj/item/stock_parts/micro_laser: undefined type path
code\game\objects\items\circuitboards\machine_circuitboards.dm:128:error: /obj/item/stock_parts/manipulator: undefined type path
code\game\objects\items\circuitboards\machine_circuitboards.dm:129:error: /obj/item/stack/cable_coil: undefined type path
code\game\objects\items\circuitboards\machine_circuitboards.dm:130:error: /obj/item/stock_parts/subspace/filter: undefined type path
code\game\objects\items\circuitboards\machine_circuitboards.dm:137:error: /obj/item/stock_parts/manipulator: undefined type path
code\game\objects\items\circuitboards\machine_circuitboards.dm:138:error: /obj/item/stack/cable_coil: undefined type path
code\game\objects\items\circuitboards\machine_circuitboards.dm:139:error: /obj/item/stock_parts/subspace/filter: undefined type path
code\game\objects\items\circuitboards\machine_circuitboards.dm:145:error: /obj/machinery/power/tesla_coil: undefined type path
code\game\objects\items\circuitboards\machine_circuitboards.dm:146:error: /obj/item/stock_parts/capacitor: undefined type path
code\game\objects\items\circuitboards\machine_circuitboards.dm:153:error: /obj/item/stock_parts/capacitor: undefined type path
code\game\objects\items\circuitboards\machine_circuitboards.dm:167:error: /obj/item/stock_parts/micro_laser: undefined type path
code\game\objects\items\circuitboards\machine_circuitboards.dm:168:error: /obj/item/stock_parts/manipulator: undefined type path
code\game\objects\items\circuitboards\machine_circuitboards.dm:182:error: /obj/item/stack/cable_coil: undefined type path
code\game\objects\items\circuitboards\machine_circuitboards.dm:183:error: /obj/item/stock_parts/subspace/filter: undefined type path
code\game\objects\items\circuitboards\machine_circuitboards.dm:190:error: /obj/item/stock_parts/matter_bin: undefined type path
code\game\objects\items\circuitboards\machine_circuitboards.dm:191:error: /obj/item/stock_parts/micro_laser: undefined type path
code\game\objects\items\circuitboards\machine_circuitboards.dm:192:error: /obj/item/stack/cable_coil: undefined type path
code\game\objects\items\circuitboards\machine_circuitboards.dm:193:error: /obj/item/stock_parts/capacitor: undefined type path
code\game\objects\items\circuitboards\machine_circuitboards.dm:206:error: /obj/item/stack/cable_coil: undefined type path
code\game\objects\items\circuitboards\machine_circuitboards.dm:207:error: /obj/item/stock_parts/manipulator: undefined type path
code\game\objects\items\circuitboards\machine_circuitboards.dm:214:error: /obj/item/stack/cable_coil: undefined type path
code\game\objects\items\circuitboards\machine_circuitboards.dm:215:error: /obj/item/stock_parts/capacitor: undefined type path
code\game\objects\items\circuitboards\machine_circuitboards.dm:220:error: /obj/machinery/rnd/production/protolathe/department/engineering: undefined type path
code\game\objects\items\circuitboards\machine_circuitboards.dm:409:error: /obj/machinery/rnd/production/protolathe/department: undefined type path
code\game\objects\items\circuitboards\machine_circuitboards.dm:713:error: /obj/machinery/rnd/production/protolathe/department/medical: undefined type path
code\game\objects\items\circuitboards\machine_circuitboards.dm:858:error: /obj/machinery/rnd/production/protolathe/department/science: undefined type path
code\game\objects\items\circuitboards\machine_circuitboards.dm:946:error: /obj/machinery/rnd/production/protolathe/department/security: undefined type path
code\game\objects\items\circuitboards\machine_circuitboards.dm:1082:error: /obj/machinery/rnd/production/protolathe/department/service: undefined type path
code\game\objects\items\circuitboards\machine_circuitboards.dm:1149:error: /obj/machinery/rnd/production/protolathe/department/cargo: undefined type path
code\game\objects\items\circuitboards\machine_circuitboards.dm:400:error: /obj/machinery/rnd/production/protolathe: undefined type path
code\game\objects\items\circuitboards\machine_circuitboards.dm:402:error: /obj/item/stock_parts/matter_bin: undefined type path
code\game\objects\items\circuitboards\machine_circuitboards.dm:403:error: /obj/item/stock_parts/manipulator: undefined type path
code\game\objects\items\circuitboards\machine_circuitboards.dm:225:error: /obj/machinery/power/rad_collector: undefined type path
code\game\objects\items\circuitboards\machine_circuitboards.dm:227:error: /obj/item/stack/cable_coil: undefined type path
code\game\objects\items\circuitboards\machine_circuitboards.dm:228:error: /obj/item/stock_parts/matter_bin: undefined type path
code\game\objects\items\circuitboards\machine_circuitboards.dm:230:error: /obj/item/stock_parts/capacitor: undefined type path
code\game\objects\items\circuitboards\machine_circuitboards.dm:231:error: /obj/item/stock_parts/manipulator: undefined type path
code\game\objects\items\circuitboards\machine_circuitboards.dm:237:error: /obj/machinery/power/rtg: undefined type path
code\game\objects\items\circuitboards\machine_circuitboards.dm:239:error: /obj/item/stack/cable_coil: undefined type path
code\game\objects\items\circuitboards\machine_circuitboards.dm:240:error: /obj/item/stock_parts/capacitor: undefined type path
code\game\objects\items\circuitboards\machine_circuitboards.dm:245:error: /obj/machinery/power/rtg/advanced: undefined type path
code\game\objects\items\circuitboards\machine_circuitboards.dm:247:error: /obj/item/stack/cable_coil: undefined type path
code\game\objects\items\circuitboards\machine_circuitboards.dm:248:error: /obj/item/stock_parts/capacitor: undefined type path
code\game\objects\items\circuitboards\machine_circuitboards.dm:249:error: /obj/item/stock_parts/micro_laser: undefined type path
code\game\objects\items\circuitboards\machine_circuitboards.dm:258:error: /obj/item/stock_parts/scanning_module: undefined type path
code\game\objects\items\circuitboards\machine_circuitboards.dm:265:error: /obj/item/stack/cable_coil: undefined type path
code\game\objects\items\circuitboards\machine_circuitboards.dm:267:error: /obj/item/stock_parts/capacitor: undefined type path
code\game\objects\items\circuitboards\machine_circuitboards.dm:272:error: /obj/machinery/rnd/production/techfab/department/engineering: undefined type path
code\game\objects\items\circuitboards\machine_circuitboards.dm:491:error: /obj/machinery/rnd/production/techfab/department: undefined type path
code\game\objects\items\circuitboards\machine_circuitboards.dm:760:error: /obj/machinery/rnd/production/techfab/department/medical: undefined type path
code\game\objects\items\circuitboards\machine_circuitboards.dm:903:error: /obj/machinery/rnd/production/techfab/department/science: undefined type path
code\game\objects\items\circuitboards\machine_circuitboards.dm:958:error: /obj/machinery/rnd/production/techfab/department/security: undefined type path
code\game\objects\items\circuitboards\machine_circuitboards.dm:1105:error: /obj/machinery/rnd/production/techfab/department/service: undefined type path
code\game\objects\items\circuitboards\machine_circuitboards.dm:1170:error: /obj/machinery/rnd/production/techfab/department/cargo: undefined type path
code\game\objects\items\circuitboards\machine_circuitboards.dm:483:error: /obj/machinery/rnd/production/techfab: undefined type path
code\game\objects\items\circuitboards\machine_circuitboards.dm:485:error: /obj/item/stock_parts/matter_bin: undefined type path
code\game\objects\items\circuitboards\machine_circuitboards.dm:486:error: /obj/item/stock_parts/manipulator: undefined type path
code\game\objects\items\circuitboards\machine_circuitboards.dm:280:error: /obj/item/stock_parts/matter_bin: undefined type path
code\game\objects\items\circuitboards\machine_circuitboards.dm:281:error: /obj/item/stock_parts/micro_laser: undefined type path
code\game\objects\items\circuitboards\machine_circuitboards.dm:282:error: /obj/item/stack/cable_coil: undefined type path
code\game\objects\items\circuitboards\machine_circuitboards.dm:321:error: /obj/item/stack/cable_coil: undefined type path
code\game\objects\items\circuitboards\machine_circuitboards.dm:337:error: /obj/item/stack/cable_coil: undefined type path
code\game\objects\items\circuitboards\machine_circuitboards.dm:346:error: /obj/machinery/rnd/production/circuit_imprinter: undefined type path
code\game\objects\items\circuitboards\machine_circuitboards.dm:348:error: /obj/item/stock_parts/matter_bin: undefined type path
code\game\objects\items\circuitboards\machine_circuitboards.dm:349:error: /obj/item/stock_parts/manipulator: undefined type path
code\game\objects\items\circuitboards\machine_circuitboards.dm:355:error: /obj/machinery/rnd/production/circuit_imprinter/department: undefined type path
code\game\objects\items\circuitboards\machine_circuitboards.dm:767:error: /obj/machinery/rnd/production/circuit_imprinter/department/science: undefined type path
code\game\objects\items\circuitboards\machine_circuitboards.dm:360:error: /obj/machinery/holopad: undefined type path
code\game\objects\items\circuitboards\machine_circuitboards.dm:361:error: /obj/item/stock_parts/capacitor: undefined type path
code\game\objects\items\circuitboards\machine_circuitboards.dm:368:error: /obj/machinery/holopad: undefined type path
code\game\objects\items\circuitboards\machine_circuitboards.dm:371:error: /obj/machinery/holopad/secure: undefined type path
code\game\objects\items\circuitboards\machine_circuitboards.dm:385:error: /obj/machinery/launchpad: undefined type path
code\game\objects\items\circuitboards\machine_circuitboards.dm:388:error: /obj/item/stock_parts/manipulator: undefined type path
code\game\objects\items\circuitboards\machine_circuitboards.dm:416:error: /obj/item/stock_parts/manipulator: undefined type path
code\game\objects\items\circuitboards\machine_circuitboards.dm:422:error: /obj/item/stock_parts/matter_bin: undefined type path
code\game\objects\items\circuitboards\machine_circuitboards.dm:460:error: /obj/machinery/space_heater: undefined type path
code\game\objects\items\circuitboards\machine_circuitboards.dm:462:error: /obj/item/stock_parts/micro_laser: undefined type path
code\game\objects\items\circuitboards\machine_circuitboards.dm:463:error: /obj/item/stock_parts/capacitor: undefined type path
code\game\objects\items\circuitboards\machine_circuitboards.dm:464:error: /obj/item/stack/cable_coil: undefined type path
code\game\objects\items\circuitboards\machine_circuitboards.dm:470:error: /obj/machinery/electrolyzer: undefined type path
code\game\objects\items\circuitboards\machine_circuitboards.dm:472:error: /obj/item/stock_parts/electrolite: undefined type path
code\game\objects\items\circuitboards\machine_circuitboards.dm:473:error: /obj/item/stock_parts/capacitor: undefined type path
code\game\objects\items\circuitboards\machine_circuitboards.dm:474:error: /obj/item/stack/cable_coil: undefined type path
code\game\objects\items\circuitboards\machine_circuitboards.dm:532:error: /obj/machinery/vending/hydronutrients: undefined type path
code\game\objects\items\circuitboards\machine_circuitboards.dm:533:error: /obj/machinery/vending/hydroseeds: undefined type path
code\game\objects\items\circuitboards\machine_circuitboards.dm:537:error: /obj/machinery/vending/robotics: undefined type path
code\game\objects\items\circuitboards\machine_circuitboards.dm:540:error: /obj/machinery/vending/security: undefined type path
code\game\objects\items\circuitboards\machine_circuitboards.dm:541:error: /obj/machinery/vending/modularpc: undefined type path
code\game\objects\items\circuitboards\machine_circuitboards.dm:587:error: /obj/item/stock_parts/card_reader: undefined type path
code\game\objects\items\circuitboards\machine_circuitboards.dm:588:error: /obj/item/stock_parts/scanning_module: undefined type path
code\game\objects\items\circuitboards\machine_circuitboards.dm:589:error: /obj/item/stock_parts/micro_laser: undefined type path
code\game\objects\items\circuitboards\machine_circuitboards.dm:597:error: /obj/item/stock_parts/card_reader: undefined type path
code\game\objects\items\circuitboards\machine_circuitboards.dm:598:error: /obj/item/stock_parts/scanning_module: undefined type path
code\game\objects\items\circuitboards\machine_circuitboards.dm:606:error: /obj/machinery/chem_dispenser: undefined type path
code\game\objects\items\circuitboards\machine_circuitboards.dm:608:error: /obj/item/stock_parts/matter_bin: undefined type path
code\game\objects\items\circuitboards\machine_circuitboards.dm:609:error: /obj/item/stock_parts/capacitor: undefined type path
code\game\objects\items\circuitboards\machine_circuitboards.dm:610:error: /obj/item/stock_parts/manipulator: undefined type path
code\game\objects\items\circuitboards\machine_circuitboards.dm:619:error: /obj/machinery/chem_dispenser/abductor: undefined type path
code\game\objects\items\circuitboards\machine_circuitboards.dm:975:error: /obj/machinery/chem_dispenser/drinks: undefined type path
code\game\objects\items\circuitboards\machine_circuitboards.dm:980:error: /obj/machinery/chem_dispenser/drinks/beer: undefined type path
code\game\objects\items\circuitboards\machine_circuitboards.dm:626:error: /obj/machinery/chem_heater: undefined type path
code\game\objects\items\circuitboards\machine_circuitboards.dm:628:error: /obj/item/stock_parts/micro_laser: undefined type path
code\game\objects\items\circuitboards\machine_circuitboards.dm:634:error: /obj/machinery/chem_master: undefined type path
code\game\objects\items\circuitboards\machine_circuitboards.dm:638:error: /obj/item/stock_parts/manipulator: undefined type path
code\game\objects\items\circuitboards\machine_circuitboards.dm:645:error: /obj/machinery/chem_master: undefined type path
code\game\objects\items\circuitboards\machine_circuitboards.dm:647:error: /obj/machinery/chem_master: undefined type path
code\game\objects\items\circuitboards\machine_circuitboards.dm:649:error: /obj/machinery/chem_master/condimaster: undefined type path
code\game\objects\items\circuitboards\machine_circuitboards.dm:985:error: /obj/machinery/chem_master/condimaster: undefined type path
code\game\objects\items\circuitboards\machine_circuitboards.dm:662:error: /obj/item/stock_parts/matter_bin: undefined type path
code\game\objects\items\circuitboards\machine_circuitboards.dm:663:error: /obj/item/stack/cable_coil: undefined type path
code\game\objects\items\circuitboards\machine_circuitboards.dm:669:error: /obj/machinery/fat_sucker: undefined type path
code\game\objects\items\circuitboards\machine_circuitboards.dm:670:error: /obj/item/stock_parts/micro_laser: undefined type path
code\game\objects\items\circuitboards\machine_circuitboards.dm:676:error: /obj/machinery/harvester: undefined type path
code\game\objects\items\circuitboards\machine_circuitboards.dm:677:error: /obj/item/stock_parts/micro_laser: undefined type path
code\game\objects\items\circuitboards\machine_circuitboards.dm:686:error: /obj/item/stock_parts/scanning_module: undefined type path
code\game\objects\items\circuitboards\machine_circuitboards.dm:706:error: /obj/item/stock_parts/manipulator: undefined type path
code\game\objects\items\circuitboards\machine_circuitboards.dm:720:error: /obj/item/stock_parts/matter_bin: undefined type path
code\game\objects\items\circuitboards\machine_circuitboards.dm:721:error: /obj/item/stock_parts/manipulator: undefined type path
code\game\objects\items\circuitboards\machine_circuitboards.dm:722:error: /obj/item/stack/cable_coil: undefined type path
code\game\objects\items\circuitboards\machine_circuitboards.dm:727:error: /obj/machinery/sleeper/party: undefined type path
code\game\objects\items\circuitboards\machine_circuitboards.dm:734:error: /obj/item/stock_parts/matter_bin: undefined type path
code\game\objects\items\circuitboards\machine_circuitboards.dm:735:error: /obj/item/stock_parts/capacitor: undefined type path
code\game\objects\items\circuitboards\machine_circuitboards.dm:736:error: /obj/item/stock_parts/manipulator: undefined type path
code\game\objects\items\circuitboards\machine_circuitboards.dm:746:error: /obj/item/stack/cable_coil: undefined type path
code\game\objects\items\circuitboards\machine_circuitboards.dm:747:error: /obj/item/stock_parts/manipulator: undefined type path
code\game\objects\items\circuitboards\machine_circuitboards.dm:748:error: /obj/item/stock_parts/capacitor: undefined type path
code\game\objects\items\circuitboards\machine_circuitboards.dm:755:error: /obj/item/stock_parts/matter_bin: undefined type path
code\game\objects\items\circuitboards\machine_circuitboards.dm:774:error: /obj/item/stock_parts/capacitor: undefined type path
code\game\objects\items\circuitboards\machine_circuitboards.dm:776:error: /obj/item/stock_parts/manipulator: undefined type path
code\game\objects\items\circuitboards\machine_circuitboards.dm:782:error: /obj/machinery/rnd/destructive_analyzer: undefined type path
code\game\objects\items\circuitboards\machine_circuitboards.dm:784:error: /obj/item/stock_parts/scanning_module: undefined type path
code\game\objects\items\circuitboards\machine_circuitboards.dm:785:error: /obj/item/stock_parts/manipulator: undefined type path
code\game\objects\items\circuitboards\machine_circuitboards.dm:786:error: /obj/item/stock_parts/micro_laser: undefined type path
code\game\objects\items\circuitboards\machine_circuitboards.dm:791:error: /obj/machinery/rnd/experimentor: undefined type path
code\game\objects\items\circuitboards\machine_circuitboards.dm:793:error: /obj/item/stock_parts/scanning_module: undefined type path
code\game\objects\items\circuitboards\machine_circuitboards.dm:794:error: /obj/item/stock_parts/manipulator: undefined type path
code\game\objects\items\circuitboards\machine_circuitboards.dm:795:error: /obj/item/stock_parts/micro_laser: undefined type path
code\game\objects\items\circuitboards\machine_circuitboards.dm:802:error: /obj/item/stack/cable_coil: undefined type path
code\game\objects\items\circuitboards\machine_circuitboards.dm:803:error: /obj/item/stock_parts/capacitor: undefined type path
code\game\objects\items\circuitboards\machine_circuitboards.dm:808:error: /obj/machinery/mecha_part_fabricator: undefined type path
code\game\objects\items\circuitboards\machine_circuitboards.dm:810:error: /obj/item/stock_parts/matter_bin: undefined type path
code\game\objects\items\circuitboards\machine_circuitboards.dm:811:error: /obj/item/stock_parts/manipulator: undefined type path
code\game\objects\items\circuitboards\machine_circuitboards.dm:812:error: /obj/item/stock_parts/micro_laser: undefined type path
code\game\objects\items\circuitboards\machine_circuitboards.dm:820:error: /obj/item/stock_parts/matter_bin: undefined type path
code\game\objects\items\circuitboards\machine_circuitboards.dm:821:error: /obj/item/stock_parts/manipulator: undefined type path
code\game\objects\items\circuitboards\machine_circuitboards.dm:827:error: /obj/machinery/nanite_chamber: undefined type path
code\game\objects\items\circuitboards\machine_circuitboards.dm:829:error: /obj/item/stock_parts/scanning_module: undefined type path
code\game\objects\items\circuitboards\machine_circuitboards.dm:830:error: /obj/item/stock_parts/micro_laser: undefined type path
code\game\objects\items\circuitboards\machine_circuitboards.dm:831:error: /obj/item/stock_parts/manipulator: undefined type path
code\game\objects\items\circuitboards\machine_circuitboards.dm:836:error: /obj/machinery/nanite_program_hub: undefined type path
code\game\objects\items\circuitboards\machine_circuitboards.dm:838:error: /obj/item/stock_parts/matter_bin: undefined type path
code\game\objects\items\circuitboards\machine_circuitboards.dm:839:error: /obj/item/stock_parts/manipulator: undefined type path
code\game\objects\items\circuitboards\machine_circuitboards.dm:844:error: /obj/machinery/nanite_programmer: undefined type path
code\game\objects\items\circuitboards\machine_circuitboards.dm:846:error: /obj/item/stock_parts/manipulator: undefined type path
code\game\objects\items\circuitboards\machine_circuitboards.dm:847:error: /obj/item/stock_parts/micro_laser: undefined type path
code\game\objects\items\circuitboards\machine_circuitboards.dm:848:error: /obj/item/stock_parts/scanning_module: undefined type path
code\game\objects\items\circuitboards\machine_circuitboards.dm:1062:error: /obj/item/stock_parts/matter_bin: undefined type path
code\game\objects\items\circuitboards\machine_circuitboards.dm:1063:error: /obj/item/stock_parts/manipulator: undefined type path
code\game\objects\items\circuitboards\machine_circuitboards.dm:863:error: /obj/machinery/public_nanite_chamber: undefined type path
code\game\objects\items\circuitboards\machine_circuitboards.dm:866:error: /obj/item/stock_parts/micro_laser: undefined type path
code\game\objects\items\circuitboards\machine_circuitboards.dm:867:error: /obj/item/stock_parts/manipulator: undefined type path
code\game\objects\items\circuitboards\machine_circuitboards.dm:884:error: /obj/machinery/quantumpad: undefined type path
code\game\objects\items\circuitboards\machine_circuitboards.dm:887:error: /obj/item/stock_parts/capacitor: undefined type path
code\game\objects\items\circuitboards\machine_circuitboards.dm:888:error: /obj/item/stock_parts/manipulator: undefined type path
code\game\objects\items\circuitboards\machine_circuitboards.dm:889:error: /obj/item/stack/cable_coil: undefined type path
code\game\objects\items\circuitboards\machine_circuitboards.dm:895:error: /obj/machinery/rnd/server: undefined type path
code\game\objects\items\circuitboards\machine_circuitboards.dm:897:error: /obj/item/stack/cable_coil: undefined type path
code\game\objects\items\circuitboards\machine_circuitboards.dm:898:error: /obj/item/stock_parts/scanning_module: undefined type path
code\game\objects\items\circuitboards\machine_circuitboards.dm:908:error: /obj/machinery/teleport/hub: undefined type path
code\game\objects\items\circuitboards\machine_circuitboards.dm:911:error: /obj/item/stock_parts/matter_bin: undefined type path
code\game\objects\items\circuitboards\machine_circuitboards.dm:917:error: /obj/machinery/teleport/station: undefined type path
code\game\objects\items\circuitboards\machine_circuitboards.dm:920:error: /obj/item/stock_parts/capacitor: undefined type path
code\game\objects\items\circuitboards\machine_circuitboards.dm:927:error: /obj/machinery/dna_scannernew: undefined type path
code\game\objects\items\circuitboards\machine_circuitboards.dm:929:error: /obj/item/stock_parts/scanning_module: undefined type path
code\game\objects\items\circuitboards\machine_circuitboards.dm:930:error: /obj/item/stock_parts/matter_bin: undefined type path
code\game\objects\items\circuitboards\machine_circuitboards.dm:931:error: /obj/item/stock_parts/micro_laser: undefined type path
code\game\objects\items\circuitboards\machine_circuitboards.dm:933:error: /obj/item/stack/cable_coil: undefined type path
code\game\objects\items\circuitboards\machine_circuitboards.dm:938:error: /obj/machinery/mechpad: undefined type path
code\game\objects\items\circuitboards\machine_circuitboards.dm:952:error: /obj/item/stock_parts/capacitor: undefined type path
code\game\objects\items\circuitboards\machine_circuitboards.dm:965:error: /obj/machinery/biogenerator: undefined type path
code\game\objects\items\circuitboards\machine_circuitboards.dm:967:error: /obj/item/stock_parts/matter_bin: undefined type path
code\game\objects\items\circuitboards\machine_circuitboards.dm:968:error: /obj/item/stock_parts/manipulator: undefined type path
code\game\objects\items\circuitboards\machine_circuitboards.dm:969:error: /obj/item/stack/cable_coil: undefined type path
code\game\objects\items\circuitboards\machine_circuitboards.dm:991:error: /obj/item/stock_parts/micro_laser: undefined type path
code\game\objects\items\circuitboards\machine_circuitboards.dm:997:error: /obj/item/stock_parts/micro_laser: undefined type path
code\game\objects\items\circuitboards\machine_circuitboards.dm:1006:error: /obj/item/stock_parts/manipulator: undefined type path
code\game\objects\items\circuitboards\machine_circuitboards.dm:1007:error: /obj/item/stock_parts/matter_bin: undefined type path
code\game\objects\items\circuitboards\machine_circuitboards.dm:1032:error: /obj/item/stock_parts/matter_bin: undefined type path
code\game\objects\items\circuitboards\machine_circuitboards.dm:1033:error: /obj/item/stock_parts/manipulator: undefined type path
code\game\objects\items\circuitboards\machine_circuitboards.dm:1039:error: /obj/machinery/hydroponics/constructable: undefined type path
code\game\objects\items\circuitboards\machine_circuitboards.dm:1041:error: /obj/item/stock_parts/matter_bin: undefined type path
code\game\objects\items\circuitboards\machine_circuitboards.dm:1042:error: /obj/item/stock_parts/manipulator: undefined type path
code\game\objects\items\circuitboards\machine_circuitboards.dm:1051:error: /obj/item/stock_parts/micro_laser: undefined type path
code\game\objects\items\circuitboards\machine_circuitboards.dm:1052:error: /obj/item/stock_parts/matter_bin: undefined type path
code\game\objects\items\circuitboards\machine_circuitboards.dm:1053:error: /obj/item/stack/cable_coil: undefined type path
code\game\objects\items\circuitboards\machine_circuitboards.dm:1089:error: /obj/item/stock_parts/matter_bin: undefined type path
code\game\objects\items\circuitboards\machine_circuitboards.dm:1090:error: /obj/item/stock_parts/manipulator: undefined type path
code\game\objects\items\circuitboards\machine_circuitboards.dm:1096:error: /obj/machinery/seed_extractor: undefined type path
code\game\objects\items\circuitboards\machine_circuitboards.dm:1098:error: /obj/item/stock_parts/matter_bin: undefined type path
code\game\objects\items\circuitboards\machine_circuitboards.dm:1099:error: /obj/item/stock_parts/manipulator: undefined type path
code\game\objects\items\circuitboards\machine_circuitboards.dm:1112:error: /obj/item/stock_parts/card_reader: undefined type path
code\game\objects\items\circuitboards\machine_circuitboards.dm:1122:error: /obj/item/stock_parts/matter_bin: undefined type path
code\game\objects\items\circuitboards\machine_circuitboards.dm:1134:error: /obj/item/stock_parts/matter_bin: undefined type path
code\game\objects\items\circuitboards\machine_circuitboards.dm:1135:error: /obj/item/stock_parts/micro_laser: undefined type path
code\game\objects\items\circuitboards\machine_circuitboards.dm:1136:error: /obj/item/stock_parts/manipulator: undefined type path
code\game\objects\items\circuitboards\machine_circuitboards.dm:1156:error: /obj/item/stock_parts/manipulator: undefined type path
code\game\objects\items\circuitboards\machine_circuitboards.dm:1157:error: /obj/item/stock_parts/matter_bin: undefined type path
code\game\objects\items\circuitboards\machine_circuitboards.dm:1165:error: /obj/item/stack/cable_coil: undefined type path
code\game\objects\items\circuitboards\machine_circuitboards.dm:1175:error: /obj/machinery/rnd/bepis: undefined type path
code\game\objects\items\circuitboards\machine_circuitboards.dm:1177:error: /obj/item/stack/cable_coil: undefined type path
code\game\objects\items\circuitboards\machine_circuitboards.dm:1178:error: /obj/item/stock_parts/capacitor: undefined type path
code\game\objects\items\circuitboards\machine_circuitboards.dm:1179:error: /obj/item/stock_parts/manipulator: undefined type path
code\game\objects\items\circuitboards\machine_circuitboards.dm:1180:error: /obj/item/stock_parts/micro_laser: undefined type path
code\game\objects\items\circuitboards\machine_circuitboards.dm:1181:error: /obj/item/stock_parts/scanning_module: undefined type path
code\game\objects\items\circuitboards\machine_circuitboards.dm:1189:error: /obj/item/stock_parts/manipulator: undefined type path
code\game\objects\items\circuitboards\machine_circuitboards.dm:1190:error: /obj/item/stock_parts/matter_bin: undefined type path
code\game\objects\items\circuitboards\machine_circuitboards.dm:1199:error: /obj/machinery/power/rtg/abductor: undefined type path
code\game\objects\items\circuitboards\machine_circuitboards.dm:1201:error: /obj/item/stock_parts/capacitor: undefined type path
code\game\objects\items\circuitboards\machine_circuitboards.dm:1202:error: /obj/item/stock_parts/micro_laser: undefined type path
code\game\objects\items\circuitboards\machine_circuitboards.dm:1205:error: /obj/item/stock_parts/capacitor: undefined type path
code\game\objects\items\circuitboards\machine_circuitboards.dm:1205:error: /obj/item/stock_parts/capacitor/quadratic: undefined type path
code\game\objects\items\circuitboards\machine_circuitboards.dm:1206:error: /obj/item/stock_parts/micro_laser: undefined type path
code\game\objects\items\circuitboards\machine_circuitboards.dm:1206:error: /obj/item/stock_parts/micro_laser/quadultra: undefined type path
code\game\objects\items\circuitboards\machine_circuitboards.dm:1211:error: /obj/machinery/hypnochair: undefined type path
code\game\objects\items\circuitboards\machine_circuitboards.dm:1213:error: /obj/item/stock_parts/micro_laser: undefined type path
code\game\objects\items\circuitboards\machine_circuitboards.dm:1214:error: /obj/item/stock_parts/scanning_module: undefined type path
code\game\objects\items\circuitboards\machine_circuitboards.dm:1220:error: /obj/machinery/plumbing/receiver: undefined type path
code\game\objects\items\circuitboards\machine_circuitboards.dm:1223:error: /obj/item/stock_parts/capacitor: undefined type path
code\game\objects\items\circuitboards\machine_circuitboards.dm:1230:error: /obj/machinery/skill_station: undefined type path
code\game\objects\items\circuitboards\machine_circuitboards.dm:1232:error: /obj/item/stock_parts/matter_bin: undefined type path
code\game\objects\items\circuitboards\machine_circuitboards.dm:1233:error: /obj/item/stock_parts/micro_laser: undefined type path
code\game\objects\items\circuitboards\machine_circuitboards.dm:1234:error: /obj/item/stock_parts/scanning_module: undefined type path
code\game\objects\items\circuitboards\computer_circuitboards.dm:15:error: /obj/machinery/computer/bsa_control: undefined type path
code\game\objects\items\circuitboards\computer_circuitboards.dm:178:error: /obj/machinery/computer/camera_advanced/base_construction: undefined type path
code\game\objects\items\circuitboards\computer_circuitboards.dm:183:error: /obj/machinery/computer/camera_advanced/base_construction/aux: undefined type path
code\game\objects\items\circuitboards\computer_circuitboards.dm:188:error: /obj/machinery/computer/camera_advanced/base_construction/centcom: undefined type path
code\game\objects\items\circuitboards\computer_circuitboards.dm:203:error: /obj/machinery/computer/communications: undefined type path
code\game\objects\items\circuitboards\computer_circuitboards.dm:223:error: /obj/machinery/computer/sat_control: undefined type path
code\game\objects\items\circuitboards\computer_circuitboards.dm:228:error: /obj/machinery/power/solar_control: undefined type path
code\game\objects\items\circuitboards\computer_circuitboards.dm:233:error: /obj/machinery/computer/station_alert: undefined type path
code\game\objects\items\circuitboards\computer_circuitboards.dm:287:error: /obj/machinery/computer/shuttle/monastery_shuttle: undefined type path
code\game\objects\items\circuitboards\computer_circuitboards.dm:292:error: /obj/machinery/computer/pod/old: undefined type path
code\game\objects\items\circuitboards\computer_circuitboards.dm:297:error: /obj/machinery/computer/pod: undefined type path
code\game\objects\items\circuitboards\computer_circuitboards.dm:302:error: /obj/machinery/computer/pod/old/swf: undefined type path
code\game\objects\items\circuitboards\computer_circuitboards.dm:307:error: /obj/machinery/computer/shuttle/syndicate: undefined type path
code\game\objects\items\circuitboards\computer_circuitboards.dm:322:error: /obj/machinery/computer/pod/old/syndicate: undefined type path
code\game\objects\items\circuitboards\computer_circuitboards.dm:327:error: /obj/machinery/computer/shuttle/white_ship: undefined type path
code\game\objects\items\circuitboards\computer_circuitboards.dm:332:error: /obj/machinery/computer/shuttle/white_ship/bridge: undefined type path
code\game\objects\items\circuitboards\computer_circuitboards.dm:336:error: /obj/machinery/computer/shuttle/white_ship/pod: undefined type path
code\game\objects\items\circuitboards\computer_circuitboards.dm:340:error: /obj/machinery/computer/shuttle/white_ship/pod/recall: undefined type path
code\game\objects\items\circuitboards\computer_circuitboards.dm:351:error: /obj/machinery/computer/crew: undefined type path
code\game\objects\items\circuitboards\computer_circuitboards.dm:366:error: /obj/machinery/computer/pandemic: undefined type path
code\game\objects\items\circuitboards\computer_circuitboards.dm:373:error: /obj/machinery/computer/aifixer: undefined type path
code\game\objects\items\circuitboards\computer_circuitboards.dm:383:error: /obj/machinery/computer/mech_bay_power_console: undefined type path
code\game\objects\items\circuitboards\computer_circuitboards.dm:388:error: /obj/machinery/computer/mecha: undefined type path
code\game\objects\items\circuitboards\computer_circuitboards.dm:393:error: /obj/machinery/computer/nanite_chamber_control: undefined type path
code\game\objects\items\circuitboards\computer_circuitboards.dm:398:error: /obj/machinery/computer/nanite_cloud_controller: undefined type path
code\game\objects\items\circuitboards\computer_circuitboards.dm:403:error: /obj/machinery/computer/rdconsole: undefined type path
code\game\objects\items\circuitboards\computer_circuitboards.dm:408:error: /obj/machinery/computer/rdservercontrol: undefined type path
code\game\objects\items\circuitboards\computer_circuitboards.dm:418:error: /obj/machinery/computer/robotics: undefined type path
code\game\objects\items\circuitboards\computer_circuitboards.dm:423:error: /obj/machinery/computer/teleporter: undefined type path
code\game\objects\items\circuitboards\computer_circuitboards.dm:428:error: /obj/machinery/computer/camera_advanced/xenobio: undefined type path
code\game\objects\items\circuitboards\computer_circuitboards.dm:433:error: /obj/machinery/computer/scan_consolenew: undefined type path
code\game\objects\items\circuitboards\computer_circuitboards.dm:455:error: /obj/machinery/computer/prisoner/gulag_teleporter_computer: undefined type path
code\game\objects\items\circuitboards\computer_circuitboards.dm:460:error: /obj/machinery/computer/prisoner/management: undefined type path
code\game\objects\items\devices\camera_bug.dm:155:error: S: undefined type: /obj/singularity
code\game\objects\items\devices\camera_bug.dm:156:error: S.name: undefined type: /obj/singularity
code\game\objects\items\devices\camera_bug.dm:157:error: S.name: undefined type: /obj/singularity
code\game\objects\items\devices\camera_bug.dm:158:error: S.name: undefined type: /obj/singularity
code\game\objects\items\devices\camera_bug.dm:158:error: S.name: undefined type: /obj/singularity
code\game\objects\items\devices\camera_bug.dm:160:error: S.name: undefined type: /obj/singularity
code\game\objects\items\devices\camera_bug.dm:161:error: S.name: undefined type: /obj/singularity
code\game\objects\items\devices\camera_bug.dm:162:error: S.current_size: undefined type: /obj/singularity
code\game\objects\items\devices\camera_bug.dm:164:error: S: undefined type: /obj/singularity
code\game\objects\items\devices\flashlight.dm:103:error: /datum/mutation/human/thermal/x_ray: undefined type path
code\game\objects\items\devices\geiger_counter.dm:193:error: cyborg_unequip: undefined proc
code\game\objects\items\devices\laserpointer.dm:34:error: diode: undefined type: /obj/item/stock_parts/micro_laser
code\game\objects\items\devices\laserpointer.dm:40:error: diode: undefined type: /obj/item/stock_parts/micro_laser
code\game\objects\items\devices\laserpointer.dm:40:error: /obj/item/stock_parts/micro_laser/ultra: undefined type path
code\game\objects\items\devices\laserpointer.dm:43:error: /obj/item/stock_parts/micro_laser: undefined type path
code\game\objects\items\devices\laserpointer.dm:44:error: diode: undefined type: /obj/item/stock_parts/micro_laser
code\game\objects\items\devices\laserpointer.dm:47:error: diode: undefined type: /obj/item/stock_parts/micro_laser
code\game\objects\items\devices\laserpointer.dm:48:error: diode.name: undefined type: /obj/item/stock_parts/micro_laser
code\game\objects\items\devices\laserpointer.dm:53:error: diode: undefined type: /obj/item/stock_parts/micro_laser
code\game\objects\items\devices\laserpointer.dm:54:error: diode.name: undefined type: /obj/item/stock_parts/micro_laser
code\game\objects\items\devices\laserpointer.dm:55:error: diode.forceMove: undefined type: /obj/item/stock_parts/micro_laser
code\game\objects\items\devices\laserpointer.dm:56:error: diode: undefined type: /obj/item/stock_parts/micro_laser
code\game\objects\items\devices\laserpointer.dm:63:error: diode: undefined type: /obj/item/stock_parts/micro_laser
code\game\objects\items\devices\laserpointer.dm:66:error: diode.rating: undefined type: /obj/item/stock_parts/micro_laser
code\game\objects\items\devices\laserpointer.dm:75:error: diode: undefined type: /obj/item/stock_parts/micro_laser
code\game\objects\items\devices\laserpointer.dm:106:error: diode.rating: undefined type: /obj/item/stock_parts/micro_laser
code\game\objects\items\devices\laserpointer.dm:118:error: diode.rating: undefined type: /obj/item/stock_parts/micro_laser
code\game\objects\items\devices\laserpointer.dm:129:error: diode.rating: undefined type: /obj/item/stock_parts/micro_laser
code\game\objects\items\devices\laserpointer.dm:142:error: diode.rating: undefined type: /obj/item/stock_parts/micro_laser
code\game\objects\items\devices\laserpointer.dm:153:error: diode.rating: undefined type: /obj/item/stock_parts/micro_laser
code\game\objects\items\devices\laserpointer.dm:193:error: diode: undefined type: /obj/item/stock_parts/micro_laser
code\game\objects\items\devices\laserpointer.dm:196:error: diode.rating: undefined type: /obj/item/stock_parts/micro_laser
code\game\objects\items\devices\multitool.dm:90:error: eye.setLoc: undefined proc
code\game\objects\items\devices\multitool.dm:112:error: eye.setLoc: undefined proc
code\game\objects\items\devices\multitool.dm:121:error: eye.setLoc: undefined proc
code\game\objects\items\devices\multitool.dm:136:error: A.ai_detector_visible: undefined var
code\game\objects\items\devices\ocd.dm:9:error: event.start: undefined type: /datum/round_event/bureaucratic_error
code\game\objects\items\devices\scanners.dm:51:error: cyborg_unequip: undefined proc
code\game\objects\items\devices\scanners.dm:129:error: /datum/species/pod: undefined type path
code\game\objects\items\devices\scanners.dm:854:error: attack_self_tk: undefined proc
code\game\objects\items\devices\scanners.dm:862:error: /obj/machinery/computer/scan_consolenew: undefined type path
code\game\objects\items\devices\radio\intercom.dm:63:error: attack_tk_grab: undefined proc
code\game\objects\items\devices\radio\intercom.dm:68:error: attack_ai: undefined proc
code\game\objects\items\devices\radio\radio.dm:253:error: jammer: undefined type: /obj/item/jammer
code\game\objects\items\devices\radio\radio.dm:254:error: jammer: undefined type: /obj/item/jammer
code\game\objects\items\devices\radio\radio.dm:255:error: jammer.range: undefined type: /obj/item/jammer
code\game\objects\items\devices\radio\radio.dm:428:error: R.model.radio_channels: undefined var
code\game\objects\items\food\bread.dm:62:error: /datum/element/swabable: undefined type path
code\game\objects\items\food\meat.dm:31:error: /datum/element/swabable: undefined type path
code\game\objects\items\food\meat.dm:382:error: /mob/living/simple_animal/hostile/gorilla: undefined type path
code\game\objects\items\food\meat.dm:441:error: /datum/element/swabable: undefined type path
code\game\objects\items\food\meat.dm:703:error: /datum/element/swabable: undefined type path
code\game\objects\items\food\meat.dm:713:error: /datum/element/swabable: undefined type path
code\game\objects\items\food\meat.dm:722:error: /datum/element/swabable: undefined type path
code\game\objects\items\food\meat.dm:754:error: /datum/element/swabable: undefined type path
code\game\objects\items\food\meat.dm:899:error: /datum/element/swabable: undefined type path
code\game\objects\items\food\meat.dm:1062:error: /datum/element/swabable: undefined type path
code\game\objects\items\food\meat.dm:1101:error: /datum/element/swabable: undefined type path
code\game\objects\items\food\pizza.dm:183:error: /datum/element/swabable: undefined type path
code\game\objects\items\food\snacks.dm:48:error: /datum/disease/parasite: undefined type path
code\game\objects\items\food\snacks.dm:49:error: carl.ForceContractDisease: undefined proc
code\game\objects\items\food\snacks.dm:47:warning (unused_var): carl: variable defined but not used
code\modules\hydroponics\grown.dm:48:error: T: undefined type: /datum/plant_gene/trait
code\modules\hydroponics\grown.dm:49:error: T.on_new: undefined type: /datum/plant_gene/trait
code\modules\hydroponics\grown.dm:144:error: trait: undefined type: /datum/plant_gene/trait
code\modules\hydroponics\grown.dm:145:error: trait.on_squash: undefined type: /datum/plant_gene/trait
code\modules\hydroponics\grown.dm:156:error: T: undefined type: /datum/plant_gene/trait
code\modules\hydroponics\grown.dm:157:error: T.on_consume: undefined type: /datum/plant_gene/trait
code\modules\hydroponics\grown.dm:77:error: T: undefined type: /datum/plant_gene/trait
code\modules\hydroponics\grown.dm:78:error: T.examine_line: undefined type: /datum/plant_gene/trait
code\modules\hydroponics\grown.dm:79:error: T.examine_line: undefined type: /datum/plant_gene/trait
code\modules\hydroponics\grown.dm:108:error: T: undefined type: /datum/plant_gene/trait
code\modules\hydroponics\grown.dm:109:error: T.on_attackby: undefined type: /datum/plant_gene/trait
code\modules\hydroponics\grown.dm:119:error: /datum/plant_gene/trait/squash: undefined type path
code\modules\hydroponics\grown.dm:126:error: T: undefined type: /datum/plant_gene/trait
code\modules\hydroponics\grown.dm:127:error: T.on_throw_impact: undefined type: /datum/plant_gene/trait
code\modules\hydroponics\grown.dm:128:error: /datum/plant_gene/trait/squash: undefined type path
code\modules\hydroponics\grown\mushrooms.dm:170:error: /mob/living/simple_animal/hostile/mushroom: undefined type path
code\modules\hydroponics\grown\mushrooms.dm:171:error: M.maxHealth: undefined type: /mob/living/simple_animal/hostile/mushroom
code\modules\hydroponics\grown\mushrooms.dm:172:error: M.melee_damage_lower: undefined type: /mob/living/simple_animal/hostile/mushroom
code\modules\hydroponics\grown\mushrooms.dm:173:error: M.melee_damage_upper: undefined type: /mob/living/simple_animal/hostile/mushroom
code\modules\hydroponics\grown\mushrooms.dm:174:error: M.move_to_delay: undefined type: /mob/living/simple_animal/hostile/mushroom
code\modules\hydroponics\grown\mushrooms.dm:175:error: M.health: undefined type: /mob/living/simple_animal/hostile/mushroom
code\modules\hydroponics\grown\mushrooms.dm:175:error: M.maxHealth: undefined type: /mob/living/simple_animal/hostile/mushroom
code\modules\hydroponics\grown\tomato.dm:74:error: /obj/effect/decal/cleanable/oil: undefined type path
code\modules\hydroponics\grown\tomato.dm:142:error: /mob/living/simple_animal/hostile/killertomato: undefined type path
code\modules\mob\living\simple_animal\friendly\mouse.dm:205:error: /datum/element/swabable: undefined type path
code\game\objects\items\implants\implantcase.dm:75:error: /obj/item/implant/tracking: undefined type path
code\game\objects\items\stacks\sheets\glass.dm:319:error: /obj/item/lightreplacer: undefined type path
code\game\objects\items\tanks\tanks.dm:246:error: /obj/item/transfer_valve: undefined type path
code\game\objects\items\tanks\tanks.dm:256:error: /obj/item/transfer_valve: undefined type path
code\game\objects\items\tanks\tanks.dm:82:error: /datum/component/container_item/tank_holder: undefined type path
code\game\objects\items\tanks\tanks.dm:115:error: B: undefined type: /obj/structure/blob
code\game\objects\items\tanks\tanks.dm:115:error: B.loc: undefined type: /obj/structure/blob
code\game\objects\items\tools\weldingtool.dm:328:error: cyborg_unequip: undefined proc
code\game\objects\wod13\items.dm:257:error: B: undefined type: /obj/structure/blob
code\game\objects\wod13\items.dm:257:error: B.loc: undefined type: /obj/structure/blob
code\game\objects\wod13\items.dm:274:error: /datum/component/fantasy: undefined type path
code\game\objects\wod13\items.dm:330:error: techweb_item_boost_check: undefined proc
code\game\objects\wod13\items.dm:333:error: SSresearch.techweb_node_by_id: undefined var
code\game\objects\wod13\items.dm:334:error: node: undefined type: /datum/techweb_node
code\game\objects\wod13\items.dm:337:error: node.display_name: undefined type: /datum/techweb_node
code\game\objects\wod13\items.dm:339:error: techweb_item_point_check: undefined proc
code\game\objects\wod13\items.dm:342:error: techweb_point_display_generic: undefined proc
code\game\objects\wod13\items.dm:353:error: CallMaterialName: undefined proc
code\game\objects\wod13\items.dm:462:error: /obj/item/robot_model: undefined type path
code\game\objects\wod13\items.dm:467:error: R.low_power_mode: undefined var
code\game\objects\wod13\items.dm:468:error: R.activate_module: undefined proc
code\game\objects\wod13\items.dm:469:error: R.hud_used.update_robot_modules_display: undefined proc
code\modules\antagonists\_common\antag_spawner.dm:80:error: app.master: undefined type: /datum/antagonist/wizard/apprentice
code\modules\antagonists\_common\antag_spawner.dm:81:error: app.school: undefined type: /datum/antagonist/wizard/apprentice
code\modules\antagonists\_common\antag_spawner.dm:83:error: /datum/antagonist/wizard: undefined type path
code\modules\antagonists\_common\antag_spawner.dm:84:error: master_wizard: undefined type: /datum/antagonist/wizard
code\modules\antagonists\_common\antag_spawner.dm:85:error: master_wizard.wiz_team: undefined type: /datum/antagonist/wizard
code\modules\antagonists\_common\antag_spawner.dm:86:error: master_wizard.create_wiz_team: undefined type: /datum/antagonist/wizard
code\modules\antagonists\_common\antag_spawner.dm:87:error: app.wiz_team: undefined type: /datum/antagonist/wizard/apprentice
code\modules\antagonists\_common\antag_spawner.dm:87:error: master_wizard.wiz_team: undefined type: /datum/antagonist/wizard
code\modules\antagonists\_common\antag_spawner.dm:88:error: master_wizard.wiz_team.add_member: undefined type: /datum/antagonist/wizard
code\modules\antagonists\_common\antag_spawner.dm:89:error: app: undefined type: /datum/antagonist/wizard/apprentice
code\modules\antagonists\_common\antag_spawner.dm:109:error: /datum/outfit/syndicate/no_crystals: undefined type path
code\modules\antagonists\_common\antag_spawner.dm:109:error: =: expected a constant expression
code\modules\antagonists\_common\antag_spawner.dm:110:error: /datum/antagonist/nukeop: undefined type path
code\modules\antagonists\_common\antag_spawner.dm:110:error: =: expected a constant expression
code\modules\antagonists\_common\antag_spawner.dm:116:error: /datum/antagonist/nukeop: undefined type path
code\modules\antagonists\_common\antag_spawner.dm:144:error: antag_datum: undefined type: /datum/antagonist/nukeop
code\modules\antagonists\_common\antag_spawner.dm:145:error: antag_datum.send_to_spawnpoint: undefined type: /datum/antagonist/nukeop
code\modules\antagonists\_common\antag_spawner.dm:146:error: antag_datum.nukeop_outfit: undefined type: /datum/antagonist/nukeop
code\modules\antagonists\_common\antag_spawner.dm:146:error: outfit: undefined type: /datum/outfit/syndicate
code\modules\antagonists\_common\antag_spawner.dm:148:error: /datum/antagonist/nukeop: undefined type path
code\modules\antagonists\_common\antag_spawner.dm:149:error: antag_datum: undefined type: /datum/antagonist/nukeop
code\modules\antagonists\_common\antag_spawner.dm:149:error: creator_op: undefined type: /datum/antagonist/nukeop
code\modules\antagonists\_common\antag_spawner.dm:149:error: creator_op.get_team: undefined type: /datum/antagonist/nukeop
code\modules\antagonists\_common\antag_spawner.dm:148:warning (unused_var): creator_op: variable defined but not used
code\modules\antagonists\_common\antag_spawner.dm:157:error: outfit: undefined type: /datum/outfit/syndicate
code\modules\antagonists\_common\antag_spawner.dm:157:error: /datum/outfit/syndicate/clownop/no_crystals: undefined type path
code\modules\antagonists\_common\antag_spawner.dm:158:error: antag_datum: undefined type: /datum/antagonist/nukeop
code\modules\antagonists\_common\antag_spawner.dm:158:error: /datum/antagonist/nukeop/clownop: undefined type path
code\modules\antagonists\_common\antag_spawner.dm:181:error: /datum/antagonist/nukeop: undefined type path
code\modules\antagonists\_common\antag_spawner.dm:182:error: creator_op: undefined type: /datum/antagonist/nukeop
code\modules\antagonists\_common\antag_spawner.dm:187:error: /mob/living/silicon/robot/model/syndicate/medical: undefined type path
code\modules\antagonists\_common\antag_spawner.dm:189:error: /mob/living/silicon/robot/model/syndicate/saboteur: undefined type path
code\modules\antagonists\_common\antag_spawner.dm:191:error: /mob/living/silicon/robot/model/syndicate: undefined type path
code\modules\antagonists\_common\antag_spawner.dm:197:error: creator_op.nuke_team.syndicate_name: undefined type: /datum/antagonist/nukeop
code\modules\antagonists\_common\antag_spawner.dm:198:error: creator_op.nuke_team.syndicate_name: undefined type: /datum/antagonist/nukeop
code\modules\antagonists\_common\antag_spawner.dm:201:error: R.mmi.name: undefined var
code\modules\antagonists\_common\antag_spawner.dm:201:error: R.mmi.name: undefined var
code\modules\antagonists\_common\antag_spawner.dm:202:error: R.mmi.brain.name: undefined var
code\modules\antagonists\_common\antag_spawner.dm:203:error: R.mmi.brainmob.real_name: undefined var
code\modules\antagonists\_common\antag_spawner.dm:204:error: R.mmi.brainmob.name: undefined var
code\modules\antagonists\_common\antag_spawner.dm:210:error: new_borg.send_to_spawnpoint: undefined type: /datum/antagonist/nukeop
code\modules\antagonists\_common\antag_spawner.dm:211:error: new_borg: undefined type: /datum/antagonist/nukeop
code\modules\antagonists\_common\antag_spawner.dm:211:error: creator_op.nuke_team: undefined type: /datum/antagonist/nukeop
code\modules\antagonists\_common\antag_spawner.dm:224:error: /mob/living/simple_animal/hostile/imp/slaughter: undefined type path
code\modules\antagonists\_common\antag_spawner.dm:224:error: =: expected a constant expression
code\modules\antagonists\_common\antag_spawner.dm:225:error: /datum/antagonist/slaughter: undefined type path
code\modules\antagonists\_common\antag_spawner.dm:225:error: =: expected a constant expression
code\modules\antagonists\_common\antag_spawner.dm:268:error: /mob/living/simple_animal/hostile/imp/slaughter/laughter: undefined type path
code\modules\antagonists\_common\antag_spawner.dm:269:error: /datum/antagonist/slaughter/laughter: undefined type path
code\modules\mining\lavaland\necropolis_chests.dm:101:error: blueprints: undefined var
code\modules\hydroponics\growninedible.dm:26:error: T: undefined type: /datum/plant_gene/trait
code\modules\hydroponics\growninedible.dm:27:error: T.on_new: undefined type: /datum/plant_gene/trait
code\modules\hydroponics\growninedible.dm:53:error: T: undefined type: /datum/plant_gene/trait
code\modules\hydroponics\growninedible.dm:54:error: T.on_throw_impact: undefined type: /datum/plant_gene/trait
code\modules\hydroponics\hydroitemdefines.dm:24:error: /datum/species/pod: undefined type path
code\modules\hydroponics\hydroitemdefines.dm:184:error: /obj/structure/spacevine: undefined type path
code\modules\hydroponics\hydroitemdefines.dm:192:error: V: undefined type: /obj/structure/spacevine
code\modules\hydroponics\hydroitemdefines.dm:193:error: V: undefined type: /obj/structure/spacevine
code\modules\hydroponics\hydroitemdefines.dm:194:error: V: undefined type: /obj/structure/spacevine
code\modules\hydroponics\seeds.dm:76:error: /datum/plant_gene/trait/plant_type/fungal_metabolism: undefined type path
code\modules\hydroponics\seeds.dm:80:error: /datum/plant_gene/core/lifespan: undefined type path
code\modules\hydroponics\seeds.dm:81:error: /datum/plant_gene/core/endurance: undefined type path
code\modules\hydroponics\seeds.dm:82:error: /datum/plant_gene/core/weed_rate: undefined type path
code\modules\hydroponics\seeds.dm:83:error: /datum/plant_gene/core/weed_chance: undefined type path
code\modules\hydroponics\seeds.dm:85:error: /datum/plant_gene/core/yield: undefined type path
code\modules\hydroponics\seeds.dm:86:error: /datum/plant_gene/core/production: undefined type path
code\modules\hydroponics\seeds.dm:88:error: /datum/plant_gene/core/potency: undefined type path
code\modules\hydroponics\seeds.dm:89:error: /datum/plant_gene/core/instability: undefined type path
code\modules\hydroponics\seeds.dm:97:error: /datum/plant_gene/reagent: undefined type path
code\modules\hydroponics\seeds.dm:105:error: G: undefined type: /datum/plant_gene/reagent
code\modules\hydroponics\seeds.dm:106:error: G.get_name: undefined type: /datum/plant_gene/reagent
code\modules\hydroponics\seeds.dm:127:error: G.Copy: undefined type: /datum/plant_gene
code\modules\hydroponics\seeds.dm:136:error: R: undefined type: /datum/plant_gene/reagent
code\modules\hydroponics\seeds.dm:137:error: R.reagent_id: undefined type: /datum/plant_gene/reagent
code\modules\hydroponics\seeds.dm:137:error: R.rate: undefined type: /datum/plant_gene/reagent
code\modules\hydroponics\seeds.dm:136:warning (unused_var): R: variable defined but not used
code\modules\hydroponics\seeds.dm:142:error: g: undefined type: /datum/plant_gene
code\modules\hydroponics\seeds.dm:143:error: g.mutability_flags: undefined type: /datum/plant_gene
code\modules\hydroponics\seeds.dm:141:warning (unused_var): g: variable defined but not used
code\modules\hydroponics\seeds.dm:148:error: g: undefined type: /datum/plant_gene
code\modules\hydroponics\seeds.dm:149:error: g.mutability_flags: undefined type: /datum/plant_gene
code\modules\hydroponics\seeds.dm:147:warning (unused_var): g: variable defined but not used
code\modules\hydroponics\seeds.dm:188:error: /obj/machinery/hydroponics: undefined type path
code\modules\hydroponics\seeds.dm:189:error: parent.yieldmod: undefined type: /obj/machinery/hydroponics
code\modules\hydroponics\seeds.dm:192:error: parent.yieldmod: undefined type: /obj/machinery/hydroponics
code\modules\hydroponics\seeds.dm:187:warning (unused_var): parent: variable defined but not used
code\modules\hydroponics\seeds.dm:205:error: parent.Adjacent: undefined type: /obj/machinery/hydroponics
code\modules\hydroponics\seeds.dm:205:error: parent.loc: undefined type: /obj/machinery/hydroponics
code\modules\hydroponics\seeds.dm:210:error: /datum/plant_gene/trait/maxchem: undefined type path
code\modules\hydroponics\seeds.dm:224:error: trait: undefined type: /datum/plant_gene/trait
code\modules\hydroponics\seeds.dm:224:error: parent.myseed.genes: undefined type: /obj/machinery/hydroponics
code\modules\hydroponics\seeds.dm:225:error: trait.can_add: undefined type: /datum/plant_gene/trait
code\modules\hydroponics\seeds.dm:226:error: trait: undefined type: /datum/plant_gene/trait
code\modules\hydroponics\seeds.dm:235:error: parent.myseed.plantname: undefined type: /obj/machinery/hydroponics
code\modules\hydroponics\seeds.dm:235:error: parent.myseed.plantname: undefined type: /obj/machinery/hydroponics
code\modules\hydroponics\seeds.dm:236:error: parent.myseed.plantname: undefined type: /obj/machinery/hydroponics
code\modules\hydroponics\seeds.dm:239:error: parent.myseed.name: undefined type: /obj/machinery/hydroponics
code\modules\hydroponics\seeds.dm:240:error: parent.myseed.desc: undefined type: /obj/machinery/hydroponics
code\modules\hydroponics\seeds.dm:241:error: parent.myseed.plantname: undefined type: /obj/machinery/hydroponics
code\modules\hydroponics\seeds.dm:246:error: parent.myseed.plantname: undefined type: /obj/machinery/hydroponics
code\modules\hydroponics\seeds.dm:249:error: parent.update_tray: undefined type: /obj/machinery/hydroponics
code\modules\hydroponics\seeds.dm:279:error: /datum/plant_gene/trait/brewing: undefined type path
code\modules\hydroponics\seeds.dm:294:error: /datum/plant_gene/trait/plant_type/fungal_metabolism: undefined type path
code\modules\hydroponics\seeds.dm:296:error: /datum/plant_gene/core/yield: undefined type path
code\modules\hydroponics\seeds.dm:297:error: C: undefined type: /datum/plant_gene/core
code\modules\hydroponics\seeds.dm:298:error: C.value: undefined type: /datum/plant_gene/core
code\modules\hydroponics\seeds.dm:296:warning (unused_var): C: variable defined but not used
code\modules\hydroponics\seeds.dm:305:error: /datum/plant_gene/core/lifespan: undefined type path
code\modules\hydroponics\seeds.dm:306:error: C: undefined type: /datum/plant_gene/core
code\modules\hydroponics\seeds.dm:307:error: C.value: undefined type: /datum/plant_gene/core
code\modules\hydroponics\seeds.dm:305:warning (unused_var): C: variable defined but not used
code\modules\hydroponics\seeds.dm:314:error: /datum/plant_gene/core/endurance: undefined type path
code\modules\hydroponics\seeds.dm:315:error: C: undefined type: /datum/plant_gene/core
code\modules\hydroponics\seeds.dm:316:error: C.value: undefined type: /datum/plant_gene/core
code\modules\hydroponics\seeds.dm:314:warning (unused_var): C: variable defined but not used
code\modules\hydroponics\seeds.dm:324:error: /datum/plant_gene/core/production: undefined type path
code\modules\hydroponics\seeds.dm:325:error: C: undefined type: /datum/plant_gene/core
code\modules\hydroponics\seeds.dm:326:error: C.value: undefined type: /datum/plant_gene/core
code\modules\hydroponics\seeds.dm:324:warning (unused_var): C: variable defined but not used
code\modules\hydroponics\seeds.dm:334:error: /datum/plant_gene/core/potency: undefined type path
code\modules\hydroponics\seeds.dm:335:error: C: undefined type: /datum/plant_gene/core
code\modules\hydroponics\seeds.dm:336:error: C.value: undefined type: /datum/plant_gene/core
code\modules\hydroponics\seeds.dm:334:warning (unused_var): C: variable defined but not used
code\modules\hydroponics\seeds.dm:345:error: /datum/plant_gene/core/instability: undefined type path
code\modules\hydroponics\seeds.dm:346:error: C: undefined type: /datum/plant_gene/core
code\modules\hydroponics\seeds.dm:347:error: C.value: undefined type: /datum/plant_gene/core
code\modules\hydroponics\seeds.dm:345:warning (unused_var): C: variable defined but not used
code\modules\hydroponics\seeds.dm:354:error: /datum/plant_gene/core/weed_rate: undefined type path
code\modules\hydroponics\seeds.dm:355:error: C: undefined type: /datum/plant_gene/core
code\modules\hydroponics\seeds.dm:356:error: C.value: undefined type: /datum/plant_gene/core
code\modules\hydroponics\seeds.dm:354:warning (unused_var): C: variable defined but not used
code\modules\hydroponics\seeds.dm:363:error: /datum/plant_gene/core/weed_chance: undefined type path
code\modules\hydroponics\seeds.dm:364:error: C: undefined type: /datum/plant_gene/core
code\modules\hydroponics\seeds.dm:365:error: C.value: undefined type: /datum/plant_gene/core
code\modules\hydroponics\seeds.dm:363:warning (unused_var): C: variable defined but not used
code\modules\hydroponics\seeds.dm:376:error: /datum/plant_gene/trait/plant_type/fungal_metabolism: undefined type path
code\modules\hydroponics\seeds.dm:378:error: /datum/plant_gene/core/yield: undefined type path
code\modules\hydroponics\seeds.dm:379:error: C: undefined type: /datum/plant_gene/core
code\modules\hydroponics\seeds.dm:380:error: C.value: undefined type: /datum/plant_gene/core
code\modules\hydroponics\seeds.dm:378:warning (unused_var): C: variable defined but not used
code\modules\hydroponics\seeds.dm:387:error: /datum/plant_gene/core/lifespan: undefined type path
code\modules\hydroponics\seeds.dm:388:error: C: undefined type: /datum/plant_gene/core
code\modules\hydroponics\seeds.dm:389:error: C.value: undefined type: /datum/plant_gene/core
code\modules\hydroponics\seeds.dm:387:warning (unused_var): C: variable defined but not used
code\modules\hydroponics\seeds.dm:396:error: /datum/plant_gene/core/endurance: undefined type path
code\modules\hydroponics\seeds.dm:397:error: C: undefined type: /datum/plant_gene/core
code\modules\hydroponics\seeds.dm:398:error: C.value: undefined type: /datum/plant_gene/core
code\modules\hydroponics\seeds.dm:396:warning (unused_var): C: variable defined but not used
code\modules\hydroponics\seeds.dm:406:error: /datum/plant_gene/core/production: undefined type path
code\modules\hydroponics\seeds.dm:407:error: C: undefined type: /datum/plant_gene/core
code\modules\hydroponics\seeds.dm:408:error: C.value: undefined type: /datum/plant_gene/core
code\modules\hydroponics\seeds.dm:406:warning (unused_var): C: variable defined but not used
code\modules\hydroponics\seeds.dm:416:error: /datum/plant_gene/core/potency: undefined type path
code\modules\hydroponics\seeds.dm:417:error: C: undefined type: /datum/plant_gene/core
code\modules\hydroponics\seeds.dm:418:error: C.value: undefined type: /datum/plant_gene/core
code\modules\hydroponics\seeds.dm:416:warning (unused_var): C: variable defined but not used
code\modules\hydroponics\seeds.dm:427:error: /datum/plant_gene/core/instability: undefined type path
code\modules\hydroponics\seeds.dm:428:error: C: undefined type: /datum/plant_gene/core
code\modules\hydroponics\seeds.dm:429:error: C.value: undefined type: /datum/plant_gene/core
code\modules\hydroponics\seeds.dm:427:warning (unused_var): C: variable defined but not used
code\modules\hydroponics\seeds.dm:436:error: /datum/plant_gene/core/weed_rate: undefined type path
code\modules\hydroponics\seeds.dm:437:error: C: undefined type: /datum/plant_gene/core
code\modules\hydroponics\seeds.dm:438:error: C.value: undefined type: /datum/plant_gene/core
code\modules\hydroponics\seeds.dm:436:warning (unused_var): C: variable defined but not used
code\modules\hydroponics\seeds.dm:445:error: /datum/plant_gene/core/weed_chance: undefined type path
code\modules\hydroponics\seeds.dm:446:error: C: undefined type: /datum/plant_gene/core
code\modules\hydroponics\seeds.dm:447:error: C.value: undefined type: /datum/plant_gene/core
code\modules\hydroponics\seeds.dm:445:warning (unused_var): C: variable defined but not used
code\modules\hydroponics\seeds.dm:452:error: /datum/plant_gene/trait/plant_type/weed_hardy: undefined type path
code\modules\hydroponics\seeds.dm:452:error: /datum/plant_gene/trait/plant_type/fungal_metabolism: undefined type path
code\modules\hydroponics\seeds.dm:452:error: /datum/plant_gene/trait/plant_type/alien_properties: undefined type path
code\modules\hydroponics\seeds.dm:454:error: /datum/plant_gene/trait/plant_type/weed_hardy: undefined type path
code\modules\hydroponics\seeds.dm:456:error: /datum/plant_gene/trait/plant_type/fungal_metabolism: undefined type path
code\modules\hydroponics\seeds.dm:458:error: /datum/plant_gene/trait/plant_type/alien_properties: undefined type path
code\modules\hydroponics\seeds.dm:475:error: traits: undefined type: /datum/plant_gene/trait
code\modules\hydroponics\seeds.dm:476:error: traits: undefined type: /datum/plant_gene/trait
code\modules\hydroponics\seeds.dm:476:error: /datum/plant_gene/trait/plant_type: undefined type path
code\modules\hydroponics\seeds.dm:478:error: traits.get_name: undefined type: /datum/plant_gene/trait
code\modules\hydroponics\seeds.dm:475:warning (unused_var): traits: variable defined but not used
code\modules\hydroponics\seeds.dm:569:error: R.can_add: undefined type: /datum/plant_gene/reagent
code\modules\hydroponics\seeds.dm:570:error: R.try_upgrade_gene: undefined type: /datum/plant_gene/reagent
code\modules\hydroponics\seeds.dm:571:error: R: undefined type: /datum/plant_gene/reagent
code\modules\hydroponics\seeds.dm:573:error: R: undefined type: /datum/plant_gene/reagent
code\modules\hydroponics\seeds.dm:579:error: /datum/plant_gene/trait: undefined type path
code\modules\hydroponics\seeds.dm:579:error: /datum/plant_gene/trait: undefined type path
code\modules\hydroponics\seeds.dm:579:error: /datum/plant_gene/trait/plant_type: undefined type path
code\modules\hydroponics\seeds.dm:581:error: T.can_add: undefined type: /datum/plant_gene/trait
code\modules\hydroponics\seeds.dm:582:error: T: undefined type: /datum/plant_gene/trait
code\modules\hydroponics\seeds.dm:584:error: T: undefined type: /datum/plant_gene/trait
code\modules\hydroponics\seeds.dm:588:error: /datum/plant_gene/trait/plant_type: undefined type path
code\modules\hydroponics\seeds.dm:588:error: /datum/plant_gene/trait/plant_type: undefined type path
code\modules\hydroponics\seeds.dm:590:error: P.can_add: undefined type: /datum/plant_gene/trait/plant_type
code\modules\hydroponics\seeds.dm:591:error: P: undefined type: /datum/plant_gene/trait/plant_type
code\modules\hydroponics\seeds.dm:593:error: P: undefined type: /datum/plant_gene/trait/plant_type
code\modules\hydroponics\seeds.dm:612:error: snip.parent_seed: undefined type: /obj/item/graft
code\modules\hydroponics\seeds.dm:613:error: snip.parent_name: undefined type: /obj/item/graft
code\modules\hydroponics\seeds.dm:614:error: snip.name: undefined type: /obj/item/graft
code\modules\hydroponics\seeds.dm:617:error: snip.lifespan: undefined type: /obj/item/graft
code\modules\hydroponics\seeds.dm:618:error: snip.endurance: undefined type: /obj/item/graft
code\modules\hydroponics\seeds.dm:619:error: snip.production: undefined type: /obj/item/graft
code\modules\hydroponics\seeds.dm:620:error: snip.weed_rate: undefined type: /obj/item/graft
code\modules\hydroponics\seeds.dm:621:error: snip.weed_chance: undefined type: /obj/item/graft
code\modules\hydroponics\seeds.dm:622:error: snip.yield: undefined type: /obj/item/graft
code\modules\hydroponics\seeds.dm:624:error: returnsnip: undefined type: /obj/item/graft
code\modules\hydroponics\seeds.dm:637:error: snip.stored_trait: undefined type: /obj/item/graft
code\modules\hydroponics\seeds.dm:638:error: new_trait: undefined type: /datum/plant_gene
code\modules\hydroponics\seeds.dm:638:error: new_trait.can_add: undefined var
code\modules\hydroponics\seeds.dm:639:error: new_trait.Copy: undefined type: /datum/plant_gene
code\modules\hydroponics\seeds.dm:642:error: snip.lifespan: undefined type: /obj/item/graft
code\modules\hydroponics\seeds.dm:643:error: snip.endurance: undefined type: /obj/item/graft
code\modules\hydroponics\seeds.dm:644:error: snip.production: undefined type: /obj/item/graft
code\modules\hydroponics\seeds.dm:645:error: snip.weed_rate: undefined type: /obj/item/graft
code\modules\hydroponics\seeds.dm:646:error: snip.weed_chance: undefined type: /obj/item/graft
code\modules\hydroponics\seeds.dm:647:error: snip.yield: undefined type: /obj/item/graft
code\modules\hydroponics\seeds.dm:171:error: /obj/machinery/hydroponics: undefined type path
code\modules\hydroponics\seeds.dm:173:error: H.rating: undefined type: /obj/machinery/hydroponics
code\modules\hydroponics\seeds.dm:498:error: G: undefined type: /datum/plant_gene/reagent
code\modules\hydroponics\seeds.dm:499:error: G.get_name: undefined type: /datum/plant_gene/reagent
code\modules\hydroponics\grown\ambrosia.dm:26:error: /datum/plant_gene/trait/repeated_harvest: undefined type path
code\modules\hydroponics\grown\apple.dm:15:error: /datum/plant_gene/trait/repeated_harvest: undefined type path
code\modules\hydroponics\grown\banana.dm:14:error: /datum/plant_gene/trait/slip: undefined type path
code\modules\hydroponics\grown\banana.dm:14:error: /datum/plant_gene/trait/repeated_harvest: undefined type path
code\modules\hydroponics\grown\banana.dm:17:error: /datum/plant_gene/trait/slip: undefined type path
code\modules\hydroponics\grown\banana.dm:118:error: /datum/plant_gene/trait/slip: undefined type path
code\modules\hydroponics\grown\banana.dm:118:error: /datum/plant_gene/trait/teleport: undefined type path
code\modules\hydroponics\grown\banana.dm:118:error: /datum/plant_gene/trait/repeated_harvest: undefined type path
code\modules\hydroponics\grown\banana.dm:121:error: /datum/plant_gene/trait/teleport: undefined type path
code\modules\hydroponics\grown\beans.dm:16:error: /datum/plant_gene/trait/repeated_harvest: undefined type path
code\modules\hydroponics\grown\berries.dm:17:error: /datum/plant_gene/trait/repeated_harvest: undefined type path
code\modules\hydroponics\grown\berries.dm:91:error: /datum/plant_gene/trait/glow/white: undefined type path
code\modules\hydroponics\grown\berries.dm:91:error: /datum/plant_gene/trait/repeated_harvest: undefined type path
code\modules\hydroponics\grown\berries.dm:94:error: /datum/plant_gene/trait/glow/white: undefined type path
code\modules\hydroponics\grown\berries.dm:124:error: /datum/plant_gene/trait/repeated_harvest: undefined type path
code\modules\hydroponics\grown\berries.dm:171:error: /datum/plant_gene/trait/repeated_harvest: undefined type path
code\modules\hydroponics\grown\berries.dm:171:error: /datum/plant_gene/trait/glow/pink: undefined type path
code\modules\hydroponics\grown\berries.dm:175:error: /datum/plant_gene/trait/glow/pink: undefined type path
code\modules\hydroponics\grown\berries.dm:205:error: /datum/plant_gene/trait/repeated_harvest: undefined type path
code\modules\hydroponics\grown\cannabis.dm:16:error: /datum/plant_gene/trait/repeated_harvest: undefined type path
code\modules\hydroponics\grown\cannabis.dm:66:error: /datum/plant_gene/trait/repeated_harvest: undefined type path
code\modules\hydroponics\grown\cannabis.dm:66:error: /datum/plant_gene/trait/glow/green: undefined type path
code\modules\hydroponics\grown\cannabis.dm:80:error: /datum/plant_gene/trait/glow/green: undefined type path
code\modules\hydroponics\grown\chili.dm:18:error: /datum/plant_gene/trait/repeated_harvest: undefined type path
code\modules\hydroponics\grown\citrus.dm:24:error: /datum/plant_gene/trait/repeated_harvest: undefined type path
code\modules\hydroponics\grown\citrus.dm:50:error: /datum/plant_gene/trait/repeated_harvest: undefined type path
code\modules\hydroponics\grown\citrus.dm:76:error: /datum/plant_gene/trait/repeated_harvest: undefined type path
code\modules\hydroponics\grown\citrus.dm:98:error: /datum/plant_gene/trait/repeated_harvest: undefined type path
code\modules\hydroponics\grown\citrus.dm:174:error: /datum/plant_gene/trait/repeated_harvest: undefined type path
code\modules\hydroponics\grown\cocoa_vanilla.dm:18:error: /datum/plant_gene/trait/repeated_harvest: undefined type path
code\modules\hydroponics\grown\cocoa_vanilla.dm:40:error: /datum/plant_gene/trait/repeated_harvest: undefined type path
code\modules\hydroponics\grown\cocoa_vanilla.dm:64:error: /datum/plant_gene/trait/repeated_harvest: undefined type path
code\modules\hydroponics\grown\eggplant.dm:14:error: /datum/plant_gene/trait/repeated_harvest: undefined type path
code\modules\hydroponics\grown\flowers.dm:68:error: /datum/plant_gene/reagent/polypyr: undefined type path
code\modules\hydroponics\grown\flowers.dm:71:error: /datum/plant_gene/reagent/polypyr: undefined type path
code\modules\hydroponics\grown\flowers.dm:76:error: /datum/plant_gene/reagent/polypyr: undefined type path
code\modules\hydroponics\grown\flowers.dm:138:error: /datum/plant_gene/trait/plant_type/weed_hardy: undefined type path
code\modules\hydroponics\grown\flowers.dm:141:error: /datum/plant_gene/trait/plant_type/weed_hardy: undefined type path
code\modules\hydroponics\grown\flowers.dm:202:error: /datum/plant_gene/trait/glow/purple: undefined type path
code\modules\hydroponics\grown\flowers.dm:208:error: /datum/plant_gene/trait/glow/purple: undefined type path
code\modules\hydroponics\grown\grass_carpet.dm:18:error: /datum/plant_gene/trait/repeated_harvest: undefined type path
code\modules\hydroponics\grown\grass_carpet.dm:53:error: /datum/plant_gene/trait/repeated_harvest: undefined type path
code\modules\hydroponics\grown\grass_carpet.dm:53:error: /datum/plant_gene/trait/glow/blue: undefined type path
code\modules\hydroponics\grown\grass_carpet.dm:55:error: /datum/plant_gene/trait/glow/blue: undefined type path
code\modules\hydroponics\grown\kudzu.dm:10:error: /datum/plant_gene/trait/repeated_harvest: undefined type path
code\modules\hydroponics\grown\kudzu.dm:10:error: /datum/plant_gene/trait/plant_type/weed_hardy: undefined type path
code\modules\hydroponics\grown\kudzu.dm:19:error: /datum/plant_gene/trait/plant_type/weed_hardy: undefined type path
code\modules\hydroponics\grown\kudzu.dm:37:error: /obj/structure/spacevine: undefined type path
code\modules\hydroponics\grown\kudzu.dm:43:error: /datum/spacevine_controller: undefined type path
code\modules\hydroponics\grown\kudzu.dm:55:error: SM: undefined type: /datum/spacevine_mutation
code\modules\hydroponics\grown\kudzu.dm:56:error: SM.name: undefined type: /datum/spacevine_mutation
code\modules\hydroponics\grown\kudzu.dm:55:warning (unused_var): SM: variable defined but not used
code\modules\hydroponics\grown\kudzu.dm:64:error: SM: undefined type: /datum/spacevine_mutation
code\modules\hydroponics\grown\kudzu.dm:65:error: SM.quality: undefined type: /datum/spacevine_mutation
code\modules\hydroponics\grown\kudzu.dm:66:error: SM: undefined type: /datum/spacevine_mutation
code\modules\hydroponics\grown\kudzu.dm:72:error: SM: undefined type: /datum/spacevine_mutation
code\modules\hydroponics\grown\kudzu.dm:73:error: SM.quality: undefined type: /datum/spacevine_mutation
code\modules\hydroponics\grown\kudzu.dm:74:error: SM: undefined type: /datum/spacevine_mutation
code\modules\hydroponics\grown\kudzu.dm:80:error: SM: undefined type: /datum/spacevine_mutation
code\modules\hydroponics\grown\kudzu.dm:81:error: SM.quality: undefined type: /datum/spacevine_mutation
code\modules\hydroponics\grown\kudzu.dm:82:error: SM: undefined type: /datum/spacevine_mutation
code\modules\hydroponics\grown\kudzu.dm:64:warning (unused_var): SM: variable defined but not used
code\modules\hydroponics\grown\kudzu.dm:72:warning (unused_var): SM: variable defined but not used
code\modules\hydroponics\grown\kudzu.dm:80:warning (unused_var): SM: variable defined but not used
code\modules\hydroponics\grown\melon.dm:14:error: /datum/plant_gene/trait/repeated_harvest: undefined type path
code\modules\hydroponics\grown\melon.dm:50:error: /datum/plant_gene/trait/glow/yellow: undefined type path
code\modules\hydroponics\grown\melon.dm:54:error: /datum/plant_gene/trait/glow/yellow: undefined type path
code\modules\hydroponics\grown\melon.dm:110:error: /datum/plant_gene/trait/brewing: undefined type path
code\modules\hydroponics\grown\melon.dm:114:error: /datum/plant_gene/trait/brewing: undefined type path
code\modules\hydroponics\grown\misc.dm:17:error: /datum/plant_gene/trait/plant_type/weed_hardy: undefined type path
code\modules\hydroponics\grown\misc.dm:19:error: /datum/plant_gene/trait/plant_type/weed_hardy: undefined type path
code\modules\hydroponics\grown\misc.dm:26:error: parent.Adjacent: undefined type: /obj/machinery/hydroponics
code\modules\hydroponics\grown\misc.dm:26:error: parent.loc: undefined type: /obj/machinery/hydroponics
code\modules\hydroponics\grown\misc.dm:31:error: parent.update_tray: undefined type: /obj/machinery/hydroponics
code\modules\hydroponics\grown\misc.dm:46:error: I: undefined type: /obj/machinery/hydroponics
code\modules\hydroponics\grown\misc.dm:46:error: /obj/machinery/hydroponics: undefined type path
code\modules\hydroponics\grown\misc.dm:47:error: I.myseed: undefined type: /obj/machinery/hydroponics
code\modules\hydroponics\grown\misc.dm:53:error: parent.age: undefined type: /obj/machinery/hydroponics
code\modules\hydroponics\grown\misc.dm:56:error: parent: undefined type: /obj/machinery/hydroponics
code\modules\hydroponics\grown\misc.dm:84:error: /datum/plant_gene/trait/plant_type/weed_hardy: undefined type path
code\modules\hydroponics\grown\misc.dm:84:error: /datum/plant_gene/trait/invasive: undefined type path
code\modules\hydroponics\grown\misc.dm:87:error: /datum/plant_gene/trait/invasive: undefined type path
code\modules\hydroponics\grown\misc.dm:92:error: /datum/plant_gene/trait/invasive: undefined type path
code\modules\hydroponics\grown\misc.dm:120:error: /datum/plant_gene/trait/repeated_harvest: undefined type path
code\modules\hydroponics\grown\misc.dm:142:error: /datum/plant_gene/trait/repeated_harvest: undefined type path
code\modules\hydroponics\grown\misc.dm:169:error: /datum/plant_gene/trait/repeated_harvest: undefined type path
code\modules\hydroponics\grown\mushrooms.dm:23:error: /datum/plant_gene/trait/plant_type/fungal_metabolism: undefined type path
code\modules\hydroponics\grown\mushrooms.dm:26:error: /datum/plant_gene/trait/plant_type/fungal_metabolism: undefined type path
code\modules\hydroponics\grown\mushrooms.dm:50:error: /datum/plant_gene/trait/plant_type/fungal_metabolism: undefined type path
code\modules\hydroponics\grown\mushrooms.dm:54:error: /datum/plant_gene/trait/plant_type/fungal_metabolism: undefined type path
code\modules\hydroponics\grown\mushrooms.dm:77:error: /datum/plant_gene/trait/plant_type/fungal_metabolism: undefined type path
code\modules\hydroponics\grown\mushrooms.dm:81:error: /datum/plant_gene/trait/plant_type/fungal_metabolism: undefined type path
code\modules\hydroponics\grown\mushrooms.dm:104:error: /datum/plant_gene/trait/plant_type/fungal_metabolism: undefined type path
code\modules\hydroponics\grown\mushrooms.dm:107:error: /datum/plant_gene/trait/plant_type/fungal_metabolism: undefined type path
code\modules\hydroponics\grown\mushrooms.dm:129:error: /datum/plant_gene/trait/plant_type/fungal_metabolism: undefined type path
code\modules\hydroponics\grown\mushrooms.dm:133:error: /datum/plant_gene/trait/plant_type/fungal_metabolism: undefined type path
code\modules\hydroponics\grown\mushrooms.dm:158:error: /datum/plant_gene/trait/eyes: undefined type path
code\modules\hydroponics\grown\mushrooms.dm:196:error: /datum/plant_gene/trait/plant_type/fungal_metabolism: undefined type path
code\modules\hydroponics\grown\mushrooms.dm:200:error: /datum/plant_gene/trait/plant_type/fungal_metabolism: undefined type path
code\modules\hydroponics\grown\mushrooms.dm:221:error: /datum/plant_gene/trait/plant_type/fungal_metabolism: undefined type path
code\modules\hydroponics\grown\mushrooms.dm:221:error: /datum/plant_gene/reagent/liquidelectricity: undefined type path
code\modules\hydroponics\grown\mushrooms.dm:221:error: /datum/plant_gene/trait/plant_type/carnivory: undefined type path
code\modules\hydroponics\grown\mushrooms.dm:224:error: /datum/plant_gene/trait/plant_type/carnivory: undefined type path
code\modules\hydroponics\grown\mushrooms.dm:229:error: /datum/plant_gene/reagent/liquidelectricity: undefined type path
code\modules\hydroponics\grown\mushrooms.dm:230:error: /datum/plant_gene/trait/plant_type/carnivory: undefined type path
code\modules\hydroponics\grown\mushrooms.dm:255:error: /datum/plant_gene/trait/glow: undefined type path
code\modules\hydroponics\grown\mushrooms.dm:255:error: /datum/plant_gene/trait/plant_type/fungal_metabolism: undefined type path
code\modules\hydroponics\grown\mushrooms.dm:259:error: /datum/plant_gene/trait/glow: undefined type path
code\modules\hydroponics\grown\mushrooms.dm:301:error: /datum/plant_gene/trait/glow/red: undefined type path
code\modules\hydroponics\grown\mushrooms.dm:301:error: /datum/plant_gene/trait/cell_charge: undefined type path
code\modules\hydroponics\grown\mushrooms.dm:301:error: /datum/plant_gene/trait/plant_type/fungal_metabolism: undefined type path
code\modules\hydroponics\grown\mushrooms.dm:305:error: /datum/plant_gene/trait/cell_charge: undefined type path
code\modules\hydroponics\grown\mushrooms.dm:326:error: /datum/plant_gene/trait/glow/shadow: undefined type path
code\modules\hydroponics\grown\mushrooms.dm:326:error: /datum/plant_gene/trait/plant_type/fungal_metabolism: undefined type path
code\modules\hydroponics\grown\mushrooms.dm:330:error: /datum/plant_gene/trait/glow/shadow: undefined type path
code\modules\hydroponics\grown\nettle.dm:13:error: /datum/plant_gene/trait/repeated_harvest: undefined type path
code\modules\hydroponics\grown\nettle.dm:13:error: /datum/plant_gene/trait/plant_type/weed_hardy: undefined type path
code\modules\hydroponics\grown\nettle.dm:16:error: /datum/plant_gene/trait/plant_type/weed_hardy: undefined type path
code\modules\hydroponics\grown\nettle.dm:28:error: /datum/plant_gene/trait/repeated_harvest: undefined type path
code\modules\hydroponics\grown\nettle.dm:28:error: /datum/plant_gene/trait/plant_type/weed_hardy: undefined type path
code\modules\hydroponics\grown\nettle.dm:28:error: /datum/plant_gene/trait/stinging: undefined type path
code\modules\hydroponics\grown\nettle.dm:32:error: /datum/plant_gene/trait/stinging: undefined type path
code\modules\hydroponics\grown\peas.dm:16:error: /datum/plant_gene/trait/repeated_harvest: undefined type path
code\modules\hydroponics\grown\peas.dm:46:error: /datum/plant_gene/trait/repeated_harvest: undefined type path
code\modules\hydroponics\grown\peas.dm:46:error: /datum/plant_gene/trait/glow/purple: undefined type path
code\modules\hydroponics\grown\peas.dm:50:error: /datum/plant_gene/trait/glow/purple: undefined type path
code\modules\hydroponics\grown\peas.dm:80:error: /datum/plant_gene/trait/glow/blue: undefined type path
code\modules\hydroponics\grown\peas.dm:83:error: /datum/plant_gene/trait/glow/blue: undefined type path
code\modules\hydroponics\grown\pineapple.dm:13:error: /datum/plant_gene/trait/repeated_harvest: undefined type path
code\modules\hydroponics\grown\potato.dm:17:error: /datum/plant_gene/trait/battery: undefined type path
code\modules\hydroponics\grown\potato.dm:20:error: /datum/plant_gene/trait/battery: undefined type path
code\modules\hydroponics\grown\pumpkin.dm:15:error: /datum/plant_gene/trait/repeated_harvest: undefined type path
code\modules\hydroponics\grown\rainbow_bunch.dm:19:error: /datum/plant_gene/trait/repeated_harvest: undefined type path
code\modules\hydroponics\grown\replicapod.dm:136:error: parent: undefined type: /obj/machinery/hydroponics
code\modules\hydroponics\grown\replicapod.dm:137:error: parent: undefined type: /obj/machinery/hydroponics
code\modules\hydroponics\grown\replicapod.dm:143:error: parent.Adjacent: undefined type: /obj/machinery/hydroponics
code\modules\hydroponics\grown\replicapod.dm:143:error: parent.loc: undefined type: /obj/machinery/hydroponics
code\modules\hydroponics\grown\replicapod.dm:148:error: parent.update_tray: undefined type: /obj/machinery/hydroponics
code\modules\hydroponics\grown\replicapod.dm:152:error: parent.loc: undefined type: /obj/machinery/hydroponics
code\modules\hydroponics\grown\replicapod.dm:169:error: /datum/species/pod: undefined type path
code\modules\hydroponics\grown\replicapod.dm:171:error: parent: undefined type: /obj/machinery/hydroponics
code\modules\hydroponics\grown\replicapod.dm:171:error: parent: undefined type: /obj/machinery/hydroponics
code\modules\hydroponics\grown\replicapod.dm:171:error: parent.Admin_Coordinates_Readable: undefined type: /obj/machinery/hydroponics
code\modules\hydroponics\grown\replicapod.dm:173:error: parent.update_tray: undefined type: /obj/machinery/hydroponics
code\modules\hydroponics\grown\root.dm:101:error: /datum/plant_gene/trait/maxchem: undefined type path
code\modules\hydroponics\grown\root.dm:103:error: /datum/plant_gene/trait/maxchem: undefined type path
code\modules\hydroponics\grown\tea_coffee.dm:15:error: /datum/plant_gene/trait/repeated_harvest: undefined type path
code\modules\hydroponics\grown\tea_coffee.dm:62:error: /datum/plant_gene/trait/repeated_harvest: undefined type path
code\modules\hydroponics\grown\tomato.dm:14:error: /datum/plant_gene/trait/squash: undefined type path
code\modules\hydroponics\grown\tomato.dm:14:error: /datum/plant_gene/trait/repeated_harvest: undefined type path
code\modules\hydroponics\grown\tomato.dm:17:error: /datum/plant_gene/trait/squash: undefined type path
code\modules\hydroponics\grown\tomato.dm:64:error: /datum/plant_gene/trait/slip: undefined type path
code\modules\hydroponics\grown\tomato.dm:64:error: /datum/plant_gene/trait/repeated_harvest: undefined type path
code\modules\hydroponics\grown\tomato.dm:67:error: /datum/plant_gene/trait/slip: undefined type path
code\modules\hydroponics\grown\tomato.dm:87:error: /datum/plant_gene/trait/squash: undefined type path
code\modules\hydroponics\grown\tomato.dm:87:error: /datum/plant_gene/trait/slip: undefined type path
code\modules\hydroponics\grown\tomato.dm:87:error: /datum/plant_gene/trait/teleport: undefined type path
code\modules\hydroponics\grown\tomato.dm:87:error: /datum/plant_gene/trait/repeated_harvest: undefined type path
code\modules\hydroponics\grown\tomato.dm:90:error: /datum/plant_gene/trait/teleport: undefined type path
code\modules\hydroponics\grown\tomato.dm:109:error: /datum/plant_gene/trait/squash: undefined type path
code\modules\hydroponics\grown\towercap.dm:17:error: /datum/plant_gene/trait/plant_type/fungal_metabolism: undefined type path
code\modules\hydroponics\grown\towercap.dm:20:error: /datum/plant_gene/trait/plant_type/fungal_metabolism: undefined type path
code\modules\hydroponics\grown\towercap.dm:121:error: /datum/plant_gene/trait/repeated_harvest: undefined type path
code\modules\mining\lavaland\ash_flora.dm:231:error: /datum/plant_gene/trait/fire_resistance: undefined type path
code\modules\mining\lavaland\ash_flora.dm:232:error: /datum/plant_gene/trait/fire_resistance: undefined type path
code\modules\mining\lavaland\ash_flora.dm:242:error: /datum/plant_gene/trait/fire_resistance: undefined type path
code\modules\mining\lavaland\ash_flora.dm:284:error: /datum/plant_gene/trait/plant_type/fungal_metabolism: undefined type path
code\modules\mining\lavaland\ash_flora.dm:284:error: /datum/plant_gene/trait/fire_resistance: undefined type path
code\modules\mining\lavaland\ash_flora.dm:295:error: /datum/plant_gene/trait/plant_type/fungal_metabolism: undefined type path
code\modules\mining\lavaland\ash_flora.dm:295:error: /datum/plant_gene/trait/fire_resistance: undefined type path
code\modules\mining\lavaland\ash_flora.dm:307:error: /datum/plant_gene/trait/plant_type/fungal_metabolism: undefined type path
code\modules\mining\lavaland\ash_flora.dm:307:error: /datum/plant_gene/trait/fire_resistance: undefined type path
code\modules\mining\lavaland\ash_flora.dm:318:error: /datum/plant_gene/trait/plant_type/fungal_metabolism: undefined type path
code\modules\mining\lavaland\ash_flora.dm:318:error: /datum/plant_gene/trait/glow: undefined type path
code\modules\mining\lavaland\ash_flora.dm:318:error: /datum/plant_gene/trait/fire_resistance: undefined type path
code\modules\mining\lavaland\ash_flora.dm:261:error: /datum/plant_gene/trait/sticky: undefined type path
code\modules\mining\lavaland\ash_flora.dm:261:error: /datum/plant_gene/trait/stinging: undefined type path
code\modules\mining\lavaland\ash_flora.dm:262:error: /datum/plant_gene/trait/sticky: undefined type path
code\modules\instruments\items.dm:182:error: /datum/component/spooky: undefined type path
code\modules\instruments\items.dm:206:error: /datum/component/spooky: undefined type path
code\modules\instruments\items.dm:230:error: /datum/component/spooky: undefined type path
code\modules\mining\aux_base.dm:244:error: shuttle_id: undefined var
code\modules\mining\minebot.dm:308:error: sentience_type: undefined var
code\modules\mining\minebot.dm:321:error: M.stored_gun: undefined type: /obj/item/gun/energy/kinetic_accelerator/minebot
code\modules\mining\minebot.dm:322:error: M.stored_gun.overheat_time: undefined type: /obj/item/gun/energy/kinetic_accelerator/minebot
code\modules\mining\minebot.dm:314:error: after_success: undefined proc
code\modules\mining\ores_coins.dm:403:error: /obj/item/stack/cable_coil: undefined type path
code\modules\mining\ores_coins.dm:424:error: /obj/item/stack/cable_coil: undefined type path
code\modules\mining\equipment\survival_pod.dm:285:error: /obj/item/ship_in_a_bottle: undefined type path
code\modules\mining\equipment\survival_pod.dm:286:error: /obj/item/gun/energy/pulse: undefined type path
code\modules\mining\equipment\survival_pod.dm:289:error: /obj/item/shield/changeling: undefined type path
code\modules\mining\equipment\survival_pod.dm:291:error: /obj/item/energy_katana: undefined type path
code\modules\mining\equipment\survival_pod.dm:293:error: /obj/item/his_grace: undefined type path
code\modules\mining\equipment\survival_pod.dm:294:error: /obj/item/gun/ballistic/minigun: undefined type path
code\modules\mining\equipment\survival_pod.dm:298:error: /obj/item/gun/magic/wand/death: undefined type path
code\modules\mining\equipment\survival_pod.dm:299:error: /obj/item/gun/magic/wand/fireball: undefined type path
code\modules\mining\equipment\survival_pod.dm:300:error: /obj/item/stack/telecrystal/twenty: undefined type path
code\modules\projectiles\ammunition\ballistic\shotgun.dm:112:error: /obj/projectile/ion/weak: undefined type path
code\modules\projectiles\ammunition\energy\special.dm:2:error: /obj/projectile/ion: undefined type path
code\modules\projectiles\ammunition\energy\special.dm:7:error: /obj/projectile/ion/weak: undefined type path
code\modules\projectiles\ammunition\energy\special.dm:42:error: /obj/projectile/temp/hot: undefined type path
code\modules\projectiles\ammunition\energy\special.dm:46:error: /obj/projectile/meteor: undefined type path
code\modules\projectiles\ammunition\energy\special.dm:76:error: /obj/projectile/energy/tesla/revolver: undefined type path
code\modules\projectiles\ammunition\special\syringe.dm:24:error: /obj/item/mecha_parts/mecha_equipment/medical/syringe_gun: undefined type path
code\modules\projectiles\ammunition\special\syringe.dm:26:error: syringe_gun.syringes: undefined type: /obj/item/mecha_parts/mecha_equipment/medical/syringe_gun
code\modules\projectiles\ammunition\special\syringe.dm:28:error: syringe_gun.reagents.total_volume: undefined type: /obj/item/mecha_parts/mecha_equipment/medical/syringe_gun
code\modules\projectiles\ammunition\special\syringe.dm:28:error: syringe_gun.reagents.trans_to: undefined type: /obj/item/mecha_parts/mecha_equipment/medical/syringe_gun
code\modules\projectiles\ammunition\special\syringe.dm:31:error: syringe_gun.syringes: undefined type: /obj/item/mecha_parts/mecha_equipment/medical/syringe_gun
code\modules\projectiles\ammunition\special\syringe.dm:31:error: syringe_gun.syringes: undefined type: /obj/item/mecha_parts/mecha_equipment/medical/syringe_gun
code\modules\projectiles\ammunition\special\syringe.dm:31:error: syringe_gun.syringes: undefined type: /obj/item/mecha_parts/mecha_equipment/medical/syringe_gun
code\modules\projectiles\ammunition\special\syringe.dm:31:error: syringe_gun.syringes: undefined type: /obj/item/mecha_parts/mecha_equipment/medical/syringe_gun
code\modules\projectiles\ammunition\special\syringe.dm:56:error: /obj/projectile/bullet/dnainjector: undefined type path
code\modules\projectiles\ammunition\special\syringe.dm:69:error: S.forceMove: undefined type: /obj/item/dnainjector
code\modules\projectiles\ammunition\special\syringe.dm:70:error: S: undefined type: /obj/item/dnainjector
code\modules\mining\lavaland\necropolis_chests.dm:949:error: /datum/species/lizard: undefined type path
code\modules\mining\lavaland\necropolis_chests.dm:1186:error: beacon: undefined type: /obj/effect/hierophant
code\modules\mining\lavaland\necropolis_chests.dm:1191:error: /obj/effect/temp_visual/hierophant/telegraph: undefined type path
code\modules\mining\lavaland\necropolis_chests.dm:1198:error: /obj/effect/temp_visual/hierophant/blast/visual: undefined type path
code\modules\mining\lavaland\necropolis_chests.dm:1209:error: beacon: undefined type: /obj/effect/hierophant
code\modules\mining\lavaland\necropolis_chests.dm:1215:error: beacon: undefined type: /obj/effect/hierophant
code\modules\mining\lavaland\necropolis_chests.dm:1215:error: beacon.gc_destroyed: undefined type: /obj/effect/hierophant
code\modules\mining\lavaland\necropolis_chests.dm:1219:error: beacon: undefined type: /obj/effect/hierophant
code\modules\mining\lavaland\necropolis_chests.dm:1221:error: beacon: undefined type: /obj/effect/hierophant
code\modules\mining\lavaland\necropolis_chests.dm:1221:error: beacon: undefined type: /obj/effect/hierophant
code\modules\mining\lavaland\necropolis_chests.dm:1221:error: beacon.gc_destroyed: undefined type: /obj/effect/hierophant
code\modules\mining\lavaland\necropolis_chests.dm:1225:error: beacon: undefined type: /obj/effect/hierophant
code\modules\mining\lavaland\necropolis_chests.dm:1228:error: /obj/effect/temp_visual/hierophant/telegraph/teleport: undefined type path
code\modules\mining\lavaland\necropolis_chests.dm:1229:error: beacon: undefined type: /obj/effect/hierophant
code\modules\mining\lavaland\necropolis_chests.dm:1229:error: /obj/effect/hierophant: undefined type path
code\modules\mining\lavaland\necropolis_chests.dm:1237:error: beacon: undefined type: /obj/effect/hierophant
code\modules\mining\lavaland\necropolis_chests.dm:1240:error: beacon: undefined type: /obj/effect/hierophant
code\modules\mining\lavaland\necropolis_chests.dm:1250:error: beacon.icon_state: undefined type: /obj/effect/hierophant
code\modules\mining\lavaland\necropolis_chests.dm:1251:error: /obj/effect/temp_visual/hierophant/telegraph/edge: undefined type path
code\modules\mining\lavaland\necropolis_chests.dm:1252:error: /obj/effect/temp_visual/hierophant/telegraph/edge: undefined type path
code\modules\mining\lavaland\necropolis_chests.dm:1252:error: beacon.loc: undefined type: /obj/effect/hierophant
code\modules\mining\lavaland\necropolis_chests.dm:1253:error: beacon: undefined type: /obj/effect/hierophant
code\modules\mining\lavaland\necropolis_chests.dm:1254:error: beacon: undefined type: /obj/effect/hierophant
code\modules\mining\lavaland\necropolis_chests.dm:1260:error: beacon.icon_state: undefined type: /obj/effect/hierophant
code\modules\mining\lavaland\necropolis_chests.dm:1262:error: /obj/effect/temp_visual/hierophant/telegraph: undefined type path
code\modules\mining\lavaland\necropolis_chests.dm:1263:error: /obj/effect/temp_visual/hierophant/telegraph: undefined type path
code\modules\mining\lavaland\necropolis_chests.dm:1266:error: beacon: undefined type: /obj/effect/hierophant
code\modules\mining\lavaland\necropolis_chests.dm:1266:error: beacon: undefined type: /obj/effect/hierophant
code\modules\mining\lavaland\necropolis_chests.dm:1266:error: beacon.gc_destroyed: undefined type: /obj/effect/hierophant
code\modules\mining\lavaland\necropolis_chests.dm:1270:error: beacon: undefined type: /obj/effect/hierophant
code\modules\mining\lavaland\necropolis_chests.dm:1271:error: beacon.icon_state: undefined type: /obj/effect/hierophant
code\modules\mining\lavaland\necropolis_chests.dm:1277:error: beacon.icon_state: undefined type: /obj/effect/hierophant
code\modules\mining\lavaland\necropolis_chests.dm:1279:error: beacon: undefined type: /obj/effect/hierophant
code\modules\mining\lavaland\necropolis_chests.dm:1280:error: /obj/effect/temp_visual/hierophant/telegraph/teleport: undefined type path
code\modules\mining\lavaland\necropolis_chests.dm:1281:error: /obj/effect/temp_visual/hierophant/telegraph/teleport: undefined type path
code\modules\mining\lavaland\necropolis_chests.dm:1283:error: /obj/effect/temp_visual/hierophant/blast/visual: undefined type path
code\modules\mining\lavaland\necropolis_chests.dm:1285:error: /obj/effect/temp_visual/hierophant/blast/visual: undefined type path
code\modules\mining\lavaland\necropolis_chests.dm:1289:error: beacon: undefined type: /obj/effect/hierophant
code\modules\mining\lavaland\necropolis_chests.dm:1290:error: beacon.icon_state: undefined type: /obj/effect/hierophant
code\modules\mining\lavaland\necropolis_chests.dm:1292:error: TE1: undefined type: /obj/effect/temp_visual/hierophant/telegraph/edge
code\modules\mining\lavaland\necropolis_chests.dm:1293:error: TE2: undefined type: /obj/effect/temp_visual/hierophant/telegraph/edge
code\modules\mining\lavaland\necropolis_chests.dm:1294:error: beacon: undefined type: /obj/effect/hierophant
code\modules\mining\lavaland\necropolis_chests.dm:1295:error: beacon.icon_state: undefined type: /obj/effect/hierophant
code\modules\mob\living\brain\MMI.dm:13:error: laws: unknown variable type
code\modules\mob\living\brain\MMI.dm:13:error: =: expected a constant expression
code\modules\mob\living\brain\MMI.dm:21:error: laws.set_laws_config: undefined type: /datum/ai_laws
code\modules\mob\living\brain\MMI.dm:26:error: borg.mmi: undefined var
code\modules\mob\living\brain\MMI.dm:31:error: laws: undefined type: /datum/ai_laws
code\modules\mob\living\brain\MMI.dm:31:error: laws: undefined type: /datum/ai_laws
code\modules\mob\living\brain\MMI.dm:284:error: laws: undefined type: /datum/ai_laws
code\modules\mob\living\brain\MMI.dm:284:error: /datum/ai_laws/syndicate_override: undefined type path
code\modules\mob\living\brain\posibrain.dm:96:error: R.mmi: undefined var
code\modules\mob\living\brain\posibrain.dm:131:error: brainmob.mind.remove_all_antag: undefined proc
code\modules\paperwork\handlabeler.dm:111:error: borgy.cell: undefined var
code\modules\paperwork\handlabeler.dm:112:error: borgy.cell.use: undefined var
code\modules\photography\camera\camera.dm:47:error: disk: undefined type: /obj/item/disk/holodisk
code\modules\photography\camera\camera.dm:49:error: disk: undefined type: /obj/item/disk/holodisk
code\modules\photography\camera\camera.dm:50:error: disk: undefined type: /obj/item/disk/holodisk
code\modules\photography\camera\camera.dm:51:error: disk: undefined type: /obj/item/disk/holodisk
code\modules\photography\camera\camera.dm:90:error: /obj/item/disk/holodisk: undefined type path
code\modules\photography\camera\camera.dm:91:error: disk: undefined type: /obj/item/disk/holodisk
code\modules\photography\camera\camera.dm:96:error: disk: undefined type: /obj/item/disk/holodisk
code\modules\photography\camera\camera.dm:126:error: disk: undefined type: /obj/item/disk/holodisk
code\modules\photography\camera\camera.dm:128:error: disk.record: undefined type: /obj/item/disk/holodisk
code\modules\photography\camera\camera.dm:129:error: disk.record: undefined type: /obj/item/disk/holodisk
code\modules\photography\camera\camera.dm:129:error: disk.record: undefined type: /obj/item/disk/holodisk
code\modules\photography\camera\camera.dm:131:error: disk.record: undefined type: /obj/item/disk/holodisk
code\modules\photography\camera\camera.dm:133:error: disk.record.caller_name: undefined type: /obj/item/disk/holodisk
code\modules\photography\camera\camera.dm:134:error: disk.record.set_caller_image: undefined type: /obj/item/disk/holodisk
code\modules\photography\camera\silicon_camera.dm:58:error: C.connected_ai: undefined var
code\modules\photography\camera\silicon_camera.dm:59:error: C.connected_ai.aicamera.stored.len: undefined var
code\modules\photography\camera\silicon_camera.dm:61:error: C.connected_ai.aicamera.stored: undefined var
code\modules\photography\camera\silicon_camera.dm:71:error: R.connected_ai: undefined var
code\modules\photography\camera\silicon_camera.dm:72:error: R.picturesync: undefined proc
code\modules\photography\camera\silicon_camera.dm:73:error: R.connected_ai.aicamera.selectpicture: undefined var
code\modules\photography\camera\silicon_camera.dm:79:error: C.toner: undefined var
code\modules\photography\camera\silicon_camera.dm:89:error: C.toner: undefined var
code\modules\power\cell.dm:153:error: /datum/species/ethereal: undefined type path
code\modules\power\cell.dm:190:error: rating: undefined var
code\modules\power\cell.dm:264:error: rating: undefined var
code\modules\power\cell.dm:277:error: rating: undefined var
code\modules\power\cell.dm:290:error: rating: undefined var
code\modules\power\cell.dm:304:error: rating: undefined var
code\modules\power\cell.dm:316:error: rating: undefined var
code\modules\power\cell.dm:349:error: rating: undefined var
code\modules\projectiles\pins.dm:115:error: /obj/item/implant/mindshield: undefined type path
code\modules\projectiles\pins.dm:152:error: /datum/antagonist/nukeop/clownop: undefined type path
code\modules\projectiles\pins.dm:154:error: /datum/antagonist/nukeop/leader/clownop: undefined type path
code\modules\projectiles\boxes_magazines\internal\rifle.dm:26:error: /obj/item/ammo_casing/magic/arcane_barrage: undefined type path
code\modules\recycling\sortingmachinery.dm:350:error: /datum/species/lizard: undefined type path
code\modules\surgery\bodyparts\_bodyparts.dm:765:error: /datum/mutation/human/hulk: undefined type path
code\modules\surgery\organs\autosurgeon.dm:14:error: attack_self_tk: undefined proc
code\modules\surgery\organs\autosurgeon.dm:229:error: /obj/item/skillchip/chameleon: undefined type path
code\modules\surgery\organs\autosurgeon.dm:152:error: user.implant_skillchip: undefined proc
code\modules\spells\spell_types\charge.dm:36:error: /obj/item/spellbook: undefined type path
code\modules\spells\spell_types\charge.dm:62:error: /obj/item/gun/magic/wand: undefined type path
code\modules\spells\spell_types\construct_spells.dm:312:error: /obj/effect/temp_visual/dir_setting/cult/phase: undefined type path
code\modules\spells\spell_types\construct_spells.dm:313:error: /obj/effect/temp_visual/dir_setting/cult/phase/out: undefined type path
code\modules\spells\spell_types\wizard.dm:52:error: /datum/mutation/human/laser_eyes: undefined type path
code\modules\spells\spell_types\wizard.dm:52:error: /datum/mutation/human/hulk: undefined type path
code\modules\spells\spell_types\pointed\blind.dm:22:error: /datum/mutation/human/blind: undefined type path
code\modules\spells\spell_types\shapeshift.dm:24:error: /mob/living/simple_animal/hostile/carp/ranged/chaos: undefined type path
code\modules\spells\spell_types\shapeshift.dm:25:error: /mob/living/simple_animal/bot/secbot/ed209: undefined type path
code\modules\spells\spell_types\shapeshift.dm:27:error: /mob/living/simple_animal/hostile/construct/juggernaut: undefined type path
code\modules\spells\spell_types\shapeshift.dm:129:error: /mob/living/simple_animal/hostile/megafauna/dragon/lesser: undefined type path
code\modules\spells\spell_types\telepathy.dm:23:error: user: undefined type: /mob/living/simple_animal/revenant
code\modules\spells\spell_types\telepathy.dm:24:error: user: undefined type: /mob/living/simple_animal/revenant
code\modules\spells\spell_types\telepathy.dm:30:error: user: undefined type: /mob/living/simple_animal/revenant
code\modules\spells\spell_types\telepathy.dm:32:error: user: undefined type: /mob/living/simple_animal/revenant
code\modules\spells\spell_types\conjure.dm:53:error: /mob/living/simple_animal/bot/secbot/ed209: undefined type path
code\modules\spells\spell_types\wizard.dm:206:error: /obj/structure/constructshell: undefined type path
code\modules\spells\spell_types\construct_spells.dm:91:error: /obj/item/soulstone: undefined type path
code\modules\spells\spell_types\construct_spells.dm:98:error: /obj/item/soulstone/anybody: undefined type path
code\modules\spells\spell_types\construct_spells.dm:101:error: /obj/item/soulstone/anybody/purified: undefined type path
code\modules\spells\spell_types\wizard.dm:194:error: /mob/living/simple_animal/hostile/carp: undefined type path
code\modules\spells\spell.dm:210:error: /obj/item/clothing/suit/magusred: undefined type path
code\modules\spells\spell.dm:210:error: /obj/item/clothing/suit/space/hardsuit/cult: undefined type path
code\modules\spells\spell.dm:213:error: /obj/item/clothing/head/magus: undefined type path
code\modules\spells\spell.dm:213:error: /obj/item/clothing/head/helmet/space/hardsuit/cult: undefined type path
code\modules\spells\spell_types\construct_spells.dm:280:error: /obj/effect/temp_visual/cult/sac: undefined type path
code\modules\spells\spell_types\pointed\mind_transfer.dm:33:error: /datum/antagonist/wizard: undefined type path
code\modules\spells\spell_types\pointed\mind_transfer.dm:33:error: /datum/antagonist/cult: undefined type path
code\modules\spells\spell_types\pointed\mind_transfer.dm:33:error: /datum/antagonist/changeling: undefined type path
code\modules\spells\spell_types\pointed\mind_transfer.dm:33:error: /datum/antagonist/rev: undefined type path
code\modules\spells\spell_types\pointed\mind_transfer.dm:37:error: /mob/living/simple_animal/hostile/guardian: undefined type path
code\modules\spells\spell_types\pointed\mind_transfer.dm:39:error: stand.summoner: undefined type: /mob/living/simple_animal/hostile/guardian
code\modules\spells\spell_types\pointed\mind_transfer.dm:40:error: stand.summoner: undefined type: /mob/living/simple_animal/hostile/guardian
code\modules\spells\spell_types\pointed\mind_transfer.dm:43:error: /mob/living/simple_animal/hostile/imp/slaughter: undefined type path
code\modules\spells\spell_types\pointed\mind_transfer.dm:38:warning (unused_var): stand: variable defined but not used
code\modules\spells\spell_types\pointed\mind_transfer.dm:96:error: /mob/living/simple_animal/hostile/guardian: undefined type path
code\modules\spells\spell_types\pointed\mind_transfer.dm:98:error: stand.summoner: undefined type: /mob/living/simple_animal/hostile/guardian
code\modules\spells\spell_types\pointed\mind_transfer.dm:99:error: stand.summoner: undefined type: /mob/living/simple_animal/hostile/guardian
code\modules\spells\spell_types\pointed\mind_transfer.dm:97:warning (unused_var): stand: variable defined but not used
code\game\objects\effects\decals\cleanable.dm:30:error: D.spread_flags: undefined var
code\game\objects\effects\decals\cleanable.dm:30:error: DISEASE_SPREAD_CONTACT_FLUIDS: undefined var
code\game\objects\effects\decals\cleanable.dm:33:error: /datum/component/infective: undefined type path
code\game\objects\effects\decals\cleanable\humans.dm:197:error: /datum/element/swabable: undefined type path
code\game\objects\effects\decals\cleanable\food.dm:37:error: /datum/species/snail: undefined type path
code\game\objects\effects\decals\cleanable\food.dm:42:error: /datum/species/snail: undefined type path
code\game\objects\effects\decals\cleanable\misc.dm:213:error: /datum/species/fly: undefined type path
code\game\objects\effects\decals\cleanable\misc.dm:233:error: /datum/element/swabable: undefined type path
code\game\objects\effects\decals\cleanable\misc.dm:326:error: /datum/element/swabable: undefined type path
code\game\objects\effects\decals\decal.dm:14:error: B: undefined type: /obj/structure/blob
code\game\objects\effects\decals\decal.dm:14:error: B.loc: undefined type: /obj/structure/blob
code\game\objects\effects\landmarks.dm:205:error: /obj/structure/ai_core/latejoin_inactive: undefined type path
code\modules\awaymissions\zlevel.dm:20:error: D: undefined type: /datum/gateway_destination/point
code\modules\awaymissions\zlevel.dm:21:error: D.id: undefined type: /datum/gateway_destination/point
code\modules\awaymissions\zlevel.dm:22:error: current: undefined type: /datum/gateway_destination/point
code\modules\awaymissions\zlevel.dm:22:error: D: undefined type: /datum/gateway_destination/point
code\modules\awaymissions\zlevel.dm:23:error: current: undefined type: /datum/gateway_destination/point
code\modules\awaymissions\zlevel.dm:24:error: current: undefined type: /datum/gateway_destination/point
code\modules\awaymissions\zlevel.dm:25:error: current.id: undefined type: /datum/gateway_destination/point
code\modules\awaymissions\zlevel.dm:27:error: current.wait: undefined type: /datum/gateway_destination/point
code\modules\awaymissions\zlevel.dm:28:error: current: undefined type: /datum/gateway_destination/point
code\modules\awaymissions\zlevel.dm:29:error: current.target_turfs: undefined type: /datum/gateway_destination/point
code\game\objects\effects\countdown.dm:85:error: N: undefined type: /obj/machinery/nuclearbomb
code\game\objects\effects\countdown.dm:87:error: N.timing: undefined type: /obj/machinery/nuclearbomb
code\game\objects\effects\countdown.dm:88:error: N.get_time_left: undefined type: /obj/machinery/nuclearbomb
code\game\objects\effects\countdown.dm:84:warning (unused_var): N: variable defined but not used
code\game\objects\effects\countdown.dm:97:error: S: undefined type: /obj/machinery/power/supermatter_crystal
code\game\objects\effects\countdown.dm:99:error: S.get_integrity: undefined type: /obj/machinery/power/supermatter_crystal
code\game\objects\effects\countdown.dm:96:warning (unused_var): S: variable defined but not used
code\game\objects\effects\countdown.dm:118:error: DD: undefined type: /obj/machinery/doomsday_device
code\game\objects\effects\countdown.dm:120:error: DD.timing: undefined type: /obj/machinery/doomsday_device
code\game\objects\effects\countdown.dm:121:error: DD.seconds_remaining: undefined type: /obj/machinery/doomsday_device
code\game\objects\effects\countdown.dm:117:warning (unused_var): DD: variable defined but not used
code\game\objects\effects\countdown.dm:163:error: bud: undefined type: /obj/structure/alien/resin/flower_bud
code\game\objects\effects\countdown.dm:165:error: bud.finish_time: undefined type: /obj/structure/alien/resin/flower_bud
code\game\objects\effects\countdown.dm:167:error: bud.finish_time: undefined type: /obj/structure/alien/resin/flower_bud
code\game\objects\effects\countdown.dm:162:warning (unused_var): bud: variable defined but not used
code\modules\spells\spell_types\ethereal_jaunt.dm:82:error: /obj/effect/blessing: undefined type path
code\game\objects\effects\spawners\lootdrop.dm:71:error: /obj/item/storage/box/syndie_kit/throwing_weapons: undefined type path
code\game\objects\effects\spawners\lootdrop.dm:79:error: /obj/item/storage/box/syndie_kit/throwing_weapons: undefined type path
code\game\objects\effects\spawners\lootdrop.dm:121:error: /obj/item/pda: undefined type path
code\game\objects\effects\spawners\lootdrop.dm:129:error: /obj/item/storage/box/syndie_kit/throwing_weapons: undefined type path
code\game\objects\effects\spawners\lootdrop.dm:287:error: /obj/item/organ/heart/gland/electric: undefined type path
code\game\objects\effects\spawners\lootdrop.dm:288:error: /obj/item/organ/heart/gland/trauma: undefined type path
code\game\objects\effects\spawners\lootdrop.dm:289:error: /obj/item/organ/heart/gland/egg: undefined type path
code\game\objects\effects\spawners\lootdrop.dm:290:error: /obj/item/organ/heart/gland/chem: undefined type path
code\game\objects\effects\spawners\lootdrop.dm:291:error: /obj/item/organ/heart/gland/mindshock: undefined type path
code\game\objects\effects\spawners\lootdrop.dm:292:error: /obj/item/organ/heart/gland/plasma: undefined type path
code\game\objects\effects\spawners\lootdrop.dm:293:error: /obj/item/organ/heart/gland/transform: undefined type path
code\game\objects\effects\spawners\lootdrop.dm:294:error: /obj/item/organ/heart/gland/slime: undefined type path
code\game\objects\effects\spawners\lootdrop.dm:295:error: /obj/item/organ/heart/gland/spiderman: undefined type path
code\game\objects\effects\spawners\lootdrop.dm:296:error: /obj/item/organ/heart/gland/ventcrawling: undefined type path
code\game\objects\effects\spawners\lootdrop.dm:297:error: /obj/item/organ/body_egg/alien_embryo: undefined type path
code\game\objects\effects\spawners\lootdrop.dm:317:error: /obj/item/organ/liver/fly: undefined type path
code\game\objects\effects\spawners\lootdrop.dm:327:error: /obj/effect/spawner/xeno_egg_delivery: undefined type path
code\game\objects\effects\spawners\lootdrop.dm:373:error: /obj/item/ai_module/core/full/asimov: undefined type path
code\game\objects\effects\spawners\lootdrop.dm:374:error: /obj/item/ai_module/core/full/asimovpp: undefined type path
code\game\objects\effects\spawners\lootdrop.dm:375:error: /obj/item/ai_module/core/full/hippocratic: undefined type path
code\game\objects\effects\spawners\lootdrop.dm:376:error: /obj/item/ai_module/core/full/paladin_devotion: undefined type path
code\game\objects\effects\spawners\lootdrop.dm:377:error: /obj/item/ai_module/core/full/paladin: undefined type path
code\game\objects\effects\spawners\lootdrop.dm:383:error: /obj/item/ai_module/core/full/corp: undefined type path
code\game\objects\effects\spawners\lootdrop.dm:384:error: /obj/item/ai_module/core/full/maintain: undefined type path
code\game\objects\effects\spawners\lootdrop.dm:385:error: /obj/item/ai_module/core/full/drone: undefined type path
code\game\objects\effects\spawners\lootdrop.dm:386:error: /obj/item/ai_module/core/full/peacekeeper: undefined type path
code\game\objects\effects\spawners\lootdrop.dm:387:error: /obj/item/ai_module/core/full/reporter: undefined type path
code\game\objects\effects\spawners\lootdrop.dm:388:error: /obj/item/ai_module/core/full/robocop: undefined type path
code\game\objects\effects\spawners\lootdrop.dm:389:error: /obj/item/ai_module/core/full/liveandletlive: undefined type path
code\game\objects\effects\spawners\lootdrop.dm:390:error: /obj/item/ai_module/core/full/hulkamania: undefined type path
code\game\objects\effects\spawners\lootdrop.dm:396:error: /obj/item/ai_module/core/full/antimov: undefined type path
code\game\objects\effects\spawners\lootdrop.dm:397:error: /obj/item/ai_module/core/full/balance: undefined type path
code\game\objects\effects\spawners\lootdrop.dm:398:error: /obj/item/ai_module/core/full/tyrant: undefined type path
code\game\objects\effects\spawners\lootdrop.dm:399:error: /obj/item/ai_module/core/full/thermurderdynamic: undefined type path
code\game\objects\effects\spawners\lootdrop.dm:400:error: /obj/item/ai_module/core/full/damaged: undefined type path
code\game\objects\effects\spawners\lootdrop.dm:401:error: /obj/item/ai_module/reset/purge: undefined type path
code\game\objects\effects\spawners\lootdrop.dm:490:error: /obj/item/circuitboard/aicore: undefined type path
code\game\objects\effects\spawners\lootdrop.dm:582:error: /obj/item/raw_anomaly_core/random: undefined type path
code\game\objects\effects\spawners\lootdrop.dm:583:error: /obj/item/disk/tech_disk/spaceloot: undefined type path
code\game\objects\effects\spawners\lootdrop.dm:597:error: /obj/item/scalpel/alien: undefined type path
code\game\objects\effects\spawners\lootdrop.dm:598:error: /obj/item/hemostat/alien: undefined type path
code\game\objects\effects\spawners\lootdrop.dm:599:error: /obj/item/retractor/alien: undefined type path
code\game\objects\effects\spawners\lootdrop.dm:600:error: /obj/item/circular_saw/alien: undefined type path
code\game\objects\effects\spawners\lootdrop.dm:601:error: /obj/item/surgicaldrill/alien: undefined type path
code\game\objects\effects\spawners\lootdrop.dm:602:error: /obj/item/cautery/alien: undefined type path
code\game\objects\effects\spawners\lootdrop.dm:603:error: /obj/item/wrench/caravan: undefined type path
code\game\objects\effects\spawners\lootdrop.dm:604:error: /obj/item/wirecutters/caravan: undefined type path
code\game\objects\effects\spawners\lootdrop.dm:605:error: /obj/item/screwdriver/caravan: undefined type path
code\game\objects\effects\spawners\lootdrop.dm:606:error: /obj/item/crowbar/red/caravan: undefined type path
code\game\objects\effects\spawners\traps.dm:8:error: /obj/structure/trap/ctf: undefined type path
code\game\objects\effects\portals.dm:62:error: attack_tk: undefined proc
code\game\objects\effects\spawners\gibspawner.dm:145:error: /obj/effect/decal/cleanable/robot_debris/up: undefined type path
code\game\objects\effects\spawners\gibspawner.dm:145:error: /obj/effect/decal/cleanable/robot_debris/down: undefined type path
code\game\objects\effects\spawners\gibspawner.dm:145:error: /obj/effect/decal/cleanable/robot_debris/limb: undefined type path
code\game\objects\structures\ghost_role_spawners.dm:7:error: mob_name: undefined var
code\game\objects\structures\ghost_role_spawners.dm:11:error: roundstart: undefined var
code\game\objects\structures\ghost_role_spawners.dm:12:error: death: undefined var
code\game\objects\structures\ghost_role_spawners.dm:13:error: mob_species: undefined var
code\game\objects\structures\ghost_role_spawners.dm:13:error: /datum/species/pod: undefined type path
code\game\objects\structures\ghost_role_spawners.dm:14:error: short_desc: undefined var
code\game\objects\structures\ghost_role_spawners.dm:15:error: flavour_text: undefined var
code\game\objects\structures\ghost_role_spawners.dm:19:error: assignedrole: undefined var
code\game\objects\structures\ghost_role_spawners.dm:21:error: special: undefined proc
code\game\objects\structures\ghost_role_spawners.dm:78:error: mob_name: undefined var
code\game\objects\structures\ghost_role_spawners.dm:81:error: mob_species: undefined var
code\game\objects\structures\ghost_role_spawners.dm:81:error: /datum/species/lizard/ashwalker: undefined type path
code\game\objects\structures\ghost_role_spawners.dm:82:error: outfit: undefined var
code\game\objects\structures\ghost_role_spawners.dm:83:error: roundstart: undefined var
code\game\objects\structures\ghost_role_spawners.dm:84:error: death: undefined var
code\game\objects\structures\ghost_role_spawners.dm:87:error: short_desc: undefined var
code\game\objects\structures\ghost_role_spawners.dm:88:error: flavour_text: undefined var
code\game\objects\structures\ghost_role_spawners.dm:91:error: assignedrole: undefined var
code\game\objects\structures\ghost_role_spawners.dm:96:error: team.players_spawned: undefined type: /datum/team/ashwalkers
code\game\objects\structures\ghost_role_spawners.dm:95:error: allow_spawn: undefined proc
code\game\objects\structures\ghost_role_spawners.dm:105:error: /datum/antagonist/ashwalker: undefined type path
code\game\objects\structures\ghost_role_spawners.dm:105:error: team: undefined type: /datum/team/ashwalkers
code\game\objects\structures\ghost_role_spawners.dm:113:error: team.players_spawned: undefined type: /datum/team/ashwalkers
code\game\objects\structures\ghost_role_spawners.dm:120:error: team: undefined type: /datum/team/ashwalkers
code\game\objects\structures\ghost_role_spawners.dm:120:error: ashteam: undefined type: /datum/team/ashwalkers
code\game\objects\structures\ghost_role_spawners.dm:137:error: mob_name: undefined var
code\game\objects\structures\ghost_role_spawners.dm:140:error: roundstart: undefined var
code\game\objects\structures\ghost_role_spawners.dm:141:error: death: undefined var
code\game\objects\structures\ghost_role_spawners.dm:142:error: mob_species: undefined var
code\game\objects\structures\ghost_role_spawners.dm:142:error: /datum/species/shadow: undefined type path
code\game\objects\structures\ghost_role_spawners.dm:143:error: short_desc: undefined var
code\game\objects\structures\ghost_role_spawners.dm:144:error: flavour_text: undefined var
code\game\objects\structures\ghost_role_spawners.dm:146:error: assignedrole: undefined var
code\game\objects\structures\ghost_role_spawners.dm:152:error: special: undefined proc
code\game\objects\structures\ghost_role_spawners.dm:169:error: mob_name: undefined var
code\game\objects\structures\ghost_role_spawners.dm:172:error: mob_species: undefined var
code\game\objects\structures\ghost_role_spawners.dm:172:error: /datum/species/golem: undefined type path
code\game\objects\structures\ghost_role_spawners.dm:173:error: roundstart: undefined var
code\game\objects\structures\ghost_role_spawners.dm:174:error: death: undefined var
code\game\objects\structures\ghost_role_spawners.dm:181:error: short_desc: undefined var
code\game\objects\structures\ghost_role_spawners.dm:182:error: flavour_text: undefined var
code\game\objects\structures\ghost_role_spawners.dm:187:error: species: undefined type: /datum/species/golem
code\game\objects\structures\ghost_role_spawners.dm:188:error: species.prefix: undefined type: /datum/species/golem
code\game\objects\structures\ghost_role_spawners.dm:189:error: mob_species: undefined var
code\game\objects\structures\ghost_role_spawners.dm:189:error: species: undefined type: /datum/species/golem
code\game\objects\structures\ghost_role_spawners.dm:193:error: species.prefix: undefined type: /datum/species/golem
code\game\objects\structures\ghost_role_spawners.dm:195:error: short_desc: undefined var
code\game\objects\structures\ghost_role_spawners.dm:196:error: flavour_text: undefined var
code\game\objects\structures\ghost_role_spawners.dm:197:error: important_info: undefined var
code\game\objects\structures\ghost_role_spawners.dm:201:error: mob_species: undefined var
code\game\objects\structures\ghost_role_spawners.dm:202:error: X.info_text: undefined type: /datum/species/golem
code\game\objects\structures\ghost_role_spawners.dm:218:error: X.prefix: undefined type: /datum/species/golem
code\game\objects\structures\ghost_role_spawners.dm:232:error: /datum/species/golem: undefined type path
code\game\objects\structures\ghost_role_spawners.dm:237:error: uses: undefined var
code\game\objects\structures\ghost_role_spawners.dm:241:error: show_flavour: undefined var
code\game\objects\structures\ghost_role_spawners.dm:242:error: create: undefined proc
code\game\objects\structures\ghost_role_spawners.dm:251:error: mob_name: undefined var
code\game\objects\structures\ghost_role_spawners.dm:257:error: mob_name: undefined var
code\game\objects\structures\ghost_role_spawners.dm:259:error: mob_species: undefined var
code\game\objects\structures\ghost_role_spawners.dm:259:error: /datum/species/golem/adamantine: undefined type path
code\game\objects\structures\ghost_role_spawners.dm:265:error: mob_name: undefined var
code\game\objects\structures\ghost_role_spawners.dm:268:error: outfit: undefined var
code\game\objects\structures\ghost_role_spawners.dm:269:error: roundstart: undefined var
code\game\objects\structures\ghost_role_spawners.dm:270:error: death: undefined var
code\game\objects\structures\ghost_role_spawners.dm:271:error: random: undefined var
code\game\objects\structures\ghost_role_spawners.dm:272:error: mob_species: undefined var
code\game\objects\structures\ghost_role_spawners.dm:273:error: short_desc: undefined var
code\game\objects\structures\ghost_role_spawners.dm:274:error: flavour_text: undefined var
code\game\objects\structures\ghost_role_spawners.dm:277:error: assignedrole: undefined var
code\game\objects\structures\ghost_role_spawners.dm:284:error: flavour_text: undefined var
code\game\objects\structures\ghost_role_spawners.dm:287:error: outfit.uniform: undefined var
code\game\objects\structures\ghost_role_spawners.dm:289:error: flavour_text: undefined var
code\game\objects\structures\ghost_role_spawners.dm:292:error: outfit.uniform: undefined var
code\game\objects\structures\ghost_role_spawners.dm:293:error: outfit.shoes: undefined var
code\game\objects\structures\ghost_role_spawners.dm:295:error: flavour_text: undefined var
code\game\objects\structures\ghost_role_spawners.dm:297:error: outfit.uniform: undefined var
code\game\objects\structures\ghost_role_spawners.dm:298:error: outfit.suit: undefined var
code\game\objects\structures\ghost_role_spawners.dm:299:error: outfit.back: undefined var
code\game\objects\structures\ghost_role_spawners.dm:301:error: flavour_text: undefined var
code\game\objects\structures\ghost_role_spawners.dm:313:error: mob_name: undefined var
code\game\objects\structures\ghost_role_spawners.dm:316:error: outfit: undefined var
code\game\objects\structures\ghost_role_spawners.dm:317:error: roundstart: undefined var
code\game\objects\structures\ghost_role_spawners.dm:318:error: death: undefined var
code\game\objects\structures\ghost_role_spawners.dm:319:error: random: undefined var
code\game\objects\structures\ghost_role_spawners.dm:320:error: mob_species: undefined var
code\game\objects\structures\ghost_role_spawners.dm:321:error: short_desc: undefined var
code\game\objects\structures\ghost_role_spawners.dm:322:error: flavour_text: undefined var
code\game\objects\structures\ghost_role_spawners.dm:323:error: assignedrole: undefined var
code\game\objects\structures\ghost_role_spawners.dm:338:error: mob_name: undefined var
code\game\objects\structures\ghost_role_spawners.dm:341:error: outfit: undefined var
code\game\objects\structures\ghost_role_spawners.dm:342:error: roundstart: undefined var
code\game\objects\structures\ghost_role_spawners.dm:343:error: death: undefined var
code\game\objects\structures\ghost_role_spawners.dm:344:error: short_desc: undefined var
code\game\objects\structures\ghost_role_spawners.dm:346:error: flavour_text: undefined var
code\game\objects\structures\ghost_role_spawners.dm:347:error: assignedrole: undefined var
code\game\objects\structures\ghost_role_spawners.dm:349:error: special: undefined proc
code\game\objects\structures\ghost_role_spawners.dm:356:error: flavour_text: undefined var
code\game\objects\structures\ghost_role_spawners.dm:375:error: mob_name: undefined var
code\game\objects\structures\ghost_role_spawners.dm:378:error: objectives: undefined var
code\game\objects\structures\ghost_role_spawners.dm:379:error: death: undefined var
code\game\objects\structures\ghost_role_spawners.dm:380:error: roundstart: undefined var
code\game\objects\structures\ghost_role_spawners.dm:381:error: random: undefined var
code\game\objects\structures\ghost_role_spawners.dm:382:error: outfit: undefined var
code\game\objects\structures\ghost_role_spawners.dm:383:error: short_desc: undefined var
code\game\objects\structures\ghost_role_spawners.dm:384:error: flavour_text: undefined var
code\game\objects\structures\ghost_role_spawners.dm:385:error: important_info: undefined var
code\game\objects\structures\ghost_role_spawners.dm:386:error: assignedrole: undefined var
code\game\objects\structures\ghost_role_spawners.dm:398:error: mob_name: undefined var
code\game\objects\structures\ghost_role_spawners.dm:399:error: outfit: undefined var
code\game\objects\structures\ghost_role_spawners.dm:400:error: short_desc: undefined var
code\game\objects\structures\ghost_role_spawners.dm:401:error: flavour_text: undefined var
code\game\objects\structures\ghost_role_spawners.dm:403:error: important_info: undefined var
code\game\objects\structures\ghost_role_spawners.dm:404:error: objectives: undefined var
code\game\objects\structures\ghost_role_spawners.dm:421:error: roundstart: undefined var
code\game\objects\structures\ghost_role_spawners.dm:422:error: death: undefined var
code\game\objects\structures\ghost_role_spawners.dm:425:error: outfit: undefined var
code\game\objects\structures\ghost_role_spawners.dm:426:error: assignedrole: undefined var
code\game\objects\structures\ghost_role_spawners.dm:443:error: short_desc: undefined var
code\game\objects\structures\ghost_role_spawners.dm:444:error: flavour_text: undefined var
code\game\objects\structures\ghost_role_spawners.dm:445:error: important_info: undefined var
code\game\objects\structures\ghost_role_spawners.dm:446:error: outfit: undefined var
code\game\objects\structures\ghost_role_spawners.dm:456:error: short_desc: undefined var
code\game\objects\structures\ghost_role_spawners.dm:457:error: flavour_text: undefined var
code\game\objects\structures\ghost_role_spawners.dm:458:error: important_info: undefined var
code\game\objects\structures\ghost_role_spawners.dm:459:error: outfit: undefined var
code\game\objects\structures\ghost_role_spawners.dm:474:error: short_desc: undefined var
code\game\objects\structures\ghost_role_spawners.dm:475:error: flavour_text: undefined var
code\game\objects\structures\ghost_role_spawners.dm:476:error: important_info: undefined var
code\game\objects\structures\ghost_role_spawners.dm:477:error: outfit: undefined var
code\game\objects\structures\ghost_role_spawners.dm:478:error: id_access_list: undefined var
code\game\objects\structures\ghost_role_spawners.dm:495:error: mob_name: undefined var
code\game\objects\structures\ghost_role_spawners.dm:498:error: roundstart: undefined var
code\game\objects\structures\ghost_role_spawners.dm:499:error: death: undefined var
code\game\objects\structures\ghost_role_spawners.dm:500:error: random: undefined var
code\game\objects\structures\ghost_role_spawners.dm:501:error: mob_species: undefined var
code\game\objects\structures\ghost_role_spawners.dm:502:error: short_desc: undefined var
code\game\objects\structures\ghost_role_spawners.dm:503:error: flavour_text: undefined var
code\game\objects\structures\ghost_role_spawners.dm:506:error: important_info: undefined var
code\game\objects\structures\ghost_role_spawners.dm:507:error: uniform: undefined var
code\game\objects\structures\ghost_role_spawners.dm:508:error: shoes: undefined var
code\game\objects\structures\ghost_role_spawners.dm:509:error: id: undefined var
code\game\objects\structures\ghost_role_spawners.dm:510:error: r_pocket: undefined var
code\game\objects\structures\ghost_role_spawners.dm:511:error: l_pocket: undefined var
code\game\objects\structures\ghost_role_spawners.dm:512:error: assignedrole: undefined var
code\game\objects\structures\ghost_role_spawners.dm:521:error: mob_name: undefined var
code\game\objects\structures\ghost_role_spawners.dm:524:error: roundstart: undefined var
code\game\objects\structures\ghost_role_spawners.dm:525:error: death: undefined var
code\game\objects\structures\ghost_role_spawners.dm:526:error: random: undefined var
code\game\objects\structures\ghost_role_spawners.dm:527:error: mob_species: undefined var
code\game\objects\structures\ghost_role_spawners.dm:528:error: short_desc: undefined var
code\game\objects\structures\ghost_role_spawners.dm:529:error: flavour_text: undefined var
code\game\objects\structures\ghost_role_spawners.dm:532:error: important_info: undefined var
code\game\objects\structures\ghost_role_spawners.dm:533:error: uniform: undefined var
code\game\objects\structures\ghost_role_spawners.dm:534:error: shoes: undefined var
code\game\objects\structures\ghost_role_spawners.dm:535:error: id: undefined var
code\game\objects\structures\ghost_role_spawners.dm:536:error: gloves: undefined var
code\game\objects\structures\ghost_role_spawners.dm:537:error: l_pocket: undefined var
code\game\objects\structures\ghost_role_spawners.dm:538:error: assignedrole: undefined var
code\game\objects\structures\ghost_role_spawners.dm:547:error: mob_name: undefined var
code\game\objects\structures\ghost_role_spawners.dm:550:error: roundstart: undefined var
code\game\objects\structures\ghost_role_spawners.dm:551:error: death: undefined var
code\game\objects\structures\ghost_role_spawners.dm:552:error: random: undefined var
code\game\objects\structures\ghost_role_spawners.dm:553:error: mob_species: undefined var
code\game\objects\structures\ghost_role_spawners.dm:554:error: short_desc: undefined var
code\game\objects\structures\ghost_role_spawners.dm:555:error: flavour_text: undefined var
code\game\objects\structures\ghost_role_spawners.dm:558:error: important_info: undefined var
code\game\objects\structures\ghost_role_spawners.dm:559:error: uniform: undefined var
code\game\objects\structures\ghost_role_spawners.dm:560:error: shoes: undefined var
code\game\objects\structures\ghost_role_spawners.dm:561:error: id: undefined var
code\game\objects\structures\ghost_role_spawners.dm:562:error: l_pocket: undefined var
code\game\objects\structures\ghost_role_spawners.dm:563:error: assignedrole: undefined var
code\game\objects\structures\ghost_role_spawners.dm:572:error: random: undefined var
code\game\objects\structures\ghost_role_spawners.dm:575:error: mob_name: undefined var
code\game\objects\structures\ghost_role_spawners.dm:576:error: mob_species: undefined var
code\game\objects\structures\ghost_role_spawners.dm:577:error: outfit: undefined var
code\game\objects\structures\ghost_role_spawners.dm:578:error: roundstart: undefined var
code\game\objects\structures\ghost_role_spawners.dm:579:error: death: undefined var
code\game\objects\structures\ghost_role_spawners.dm:582:error: show_flavour: undefined var
code\game\objects\structures\ghost_role_spawners.dm:583:error: short_desc: undefined var
code\game\objects\structures\ghost_role_spawners.dm:584:error: flavour_text: undefined var
code\game\objects\structures\ghost_role_spawners.dm:585:error: assignedrole: undefined var
code\game\objects\structures\ghost_role_spawners.dm:590:error: /datum/antagonist/pirate: undefined type path
code\game\objects\structures\ghost_role_spawners.dm:603:error: outfit: undefined var
code\game\objects\structures\ghost_role_spawners.dm:612:error: roundstart: undefined var
code\game\objects\structures\ghost_role_spawners.dm:613:error: death: undefined var
code\game\objects\structures\ghost_role_spawners.dm:614:error: show_flavour: undefined var
code\game\objects\structures\ghost_role_spawners.dm:617:error: short_desc: undefined var
code\game\objects\structures\ghost_role_spawners.dm:618:error: flavour_text: undefined var
code\game\objects\structures\ghost_role_spawners.dm:619:error: important_info: undefined var
code\game\objects\structures\ghost_role_spawners.dm:620:error: outfit: undefined var
code\game\objects\structures\ghost_role_spawners.dm:621:error: assignedrole: undefined var
code\game\objects\structures\ghost_role_spawners.dm:627:error: assignedrole: undefined var
code\game\objects\structures\ghost_role_spawners.dm:626:error: special: undefined proc
code\game\objects\structures\ghost_role_spawners.dm:633:error: short_desc: undefined var
code\game\objects\structures\ghost_role_spawners.dm:634:error: flavour_text: undefined var
code\game\objects\structures\ghost_role_spawners.dm:635:error: important_info: undefined var
code\game\objects\structures\ghost_role_spawners.dm:636:error: outfit: undefined var
code\game\objects\structures\ghost_role_spawners.dm:637:error: assignedrole: undefined var
code\game\objects\structures\ghost_role_spawners.dm:643:error: /obj/structure/fluff/empty_sleeper/syndicate/captain: undefined type path
code\game\objects\structures\ghost_role_spawners.dm:677:error: death: undefined var
code\game\objects\structures\ghost_role_spawners.dm:678:error: roundstart: undefined var
code\game\objects\structures\ghost_role_spawners.dm:679:error: random: undefined var
code\game\objects\structures\ghost_role_spawners.dm:680:error: mob_name: undefined var
code\game\objects\structures\ghost_role_spawners.dm:684:error: short_desc: undefined var
code\game\objects\structures\ghost_role_spawners.dm:685:error: flavour_text: undefined var
code\game\objects\structures\ghost_role_spawners.dm:686:error: assignedrole: undefined var
code\game\objects\structures\ghost_role_spawners.dm:689:error: short_desc: undefined var
code\game\objects\structures\ghost_role_spawners.dm:690:error: flavour_text: undefined var
code\game\objects\structures\ghost_role_spawners.dm:691:error: mob_gender: undefined var
code\game\objects\structures\ghost_role_spawners.dm:693:error: id_job: undefined var
code\game\objects\structures\ghost_role_spawners.dm:694:error: uniform: undefined var
code\game\objects\structures\ghost_role_spawners.dm:711:error: death: undefined var
code\game\objects\structures\ghost_role_spawners.dm:712:error: roundstart: undefined var
code\game\objects\structures\ghost_role_spawners.dm:713:error: random: undefined var
code\game\objects\structures\ghost_role_spawners.dm:717:error: short_desc: undefined var
code\game\objects\structures\ghost_role_spawners.dm:718:error: flavour_text: undefined var
code\game\objects\structures\ghost_role_spawners.dm:719:error: assignedrole: undefined var
code\game\objects\structures\ghost_role_spawners.dm:720:error: id_job: undefined var
code\game\objects\structures\ghost_role_spawners.dm:739:error: death: undefined var
code\game\objects\structures\ghost_role_spawners.dm:740:error: roundstart: undefined var
code\game\objects\structures\ghost_role_spawners.dm:743:error: short_desc: undefined var
code\game\objects\structures\ghost_role_spawners.dm:744:error: flavour_text: undefined var
code\game\objects\structures\ghost_role_spawners.dm:745:error: assignedrole: undefined var
code\game\objects\structures\ghost_role_spawners.dm:747:error: special: undefined proc
code\game\objects\structures\ghost_role_spawners.dm:752:error: death: undefined var
code\game\objects\structures\ghost_role_spawners.dm:753:error: roundstart: undefined var
code\game\objects\structures\ghost_role_spawners.dm:756:error: short_desc: undefined var
code\game\objects\structures\ghost_role_spawners.dm:757:error: flavour_text: undefined var
code\game\objects\structures\ghost_role_spawners.dm:759:error: special: undefined proc
code\game\objects\structures\ghost_role_spawners.dm:771:error: mob_name: undefined var
code\game\objects\structures\ghost_role_spawners.dm:772:error: random: undefined var
code\game\objects\structures\ghost_role_spawners.dm:773:error: permanent: undefined var
code\game\objects\structures\ghost_role_spawners.dm:774:error: uses: undefined var
code\game\objects\structures\ghost_role_spawners.dm:775:error: outfit: undefined var
code\game\objects\structures\ghost_role_spawners.dm:776:error: assignedrole: undefined var
code\game\objects\structures\ghost_role_spawners.dm:794:error: death: undefined var
code\game\objects\structures\ghost_role_spawners.dm:795:error: roundstart: undefined var
code\game\objects\structures\ghost_role_spawners.dm:796:error: mob_name: undefined var
code\game\objects\structures\ghost_role_spawners.dm:800:error: faction: undefined var
code\game\objects\structures\ghost_role_spawners.dm:801:error: short_desc: undefined var
code\game\objects\structures\ghost_role_spawners.dm:804:error: death: undefined var
code\game\objects\structures\ghost_role_spawners.dm:805:error: roundstart: undefined var
code\game\objects\structures\ghost_role_spawners.dm:806:error: mob_name: undefined var
code\game\objects\structures\ghost_role_spawners.dm:810:error: short_desc: undefined var
code\game\objects\structures\ghost_role_spawners.dm:813:error: death: undefined var
code\game\objects\structures\ghost_role_spawners.dm:814:error: roundstart: undefined var
code\game\objects\structures\ghost_role_spawners.dm:815:error: random: undefined var
code\game\objects\structures\ghost_role_spawners.dm:819:error: short_desc: undefined var
code\game\objects\structures\ghost_role_spawners.dm:820:error: assignedrole: undefined var
code\game\objects\structures\ghost_role_spawners.dm:823:warning (no_parent): ..: ..() has no parent proc to call
code\game\objects\structures\ghost_role_spawners.dm:825:error: /obj/item/pda: undefined type path
code\game\objects\structures\ghost_role_spawners.dm:822:error: equip: undefined proc
code\modules\mob\living\simple_animal\corpse.dm:13:error: id_job: undefined var
code\modules\mob\living\simple_animal\corpse.dm:14:error: hairstyle: undefined var
code\modules\mob\living\simple_animal\corpse.dm:15:error: facial_hairstyle: undefined var
code\modules\mob\living\simple_animal\corpse.dm:16:error: outfit: undefined var
code\modules\mob\living\simple_animal\corpse.dm:32:error: id_job: undefined var
code\modules\mob\living\simple_animal\corpse.dm:33:error: hairstyle: undefined var
code\modules\mob\living\simple_animal\corpse.dm:34:error: facial_hairstyle: undefined var
code\modules\mob\living\simple_animal\corpse.dm:35:error: outfit: undefined var
code\modules\mob\living\simple_animal\corpse.dm:52:error: id_job: undefined var
code\modules\mob\living\simple_animal\corpse.dm:53:error: hairstyle: undefined var
code\modules\mob\living\simple_animal\corpse.dm:54:error: facial_hairstyle: undefined var
code\modules\mob\living\simple_animal\corpse.dm:55:error: outfit: undefined var
code\modules\mob\living\simple_animal\corpse.dm:78:error: skin_tone: undefined var
code\modules\mob\living\simple_animal\corpse.dm:79:error: outfit: undefined var
code\modules\mob\living\simple_animal\corpse.dm:80:error: hairstyle: undefined var
code\modules\mob\living\simple_animal\corpse.dm:81:error: facial_hairstyle: undefined var
code\modules\mob\living\simple_animal\corpse.dm:93:error: outfit: undefined var
code\modules\mob\living\simple_animal\corpse.dm:103:error: outfit: undefined var
code\modules\mob\living\simple_animal\corpse.dm:104:error: hairstyle: undefined var
code\modules\mob\living\simple_animal\corpse.dm:105:error: facial_hairstyle: undefined var
code\modules\mob\living\simple_animal\corpse.dm:118:error: outfit: undefined var
code\modules\mob\living\simple_animal\corpse.dm:126:error: outfit: undefined var
code\modules\mob\living\simple_animal\corpse.dm:141:error: outfit: undefined var
code\modules\mob\living\simple_animal\corpse.dm:154:error: outfit: undefined var
code\modules\mob\living\simple_animal\corpse.dm:155:error: hairstyle: undefined var
code\modules\mob\living\simple_animal\corpse.dm:156:error: facial_hairstyle: undefined var
code\modules\mob\living\simple_animal\corpse.dm:157:error: facial_haircolor: undefined var
code\modules\mob\living\simple_animal\corpse.dm:158:error: skin_tone: undefined var
code\modules\mob\living\simple_animal\corpse.dm:170:error: id_job: undefined var
code\modules\mob\living\simple_animal\corpse.dm:171:error: id_access: undefined var
code\modules\mob\living\simple_animal\corpse.dm:172:error: outfit: undefined var
code\modules\mob\living\simple_animal\corpse.dm:173:error: hairstyle: undefined var
code\modules\mob\living\simple_animal\corpse.dm:174:error: facial_hairstyle: undefined var
code\modules\mob\living\simple_animal\corpse.dm:190:error: id_job: undefined var
code\modules\mob\living\simple_animal\corpse.dm:191:error: id_access: undefined var
code\modules\mob\living\simple_animal\corpse.dm:192:error: outfit: undefined var
code\modules\mob\living\simple_animal\corpse.dm:193:error: hairstyle: undefined var
code\modules\mob\living\simple_animal\corpse.dm:194:error: facial_hairstyle: undefined var
code\modules\mob\living\simple_animal\corpse.dm:210:error: id_job: undefined var
code\modules\mob\living\simple_animal\corpse.dm:211:error: id_access_list: undefined var
code\modules\mob\living\simple_animal\corpse.dm:212:error: hairstyle: undefined var
code\modules\mob\living\simple_animal\corpse.dm:213:error: facial_hairstyle: undefined var
code\modules\mob\living\simple_animal\corpse.dm:214:error: skin_tone: undefined var
code\modules\mob\living\simple_animal\corpse.dm:215:error: outfit: undefined var
code\modules\mob\living\simple_animal\corpse.dm:230:error: outfit: undefined var
code\modules\wod13\map.dm:204:error: id_job: undefined var
code\modules\wod13\map.dm:205:error: outfit: undefined var
code\modules\wod13\map.dm:209:error: id_job: undefined var
code\modules\wod13\map.dm:210:error: outfit: undefined var
code\modules\wod13\map.dm:214:error: id_job: undefined var
code\modules\wod13\map.dm:215:error: outfit: undefined var
code\modules\wod13\map.dm:219:error: id_job: undefined var
code\modules\wod13\map.dm:220:error: outfit: undefined var
code\modules\mob\living\simple_animal\corpse.dm:70:error: roundstart: undefined var
code\modules\mob\living\simple_animal\corpse.dm:71:error: instant: undefined var
code\modules\mob\living\simple_animal\corpse.dm:72:error: skin_tone: undefined var
code\modules\mob\living\simple_animal\corpse.dm:73:error: hairstyle: undefined var
code\modules\mob\living\simple_animal\corpse.dm:74:error: facial_hairstyle: undefined var
code\modules\wod13\map.dm:127:error: mob_name: undefined var
code\modules\wod13\map.dm:130:error: outfit: undefined var
code\modules\wod13\map.dm:131:error: roundstart: undefined var
code\modules\wod13\map.dm:132:error: death: undefined var
code\modules\wod13\map.dm:133:error: random: undefined var
code\modules\wod13\map.dm:134:error: mob_species: undefined var
code\modules\wod13\map.dm:135:error: short_desc: undefined var
code\modules\wod13\map.dm:136:error: flavour_text: undefined var
code\modules\wod13\map.dm:137:error: assignedrole: undefined var
code\modules\wod13\map.dm:147:error: outfit: undefined var
code\modules\wod13\map.dm:149:error: outfit: undefined var
code\modules\wod13\map.dm:151:error: outfit: undefined var
code\modules\wod13\map.dm:238:error: mob_name: undefined var
code\modules\wod13\map.dm:241:error: outfit: undefined var
code\modules\wod13\map.dm:242:error: roundstart: undefined var
code\modules\wod13\map.dm:243:error: death: undefined var
code\modules\wod13\map.dm:244:error: random: undefined var
code\modules\wod13\map.dm:245:error: mob_species: undefined var
code\modules\wod13\map.dm:246:error: short_desc: undefined var
code\modules\wod13\map.dm:247:error: flavour_text: undefined var
code\modules\wod13\map.dm:248:error: assignedrole: undefined var
code\modules\wod13\map.dm:262:error: mob_name: undefined var
code\modules\wod13\map.dm:265:error: outfit: undefined var
code\modules\wod13\map.dm:266:error: roundstart: undefined var
code\modules\wod13\map.dm:267:error: death: undefined var
code\modules\wod13\map.dm:268:error: random: undefined var
code\modules\wod13\map.dm:269:error: mob_species: undefined var
code\modules\wod13\map.dm:270:error: short_desc: undefined var
code\modules\wod13\map.dm:271:error: flavour_text: undefined var
code\modules\wod13\map.dm:272:error: assignedrole: undefined var
code\modules\wod13\map.dm:299:error: mob_name: undefined var
code\modules\wod13\map.dm:302:error: outfit: undefined var
code\modules\wod13\map.dm:303:error: roundstart: undefined var
code\modules\wod13\map.dm:304:error: death: undefined var
code\modules\wod13\map.dm:305:error: random: undefined var
code\modules\wod13\map.dm:306:error: mob_species: undefined var
code\modules\wod13\map.dm:307:error: short_desc: undefined var
code\modules\wod13\map.dm:308:error: flavour_text: undefined var
code\modules\wod13\map.dm:309:error: assignedrole: undefined var
code\modules\wod13\map.dm:336:error: mob_name: undefined var
code\modules\wod13\map.dm:339:error: outfit: undefined var
code\modules\wod13\map.dm:340:error: roundstart: undefined var
code\modules\wod13\map.dm:341:error: death: undefined var
code\modules\wod13\map.dm:342:error: random: undefined var
code\modules\wod13\map.dm:343:error: mob_species: undefined var
code\modules\wod13\map.dm:344:error: short_desc: undefined var
code\modules\wod13\map.dm:345:error: flavour_text: undefined var
code\modules\wod13\map.dm:346:error: assignedrole: undefined var
code\game\objects\structures\ghost_role_spawners.dm:832:error: mob_type: undefined var
code\game\objects\structures\ghost_role_spawners.dm:833:error: death: undefined var
code\game\objects\structures\ghost_role_spawners.dm:834:error: roundstart: undefined var
code\game\objects\structures\ghost_role_spawners.dm:840:error: mob_type: undefined var
code\game\objects\structures\ghost_role_spawners.dm:841:error: death: undefined var
code\game\objects\structures\ghost_role_spawners.dm:842:error: roundstart: undefined var
code\game\objects\structures\ghost_role_spawners.dm:843:error: mob_gender: undefined var
code\modules\mapping\mapping_helpers.dm:215:error: /datum/component/infective: undefined type path
code\modules\fields\timestop.dm:32:error: G: undefined type: /mob/living/simple_animal/hostile/guardian
code\modules\fields\timestop.dm:33:error: G.summoner: undefined type: /mob/living/simple_animal/hostile/guardian
code\modules\fields\timestop.dm:33:error: G.summoner.mind.spell_list: undefined type: /mob/living/simple_animal/hostile/guardian
code\modules\fields\timestop.dm:34:error: G: undefined type: /mob/living/simple_animal/hostile/guardian
code\modules\holodeck\holo_effect.dm:70:error: /mob/living/simple_animal/hostile/carp/holocarp: undefined type path
code\modules\holodeck\holo_effect.dm:70:error: =: expected a constant expression
code\modules\projectiles\projectile\energy\net_snare.dm:35:error: com: undefined type: /obj/machinery/computer/teleporter
code\modules\projectiles\projectile\energy\net_snare.dm:36:error: com.target: undefined type: /obj/machinery/computer/teleporter
code\modules\projectiles\projectile\energy\net_snare.dm:37:error: com.power_station: undefined type: /obj/machinery/computer/teleporter
code\modules\projectiles\projectile\energy\net_snare.dm:37:error: com.power_station.teleporter_hub: undefined type: /obj/machinery/computer/teleporter
code\modules\projectiles\projectile\energy\net_snare.dm:37:error: com.power_station.engaged: undefined type: /obj/machinery/computer/teleporter
code\modules\projectiles\projectile\energy\net_snare.dm:38:error: com.target: undefined type: /obj/machinery/computer/teleporter
code\modules\vtmb\chi_disciplines.dm:1972:error: aSignal: undefined var
code\modules\vtmb\chi_disciplines.dm:1972:error: /obj/item/assembly/signaler/anomaly/grav: undefined type path
code\modules\vtmb\chi_disciplines.dm:1973:error: drops_core: undefined var
code\modules\vtmb\chi_disciplines.dm:1977:error: anomalyEffect: undefined proc
code\modules\vtmb\chi_disciplines.dm:1978:error: death_time: undefined var
code\modules\vtmb\chi_disciplines.dm:1980:error: detonate: undefined proc
code\modules\vtmb\chi_disciplines.dm:1984:warning (no_parent): ..: ..() has no parent proc to call
code\game\objects\structures\beds_chairs\chair.dm:98:warning (no_parent): ..: ..() has no parent proc to call
code\game\objects\structures\beds_chairs\chair.dm:96:error: attack_tk: undefined proc
code\game\objects\structures\door_assembly.dm:124:error: /obj/item/stack/cable_coil: undefined type path
code\game\objects\structures\door_assembly.dm:145:error: /obj/item/stack/cable_coil: undefined type path
code\game\objects\structures\door_assembly.dm:329:error: the_rcd.mode: undefined type: /obj/item/construction/rcd
code\game\machinery\constructable_frame.dm:83:error: /obj/item/stack/cable_coil: undefined type path
code\game\machinery\constructable_frame.dm:149:error: /obj/item/stack/cable_coil: undefined type path
code\game\machinery\constructable_frame.dm:218:error: /obj/item/storage/part_replacer: undefined type path
code\game\machinery\constructable_frame.dm:224:error: replacer: undefined type: /obj/item/storage/part_replacer
code\game\machinery\constructable_frame.dm:227:error: /proc/cmp_rped_sort: undefined type path
code\game\machinery\constructable_frame.dm:243:error: replacer.comp_lookup: undefined type: /obj/item/storage/part_replacer
code\game\machinery\constructable_frame.dm:243:error: replacer.comp_lookup: undefined type: /obj/item/storage/part_replacer
code\game\machinery\constructable_frame.dm:243:error: replacer: undefined type: /obj/item/storage/part_replacer
code\game\machinery\constructable_frame.dm:243:error: replacer._SendSignal: undefined type: /obj/item/storage/part_replacer
code\game\machinery\constructable_frame.dm:259:error: replacer.play_rped_sound: undefined type: /obj/item/storage/part_replacer
code\game\machinery\constructable_frame.dm:295:error: /obj/item/stack/cable_coil: undefined type path
code\game\machinery\computer\buildandrepair.dm:71:error: /obj/item/stack/cable_coil: undefined type path
code\game\machinery\computer\buildandrepair.dm:89:error: A.add_fingerprint: undefined type: /obj/item/stack/cable_coil
code\game\machinery\computer\buildandrepair.dm:167:error: /obj/item/stack/cable_coil: undefined type path
code\game\machinery\camera\camera_assembly.dm:134:error: /obj/item/stack/cable_coil: undefined type path
code\game\machinery\camera\camera_assembly.dm:136:error: C.use: undefined type: /obj/item/stack/cable_coil
code\game\machinery\camera\camera_assembly.dm:246:error: /obj/item/stack/cable_coil: undefined type path
code\game\machinery\doors\firedoor.dm:374:error: /obj/item/electroadaptive_pseudocircuit: undefined type path
code\game\machinery\doors\firedoor.dm:376:error: P.adapt_circuit: undefined type: /obj/item/electroadaptive_pseudocircuit
code\game\machinery\doors\firedoor.dm:386:error: the_rcd.mode: undefined type: /obj/item/construction/rcd
code\game\machinery\doors\firedoor.dm:388:error: the_rcd.upgrade: undefined type: /obj/item/construction/rcd
code\game\objects\effects\wanted_poster.dm:37:error: poster_item_type: undefined var
code\game\objects\effects\wanted_poster.dm:91:warning (no_parent): ..: ..() has no parent proc to call
code\game\objects\effects\wanted_poster.dm:90:error: roll_and_drop: undefined proc
code\game\objects\items\tail_pin.dm:27:error: poster_item_name: undefined var
code\game\objects\structures\barsigns.dm:51:error: /obj/item/stack/cable_coil: undefined type path
code\game\objects\structures\barsigns.dm:61:error: attack_ai: undefined proc
code\game\objects\structures\barsigns.dm:93:error: /obj/item/stack/cable_coil: undefined type path
code\game\objects\structures\barsigns.dm:99:error: C.use: undefined type: /obj/item/stack/cable_coil
code\game\objects\structures\crates_lockers\closets.dm:390:error: attack_self_tk: undefined proc
code\game\objects\structures\crates_lockers\crates.dm:107:error: /datum/element/swabable: undefined type path
code\game\objects\structures\crates_lockers\crates.dm:200:error: /obj/item/bodypart/l_arm/robot/surplus: undefined type path
code\game\objects\structures\crates_lockers\crates.dm:201:error: /obj/item/bodypart/l_arm/robot/surplus: undefined type path
code\game\objects\structures\crates_lockers\crates.dm:202:error: /obj/item/bodypart/r_arm/robot/surplus: undefined type path
code\game\objects\structures\crates_lockers\crates.dm:203:error: /obj/item/bodypart/r_arm/robot/surplus: undefined type path
code\game\objects\structures\crates_lockers\crates.dm:204:error: /obj/item/bodypart/l_leg/robot/surplus: undefined type path
code\game\objects\structures\crates_lockers\crates.dm:205:error: /obj/item/bodypart/l_leg/robot/surplus: undefined type path
code\game\objects\structures\crates_lockers\crates.dm:206:error: /obj/item/bodypart/r_leg/robot/surplus: undefined type path
code\game\objects\structures\crates_lockers\crates.dm:207:error: /obj/item/bodypart/r_leg/robot/surplus: undefined type path
code\game\objects\structures\crates_lockers\crates.dm:252:error: /obj/item/rcd_ammo: undefined type path
code\game\objects\structures\crates_lockers\crates.dm:253:error: /obj/item/construction/rcd: undefined type path
code\game\objects\structures\crates_lockers\crates.dm:267:error: /obj/item/solar_assembly: undefined type path
code\game\objects\structures\crates_lockers\crates.dm:269:error: /obj/item/paper/guides/jobs/engi/solars: undefined type path
code\modules\mining\abandoned_crates.dm:133:error: /mob/living/simple_animal/bot/honkbot: undefined type path
code\modules\mining\abandoned_crates.dm:138:error: /obj/item/poster/random_contraband: undefined type path
code\modules\mining\abandoned_crates.dm:149:error: /obj/item/pda/clear: undefined type path
code\modules\mining\abandoned_crates.dm:151:error: /obj/item/storage/box/syndie_kit/chameleon/broken: undefined type path
code\modules\mining\abandoned_crates.dm:162:error: /obj/item/borg/upgrade/modkit/aoe/mobs: undefined type path
code\modules\mining\abandoned_crates.dm:199:error: /obj/item/melee/transforming/energy/sword/bananium: undefined type path
code\modules\mining\abandoned_crates.dm:201:error: /obj/item/dnainjector/wackymut: undefined type path
code\modules\mining\abandoned_crates.dm:208:error: /obj/item/dnainjector/xraymut: undefined type path
code\modules\mining\abandoned_crates.dm:210:error: /mob/living/simple_animal/hostile/mimic/crate: undefined type path
code\modules\mining\abandoned_crates.dm:232:error: /obj/item/implanter/sad_trombone: undefined type path
code\game\objects\structures\crates_lockers\crates\wooden.dm:20:error: /obj/item/pneumatic_cannon/pie: undefined type path
code\modules\mining\lavaland\necropolis_chests.dm:33:error: /obj/item/soulstone/anybody: undefined type path
code\modules\mining\lavaland\necropolis_chests.dm:56:error: /obj/item/organ/heart/cursed/wizard: undefined type path
code\modules\mining\lavaland\necropolis_chests.dm:58:error: /obj/item/ship_in_a_bottle: undefined type path
code\modules\mining\lavaland\necropolis_chests.dm:64:error: /obj/item/guardiancreator/miner: undefined type path
code\modules\mining\lavaland\necropolis_chests.dm:72:error: /obj/item/voodoo: undefined type path
code\modules\mining\lavaland\necropolis_chests.dm:78:error: /obj/item/borg/upgrade/modkit/lifesteal: undefined type path
code\modules\mining\lavaland\necropolis_chests.dm:827:error: /obj/item/gun/magic/wand/fireball: undefined type path
code\modules\mining\lavaland\necropolis_chests.dm:1091:error: /obj/projectile/colossus: undefined type path
code\modules\mining\lavaland\necropolis_chests.dm:1096:error: /obj/machinery/anomalous_crystal: undefined type path
code\modules\mining\lavaland\necropolis_chests.dm:1096:error: /obj/machinery/anomalous_crystal: undefined type path
code\modules\mining\lavaland\necropolis_chests.dm:1343:error: /obj/item/soulstone/anybody: undefined type path
code\modules\mining\lavaland\necropolis_chests.dm:1347:error: /obj/item/prisoncube: undefined type path
code\game\objects\structures\crates_lockers\closets\fitness.dm:48:error: /obj/item/gun/energy/laser/redtag: undefined type path
code\game\objects\structures\crates_lockers\closets\fitness.dm:62:error: /obj/item/gun/energy/laser/bluetag: undefined type path
code\game\objects\structures\crates_lockers\closets\gimmick.dm:71:error: /obj/item/melee/transforming/energy/sword/saber: undefined type path
code\game\objects\structures\crates_lockers\closets\gimmick.dm:90:error: /obj/item/melee/transforming/energy/sword/saber: undefined type path
code\game\objects\structures\crates_lockers\closets\gimmick.dm:106:error: /obj/item/tank/jetpack/void: undefined type path
code\game\objects\structures\crates_lockers\closets\job_closets.dm:56:error: /obj/item/cartridge/janitor: undefined type path
code\game\objects\structures\crates_lockers\closets\job_closets.dm:65:error: /obj/item/lightreplacer: undefined type path
code\game\objects\structures\crates_lockers\closets\job_closets.dm:101:error: /obj/item/choice_beacon/holy: undefined type path
code\game\objects\structures\crates_lockers\closets\syndicate.dm:31:error: /obj/item/pda/syndicate: undefined type path
code\game\objects\structures\crates_lockers\closets\syndicate.dm:94:error: /obj/item/tank/jetpack/carbondioxide: undefined type path
code\game\objects\structures\crates_lockers\closets\utility_closets.dm:111:error: /obj/item/stack/cable_coil: undefined type path
code\game\objects\structures\crates_lockers\closets\utility_closets.dm:113:error: /obj/item/stack/cable_coil: undefined type path
code\game\objects\structures\crates_lockers\closets\utility_closets.dm:115:error: /obj/item/stack/cable_coil: undefined type path
code\game\objects\structures\crates_lockers\closets\secure\cargo.dm:21:error: /obj/item/door_remote/quartermaster: undefined type path
code\game\objects\structures\crates_lockers\closets\secure\engineering.dm:15:error: /obj/item/tank/jetpack/suit: undefined type path
code\game\objects\structures\crates_lockers\closets\secure\engineering.dm:16:error: /obj/item/cartridge/ce: undefined type path
code\game\objects\structures\crates_lockers\closets\secure\engineering.dm:22:error: /obj/item/clothing/glasses/meson/engine: undefined type path
code\game\objects\structures\crates_lockers\closets\secure\engineering.dm:23:error: /obj/item/door_remote/chief_engineer: undefined type path
code\game\objects\structures\crates_lockers\closets\secure\engineering.dm:24:error: /obj/item/pipe_dispenser: undefined type path
code\game\objects\structures\crates_lockers\closets\secure\engineering.dm:40:error: /obj/item/inducer: undefined type path
code\game\objects\structures\crates_lockers\closets\secure\engineering.dm:71:error: /obj/item/clothing/glasses/meson/engine: undefined type path
code\game\objects\structures\crates_lockers\closets\secure\engineering.dm:84:error: /obj/item/pipe_dispenser: undefined type path
code\game\objects\structures\crates_lockers\closets\secure\engineering.dm:92:error: /obj/item/clothing/glasses/meson/engine/tray: undefined type path
code\game\objects\structures\crates_lockers\closets\secure\medical.dm:84:error: /obj/item/cartridge/cmo: undefined type path
code\game\objects\structures\crates_lockers\closets\secure\medical.dm:93:error: /obj/item/door_remote/chief_medical_officer: undefined type path
code\game\objects\structures\crates_lockers\closets\secure\medical.dm:95:error: /obj/item/pet_carrier: undefined type path
code\game\objects\structures\crates_lockers\closets\secure\misc.dm:11:error: /obj/item/aicard: undefined type path
code\game\objects\structures\crates_lockers\closets\secure\misc.dm:50:error: /mob/living/simple_animal/bot/medbot: undefined type path
code\game\objects\structures\crates_lockers\closets\secure\misc.dm:67:error: /obj/item/rcd_ammo/large: undefined type path
code\game\objects\structures\crates_lockers\closets\secure\scientist.dm:20:error: /obj/item/cartridge/rd: undefined type path
code\game\objects\structures\crates_lockers\closets\secure\scientist.dm:24:error: /obj/item/clothing/suit/armor/reactive/teleport: undefined type path
code\game\objects\structures\crates_lockers\closets\secure\scientist.dm:27:error: /obj/item/door_remote/research_director: undefined type path
code\game\objects\structures\crates_lockers\closets\secure\scientist.dm:41:error: /obj/item/plunger: undefined type path
code\game\objects\structures\crates_lockers\closets\secure\scientist.dm:44:error: /obj/item/stack/ducts/fifty: undefined type path
code\game\objects\structures\crates_lockers\closets\secure\scientist.dm:46:error: /obj/item/biopsy_tool: undefined type path
code\game\objects\structures\crates_lockers\closets\secure\scientist.dm:48:error: /obj/item/construction/plumbing/research: undefined type path
code\game\objects\structures\crates_lockers\closets\secure\security.dm:14:error: /obj/item/pet_carrier: undefined type path
code\game\objects\structures\crates_lockers\closets\secure\security.dm:25:error: /obj/item/cartridge/captain: undefined type path
code\game\objects\structures\crates_lockers\closets\secure\security.dm:33:error: /obj/item/door_remote/captain: undefined type path
code\game\objects\structures\crates_lockers\closets\secure\security.dm:49:error: /obj/item/cartridge/hop: undefined type path
code\game\objects\structures\crates_lockers\closets\secure\security.dm:60:error: /obj/item/pet_carrier: undefined type path
code\game\objects\structures\crates_lockers\closets\secure\security.dm:61:error: /obj/item/door_remote/civilian: undefined type path
code\game\objects\structures\crates_lockers\closets\secure\security.dm:75:error: /obj/item/cartridge/hos: undefined type path
code\game\objects\structures\crates_lockers\closets\secure\security.dm:96:error: /obj/item/gun/energy/e_gun/hos: undefined type path
code\game\objects\structures\crates_lockers\closets\secure\security.dm:97:error: /obj/item/pinpointer/nuke: undefined type path
code\game\objects\structures\crates_lockers\closets\secure\security.dm:124:error: /obj/item/door_remote/head_of_security: undefined type path
code\game\objects\structures\crates_lockers\closets\secure\security.dm:193:error: /obj/item/pinpointer/crew: undefined type path
code\modules\cargo\supplypod.dm:210:error: /obj/effect/landmark/error: undefined type path
code\game\objects\structures\displaycase.dm:273:error: /obj/item/gun/energy/laser/captain: undefined type path
code\game\objects\structures\displaycase.dm:279:error: /obj/item/clothing/mask/facehugger/lamarr: undefined type path
code\game\objects\structures\displaycase.dm:530:error: /obj/item/pda: undefined type path
code\game\objects\structures\displaycase.dm:236:error: /obj/item/stock_parts/card_reader: undefined type path
code\game\objects\structures\displaycase.dm:238:error: C: undefined type: /obj/item/stock_parts/card_reader
code\game\objects\structures\displaycase.dm:249:error: C: undefined type: /obj/item/stock_parts/card_reader
code\game\objects\structures\fireaxe.dm:135:error: attack_tk: undefined proc
code\game\objects\structures\ghost_role_spawners.dm:66:error: /datum/species/lizard/ashwalker: undefined type path
code\game\objects\structures\girders.dm:213:error: /obj/item/pipe: undefined type path
code\game\objects\structures\girders.dm:215:error: P.pipe_type: undefined type: /obj/item/pipe
code\game\objects\structures\girders.dm:216:error: P: undefined type: /obj/item/pipe
code\game\objects\structures\girders.dm:344:error: /obj/item/melee/cultblade/dagger: undefined type path
code\game\objects\structures\girders.dm:344:error: iscultist: undefined proc
code\game\objects\structures\girders.dm:387:error: the_rcd.mode: undefined type: /obj/item/construction/rcd
code\game\objects\structures\grille.dm:54:error: the_rcd.mode: undefined type: /obj/item/construction/rcd
code\game\objects\structures\grille.dm:58:error: the_rcd.window_glass: undefined type: /obj/item/construction/rcd
code\game\objects\structures\grille.dm:73:error: the_rcd.window_type: undefined type: /obj/item/construction/rcd
code\game\objects\structures\grille.dm:74:error: the_rcd.window_type: undefined type: /obj/item/construction/rcd
code\game\objects\structures\grille.dm:75:error: the_rcd.window_type: undefined type: /obj/item/construction/rcd
code\game\objects\structures\grille.dm:79:error: the_rcd.window_type: undefined type: /obj/item/construction/rcd
code\game\objects\structures\grille.dm:270:error: tesla_zap: undefined proc
code\game\objects\structures\guillotine.dm:158:error: /obj/item/sharpener: undefined type path
code\game\objects\structures\janicart.dm:72:error: /obj/item/lightreplacer: undefined type path
code\game\objects\structures\janicart.dm:73:error: myreplacer: undefined type: /obj/item/lightreplacer
code\game\objects\structures\janicart.dm:75:error: l.janicart_insert: undefined type: /obj/item/lightreplacer
code\game\objects\structures\janicart.dm:110:error: myreplacer: undefined type: /obj/item/lightreplacer
code\game\objects\structures\janicart.dm:111:error: myreplacer.icon: undefined type: /obj/item/lightreplacer
code\game\objects\structures\janicart.dm:111:error: myreplacer.icon_state: undefined type: /obj/item/lightreplacer
code\game\objects\structures\janicart.dm:148:error: myreplacer: undefined type: /obj/item/lightreplacer
code\game\objects\structures\janicart.dm:150:error: myreplacer: undefined type: /obj/item/lightreplacer
code\game\objects\structures\janicart.dm:151:error: myreplacer: undefined type: /obj/item/lightreplacer
code\game\objects\structures\janicart.dm:152:error: myreplacer: undefined type: /obj/item/lightreplacer
code\game\objects\structures\janicart.dm:187:error: myreplacer: undefined type: /obj/item/lightreplacer
code\game\objects\structures\lattice.dm:59:error: the_rcd.mode: undefined type: /obj/item/construction/rcd
code\game\objects\structures\maintenance.dm:38:error: /datum/element/swabable: undefined type path
code\game\objects\structures\shower.dm:193:error: /obj/item/stock_parts/water_recycler: undefined type path
code\game\objects\structures\spawner.dm:13:error: /mob/living/simple_animal/hostile/carp: undefined type path
code\game\objects\structures\spawner.dm:56:error: /mob/living/simple_animal/hostile/retaliate/clown: undefined type path
code\game\objects\structures\spawner.dm:56:error: /mob/living/simple_animal/hostile/retaliate/clown/fleshclown: undefined type path
code\game\objects\structures\spawner.dm:56:error: /mob/living/simple_animal/hostile/retaliate/clown/clownhulk: undefined type path
code\game\objects\structures\spawner.dm:56:error: /mob/living/simple_animal/hostile/retaliate/clown/longface: undefined type path
code\game\objects\structures\spawner.dm:56:error: /mob/living/simple_animal/hostile/retaliate/clown/clownhulk/chlown: undefined type path
code\game\objects\structures\spawner.dm:56:error: /mob/living/simple_animal/hostile/retaliate/clown/clownhulk/honcmunculus: undefined type path
code\game\objects\structures\spawner.dm:56:error: /mob/living/simple_animal/hostile/retaliate/clown/mutant/glutton: undefined type path
code\game\objects\structures\spawner.dm:56:error: /mob/living/simple_animal/hostile/retaliate/clown/banana: undefined type path
code\game\objects\structures\spawner.dm:56:error: /mob/living/simple_animal/hostile/retaliate/clown/honkling: undefined type path
code\game\objects\structures\spawner.dm:56:error: /mob/living/simple_animal/hostile/retaliate/clown/lube: undefined type path
code\game\objects\structures\spawner.dm:68:error: /mob/living/simple_animal/hostile/asteroid/goldgrub: undefined type path
code\game\objects\structures\spawner.dm:68:error: /mob/living/simple_animal/hostile/asteroid/goliath: undefined type path
code\game\objects\structures\spawner.dm:68:error: /mob/living/simple_animal/hostile/asteroid/hivelord: undefined type path
code\game\objects\structures\spawner.dm:68:error: /mob/living/simple_animal/hostile/asteroid/basilisk: undefined type path
code\game\objects\structures\spawner.dm:74:error: /mob/living/simple_animal/hostile/asteroid/goldgrub: undefined type path
code\game\objects\structures\spawner.dm:79:error: /mob/living/simple_animal/hostile/asteroid/goliath: undefined type path
code\game\objects\structures\spawner.dm:84:error: /mob/living/simple_animal/hostile/asteroid/hivelord: undefined type path
code\game\objects\structures\spawner.dm:89:error: /mob/living/simple_animal/hostile/asteroid/basilisk: undefined type path
code\modules\mob\living\simple_animal\hostile\netherworld.dm:160:error: /datum/species/zombie: undefined type path
code\modules\mob\living\simple_animal\hostile\netherworld.dm:167:error: /datum/species/zombie: undefined type path
code\game\objects\structures\tables_racks.dm:99:error: attack_tk: undefined proc
code\game\objects\structures\tables_racks.dm:258:error: the_rcd.mode: undefined type: /obj/item/construction/rcd
code\game\objects\structures\traps.dm:115:error: /datum/antagonist/fugitive: undefined type path
code\game\objects\structures\traps.dm:226:error: /mob/living/simple_animal/hostile/construct/proteon/hostile: undefined type path
code\game\objects\structures\traps.dm:227:error: /mob/living/simple_animal/hostile/construct/proteon/hostile: undefined type path
code\game\objects\structures\watercloset.dm:55:error: /datum/award/achievement/misc/swirlie: undefined type path
code\game\objects\structures\watercloset.dm:470:error: /obj/item/stock_parts/water_recycler: undefined type path
code\game\objects\structures\windoor_assembly.dm:159:error: /obj/item/stack/cable_coil: undefined type path
code\game\objects\structures\windoor_assembly.dm:166:error: CC.use: undefined type: /obj/item/stack/cable_coil
code\game\objects\structures\windoor_assembly.dm:189:error: /obj/item/stack/cable_coil: undefined type path
code\game\objects\structures\window.dm:77:error: the_rcd.mode: undefined type: /obj/item/construction/rcd
code\game\objects\structures\window.dm:83:error: the_rcd.mode: undefined type: /obj/item/construction/rcd
code\game\objects\structures\beds_chairs\bed.dm:231:error: /datum/element/swabable: undefined type path
code\modules\library\lib_items.dm:113:error: /obj/item/spellbook: undefined type path
code\modules\mining\aux_base.dm:422:error: attack_robot: undefined proc
code\modules\mining\satchel_ore_boxdm.dm:45:error: attack_robot: undefined proc
code\modules\mining\equipment\marker_beacons.dm:132:error: /obj/item/light_eater: undefined type path
code\modules\paperwork\filingcabinet.dm:85:error: attack_self_tk: undefined proc
code\modules\paperwork\filingcabinet.dm:86:warning (no_parent): ..: ..() has no parent proc to call
code\modules\paperwork\filingcabinet.dm:83:error: attack_tk: undefined proc
code\modules\paperwork\filingcabinet.dm:124:error: G: undefined type: /datum/data/record
code\modules\paperwork\filingcabinet.dm:125:error: G.fields: undefined type: /datum/data/record
code\modules\paperwork\filingcabinet.dm:125:error: find_record: undefined proc
code\modules\paperwork\filingcabinet.dm:130:error: G.fields: undefined type: /datum/data/record
code\modules\paperwork\filingcabinet.dm:130:error: G.fields: undefined type: /datum/data/record
code\modules\paperwork\filingcabinet.dm:130:error: G.fields: undefined type: /datum/data/record
code\modules\paperwork\filingcabinet.dm:130:error: G.fields: undefined type: /datum/data/record
code\modules\paperwork\filingcabinet.dm:130:error: G.fields: undefined type: /datum/data/record
code\modules\paperwork\filingcabinet.dm:130:error: G.fields: undefined type: /datum/data/record
code\modules\paperwork\filingcabinet.dm:130:error: G.fields: undefined type: /datum/data/record
code\modules\paperwork\filingcabinet.dm:137:error: G.fields: undefined type: /datum/data/record
code\modules\paperwork\filingcabinet.dm:147:warning (no_parent): ..: ..() has no parent proc to call
code\modules\paperwork\filingcabinet.dm:145:error: attack_tk: undefined proc
code\modules\paperwork\filingcabinet.dm:158:error: G: undefined type: /datum/data/record
code\modules\paperwork\filingcabinet.dm:159:error: G.fields: undefined type: /datum/data/record
code\modules\paperwork\filingcabinet.dm:159:error: find_record: undefined proc
code\modules\paperwork\filingcabinet.dm:164:error: G.fields: undefined type: /datum/data/record
code\modules\paperwork\filingcabinet.dm:164:error: G.fields: undefined type: /datum/data/record
code\modules\paperwork\filingcabinet.dm:164:error: G.fields: undefined type: /datum/data/record
code\modules\paperwork\filingcabinet.dm:164:error: G.fields: undefined type: /datum/data/record
code\modules\paperwork\filingcabinet.dm:164:error: G.fields: undefined type: /datum/data/record
code\modules\paperwork\filingcabinet.dm:164:error: G.fields: undefined type: /datum/data/record
code\modules\paperwork\filingcabinet.dm:164:error: G.fields: undefined type: /datum/data/record
code\modules\paperwork\filingcabinet.dm:171:error: G.fields: undefined type: /datum/data/record
code\modules\paperwork\filingcabinet.dm:182:warning (no_parent): ..: ..() has no parent proc to call
code\modules\paperwork\filingcabinet.dm:180:error: attack_tk: undefined proc
code\modules\paperwork\filingcabinet.dm:207:error: G: undefined type: /datum/data/record
code\modules\paperwork\filingcabinet.dm:209:error: G.fields: undefined type: /datum/data/record
code\modules\power\floodlight.dm:17:error: /obj/item/stack/cable_coil: undefined type path
code\modules\power\floodlight.dm:46:error: /obj/item/lightreplacer: undefined type path
code\modules\power\floodlight.dm:48:error: L.CanUse: undefined type: /obj/item/lightreplacer
code\modules\power\floodlight.dm:49:error: L.Use: undefined type: /obj/item/lightreplacer
code\modules\power\lighting.dm:108:error: cell_reference.attack_tk: undefined proc
code\modules\power\lighting.dm:101:error: attack_tk: undefined proc
code\modules\power\lighting.dm:150:error: /obj/item/stack/cable_coil: undefined type path
code\modules\power\lighting.dm:152:error: coil.use: undefined type: /obj/item/stack/cable_coil
code\modules\power\lighting.dm:168:error: /obj/item/stack/cable_coil: undefined type path
code\modules\power\lighting.dm:194:error: B: undefined type: /obj/structure/blob
code\modules\power\lighting.dm:194:error: B.loc: undefined type: /obj/structure/blob
code\modules\power\multiz.dm:6:error: cable_layer: undefined var
code\modules\power\multiz.dm:7:error: machinery_layer: undefined var
code\modules\power\multiz.dm:10:warning (no_parent): ..: ..() has no parent proc to call
code\modules\shuttle\on_move.dm:336:error: cut_cable_from_powernet: undefined proc
code\modules\shuttle\on_move.dm:340:error: Connect_cable: undefined proc
code\modules\shuttle\on_move.dm:341:error: propagate_if_no_network: undefined proc
code\modules\shuttle\shuttle_rotate.dm:68:error: dpdir: undefined var
code\modules\shuttle\shuttle_rotate.dm:70:error: dpdir: undefined var
code\modules\vtmb\werewolf\totems.dm:37:error: totem_light_overlay: undefined type: /obj/overlay
code\modules\vtmb\werewolf\totems.dm:38:error: totem_light_overlay.icon: undefined type: /obj/overlay
code\modules\vtmb\werewolf\totems.dm:39:error: totem_light_overlay.icon_state: undefined type: /obj/overlay
code\modules\vtmb\werewolf\totems.dm:40:error: totem_light_overlay.plane: undefined type: /obj/overlay
code\modules\vtmb\werewolf\totems.dm:41:error: totem_light_overlay.layer: undefined type: /obj/overlay
code\modules\vtmb\werewolf\totems.dm:42:error: totem_light_overlay.color: undefined type: /obj/overlay
code\modules\vtmb\werewolf\totems.dm:43:error: totem_light_overlay: undefined type: /obj/overlay
code\modules\vtmb\werewolf\totems.dm:52:error: totem_light_overlay: undefined type: /obj/overlay
code\modules\vtmb\werewolf\totems.dm:53:error: totem_light_overlay.icon_state: undefined type: /obj/overlay
code\modules\vtmb\werewolf\totems.dm:54:error: totem_light_overlay: undefined type: /obj/overlay
code\modules\vtmb\werewolf\totems.dm:89:error: totem_light_overlay: undefined type: /obj/overlay
code\modules\vtmb\werewolf\totems.dm:90:error: totem_light_overlay.icon_state: undefined type: /obj/overlay
code\modules\vtmb\werewolf\totems.dm:91:error: totem_light_overlay: undefined type: /obj/overlay
code\modules\projectiles\projectile\magic.dm:645:error: tesla_zap: undefined proc
code\modules\spells\spell_types\construct_spells.dm:344:error: /obj/effect/temp_visual/cult/sac: undefined type path
code\modules\spells\spell_types\construct_spells.dm:346:error: /obj/structure/destructible/cult: undefined type path
code\modules\spells\spell_types\construct_spells.dm:348:error: /obj/effect/temp_visual/cult/turf/floor: undefined type path
code\modules\projectiles\projectile\bullets\revolver.dm:73:error: TI: undefined type: /obj/item/implant/tracking/c38
code\modules\projectiles\projectile\bullets\revolver.dm:74:error: imp: undefined type: /obj/item/implant/tracking/c38
code\modules\projectiles\projectile\bullets\revolver.dm:74:error: TI: undefined type: /obj/item/implant/tracking/c38
code\modules\projectiles\projectile\bullets\revolver.dm:76:error: imp: undefined type: /obj/item/implant/tracking/c38
code\modules\projectiles\projectile\bullets\revolver.dm:77:error: imp: undefined type: /obj/item/implant/tracking/c38
code\modules\projectiles\projectile\bullets\revolver.dm:77:error: /obj/item/implant/tracking/c38: undefined type path
code\modules\projectiles\projectile\bullets\revolver.dm:78:error: imp.implant: undefined type: /obj/item/implant/tracking/c38
code\modules\projectiles\projectile\energy\stun.dm:23:error: /datum/mutation/human/hulk: undefined type path
code\modules\projectiles\projectile\magic.dm:695:error: temperature: undefined var
code\modules\projectiles\projectile\special\gravity.dm:17:error: C: undefined type: /obj/item/ammo_casing/energy/gravity/repulse
code\modules\projectiles\projectile\special\gravity.dm:18:error: C.gun.power: undefined type: /obj/item/ammo_casing/energy/gravity/repulse
code\modules\projectiles\projectile\special\gravity.dm:52:error: C: undefined type: /obj/item/ammo_casing/energy/gravity/attract
code\modules\projectiles\projectile\special\gravity.dm:53:error: C.gun.power: undefined type: /obj/item/ammo_casing/energy/gravity/attract
code\modules\projectiles\projectile\special\gravity.dm:86:error: C: undefined type: /obj/item/ammo_casing/energy/gravity/chaos
code\modules\projectiles\projectile\special\gravity.dm:87:error: C.gun.power: undefined type: /obj/item/ammo_casing/energy/gravity/chaos
code\game\machinery\doors\airlock.dm:734:error: attack_ai: undefined proc
code\game\machinery\doors\airlock.dm:313:error: D: undefined type: /obj/machinery/door_buttons
code\game\machinery\doors\airlock.dm:314:error: D.removeMe: undefined type: /obj/machinery/door_buttons
code\game\machinery\doors\airlock.dm:943:error: /obj/item/pai_cable: undefined type path
code\game\machinery\doors\airlock.dm:945:error: cable.plugin: undefined type: /obj/item/pai_cable
code\game\machinery\doors\airlock.dm:1243:error: D: undefined type: /obj/item/card/emag/doorjack
code\game\machinery\doors\airlock.dm:1243:error: /obj/item/card/emag/doorjack: undefined type path
code\game\machinery\doors\airlock.dm:1244:error: D.use_charge: undefined type: /obj/item/card/emag/doorjack
code\game\machinery\doors\airlock.dm:1382:error: the_rcd.mode: undefined type: /obj/item/construction/rcd
code\game\machinery\doors\airlock_types.dm:435:error: /obj/structure/door_assembly/door_assembly_abductor: undefined type path
code\game\machinery\doors\airlock_types.dm:458:error: /obj/effect/temp_visual/cult/door: undefined type path
code\game\machinery\doors\airlock_types.dm:458:error: =: expected a constant expression
code\game\machinery\doors\airlock_types.dm:467:error: iscultist: undefined proc
code\game\machinery\doors\airlock_types.dm:482:error: iscultist: undefined proc
code\game\machinery\doors\airlock_types.dm:482:error: /mob/living/simple_animal/hostile/construct: undefined type path
code\game\machinery\doors\airlock_types.dm:488:error: /obj/effect/temp_visual/cult/sac: undefined type path
code\game\machinery\doors\airlock_types.dm:533:error: /obj/effect/temp_visual/cult/door/unruned: undefined type path
code\game\machinery\doors\door.dm:185:warning (no_parent): ..: ..() has no parent proc to call
code\game\machinery\doors\door.dm:182:error: attack_tk: undefined proc
code\game\machinery\doors\firedoor.dm:153:error: attack_ai: undefined proc
code\game\machinery\doors\firedoor.dm:152:error: attack_robot: undefined proc
code\game\machinery\doors\shutters.dm:19:error: ertblast: undefined var
code\game\machinery\doors\shutters.dm:57:error: ertblast: undefined var
code\game\machinery\doors\shutters.dm:59:error: id: undefined var
code\modules\vtmb\electronics\keypads\keypad.dm:28:error: id: undefined var
code\game\machinery\doors\shutters.dm:63:error: ertblast: undefined var
code\game\machinery\doors\shutters.dm:65:error: id: undefined var
code\modules\vtmb\electronics\keypads\keypad.dm:32:error: id: undefined var
code\game\machinery\doors\windowdoor.dm:41:error: /obj/item/stack/cable_coil: undefined type path
code\game\machinery\doors\windowdoor.dm:342:error: the_rcd.mode: undefined type: /obj/item/construction/rcd
code\game\machinery\_machinery.dm:617:error: W: undefined type: /obj/item/storage/part_replacer
code\game\machinery\_machinery.dm:619:error: W.works_from_distance: undefined type: /obj/item/storage/part_replacer
code\game\machinery\_machinery.dm:623:error: W.works_from_distance: undefined type: /obj/item/storage/part_replacer
code\game\machinery\_machinery.dm:626:error: W.works_from_distance: undefined type: /obj/item/storage/part_replacer
code\game\machinery\_machinery.dm:635:error: W.contents: undefined type: /obj/item/storage/part_replacer
code\game\machinery\_machinery.dm:638:error: W.works_from_distance: undefined type: /obj/item/storage/part_replacer
code\game\machinery\_machinery.dm:654:error: W.comp_lookup: undefined type: /obj/item/storage/part_replacer
code\game\machinery\_machinery.dm:654:error: W.comp_lookup: undefined type: /obj/item/storage/part_replacer
code\game\machinery\_machinery.dm:654:error: W: undefined type: /obj/item/storage/part_replacer
code\game\machinery\_machinery.dm:654:error: W._SendSignal: undefined type: /obj/item/storage/part_replacer
code\game\machinery\_machinery.dm:657:error: W.comp_lookup: undefined type: /obj/item/storage/part_replacer
code\game\machinery\_machinery.dm:657:error: W.comp_lookup: undefined type: /obj/item/storage/part_replacer
code\game\machinery\_machinery.dm:657:error: W: undefined type: /obj/item/storage/part_replacer
code\game\machinery\_machinery.dm:657:error: W._SendSignal: undefined type: /obj/item/storage/part_replacer
code\game\machinery\_machinery.dm:666:error: W.play_rped_sound: undefined type: /obj/item/storage/part_replacer
code\game\machinery\_machinery.dm:360:error: /datum/mutation/human/telekinesis: undefined type path
code\game\machinery\_machinery.dm:459:error: attack_robot: undefined proc
code\game\machinery\_machinery.dm:455:error: attack_ai: undefined proc
code\game\machinery\announcement_system.dm:144:error: attack_ai: undefined proc
code\game\machinery\announcement_system.dm:143:error: attack_robot: undefined proc
code\game\machinery\autolathe.dm:55:error: stored_research: undefined type: /datum/techweb
code\game\machinery\autolathe.dm:55:error: /datum/techweb/specialized/autounlocking/autolathe: undefined type path
code\game\machinery\autolathe.dm:117:error: D.blueprints: undefined var
code\game\machinery\autolathe.dm:119:error: stored_research.add_design: undefined type: /datum/techweb
code\game\machinery\autolathe.dm:224:error: being_built.build_path: undefined var
code\game\machinery\autolathe.dm:229:error: being_built.build_path: undefined var
code\game\machinery\autolathe.dm:237:error: /datum/award/achievement/misc/getting_an_upgrade: undefined type path
code\game\machinery\autolathe.dm:292:error: stored_research.researched_designs: undefined type: /datum/techweb
code\game\machinery\autolathe.dm:293:error: SSresearch.techweb_design_by_id: undefined var
code\game\machinery\autolathe.dm:294:error: D.category: undefined var
code\game\machinery\autolathe.dm:298:error: D.name: undefined var
code\game\machinery\autolathe.dm:300:error: D.id: undefined var
code\game\machinery\autolathe.dm:300:error: D.name: undefined var
code\game\machinery\autolathe.dm:302:error: D.build_path: undefined var
code\game\machinery\autolathe.dm:305:error: D.materials: undefined var
code\game\machinery\autolathe.dm:306:error: D.maxstack: undefined var
code\game\machinery\autolathe.dm:306:error: D.materials: undefined var
code\game\machinery\autolathe.dm:308:error: D.id: undefined var
code\game\machinery\autolathe.dm:310:error: D.id: undefined var
code\game\machinery\autolathe.dm:312:error: D.id: undefined var
code\game\machinery\autolathe.dm:315:error: D.id: undefined var
code\game\machinery\autolathe.dm:317:error: D.id: undefined var
code\game\machinery\autolathe.dm:332:error: D.name: undefined var
code\game\machinery\autolathe.dm:334:error: D.id: undefined var
code\game\machinery\autolathe.dm:334:error: D.name: undefined var
code\game\machinery\autolathe.dm:336:error: D.build_path: undefined var
code\game\machinery\autolathe.dm:339:error: D.materials: undefined var
code\game\machinery\autolathe.dm:340:error: D.maxstack: undefined var
code\game\machinery\autolathe.dm:340:error: D.materials: undefined var
code\game\machinery\autolathe.dm:342:error: D.id: undefined var
code\game\machinery\autolathe.dm:344:error: D.id: undefined var
code\game\machinery\autolathe.dm:346:error: D.id: undefined var
code\game\machinery\autolathe.dm:349:error: D.id: undefined var
code\game\machinery\autolathe.dm:351:error: D.id: undefined var
code\game\machinery\autolathe.dm:369:error: D.make_reagents.len: undefined var
code\game\machinery\autolathe.dm:372:error: D.build_path: undefined var
code\game\machinery\autolathe.dm:376:error: D.materials: undefined var
code\game\machinery\autolathe.dm:377:error: D.materials: undefined var
code\game\machinery\autolathe.dm:385:error: D.build_path: undefined var
code\game\machinery\autolathe.dm:387:error: D.materials: undefined var
code\game\machinery\autolathe.dm:389:error: D.materials: undefined var
code\game\machinery\autolathe.dm:392:error: D.materials: undefined var
code\game\machinery\autolathe.dm:422:error: SSresearch.techweb_designs: undefined var
code\game\machinery\autolathe.dm:423:error: SSresearch.techweb_design_by_id: undefined var
code\game\machinery\autolathe.dm:424:error: D.build_type: undefined var
code\game\machinery\autolathe.dm:424:error: D.category: undefined var
code\game\machinery\autolathe.dm:426:error: stored_research.add_design: undefined type: /datum/techweb
code\game\machinery\autolathe.dm:428:error: stored_research.remove_design: undefined type: /datum/techweb
code\game\machinery\autolathe.dm:153:error: stored_research.isDesignResearchedID: undefined type: /datum/techweb
code\game\machinery\autolathe.dm:158:error: being_built.build_path: undefined var
code\game\machinery\autolathe.dm:166:error: being_built.materials: undefined var
code\game\machinery\autolathe.dm:167:error: being_built.materials: undefined var
code\game\machinery\autolathe.dm:176:error: being_built.materials: undefined var
code\game\machinery\autolathe.dm:178:error: being_built.materials: undefined var
code\game\machinery\autolathe.dm:204:error: stored_research.researched_designs: undefined type: /datum/techweb
code\game\machinery\autolathe.dm:205:error: SSresearch.techweb_design_by_id: undefined var
code\game\machinery\autolathe.dm:206:error: D.name: undefined var
code\game\machinery\autolathe.dm:246:error: MB: undefined type: /obj/item/stock_parts/matter_bin
code\game\machinery\autolathe.dm:247:error: MB.rating: undefined type: /obj/item/stock_parts/matter_bin
code\game\machinery\autolathe.dm:251:error: M: undefined type: /obj/item/stock_parts/manipulator
code\game\machinery\autolathe.dm:252:error: M.rating: undefined type: /obj/item/stock_parts/manipulator
code\game\machinery\autolathe.dm:246:warning (unused_var): MB: variable defined but not used
code\game\machinery\autolathe.dm:251:warning (unused_var): M: variable defined but not used
code\game\machinery\bank_machine.dm:30:error: /obj/item/holochip: undefined type path
code\game\machinery\bank_machine.dm:32:error: H.credits: undefined type: /obj/item/holochip
code\game\machinery\bank_machine.dm:100:error: /obj/item/holochip: undefined type path
code\game\machinery\civilian_bounties.dm:15:error: status_report: undefined var
code\game\machinery\civilian_bounties.dm:18:error: warmup_time: undefined var
code\game\machinery\civilian_bounties.dm:24:error: pad: undefined var
code\game\machinery\civilian_bounties.dm:41:error: cargo_hold_id: undefined var
code\game\machinery\civilian_bounties.dm:43:error: cargo_hold_id: undefined var
code\game\machinery\civilian_bounties.dm:44:error: pad: undefined var
code\game\machinery\civilian_bounties.dm:47:error: pad: undefined var
code\game\machinery\civilian_bounties.dm:50:error: sending: undefined var
code\game\machinery\civilian_bounties.dm:53:error: status_report: undefined var
code\game\machinery\civilian_bounties.dm:57:error: status_report: undefined var
code\game\machinery\civilian_bounties.dm:60:error: status_report: undefined var
code\game\machinery\civilian_bounties.dm:61:error: pad: undefined var
code\game\machinery\civilian_bounties.dm:62:error: pad: undefined var
code\game\machinery\civilian_bounties.dm:65:error: status_report: undefined var
code\game\machinery\civilian_bounties.dm:68:error: status_report: undefined var
code\game\machinery\civilian_bounties.dm:49:error: recalc: undefined proc
code\game\machinery\civilian_bounties.dm:76:error: sending: undefined var
code\game\machinery\civilian_bounties.dm:79:error: stop_sending: undefined proc
code\game\machinery\civilian_bounties.dm:82:error: stop_sending: undefined proc
code\game\machinery\civilian_bounties.dm:86:error: pad: undefined var
code\game\machinery\civilian_bounties.dm:87:error: pad: undefined var
code\game\machinery\civilian_bounties.dm:94:error: status_report: undefined var
code\game\machinery\civilian_bounties.dm:96:error: status_report: undefined var
code\game\machinery\civilian_bounties.dm:97:error: stop_sending: undefined proc
code\game\machinery\civilian_bounties.dm:100:error: status_report: undefined var
code\game\machinery\civilian_bounties.dm:110:error: pad: undefined var
code\game\machinery\civilian_bounties.dm:110:error: pad.visible_message: undefined var
code\game\machinery\civilian_bounties.dm:111:error: pad.sending_state: undefined var
code\game\machinery\civilian_bounties.dm:111:error: pad: undefined var
code\game\machinery\civilian_bounties.dm:112:error: pad.icon_state: undefined var
code\game\machinery\civilian_bounties.dm:112:error: pad.idle_state: undefined var
code\game\machinery\civilian_bounties.dm:114:error: sending: undefined var
code\game\machinery\civilian_bounties.dm:155:error: points: undefined var
code\game\machinery\civilian_bounties.dm:156:error: pad: undefined var
code\game\machinery\civilian_bounties.dm:157:error: sending: undefined var
code\game\machinery\civilian_bounties.dm:158:error: status_report: undefined var
code\game\machinery\civilian_bounties.dm:182:error: pad: undefined var
code\game\machinery\civilian_bounties.dm:188:error: recalc: undefined proc
code\game\machinery\civilian_bounties.dm:190:error: start_sending: undefined proc
code\game\machinery\civilian_bounties.dm:192:error: stop_sending: undefined proc
code\game\machinery\civilian_bounties.dm:36:error: pad: undefined var
code\game\machinery\computer\apc_control.dm:37:warning (no_parent): ..: ..() has no parent proc to call
code\game\machinery\computer\arcade.dm:87:error: /obj/item/gun/energy/pulse/prize: undefined type path
code\game\machinery\computer\arcade.dm:89:error: /datum/award/achievement/misc/pulse: undefined type path
code\game\machinery\computer\arcade.dm:754:error: /obj/item/paper/pamphlet/violent_video_games: undefined type path
code\game\machinery\computer\arcade.dm:773:error: /datum/award/achievement/misc/gamer: undefined type path
code\game\machinery\computer\arcade.dm:777:error: R: undefined type: /datum/data/record
code\game\machinery\computer\arcade.dm:778:error: R.fields: undefined type: /datum/data/record
code\game\machinery\computer\arcade.dm:779:error: R.fields: undefined type: /datum/data/record
code\game\machinery\computer\arcade.dm:1015:error: /obj/singularity/academy: undefined type path
code\game\machinery\computer\arena.dm:261:error: D.id: undefined var
code\game\machinery\computer\camera_advanced.dm:179:error: eyeobj.setLoc: undefined proc
code\game\machinery\computer\camera_advanced.dm:84:error: eyeobj.visibleCameraChunks: undefined var
code\game\machinery\computer\camera_advanced.dm:86:error: C.remove: undefined type: /datum/camerachunk
code\game\machinery\computer\camera_advanced.dm:119:error: /datum/species/abductor: undefined type path
code\game\machinery\computer\camera_advanced.dm:140:error: eyeobj.use_static: undefined var
code\game\machinery\computer\camera_advanced.dm:159:error: eyeobj.setLoc: undefined proc
code\game\machinery\computer\camera_advanced.dm:164:error: eyeobj.setLoc: undefined proc
code\game\machinery\computer\camera_advanced.dm:166:error: attack_robot: undefined proc
code\game\machinery\computer\camera_advanced.dm:169:error: attack_ai: undefined proc
code\game\machinery\computer\card.dm:190:error: t: undefined type: /datum/data/record
code\game\machinery\computer\card.dm:190:error: sortRecord: undefined proc
code\game\machinery\computer\card.dm:191:error: t.fields: undefined type: /datum/data/record
code\game\machinery\computer\card.dm:191:error: t.fields: undefined type: /datum/data/record
code\game\machinery\computer\card.dm:590:error: t: undefined type: /datum/data/record
code\game\machinery\computer\card.dm:590:error: sortRecord: undefined proc
code\game\machinery\computer\card.dm:591:error: t.fields: undefined type: /datum/data/record
code\game\machinery\computer\card.dm:591:error: t.fields: undefined type: /datum/data/record
code\game\machinery\computer\launchpad_control.dm:13:error: launchpads: undefined type: /obj/machinery/launchpad
code\game\machinery\computer\launchpad_control.dm:25:error: /obj/machinery/launchpad: undefined type path
code\game\machinery\computer\launchpad_control.dm:26:error: launchpads: undefined type: /obj/machinery/launchpad
code\game\machinery\computer\launchpad_control.dm:27:error: launchpads: undefined type: /obj/machinery/launchpad
code\game\machinery\computer\launchpad_control.dm:36:error: launchpads: undefined type: /obj/machinery/launchpad
code\game\machinery\computer\launchpad_control.dm:37:error: pad: undefined type: /obj/machinery/launchpad
code\game\machinery\computer\launchpad_control.dm:37:error: pad.gc_destroyed: undefined type: /obj/machinery/launchpad
code\game\machinery\computer\launchpad_control.dm:36:warning (unused_var): pad: variable defined but not used
code\game\machinery\computer\launchpad_control.dm:42:error: pad: undefined type: /obj/machinery/launchpad
code\game\machinery\computer\launchpad_control.dm:42:error: pad.gc_destroyed: undefined type: /obj/machinery/launchpad
code\game\machinery\computer\launchpad_control.dm:45:error: pad.isAvailable: undefined type: /obj/machinery/launchpad
code\game\machinery\computer\launchpad_control.dm:48:error: pad.doteleport: undefined type: /obj/machinery/launchpad
code\game\machinery\computer\launchpad_control.dm:51:error: launchpads: undefined type: /obj/machinery/launchpad
code\game\machinery\computer\launchpad_control.dm:52:error: returnpad: undefined type: /obj/machinery/launchpad
code\game\machinery\computer\launchpad_control.dm:51:warning (unused_var): pad: variable defined but not used
code\game\machinery\computer\launchpad_control.dm:63:error: launchpads: undefined type: /obj/machinery/launchpad
code\game\machinery\computer\launchpad_control.dm:67:error: pad.display_name: undefined type: /obj/machinery/launchpad
code\game\machinery\computer\launchpad_control.dm:69:error: pad.machine_stat: undefined type: /obj/machinery/launchpad
code\game\machinery\computer\launchpad_control.dm:73:error: launchpads: undefined type: /obj/machinery/launchpad
code\game\machinery\computer\launchpad_control.dm:77:error: launchpads: undefined type: /obj/machinery/launchpad
code\game\machinery\computer\launchpad_control.dm:78:error: current_pad.x_offset: undefined type: /obj/machinery/launchpad
code\game\machinery\computer\launchpad_control.dm:79:error: current_pad.y_offset: undefined type: /obj/machinery/launchpad
code\game\machinery\computer\launchpad_control.dm:80:error: current_pad.display_name: undefined type: /obj/machinery/launchpad
code\game\machinery\computer\launchpad_control.dm:81:error: current_pad.range: undefined type: /obj/machinery/launchpad
code\game\machinery\computer\launchpad_control.dm:82:error: current_pad: undefined type: /obj/machinery/launchpad
code\game\machinery\computer\launchpad_control.dm:83:error: current_pad: undefined type: /obj/machinery/launchpad
code\game\machinery\computer\launchpad_control.dm:83:error: current_pad.gc_destroyed: undefined type: /obj/machinery/launchpad
code\game\machinery\computer\launchpad_control.dm:83:error: current_pad.machine_stat: undefined type: /obj/machinery/launchpad
code\game\machinery\computer\launchpad_control.dm:65:warning (unused_var): pad: variable defined but not used
code\game\machinery\computer\launchpad_control.dm:77:warning (unused_var): current_pad: variable defined but not used
code\game\machinery\computer\launchpad_control.dm:94:error: launchpads: undefined type: /obj/machinery/launchpad
code\game\machinery\computer\launchpad_control.dm:102:error: current_pad.set_offset: undefined type: /obj/machinery/launchpad
code\game\machinery\computer\launchpad_control.dm:108:error: current_pad.x_offset: undefined type: /obj/machinery/launchpad
code\game\machinery\computer\launchpad_control.dm:109:error: current_pad.y_offset: undefined type: /obj/machinery/launchpad
code\game\machinery\computer\launchpad_control.dm:107:error: current_pad.set_offset: undefined type: /obj/machinery/launchpad
code\game\machinery\computer\launchpad_control.dm:117:error: current_pad.display_name: undefined type: /obj/machinery/launchpad
code\game\machinery\computer\launchpad_control.dm:120:error: launchpads: undefined type: /obj/machinery/launchpad
code\game\machinery\computer\launchpad_control.dm:120:error: current_pad: undefined type: /obj/machinery/launchpad
code\game\machinery\computer\launchpad_control.dm:124:error: current_pad: undefined type: /obj/machinery/launchpad
code\game\machinery\computer\launchpad_control.dm:128:error: current_pad: undefined type: /obj/machinery/launchpad
code\game\machinery\computer\law.dm:13:error: /obj/item/ai_module: undefined type path
code\game\machinery\computer\law.dm:29:error: current.laws: undefined var
code\game\machinery\computer\law.dm:29:error: M.install: undefined type: /obj/item/ai_module
code\game\machinery\computer\law.dm:44:error: select_active_ai: undefined proc
code\game\machinery\computer\law.dm:54:error: A.control_disabled: undefined var
code\game\machinery\computer\law.dm:65:error: select_active_free_borg: undefined proc
code\game\machinery\computer\law.dm:75:error: B.scrambledcodes: undefined var
code\game\machinery\computer\law.dm:75:error: B.emagged: undefined var
code\game\machinery\computer\mechlaunchpad.dm:21:error: connected_mechpad: undefined type: /obj/machinery/mechpad
code\game\machinery\computer\mechlaunchpad.dm:22:error: connected_mechpad.connected_console: undefined type: /obj/machinery/mechpad
code\game\machinery\computer\mechlaunchpad.dm:23:error: connected_mechpad.id: undefined type: /obj/machinery/mechpad
code\game\machinery\computer\mechlaunchpad.dm:29:error: pad: undefined type: /obj/machinery/mechpad
code\game\machinery\computer\mechlaunchpad.dm:30:error: pad: undefined type: /obj/machinery/mechpad
code\game\machinery\computer\mechlaunchpad.dm:30:error: connected_mechpad: undefined type: /obj/machinery/mechpad
code\game\machinery\computer\mechlaunchpad.dm:32:error: pad.id: undefined type: /obj/machinery/mechpad
code\game\machinery\computer\mechlaunchpad.dm:34:error: mechpads: undefined type: /obj/machinery/mechpad
code\game\machinery\computer\mechlaunchpad.dm:34:error: pad: undefined type: /obj/machinery/mechpad
code\game\machinery\computer\mechlaunchpad.dm:35:error: pad.consoles: undefined type: /obj/machinery/mechpad
code\game\machinery\computer\mechlaunchpad.dm:35:error: pad.consoles: undefined type: /obj/machinery/mechpad
code\game\machinery\computer\mechlaunchpad.dm:35:error: pad.consoles: undefined type: /obj/machinery/mechpad
code\game\machinery\computer\mechlaunchpad.dm:36:error: mechpads.len: undefined type: /obj/machinery/mechpad
code\game\machinery\computer\mechlaunchpad.dm:40:error: connected_mechpad: undefined type: /obj/machinery/mechpad
code\game\machinery\computer\mechlaunchpad.dm:41:error: connected_mechpad.connected_console: undefined type: /obj/machinery/mechpad
code\game\machinery\computer\mechlaunchpad.dm:42:error: connected_mechpad: undefined type: /obj/machinery/mechpad
code\game\machinery\computer\mechlaunchpad.dm:43:error: mechpad: undefined type: /obj/machinery/mechpad
code\game\machinery\computer\mechlaunchpad.dm:43:error: mechpads: undefined type: /obj/machinery/mechpad
code\game\machinery\computer\mechlaunchpad.dm:44:error: mechpad.consoles: undefined type: /obj/machinery/mechpad
code\game\machinery\computer\mechlaunchpad.dm:44:error: mechpad.consoles: undefined type: /obj/machinery/mechpad
code\game\machinery\computer\mechlaunchpad.dm:44:error: mechpad.consoles: undefined type: /obj/machinery/mechpad
code\game\machinery\computer\mechlaunchpad.dm:44:error: mechpad.consoles: undefined type: /obj/machinery/mechpad
code\game\machinery\computer\mechlaunchpad.dm:49:error: connected_mechpad: undefined type: /obj/machinery/mechpad
code\game\machinery\computer\mechlaunchpad.dm:52:error: connected_mechpad: undefined type: /obj/machinery/mechpad
code\game\machinery\computer\mechlaunchpad.dm:52:error: /obj/machinery/mechpad: undefined type path
code\game\machinery\computer\mechlaunchpad.dm:53:error: connected_mechpad: undefined type: /obj/machinery/mechpad
code\game\machinery\computer\mechlaunchpad.dm:55:error: returnconnected_mechpad: undefined type: /obj/machinery/mechpad
code\game\machinery\computer\mechlaunchpad.dm:87:error: connected_mechpad: undefined type: /obj/machinery/mechpad
code\game\machinery\computer\mechlaunchpad.dm:90:error: connected_mechpad.panel_open: undefined type: /obj/machinery/mechpad
code\game\machinery\computer\mechlaunchpad.dm:93:error: connected_mechpad: undefined type: /obj/machinery/mechpad
code\game\machinery\computer\mechlaunchpad.dm:96:error: where: undefined type: /obj/machinery/mechpad
code\game\machinery\computer\mechlaunchpad.dm:96:error: connected_mechpad.launch: undefined type: /obj/machinery/mechpad
code\game\machinery\computer\mechlaunchpad.dm:100:error: mechpads: undefined type: /obj/machinery/mechpad
code\game\machinery\computer\mechlaunchpad.dm:101:error: pad: undefined type: /obj/machinery/mechpad
code\game\machinery\computer\mechlaunchpad.dm:101:error: pad.gc_destroyed: undefined type: /obj/machinery/mechpad
code\game\machinery\computer\mechlaunchpad.dm:100:warning (unused_var): pad: variable defined but not used
code\game\machinery\computer\mechlaunchpad.dm:107:error: mechpads: undefined type: /obj/machinery/mechpad
code\game\machinery\computer\mechlaunchpad.dm:108:error: returnpad: undefined type: /obj/machinery/mechpad
code\game\machinery\computer\mechlaunchpad.dm:107:warning (unused_var): pad: variable defined but not used
code\game\machinery\computer\mechlaunchpad.dm:61:error: /obj/machinery/mechpad: undefined type path
code\game\machinery\computer\mechlaunchpad.dm:63:error: mechpads.len: undefined type: /obj/machinery/mechpad
code\game\machinery\computer\mechlaunchpad.dm:66:error: connected_mechpad: undefined type: /obj/machinery/mechpad
code\game\machinery\computer\mechlaunchpad.dm:68:error: connected_mechpad: undefined type: /obj/machinery/mechpad
code\game\machinery\computer\mechlaunchpad.dm:69:error: connected_mechpad: undefined type: /obj/machinery/mechpad
code\game\machinery\computer\mechlaunchpad.dm:70:error: connected_mechpad.connected_console: undefined type: /obj/machinery/mechpad
code\game\machinery\computer\mechlaunchpad.dm:71:error: connected_mechpad.id: undefined type: /obj/machinery/mechpad
code\game\machinery\computer\mechlaunchpad.dm:75:error: mechpads: undefined type: /obj/machinery/mechpad
code\game\machinery\computer\mechlaunchpad.dm:119:error: mechpads: undefined type: /obj/machinery/mechpad
code\game\machinery\computer\mechlaunchpad.dm:123:error: pad.display_name: undefined type: /obj/machinery/mechpad
code\game\machinery\computer\mechlaunchpad.dm:125:error: pad.machine_stat: undefined type: /obj/machinery/mechpad
code\game\machinery\computer\mechlaunchpad.dm:129:error: mechpads: undefined type: /obj/machinery/mechpad
code\game\machinery\computer\mechlaunchpad.dm:132:error: connected_mechpad: undefined type: /obj/machinery/mechpad
code\game\machinery\computer\mechlaunchpad.dm:134:error: mechpads: undefined type: /obj/machinery/mechpad
code\game\machinery\computer\mechlaunchpad.dm:135:error: current_pad.display_name: undefined type: /obj/machinery/mechpad
code\game\machinery\computer\mechlaunchpad.dm:136:error: current_pad: undefined type: /obj/machinery/mechpad
code\game\machinery\computer\mechlaunchpad.dm:137:error: current_pad: undefined type: /obj/machinery/mechpad
code\game\machinery\computer\mechlaunchpad.dm:137:error: current_pad.gc_destroyed: undefined type: /obj/machinery/mechpad
code\game\machinery\computer\mechlaunchpad.dm:137:error: current_pad.machine_stat: undefined type: /obj/machinery/mechpad
code\game\machinery\computer\mechlaunchpad.dm:121:warning (unused_var): pad: variable defined but not used
code\game\machinery\computer\mechlaunchpad.dm:134:warning (unused_var): current_pad: variable defined but not used
code\game\machinery\computer\mechlaunchpad.dm:147:error: mechpads: undefined type: /obj/machinery/mechpad
code\game\machinery\computer\mechlaunchpad.dm:155:error: current_pad.display_name: undefined type: /obj/machinery/mechpad
code\game\machinery\computer\mechlaunchpad.dm:158:error: mechpads: undefined type: /obj/machinery/mechpad
code\game\machinery\computer\mechlaunchpad.dm:158:error: current_pad: undefined type: /obj/machinery/mechpad
code\game\machinery\computer\mechlaunchpad.dm:159:error: current_pad.consoles: undefined type: /obj/machinery/mechpad
code\game\machinery\computer\mechlaunchpad.dm:159:error: current_pad.consoles: undefined type: /obj/machinery/mechpad
code\game\machinery\computer\mechlaunchpad.dm:159:error: current_pad.consoles: undefined type: /obj/machinery/mechpad
code\game\machinery\computer\mechlaunchpad.dm:159:error: current_pad.consoles: undefined type: /obj/machinery/mechpad
code\game\machinery\computer\mechlaunchpad.dm:162:error: current_pad: undefined type: /obj/machinery/mechpad
code\game\machinery\computer\medical.dm:66:error: R: undefined type: /datum/data/record
code\game\machinery\computer\medical.dm:66:error: sortRecord: undefined proc
code\game\machinery\computer\medical.dm:69:error: E: undefined type: /datum/data/record
code\game\machinery\computer\medical.dm:70:error: E.fields: undefined type: /datum/data/record
code\game\machinery\computer\medical.dm:70:error: R.fields: undefined type: /datum/data/record
code\game\machinery\computer\medical.dm:70:error: E.fields: undefined type: /datum/data/record
code\game\machinery\computer\medical.dm:70:error: R.fields: undefined type: /datum/data/record
code\game\machinery\computer\medical.dm:71:error: E.fields: undefined type: /datum/data/record
code\game\machinery\computer\medical.dm:72:error: E.fields: undefined type: /datum/data/record
code\game\machinery\computer\medical.dm:75:error: R.fields: undefined type: /datum/data/record
code\game\machinery\computer\medical.dm:75:error: R.fields: undefined type: /datum/data/record
code\game\machinery\computer\medical.dm:77:error: R.fields: undefined type: /datum/data/record
code\game\machinery\computer\medical.dm:77:error: R.fields: undefined type: /datum/data/record
code\game\machinery\computer\medical.dm:79:error: R.fields: undefined type: /datum/data/record
code\game\machinery\computer\medical.dm:79:error: R.fields: undefined type: /datum/data/record
code\game\machinery\computer\medical.dm:84:error: R.fields: undefined type: /datum/data/record
code\game\machinery\computer\medical.dm:84:error: R.fields: undefined type: /datum/data/record
code\game\machinery\computer\medical.dm:85:error: R.fields: undefined type: /datum/data/record
code\game\machinery\computer\medical.dm:86:error: R.fields: undefined type: /datum/data/record
code\game\machinery\computer\medical.dm:88:error: R.fields: undefined type: /datum/data/record
code\game\machinery\computer\medical.dm:89:error: R.fields: undefined type: /datum/data/record
code\game\machinery\computer\medical.dm:97:error: active1: undefined type: /datum/data/record
code\game\machinery\computer\medical.dm:98:error: active1.fields: undefined type: /datum/data/record
code\game\machinery\computer\medical.dm:99:error: active1.fields: undefined type: /datum/data/record
code\game\machinery\computer\medical.dm:101:error: active1.fields: undefined type: /datum/data/record
code\game\machinery\computer\medical.dm:102:error: active1.fields: undefined type: /datum/data/record
code\game\machinery\computer\medical.dm:104:error: active1.fields: undefined type: /datum/data/record
code\game\machinery\computer\medical.dm:107:error: active1.fields: undefined type: /datum/data/record
code\game\machinery\computer\medical.dm:108:error: active1.fields: undefined type: /datum/data/record
code\game\machinery\computer\medical.dm:109:error: active1.fields: undefined type: /datum/data/record
code\game\machinery\computer\medical.dm:110:error: active1.fields: undefined type: /datum/data/record
code\game\machinery\computer\medical.dm:111:error: active1.fields: undefined type: /datum/data/record
code\game\machinery\computer\medical.dm:112:error: active1.fields: undefined type: /datum/data/record
code\game\machinery\computer\medical.dm:113:error: active1.fields: undefined type: /datum/data/record
code\game\machinery\computer\medical.dm:118:error: active2: undefined type: /datum/data/record
code\game\machinery\computer\medical.dm:119:error: active2.fields: undefined type: /datum/data/record
code\game\machinery\computer\medical.dm:120:error: active2.fields: undefined type: /datum/data/record
code\game\machinery\computer\medical.dm:121:error: active2.fields: undefined type: /datum/data/record
code\game\machinery\computer\medical.dm:122:error: active2.fields: undefined type: /datum/data/record
code\game\machinery\computer\medical.dm:123:error: active2.fields: undefined type: /datum/data/record
code\game\machinery\computer\medical.dm:124:error: active2.fields: undefined type: /datum/data/record
code\game\machinery\computer\medical.dm:125:error: active2.fields: undefined type: /datum/data/record
code\game\machinery\computer\medical.dm:126:error: active2.fields: undefined type: /datum/data/record
code\game\machinery\computer\medical.dm:127:error: active2.fields: undefined type: /datum/data/record
code\game\machinery\computer\medical.dm:128:error: active2.fields: undefined type: /datum/data/record
code\game\machinery\computer\medical.dm:132:error: active2.fields: undefined type: /datum/data/record
code\game\machinery\computer\medical.dm:133:error: active2.fields: undefined type: /datum/data/record
code\game\machinery\computer\medical.dm:148:error: /datum/disease/advance: undefined type path
code\game\machinery\computer\medical.dm:150:error: Dis.desc: undefined var
code\game\machinery\computer\medical.dm:152:error: Dis.name: undefined var
code\game\machinery\computer\medical.dm:159:error: M: undefined type: /mob/living/simple_animal/bot/medbot
code\game\machinery\computer\medical.dm:160:error: M.z: undefined type: /mob/living/simple_animal/bot/medbot
code\game\machinery\computer\medical.dm:162:error: M: undefined type: /mob/living/simple_animal/bot/medbot
code\game\machinery\computer\medical.dm:164:error: M.name: undefined type: /mob/living/simple_animal/bot/medbot
code\game\machinery\computer\medical.dm:164:error: M.on: undefined type: /mob/living/simple_animal/bot/medbot
code\game\machinery\computer\medical.dm:181:error: active1: undefined type: /datum/data/record
code\game\machinery\computer\medical.dm:182:error: active1: undefined type: /datum/data/record
code\game\machinery\computer\medical.dm:183:error: active2: undefined type: /datum/data/record
code\game\machinery\computer\medical.dm:184:error: active2: undefined type: /datum/data/record
code\game\machinery\computer\medical.dm:193:error: active1: undefined type: /datum/data/record
code\game\machinery\computer\medical.dm:194:error: active2: undefined type: /datum/data/record
code\game\machinery\computer\medical.dm:215:error: active1: undefined type: /datum/data/record
code\game\machinery\computer\medical.dm:216:error: active2: undefined type: /datum/data/record
code\game\machinery\computer\medical.dm:221:error: active1: undefined type: /datum/data/record
code\game\machinery\computer\medical.dm:222:error: active2: undefined type: /datum/data/record
code\game\machinery\computer\medical.dm:227:error: active1: undefined type: /datum/data/record
code\game\machinery\computer\medical.dm:228:error: active2: undefined type: /datum/data/record
code\game\machinery\computer\medical.dm:241:error: active1: undefined type: /datum/data/record
code\game\machinery\computer\medical.dm:242:error: active2: undefined type: /datum/data/record
code\game\machinery\computer\medical.dm:248:error: Dis.viable_mobtypes: undefined var
code\game\machinery\computer\medical.dm:258:error: Dis.name: undefined var
code\game\machinery\computer\medical.dm:258:error: Dis.max_stages: undefined var
code\game\machinery\computer\medical.dm:258:error: Dis.spread_text: undefined var
code\game\machinery\computer\medical.dm:258:error: Dis.cure_text: undefined var
code\game\machinery\computer\medical.dm:258:error: Dis.desc: undefined var
code\game\machinery\computer\medical.dm:258:error: Dis.severity: undefined var
code\game\machinery\computer\medical.dm:269:error: active1: undefined type: /datum/data/record
code\game\machinery\computer\medical.dm:270:error: active2: undefined type: /datum/data/record
code\game\machinery\computer\medical.dm:273:error: active1: undefined type: /datum/data/record
code\game\machinery\computer\medical.dm:274:error: active1.fields: undefined type: /datum/data/record
code\game\machinery\computer\medical.dm:277:error: active1.fields: undefined type: /datum/data/record
code\game\machinery\computer\medical.dm:279:error: active1: undefined type: /datum/data/record
code\game\machinery\computer\medical.dm:280:error: active1.fields: undefined type: /datum/data/record
code\game\machinery\computer\medical.dm:281:error: active1.fields: undefined type: /datum/data/record
code\game\machinery\computer\medical.dm:282:error: active1.fields: undefined type: /datum/data/record
code\game\machinery\computer\medical.dm:283:error: active1.fields: undefined type: /datum/data/record
code\game\machinery\computer\medical.dm:285:error: active1.fields: undefined type: /datum/data/record
code\game\machinery\computer\medical.dm:287:error: active1: undefined type: /datum/data/record
code\game\machinery\computer\medical.dm:288:error: active1.fields: undefined type: /datum/data/record
code\game\machinery\computer\medical.dm:291:error: active1.fields: undefined type: /datum/data/record
code\game\machinery\computer\medical.dm:293:error: active1: undefined type: /datum/data/record
code\game\machinery\computer\medical.dm:294:error: active1.fields: undefined type: /datum/data/record
code\game\machinery\computer\medical.dm:297:error: active1.fields: undefined type: /datum/data/record
code\game\machinery\computer\medical.dm:299:error: active2: undefined type: /datum/data/record
code\game\machinery\computer\medical.dm:300:error: active2.fields: undefined type: /datum/data/record
code\game\machinery\computer\medical.dm:303:error: active2.fields: undefined type: /datum/data/record
code\game\machinery\computer\medical.dm:305:error: active2: undefined type: /datum/data/record
code\game\machinery\computer\medical.dm:306:error: active2.fields: undefined type: /datum/data/record
code\game\machinery\computer\medical.dm:309:error: active2.fields: undefined type: /datum/data/record
code\game\machinery\computer\medical.dm:311:error: active2: undefined type: /datum/data/record
code\game\machinery\computer\medical.dm:312:error: active2.fields: undefined type: /datum/data/record
code\game\machinery\computer\medical.dm:315:error: active2.fields: undefined type: /datum/data/record
code\game\machinery\computer\medical.dm:317:error: active2: undefined type: /datum/data/record
code\game\machinery\computer\medical.dm:318:error: active2.fields: undefined type: /datum/data/record
code\game\machinery\computer\medical.dm:321:error: active2.fields: undefined type: /datum/data/record
code\game\machinery\computer\medical.dm:323:error: active2: undefined type: /datum/data/record
code\game\machinery\computer\medical.dm:324:error: active2.fields: undefined type: /datum/data/record
code\game\machinery\computer\medical.dm:327:error: active2.fields: undefined type: /datum/data/record
code\game\machinery\computer\medical.dm:329:error: active2: undefined type: /datum/data/record
code\game\machinery\computer\medical.dm:330:error: active2.fields: undefined type: /datum/data/record
code\game\machinery\computer\medical.dm:333:error: active2.fields: undefined type: /datum/data/record
code\game\machinery\computer\medical.dm:335:error: active2: undefined type: /datum/data/record
code\game\machinery\computer\medical.dm:336:error: active2.fields: undefined type: /datum/data/record
code\game\machinery\computer\medical.dm:339:error: active2.fields: undefined type: /datum/data/record
code\game\machinery\computer\medical.dm:341:error: active2: undefined type: /datum/data/record
code\game\machinery\computer\medical.dm:342:error: active2.fields: undefined type: /datum/data/record
code\game\machinery\computer\medical.dm:345:error: active2.fields: undefined type: /datum/data/record
code\game\machinery\computer\medical.dm:347:error: active2: undefined type: /datum/data/record
code\game\machinery\computer\medical.dm:348:error: active2.fields: undefined type: /datum/data/record
code\game\machinery\computer\medical.dm:351:error: active2.fields: undefined type: /datum/data/record
code\game\machinery\computer\medical.dm:353:error: active1: undefined type: /datum/data/record
code\game\machinery\computer\medical.dm:356:error: active1: undefined type: /datum/data/record
code\game\machinery\computer\medical.dm:359:error: active2: undefined type: /datum/data/record
code\game\machinery\computer\medical.dm:362:error: active2: undefined type: /datum/data/record
code\game\machinery\computer\medical.dm:363:error: active2.fields: undefined type: /datum/data/record
code\game\machinery\computer\medical.dm:366:error: active2.fields: undefined type: /datum/data/record
code\game\machinery\computer\medical.dm:368:error: active1: undefined type: /datum/data/record
code\game\machinery\computer\medical.dm:369:error: active1.fields: undefined type: /datum/data/record
code\game\machinery\computer\medical.dm:370:error: active1.fields: undefined type: /datum/data/record
code\game\machinery\computer\medical.dm:371:error: active1.fields: undefined type: /datum/data/record
code\game\machinery\computer\medical.dm:374:error: active1: undefined type: /datum/data/record
code\game\machinery\computer\medical.dm:375:error: active1.fields: undefined type: /datum/data/record
code\game\machinery\computer\medical.dm:376:error: active1.fields: undefined type: /datum/data/record
code\game\machinery\computer\medical.dm:377:error: active1.fields: undefined type: /datum/data/record
code\game\machinery\computer\medical.dm:382:error: active1: undefined type: /datum/data/record
code\game\machinery\computer\medical.dm:385:error: active1.fields: undefined type: /datum/data/record
code\game\machinery\computer\medical.dm:387:error: active1.fields: undefined type: /datum/data/record
code\game\machinery\computer\medical.dm:389:error: active1.fields: undefined type: /datum/data/record
code\game\machinery\computer\medical.dm:391:error: active1.fields: undefined type: /datum/data/record
code\game\machinery\computer\medical.dm:394:error: active1: undefined type: /datum/data/record
code\game\machinery\computer\medical.dm:397:error: active1.fields: undefined type: /datum/data/record
code\game\machinery\computer\medical.dm:399:error: active1.fields: undefined type: /datum/data/record
code\game\machinery\computer\medical.dm:401:error: active1.fields: undefined type: /datum/data/record
code\game\machinery\computer\medical.dm:403:error: active1.fields: undefined type: /datum/data/record
code\game\machinery\computer\medical.dm:407:error: active2: undefined type: /datum/data/record
code\game\machinery\computer\medical.dm:410:error: active2.fields: undefined type: /datum/data/record
code\game\machinery\computer\medical.dm:412:error: active2.fields: undefined type: /datum/data/record
code\game\machinery\computer\medical.dm:414:error: active2.fields: undefined type: /datum/data/record
code\game\machinery\computer\medical.dm:416:error: active2.fields: undefined type: /datum/data/record
code\game\machinery\computer\medical.dm:418:error: active2.fields: undefined type: /datum/data/record
code\game\machinery\computer\medical.dm:420:error: active2.fields: undefined type: /datum/data/record
code\game\machinery\computer\medical.dm:422:error: active2.fields: undefined type: /datum/data/record
code\game\machinery\computer\medical.dm:424:error: active2.fields: undefined type: /datum/data/record
code\game\machinery\computer\medical.dm:428:error: active2: undefined type: /datum/data/record
code\game\machinery\computer\medical.dm:432:error: active1.fields: undefined type: /datum/data/record
code\game\machinery\computer\medical.dm:433:error: active2: undefined type: /datum/data/record
code\game\machinery\computer\medical.dm:434:error: active2: undefined type: /datum/data/record
code\game\machinery\computer\medical.dm:435:error: active2: undefined type: /datum/data/record
code\game\machinery\computer\medical.dm:438:error: active1: undefined type: /datum/data/record
code\game\machinery\computer\medical.dm:438:error: find_record: undefined proc
code\game\machinery\computer\medical.dm:439:error: active1: undefined type: /datum/data/record
code\game\machinery\computer\medical.dm:440:error: active2: undefined type: /datum/data/record
code\game\machinery\computer\medical.dm:440:error: find_record: undefined proc
code\game\machinery\computer\medical.dm:441:error: active2: undefined type: /datum/data/record
code\game\machinery\computer\medical.dm:442:error: active1: undefined type: /datum/data/record
code\game\machinery\computer\medical.dm:446:error: active1: undefined type: /datum/data/record
code\game\machinery\computer\medical.dm:446:error: /datum/data/record: undefined type path
code\game\machinery\computer\medical.dm:446:error: active2: undefined type: /datum/data/record
code\game\machinery\computer\medical.dm:446:error: /datum/data/record: undefined type path
code\game\machinery\computer\medical.dm:447:error: /datum/data/record: undefined type path
code\game\machinery\computer\medical.dm:448:error: R.fields: undefined type: /datum/data/record
code\game\machinery\computer\medical.dm:448:error: active1.fields: undefined type: /datum/data/record
code\game\machinery\computer\medical.dm:449:error: R.fields: undefined type: /datum/data/record
code\game\machinery\computer\medical.dm:449:error: active1.fields: undefined type: /datum/data/record
code\game\machinery\computer\medical.dm:450:error: R.name: undefined type: /datum/data/record
code\game\machinery\computer\medical.dm:450:error: R.fields: undefined type: /datum/data/record
code\game\machinery\computer\medical.dm:451:error: R.fields: undefined type: /datum/data/record
code\game\machinery\computer\medical.dm:452:error: R.fields: undefined type: /datum/data/record
code\game\machinery\computer\medical.dm:453:error: R.fields: undefined type: /datum/data/record
code\game\machinery\computer\medical.dm:454:error: R.fields: undefined type: /datum/data/record
code\game\machinery\computer\medical.dm:455:error: R.fields: undefined type: /datum/data/record
code\game\machinery\computer\medical.dm:456:error: R.fields: undefined type: /datum/data/record
code\game\machinery\computer\medical.dm:457:error: R.fields: undefined type: /datum/data/record
code\game\machinery\computer\medical.dm:458:error: R.fields: undefined type: /datum/data/record
code\game\machinery\computer\medical.dm:459:error: R.fields: undefined type: /datum/data/record
code\game\machinery\computer\medical.dm:460:error: R.fields: undefined type: /datum/data/record
code\game\machinery\computer\medical.dm:461:error: R.fields: undefined type: /datum/data/record
code\game\machinery\computer\medical.dm:462:error: R: undefined type: /datum/data/record
code\game\machinery\computer\medical.dm:463:error: active2: undefined type: /datum/data/record
code\game\machinery\computer\medical.dm:463:error: R: undefined type: /datum/data/record
code\game\machinery\computer\medical.dm:467:error: active2: undefined type: /datum/data/record
code\game\machinery\computer\medical.dm:469:error: active2: undefined type: /datum/data/record
code\game\machinery\computer\medical.dm:474:error: active2.fields: undefined type: /datum/data/record
code\game\machinery\computer\medical.dm:476:error: active2.fields: undefined type: /datum/data/record
code\game\machinery\computer\medical.dm:479:error: active2: undefined type: /datum/data/record
code\game\machinery\computer\medical.dm:479:error: /datum/data/record: undefined type path
code\game\machinery\computer\medical.dm:479:error: active2.fields: undefined type: /datum/data/record
code\game\machinery\computer\medical.dm:480:error: active2.fields: undefined type: /datum/data/record
code\game\machinery\computer\medical.dm:486:error: active1: undefined type: /datum/data/record
code\game\machinery\computer\medical.dm:487:error: active2: undefined type: /datum/data/record
code\game\machinery\computer\medical.dm:489:error: R: undefined type: /datum/data/record
code\game\machinery\computer\medical.dm:490:error: R.fields: undefined type: /datum/data/record
code\game\machinery\computer\medical.dm:490:error: R.fields: undefined type: /datum/data/record
code\game\machinery\computer\medical.dm:490:error: R.fields: undefined type: /datum/data/record
code\game\machinery\computer\medical.dm:491:error: active2: undefined type: /datum/data/record
code\game\machinery\computer\medical.dm:491:error: R: undefined type: /datum/data/record
code\game\machinery\computer\medical.dm:494:error: active2: undefined type: /datum/data/record
code\game\machinery\computer\medical.dm:497:error: E: undefined type: /datum/data/record
code\game\machinery\computer\medical.dm:498:error: E.fields: undefined type: /datum/data/record
code\game\machinery\computer\medical.dm:498:error: active2.fields: undefined type: /datum/data/record
code\game\machinery\computer\medical.dm:498:error: E.fields: undefined type: /datum/data/record
code\game\machinery\computer\medical.dm:498:error: active2.fields: undefined type: /datum/data/record
code\game\machinery\computer\medical.dm:499:error: active1: undefined type: /datum/data/record
code\game\machinery\computer\medical.dm:499:error: E: undefined type: /datum/data/record
code\game\machinery\computer\medical.dm:512:error: active1: undefined type: /datum/data/record
code\game\machinery\computer\medical.dm:513:error: active1.fields: undefined type: /datum/data/record
code\game\machinery\computer\medical.dm:513:error: active1.fields: undefined type: /datum/data/record
code\game\machinery\computer\medical.dm:513:error: active1.fields: undefined type: /datum/data/record
code\game\machinery\computer\medical.dm:513:error: active1.fields: undefined type: /datum/data/record
code\game\machinery\computer\medical.dm:514:error: active1.fields: undefined type: /datum/data/record
code\game\machinery\computer\medical.dm:515:error: active1.fields: undefined type: /datum/data/record
code\game\machinery\computer\medical.dm:515:error: active1.fields: undefined type: /datum/data/record
code\game\machinery\computer\medical.dm:515:error: active1.fields: undefined type: /datum/data/record
code\game\machinery\computer\medical.dm:518:error: active2: undefined type: /datum/data/record
code\game\machinery\computer\medical.dm:519:error: active2.fields: undefined type: /datum/data/record
code\game\machinery\computer\medical.dm:519:error: active2.fields: undefined type: /datum/data/record
code\game\machinery\computer\medical.dm:519:error: active2.fields: undefined type: /datum/data/record
code\game\machinery\computer\medical.dm:519:error: active2.fields: undefined type: /datum/data/record
code\game\machinery\computer\medical.dm:519:error: active2.fields: undefined type: /datum/data/record
code\game\machinery\computer\medical.dm:519:error: active2.fields: undefined type: /datum/data/record
code\game\machinery\computer\medical.dm:519:error: active2.fields: undefined type: /datum/data/record
code\game\machinery\computer\medical.dm:519:error: active2.fields: undefined type: /datum/data/record
code\game\machinery\computer\medical.dm:519:error: active2.fields: undefined type: /datum/data/record
code\game\machinery\computer\medical.dm:519:error: active2.fields: undefined type: /datum/data/record
code\game\machinery\computer\medical.dm:519:error: active2.fields: undefined type: /datum/data/record
code\game\machinery\computer\medical.dm:521:error: active2.fields: undefined type: /datum/data/record
code\game\machinery\computer\medical.dm:522:error: active2.fields: undefined type: /datum/data/record
code\game\machinery\computer\medical.dm:524:error: active1.fields: undefined type: /datum/data/record
code\game\machinery\computer\medical.dm:539:error: R: undefined type: /datum/data/record
code\game\machinery\computer\medical.dm:544:error: R.fields: undefined type: /datum/data/record
code\game\machinery\computer\medical.dm:544:error: R.fields: undefined type: /datum/data/record
code\game\machinery\computer\medical.dm:546:error: R.fields: undefined type: /datum/data/record
code\game\machinery\computer\medical.dm:546:error: R.fields: undefined type: /datum/data/record
code\game\machinery\computer\medical.dm:548:error: R.fields: undefined type: /datum/data/record
code\game\machinery\computer\medical.dm:550:error: R.fields: undefined type: /datum/data/record
code\game\machinery\computer\medical.dm:552:error: R.fields: undefined type: /datum/data/record
code\game\machinery\computer\medical.dm:554:error: R.fields: undefined type: /datum/data/record
code\game\machinery\computer\medical.dm:556:error: R.fields: undefined type: /datum/data/record
code\game\machinery\computer\medical.dm:560:error: R: undefined type: /datum/data/record
code\game\machinery\computer\medical.dm:566:error: active1: undefined type: /datum/data/record
code\game\machinery\computer\medical.dm:567:error: active2: undefined type: /datum/data/record
code\game\machinery\computer\Operating.dm:23:error: linked_techweb: undefined type: /datum/techweb
code\game\machinery\computer\Operating.dm:23:error: SSresearch.science_tech: undefined var
code\game\machinery\computer\Operating.dm:49:error: linked_techweb.researched_designs: undefined type: /datum/techweb
code\game\machinery\computer\Operating.dm:50:error: SSresearch.techweb_design_by_id: undefined var
code\game\machinery\computer\Operating.dm:51:error: D: undefined type: /datum/design/surgery
code\game\machinery\computer\Operating.dm:53:error: D.surgery: undefined type: /datum/design/surgery
code\game\machinery\computer\Operating.dm:50:warning (unused_var): D: variable defined but not used
code\game\machinery\computer\security.dm:122:error: R: undefined type: /datum/data/record
code\game\machinery\computer\security.dm:122:error: sortRecord: undefined proc
code\game\machinery\computer\security.dm:124:error: E: undefined type: /datum/data/record
code\game\machinery\computer\security.dm:125:error: E.fields: undefined type: /datum/data/record
code\game\machinery\computer\security.dm:125:error: R.fields: undefined type: /datum/data/record
code\game\machinery\computer\security.dm:125:error: E.fields: undefined type: /datum/data/record
code\game\machinery\computer\security.dm:125:error: R.fields: undefined type: /datum/data/record
code\game\machinery\computer\security.dm:126:error: E.fields: undefined type: /datum/data/record
code\game\machinery\computer\security.dm:143:error: R.fields: undefined type: /datum/data/record
code\game\machinery\computer\security.dm:143:error: R.fields: undefined type: /datum/data/record
code\game\machinery\computer\security.dm:143:error: R.fields: undefined type: /datum/data/record
code\game\machinery\computer\security.dm:143:error: R.fields: undefined type: /datum/data/record
code\game\machinery\computer\security.dm:143:error: R: undefined type: /datum/data/record
code\game\machinery\computer\security.dm:143:error: R.fields: undefined type: /datum/data/record
code\game\machinery\computer\security.dm:144:error: R.fields: undefined type: /datum/data/record
code\game\machinery\computer\security.dm:145:error: R.fields: undefined type: /datum/data/record
code\game\machinery\computer\security.dm:146:error: R.fields: undefined type: /datum/data/record
code\game\machinery\computer\security.dm:162:error: active1: undefined type: /datum/data/record
code\game\machinery\computer\security.dm:162:error: /datum/data/record: undefined type path
code\game\machinery\computer\security.dm:162:error: active1: undefined type: /datum/data/record
code\game\machinery\computer\security.dm:163:error: active1.fields: undefined type: /datum/data/record
code\game\machinery\computer\security.dm:164:error: active1.fields: undefined type: /datum/data/record
code\game\machinery\computer\security.dm:166:error: active1.fields: undefined type: /datum/data/record
code\game\machinery\computer\security.dm:167:error: active1.fields: undefined type: /datum/data/record
code\game\machinery\computer\security.dm:173:error: active1.fields: undefined type: /datum/data/record
code\game\machinery\computer\security.dm:173:error: active1.fields: undefined type: /datum/data/record
code\game\machinery\computer\security.dm:173:error: active1.fields: undefined type: /datum/data/record
code\game\machinery\computer\security.dm:173:error: active1.fields: undefined type: /datum/data/record
code\game\machinery\computer\security.dm:174:error: active1.fields: undefined type: /datum/data/record
code\game\machinery\computer\security.dm:186:error: active1.fields: undefined type: /datum/data/record
code\game\machinery\computer\security.dm:186:error: active1.fields: undefined type: /datum/data/record
code\game\machinery\computer\security.dm:186:error: active1.fields: undefined type: /datum/data/record
code\game\machinery\computer\security.dm:186:error: active1.fields: undefined type: /datum/data/record
code\game\machinery\computer\security.dm:189:error: active2: undefined type: /datum/data/record
code\game\machinery\computer\security.dm:189:error: /datum/data/record: undefined type path
code\game\machinery\computer\security.dm:189:error: active2: undefined type: /datum/data/record
code\game\machinery\computer\security.dm:191:error: active2.fields: undefined type: /datum/data/record
code\game\machinery\computer\security.dm:203:error: c: undefined type: /datum/data/crime
code\game\machinery\computer\security.dm:203:error: active2.fields: undefined type: /datum/data/record
code\game\machinery\computer\security.dm:204:error: c.fine: undefined type: /datum/data/crime
code\game\machinery\computer\security.dm:204:error: c.paid: undefined type: /datum/data/crime
code\game\machinery\computer\security.dm:207:error: c.crimeName: undefined type: /datum/data/crime
code\game\machinery\computer\security.dm:207:error: c.fine: undefined type: /datum/data/crime
code\game\machinery\computer\security.dm:207:error: c.author: undefined type: /datum/data/crime
code\game\machinery\computer\security.dm:207:error: c.time: undefined type: /datum/data/crime
code\game\machinery\computer\security.dm:209:error: c.dataId: undefined type: /datum/data/crime
code\game\machinery\computer\security.dm:215:error: c.dataId: undefined type: /datum/data/crime
code\game\machinery\computer\security.dm:229:error: c: undefined type: /datum/data/crime
code\game\machinery\computer\security.dm:229:error: active2.fields: undefined type: /datum/data/record
code\game\machinery\computer\security.dm:230:error: c.crimeName: undefined type: /datum/data/crime
code\game\machinery\computer\security.dm:231:error: c.crimeDetails: undefined type: /datum/data/crime
code\game\machinery\computer\security.dm:232:error: c.dataId: undefined type: /datum/data/crime
code\game\machinery\computer\security.dm:234:error: c.crimeDetails: undefined type: /datum/data/crime
code\game\machinery\computer\security.dm:235:error: c.author: undefined type: /datum/data/crime
code\game\machinery\computer\security.dm:236:error: c.time: undefined type: /datum/data/crime
code\game\machinery\computer\security.dm:237:error: c.dataId: undefined type: /datum/data/crime
code\game\machinery\computer\security.dm:241:error: active2.fields: undefined type: /datum/data/record
code\game\machinery\computer\security.dm:244:error: active2.fields: undefined type: /datum/data/record
code\game\machinery\computer\security.dm:245:error: active2.fields: undefined type: /datum/data/record
code\game\machinery\computer\security.dm:246:error: active2.fields: undefined type: /datum/data/record
code\game\machinery\computer\security.dm:271:error: active1: undefined type: /datum/data/record
code\game\machinery\computer\security.dm:272:error: active1: undefined type: /datum/data/record
code\game\machinery\computer\security.dm:273:error: active2: undefined type: /datum/data/record
code\game\machinery\computer\security.dm:274:error: active2: undefined type: /datum/data/record
code\game\machinery\computer\security.dm:296:error: active1: undefined type: /datum/data/record
code\game\machinery\computer\security.dm:297:error: active2: undefined type: /datum/data/record
code\game\machinery\computer\security.dm:302:error: active1: undefined type: /datum/data/record
code\game\machinery\computer\security.dm:303:error: active2: undefined type: /datum/data/record
code\game\machinery\computer\security.dm:312:error: active1: undefined type: /datum/data/record
code\game\machinery\computer\security.dm:313:error: active2: undefined type: /datum/data/record
code\game\machinery\computer\security.dm:318:error: active1: undefined type: /datum/data/record
code\game\machinery\computer\security.dm:319:error: active2: undefined type: /datum/data/record
code\game\machinery\computer\security.dm:324:error: active1: undefined type: /datum/data/record
code\game\machinery\computer\security.dm:325:error: active2: undefined type: /datum/data/record
code\game\machinery\computer\security.dm:336:error: active1: undefined type: /datum/data/record
code\game\machinery\computer\security.dm:337:error: active2: undefined type: /datum/data/record
code\game\machinery\computer\security.dm:344:error: active1: undefined type: /datum/data/record
code\game\machinery\computer\security.dm:344:error: active2: undefined type: /datum/data/record
code\game\machinery\computer\security.dm:345:error: E: undefined type: /datum/data/record
code\game\machinery\computer\security.dm:346:error: E.fields: undefined type: /datum/data/record
code\game\machinery\computer\security.dm:346:error: E.fields: undefined type: /datum/data/record
code\game\machinery\computer\security.dm:347:error: active2: undefined type: /datum/data/record
code\game\machinery\computer\security.dm:347:error: E: undefined type: /datum/data/record
code\game\machinery\computer\security.dm:351:error: p: undefined type: /datum/data/crime
code\game\machinery\computer\security.dm:351:error: active2.fields: undefined type: /datum/data/record
code\game\machinery\computer\security.dm:352:error: p.dataId: undefined type: /datum/data/crime
code\game\machinery\computer\security.dm:353:error: /obj/item/holochip: undefined type path
code\game\machinery\computer\security.dm:354:error: C: undefined type: /obj/item/holochip
code\game\machinery\computer\security.dm:354:error: C: undefined type: /obj/item/holochip
code\game\machinery\computer\security.dm:355:error: C.get_item_credit_value: undefined type: /obj/item/holochip
code\game\machinery\computer\security.dm:357:error: C: undefined type: /obj/item/holochip
code\game\machinery\computer\security.dm:359:error: p.fine: undefined type: /datum/data/crime
code\game\machinery\computer\security.dm:359:error: p.paid: undefined type: /datum/data/crime
code\game\machinery\computer\security.dm:360:error: active2.fields: undefined type: /datum/data/record
code\game\machinery\computer\security.dm:363:error: p.crimeName: undefined type: /datum/data/crime
code\game\machinery\computer\security.dm:363:error: p.fine: undefined type: /datum/data/crime
code\game\machinery\computer\security.dm:365:error: C: undefined type: /obj/item/holochip
code\game\machinery\computer\security.dm:378:error: active1: undefined type: /datum/data/record
code\game\machinery\computer\security.dm:378:error: /datum/data/record: undefined type path
code\game\machinery\computer\security.dm:378:error: active1: undefined type: /datum/data/record
code\game\machinery\computer\security.dm:379:error: active1.fields: undefined type: /datum/data/record
code\game\machinery\computer\security.dm:379:error: active1.fields: undefined type: /datum/data/record
code\game\machinery\computer\security.dm:379:error: active1.fields: undefined type: /datum/data/record
code\game\machinery\computer\security.dm:379:error: active1.fields: undefined type: /datum/data/record
code\game\machinery\computer\security.dm:380:error: active1.fields: undefined type: /datum/data/record
code\game\machinery\computer\security.dm:381:error: active1.fields: undefined type: /datum/data/record
code\game\machinery\computer\security.dm:381:error: active1.fields: undefined type: /datum/data/record
code\game\machinery\computer\security.dm:381:error: active1.fields: undefined type: /datum/data/record
code\game\machinery\computer\security.dm:384:error: active2: undefined type: /datum/data/record
code\game\machinery\computer\security.dm:384:error: /datum/data/record: undefined type path
code\game\machinery\computer\security.dm:384:error: active2: undefined type: /datum/data/record
code\game\machinery\computer\security.dm:385:error: active2.fields: undefined type: /datum/data/record
code\game\machinery\computer\security.dm:395:error: c: undefined type: /datum/data/crime
code\game\machinery\computer\security.dm:395:error: active2.fields: undefined type: /datum/data/record
code\game\machinery\computer\security.dm:396:error: c.crimeName: undefined type: /datum/data/crime
code\game\machinery\computer\security.dm:397:error: c.crimeDetails: undefined type: /datum/data/crime
code\game\machinery\computer\security.dm:398:error: c.author: undefined type: /datum/data/crime
code\game\machinery\computer\security.dm:399:error: c.time: undefined type: /datum/data/crime
code\game\machinery\computer\security.dm:403:error: active2.fields: undefined type: /datum/data/record
code\game\machinery\computer\security.dm:405:error: active2.fields: undefined type: /datum/data/record
code\game\machinery\computer\security.dm:406:error: active2.fields: undefined type: /datum/data/record
code\game\machinery\computer\security.dm:408:error: active1.fields: undefined type: /datum/data/record
code\game\machinery\computer\security.dm:417:error: active1.fields: undefined type: /datum/data/record
code\game\machinery\computer\security.dm:420:error: active2.fields: undefined type: /datum/data/record
code\game\machinery\computer\security.dm:423:error: c: undefined type: /datum/data/crime
code\game\machinery\computer\security.dm:423:error: active2.fields: undefined type: /datum/data/record
code\game\machinery\computer\security.dm:424:error: c.crimeName: undefined type: /datum/data/crime
code\game\machinery\computer\security.dm:425:error: c.crimeDetails: undefined type: /datum/data/crime
code\game\machinery\computer\security.dm:434:error: active1: undefined type: /datum/data/record
code\game\machinery\computer\security.dm:434:error: /datum/data/record: undefined type path
code\game\machinery\computer\security.dm:434:error: active1: undefined type: /datum/data/record
code\game\machinery\computer\security.dm:435:error: active1.fields: undefined type: /datum/data/record
code\game\machinery\computer\security.dm:440:error: active1.fields: undefined type: /datum/data/record
code\game\machinery\computer\security.dm:451:error: active1: undefined type: /datum/data/record
code\game\machinery\computer\security.dm:451:error: /datum/data/record: undefined type path
code\game\machinery\computer\security.dm:451:error: active1: undefined type: /datum/data/record
code\game\machinery\computer\security.dm:452:error: active1.fields: undefined type: /datum/data/record
code\game\machinery\computer\security.dm:465:error: R: undefined type: /datum/data/record
code\game\machinery\computer\security.dm:466:error: R: undefined type: /datum/data/record
code\game\machinery\computer\security.dm:471:error: active2: undefined type: /datum/data/record
code\game\machinery\computer\security.dm:471:error: /datum/data/record: undefined type path
code\game\machinery\computer\security.dm:473:error: active2: undefined type: /datum/data/record
code\game\machinery\computer\security.dm:478:error: active2.fields: undefined type: /datum/data/record
code\game\machinery\computer\security.dm:480:error: active2.fields: undefined type: /datum/data/record
code\game\machinery\computer\security.dm:483:error: active1: undefined type: /datum/data/record
code\game\machinery\computer\security.dm:489:error: active2: undefined type: /datum/data/record
code\game\machinery\computer\security.dm:495:error: active2: undefined type: /datum/data/record
code\game\machinery\computer\security.dm:495:error: /datum/data/record: undefined type path
code\game\machinery\computer\security.dm:495:error: active2.fields: undefined type: /datum/data/record
code\game\machinery\computer\security.dm:496:error: active2.fields: undefined type: /datum/data/record
code\game\machinery\computer\security.dm:499:error: active1: undefined type: /datum/data/record
code\game\machinery\computer\security.dm:499:error: /datum/data/record: undefined type path
code\game\machinery\computer\security.dm:499:error: active2: undefined type: /datum/data/record
code\game\machinery\computer\security.dm:499:error: /datum/data/record: undefined type path
code\game\machinery\computer\security.dm:500:error: /datum/data/record: undefined type path
code\game\machinery\computer\security.dm:501:error: R.fields: undefined type: /datum/data/record
code\game\machinery\computer\security.dm:501:error: active1.fields: undefined type: /datum/data/record
code\game\machinery\computer\security.dm:502:error: R.fields: undefined type: /datum/data/record
code\game\machinery\computer\security.dm:502:error: active1.fields: undefined type: /datum/data/record
code\game\machinery\computer\security.dm:503:error: R.name: undefined type: /datum/data/record
code\game\machinery\computer\security.dm:503:error: R.fields: undefined type: /datum/data/record
code\game\machinery\computer\security.dm:504:error: R.fields: undefined type: /datum/data/record
code\game\machinery\computer\security.dm:505:error: R.fields: undefined type: /datum/data/record
code\game\machinery\computer\security.dm:506:error: R.fields: undefined type: /datum/data/record
code\game\machinery\computer\security.dm:507:error: R: undefined type: /datum/data/record
code\game\machinery\computer\security.dm:508:error: active2: undefined type: /datum/data/record
code\game\machinery\computer\security.dm:508:error: R: undefined type: /datum/data/record
code\game\machinery\computer\security.dm:513:error: /datum/data/record: undefined type path
code\game\machinery\computer\security.dm:514:error: G.fields: undefined type: /datum/data/record
code\game\machinery\computer\security.dm:515:error: G.fields: undefined type: /datum/data/record
code\game\machinery\computer\security.dm:516:error: G.fields: undefined type: /datum/data/record
code\game\machinery\computer\security.dm:517:error: G.fields: undefined type: /datum/data/record
code\game\machinery\computer\security.dm:518:error: G.fields: undefined type: /datum/data/record
code\game\machinery\computer\security.dm:519:error: G.fields: undefined type: /datum/data/record
code\game\machinery\computer\security.dm:520:error: G.fields: undefined type: /datum/data/record
code\game\machinery\computer\security.dm:521:error: G.fields: undefined type: /datum/data/record
code\game\machinery\computer\security.dm:522:error: G.fields: undefined type: /datum/data/record
code\game\machinery\computer\security.dm:523:error: G.fields: undefined type: /datum/data/record
code\game\machinery\computer\security.dm:524:error: G.fields: undefined type: /datum/data/record
code\game\machinery\computer\security.dm:525:error: G: undefined type: /datum/data/record
code\game\machinery\computer\security.dm:526:error: active1: undefined type: /datum/data/record
code\game\machinery\computer\security.dm:526:error: G: undefined type: /datum/data/record
code\game\machinery\computer\security.dm:529:error: /datum/data/record: undefined type path
code\game\machinery\computer\security.dm:530:error: R.fields: undefined type: /datum/data/record
code\game\machinery\computer\security.dm:530:error: active1.fields: undefined type: /datum/data/record
code\game\machinery\computer\security.dm:531:error: R.fields: undefined type: /datum/data/record
code\game\machinery\computer\security.dm:531:error: active1.fields: undefined type: /datum/data/record
code\game\machinery\computer\security.dm:532:error: R.name: undefined type: /datum/data/record
code\game\machinery\computer\security.dm:532:error: R.fields: undefined type: /datum/data/record
code\game\machinery\computer\security.dm:533:error: R.fields: undefined type: /datum/data/record
code\game\machinery\computer\security.dm:534:error: R.fields: undefined type: /datum/data/record
code\game\machinery\computer\security.dm:535:error: R.fields: undefined type: /datum/data/record
code\game\machinery\computer\security.dm:536:error: R: undefined type: /datum/data/record
code\game\machinery\computer\security.dm:537:error: active2: undefined type: /datum/data/record
code\game\machinery\computer\security.dm:537:error: R: undefined type: /datum/data/record
code\game\machinery\computer\security.dm:540:error: /datum/data/record: undefined type path
code\game\machinery\computer\security.dm:541:error: M.fields: undefined type: /datum/data/record
code\game\machinery\computer\security.dm:541:error: active1.fields: undefined type: /datum/data/record
code\game\machinery\computer\security.dm:542:error: M.fields: undefined type: /datum/data/record
code\game\machinery\computer\security.dm:542:error: active1.fields: undefined type: /datum/data/record
code\game\machinery\computer\security.dm:543:error: M.fields: undefined type: /datum/data/record
code\game\machinery\computer\security.dm:544:error: M.fields: undefined type: /datum/data/record
code\game\machinery\computer\security.dm:545:error: M.fields: undefined type: /datum/data/record
code\game\machinery\computer\security.dm:546:error: M.fields: undefined type: /datum/data/record
code\game\machinery\computer\security.dm:547:error: M.fields: undefined type: /datum/data/record
code\game\machinery\computer\security.dm:548:error: M.fields: undefined type: /datum/data/record
code\game\machinery\computer\security.dm:549:error: M.fields: undefined type: /datum/data/record
code\game\machinery\computer\security.dm:550:error: M.fields: undefined type: /datum/data/record
code\game\machinery\computer\security.dm:551:error: M.fields: undefined type: /datum/data/record
code\game\machinery\computer\security.dm:552:error: M.fields: undefined type: /datum/data/record
code\game\machinery\computer\security.dm:553:error: M.fields: undefined type: /datum/data/record
code\game\machinery\computer\security.dm:554:error: M: undefined type: /datum/data/record
code\game\machinery\computer\security.dm:560:error: active1: undefined type: /datum/data/record
code\game\machinery\computer\security.dm:561:error: active2: undefined type: /datum/data/record
code\game\machinery\computer\security.dm:565:error: active1: undefined type: /datum/data/record
code\game\machinery\computer\security.dm:565:error: /datum/data/record: undefined type path
code\game\machinery\computer\security.dm:565:error: active2: undefined type: /datum/data/record
code\game\machinery\computer\security.dm:565:error: /datum/data/record: undefined type path
code\game\machinery\computer\security.dm:566:error: active1.fields: undefined type: /datum/data/record
code\game\machinery\computer\security.dm:569:error: active1: undefined type: /datum/data/record
code\game\machinery\computer\security.dm:569:error: /datum/data/record: undefined type path
code\game\machinery\computer\security.dm:570:error: active1.fields: undefined type: /datum/data/record
code\game\machinery\computer\security.dm:571:error: active2: undefined type: /datum/data/record
code\game\machinery\computer\security.dm:571:error: /datum/data/record: undefined type path
code\game\machinery\computer\security.dm:572:error: active2.fields: undefined type: /datum/data/record
code\game\machinery\computer\security.dm:574:error: active2: undefined type: /datum/data/record
code\game\machinery\computer\security.dm:574:error: /datum/data/record: undefined type path
code\game\machinery\computer\security.dm:574:error: active1: undefined type: /datum/data/record
code\game\machinery\computer\security.dm:574:error: /datum/data/record: undefined type path
code\game\machinery\computer\security.dm:575:error: active1.fields: undefined type: /datum/data/record
code\game\machinery\computer\security.dm:578:error: active1: undefined type: /datum/data/record
code\game\machinery\computer\security.dm:578:error: /datum/data/record: undefined type path
code\game\machinery\computer\security.dm:579:error: active1.fields: undefined type: /datum/data/record
code\game\machinery\computer\security.dm:580:error: active2: undefined type: /datum/data/record
code\game\machinery\computer\security.dm:580:error: /datum/data/record: undefined type path
code\game\machinery\computer\security.dm:581:error: active2.fields: undefined type: /datum/data/record
code\game\machinery\computer\security.dm:583:error: active1: undefined type: /datum/data/record
code\game\machinery\computer\security.dm:583:error: /datum/data/record: undefined type path
code\game\machinery\computer\security.dm:584:error: active1.fields: undefined type: /datum/data/record
code\game\machinery\computer\security.dm:587:error: active1.fields: undefined type: /datum/data/record
code\game\machinery\computer\security.dm:589:error: active1: undefined type: /datum/data/record
code\game\machinery\computer\security.dm:589:error: /datum/data/record: undefined type path
code\game\machinery\computer\security.dm:590:error: active1.fields: undefined type: /datum/data/record
code\game\machinery\computer\security.dm:591:error: active1.fields: undefined type: /datum/data/record
code\game\machinery\computer\security.dm:592:error: active1.fields: undefined type: /datum/data/record
code\game\machinery\computer\security.dm:593:error: active1.fields: undefined type: /datum/data/record
code\game\machinery\computer\security.dm:595:error: active1.fields: undefined type: /datum/data/record
code\game\machinery\computer\security.dm:597:error: active1: undefined type: /datum/data/record
code\game\machinery\computer\security.dm:597:error: /datum/data/record: undefined type path
code\game\machinery\computer\security.dm:598:error: active1.fields: undefined type: /datum/data/record
code\game\machinery\computer\security.dm:605:error: active1.fields: undefined type: /datum/data/record
code\game\machinery\computer\security.dm:607:error: active1: undefined type: /datum/data/record
code\game\machinery\computer\security.dm:607:error: /datum/data/record: undefined type path
code\game\machinery\computer\security.dm:611:error: active1.fields: undefined type: /datum/data/record
code\game\machinery\computer\security.dm:613:error: active1.fields: undefined type: /datum/data/record
code\game\machinery\computer\security.dm:614:error: active1.fields: undefined type: /datum/data/record
code\game\machinery\computer\security.dm:615:error: active1.fields: undefined type: /datum/data/record
code\game\machinery\computer\security.dm:620:error: active1.fields: undefined type: /datum/data/record
code\game\machinery\computer\security.dm:628:error: active1.fields: undefined type: /datum/data/record
code\game\machinery\computer\security.dm:630:error: active1.fields: undefined type: /datum/data/record
code\game\machinery\computer\security.dm:631:error: active1.fields: undefined type: /datum/data/record
code\game\machinery\computer\security.dm:632:error: active1.fields: undefined type: /datum/data/record
code\game\machinery\computer\security.dm:633:error: active1.fields: undefined type: /datum/data/record
code\game\machinery\computer\security.dm:635:error: active1.fields: undefined type: /datum/data/record
code\game\machinery\computer\security.dm:636:error: active1.fields: undefined type: /datum/data/record
code\game\machinery\computer\security.dm:637:error: active1.fields: undefined type: /datum/data/record
code\game\machinery\computer\security.dm:642:error: active1.fields: undefined type: /datum/data/record
code\game\machinery\computer\security.dm:650:error: active1.fields: undefined type: /datum/data/record
code\game\machinery\computer\security.dm:652:error: active1.fields: undefined type: /datum/data/record
code\game\machinery\computer\security.dm:653:error: active1.fields: undefined type: /datum/data/record
code\game\machinery\computer\security.dm:654:error: active1.fields: undefined type: /datum/data/record
code\game\machinery\computer\security.dm:655:error: active1.fields: undefined type: /datum/data/record
code\game\machinery\computer\security.dm:657:error: active1: undefined type: /datum/data/record
code\game\machinery\computer\security.dm:657:error: /datum/data/record: undefined type path
code\game\machinery\computer\security.dm:663:error: active1.fields: undefined type: /datum/data/record
code\game\machinery\computer\security.dm:664:error: active1.fields: undefined type: /datum/data/record
code\game\machinery\computer\security.dm:666:error: active1: undefined type: /datum/data/record
code\game\machinery\computer\security.dm:666:error: /datum/data/record: undefined type path
code\game\machinery\computer\security.dm:670:error: active1.fields: undefined type: /datum/data/record
code\game\machinery\computer\security.dm:672:error: active1: undefined type: /datum/data/record
code\game\machinery\computer\security.dm:672:error: /datum/data/record: undefined type path
code\game\machinery\computer\security.dm:677:error: active1.fields: undefined type: /datum/data/record
code\game\machinery\computer\security.dm:678:error: active1.fields: undefined type: /datum/data/record
code\game\machinery\computer\security.dm:680:error: active1: undefined type: /datum/data/record
code\game\machinery\computer\security.dm:680:error: /datum/data/record: undefined type path
code\game\machinery\computer\security.dm:698:error: P: undefined type: /obj/item/pda
code\game\machinery\computer\security.dm:699:error: P.owner: undefined type: /obj/item/pda
code\game\machinery\computer\security.dm:699:error: active1.fields: undefined type: /datum/data/record
code\game\machinery\computer\security.dm:705:error: P.owner: undefined type: /obj/item/pda
code\game\machinery\computer\security.dm:705:error: P.ownjob: undefined type: /obj/item/pda
code\game\machinery\computer\security.dm:710:error: active1.fields: undefined type: /datum/data/record
code\game\machinery\computer\security.dm:711:error: active1.fields: undefined type: /datum/data/record
code\game\machinery\computer\security.dm:713:error: active1: undefined type: /datum/data/record
code\game\machinery\computer\security.dm:713:error: /datum/data/record: undefined type path
code\game\machinery\computer\security.dm:717:error: active1.fields: undefined type: /datum/data/record
code\game\machinery\computer\security.dm:719:error: active2: undefined type: /datum/data/record
code\game\machinery\computer\security.dm:719:error: /datum/data/record: undefined type path
code\game\machinery\computer\security.dm:720:error: active2.fields: undefined type: /datum/data/record
code\game\machinery\computer\security.dm:723:error: active2.fields: undefined type: /datum/data/record
code\game\machinery\computer\security.dm:725:error: active2: undefined type: /datum/data/record
code\game\machinery\computer\security.dm:725:error: /datum/data/record: undefined type path
code\game\machinery\computer\security.dm:737:error: active1: undefined type: /datum/data/record
code\game\machinery\computer\security.dm:737:error: /datum/data/record: undefined type path
code\game\machinery\computer\security.dm:750:error: active1: undefined type: /datum/data/record
code\game\machinery\computer\security.dm:751:error: active1.fields: undefined type: /datum/data/record
code\game\machinery\computer\security.dm:753:error: active1.fields: undefined type: /datum/data/record
code\game\machinery\computer\security.dm:756:error: active2: undefined type: /datum/data/record
code\game\machinery\computer\security.dm:757:error: active2.fields: undefined type: /datum/data/record
code\game\machinery\computer\security.dm:760:error: active2.fields: undefined type: /datum/data/record
code\game\machinery\computer\security.dm:762:error: active2.fields: undefined type: /datum/data/record
code\game\machinery\computer\security.dm:764:error: active2.fields: undefined type: /datum/data/record
code\game\machinery\computer\security.dm:766:error: active2.fields: undefined type: /datum/data/record
code\game\machinery\computer\security.dm:768:error: active2.fields: undefined type: /datum/data/record
code\game\machinery\computer\security.dm:769:error: active1.fields: undefined type: /datum/data/record
code\game\machinery\computer\security.dm:769:error: active2.fields: undefined type: /datum/data/record
code\game\machinery\computer\security.dm:774:error: active1.fields: undefined type: /datum/data/record
code\game\machinery\computer\security.dm:775:error: active2: undefined type: /datum/data/record
code\game\machinery\computer\security.dm:776:error: active2: undefined type: /datum/data/record
code\game\machinery\computer\security.dm:777:error: active2: undefined type: /datum/data/record
code\game\machinery\computer\security.dm:780:error: active1: undefined type: /datum/data/record
code\game\machinery\computer\security.dm:781:error: active1.fields: undefined type: /datum/data/record
code\game\machinery\computer\security.dm:782:error: R: undefined type: /datum/data/record
code\game\machinery\computer\security.dm:783:error: R.fields: undefined type: /datum/data/record
code\game\machinery\computer\security.dm:783:error: active1.fields: undefined type: /datum/data/record
code\game\machinery\computer\security.dm:783:error: R.fields: undefined type: /datum/data/record
code\game\machinery\computer\security.dm:783:error: active1.fields: undefined type: /datum/data/record
code\game\machinery\computer\security.dm:784:error: R: undefined type: /datum/data/record
code\game\machinery\computer\security.dm:786:error: active1: undefined type: /datum/data/record
code\game\machinery\computer\security.dm:787:error: active1: undefined type: /datum/data/record
code\game\machinery\computer\security.dm:789:error: active2: undefined type: /datum/data/record
code\game\machinery\computer\security.dm:790:error: active2: undefined type: /datum/data/record
code\game\machinery\computer\security.dm:791:error: active2: undefined type: /datum/data/record
code\game\machinery\computer\security.dm:803:error: tempAI.GetPhoto: undefined proc
code\game\machinery\computer\security.dm:802:warning (unused_var): tempAI: variable defined but not used
code\game\machinery\computer\security.dm:863:error: active1: undefined type: /datum/data/record
code\game\machinery\computer\security.dm:864:error: active2: undefined type: /datum/data/record
code\game\machinery\computer\security.dm:828:error: R: undefined type: /datum/data/record
code\game\machinery\computer\security.dm:833:error: R.fields: undefined type: /datum/data/record
code\game\machinery\computer\security.dm:835:error: R.fields: undefined type: /datum/data/record
code\game\machinery\computer\security.dm:837:error: R.fields: undefined type: /datum/data/record
code\game\machinery\computer\security.dm:839:error: R.fields: undefined type: /datum/data/record
code\game\machinery\computer\security.dm:841:error: R.fields: undefined type: /datum/data/record
code\game\machinery\computer\security.dm:843:error: R.fields: undefined type: /datum/data/record
code\game\machinery\computer\security.dm:845:error: R.fields: undefined type: /datum/data/record
code\game\machinery\computer\security.dm:847:error: R.fields: undefined type: /datum/data/record
code\game\machinery\computer\security.dm:850:error: R.fields: undefined type: /datum/data/record
code\game\machinery\computer\security.dm:851:error: R.fields: undefined type: /datum/data/record
code\game\machinery\computer\security.dm:855:error: R: undefined type: /datum/data/record
code\game\machinery\computer\warrant.dm:17:error: current: undefined type: /datum/data/record
code\game\machinery\computer\warrant.dm:20:error: current.fields: undefined type: /datum/data/record
code\game\machinery\computer\warrant.dm:38:error: current.fields: undefined type: /datum/data/record
code\game\machinery\computer\warrant.dm:38:error: current.fields: undefined type: /datum/data/record
code\game\machinery\computer\warrant.dm:42:error: current.fields: undefined type: /datum/data/record
code\game\machinery\computer\warrant.dm:55:error: c: undefined type: /datum/data/crime
code\game\machinery\computer\warrant.dm:55:error: current.fields: undefined type: /datum/data/record
code\game\machinery\computer\warrant.dm:56:error: c.fine: undefined type: /datum/data/crime
code\game\machinery\computer\warrant.dm:56:error: c.paid: undefined type: /datum/data/crime
code\game\machinery\computer\warrant.dm:60:error: c.crimeName: undefined type: /datum/data/crime
code\game\machinery\computer\warrant.dm:60:error: c.fine: undefined type: /datum/data/crime
code\game\machinery\computer\warrant.dm:60:error: c.author: undefined type: /datum/data/crime
code\game\machinery\computer\warrant.dm:60:error: c.time: undefined type: /datum/data/crime
code\game\machinery\computer\warrant.dm:63:error: c.dataId: undefined type: /datum/data/crime
code\game\machinery\computer\warrant.dm:77:error: c: undefined type: /datum/data/crime
code\game\machinery\computer\warrant.dm:77:error: current.fields: undefined type: /datum/data/record
code\game\machinery\computer\warrant.dm:82:error: c.crimeName: undefined type: /datum/data/crime
code\game\machinery\computer\warrant.dm:82:error: c.crimeDetails: undefined type: /datum/data/crime
code\game\machinery\computer\warrant.dm:82:error: c.author: undefined type: /datum/data/crime
code\game\machinery\computer\warrant.dm:82:error: c.time: undefined type: /datum/data/crime
code\game\machinery\computer\warrant.dm:104:error: R: undefined type: /datum/data/record
code\game\machinery\computer\warrant.dm:105:error: R.fields: undefined type: /datum/data/record
code\game\machinery\computer\warrant.dm:106:error: current: undefined type: /datum/data/record
code\game\machinery\computer\warrant.dm:106:error: R: undefined type: /datum/data/record
code\game\machinery\computer\warrant.dm:109:error: current: undefined type: /datum/data/record
code\game\machinery\computer\warrant.dm:114:error: p: undefined type: /datum/data/crime
code\game\machinery\computer\warrant.dm:114:error: current.fields: undefined type: /datum/data/record
code\game\machinery\computer\warrant.dm:115:error: p.dataId: undefined type: /datum/data/crime
code\game\machinery\computer\warrant.dm:116:error: /obj/item/holochip: undefined type path
code\game\machinery\computer\warrant.dm:117:error: C: undefined type: /obj/item/holochip
code\game\machinery\computer\warrant.dm:117:error: C: undefined type: /obj/item/holochip
code\game\machinery\computer\warrant.dm:118:error: C.get_item_credit_value: undefined type: /obj/item/holochip
code\game\machinery\computer\warrant.dm:120:error: C: undefined type: /obj/item/holochip
code\game\machinery\computer\warrant.dm:122:error: p.fine: undefined type: /datum/data/crime
code\game\machinery\computer\warrant.dm:122:error: p.paid: undefined type: /datum/data/crime
code\game\machinery\computer\warrant.dm:123:error: current.fields: undefined type: /datum/data/record
code\game\machinery\computer\warrant.dm:126:error: p.crimeName: undefined type: /datum/data/crime
code\game\machinery\computer\warrant.dm:126:error: p.fine: undefined type: /datum/data/crime
code\game\machinery\computer\warrant.dm:128:error: C: undefined type: /obj/item/holochip
code\game\machinery\telecomms\computers\message.dm:127:error: S.hack_software: undefined var
code\game\machinery\telecomms\computers\message.dm:210:error: customrecepient: undefined type: /obj/item/pda
code\game\machinery\telecomms\computers\message.dm:210:error: customrecepient.owner: undefined type: /obj/item/pda
code\game\machinery\telecomms\computers\message.dm:258:error: customrecepient: undefined type: /obj/item/pda
code\game\machinery\telecomms\computers\message.dm:346:error: S.hack_software: undefined var
code\game\machinery\telecomms\computers\message.dm:395:error: get_viewable_pdas: undefined proc
code\game\machinery\telecomms\computers\message.dm:397:error: customrecepient: undefined type: /obj/item/pda
code\game\machinery\telecomms\computers\message.dm:397:error: sendPDAs: undefined type: /obj/item/pda
code\game\machinery\telecomms\computers\message.dm:399:error: customrecepient: undefined type: /obj/item/pda
code\game\machinery\telecomms\computers\message.dm:414:error: customrecepient: undefined type: /obj/item/pda
code\game\machinery\telecomms\computers\message.dm:426:error: customrecepient.owner: undefined type: /obj/item/pda
code\game\machinery\telecomms\computers\message.dm:426:error: customrecepient.ownjob: undefined type: /obj/item/pda
code\modules\library\lib_machines.dm:335:error: /obj/item/melee/cultblade/dagger: undefined type path
code\modules\library\lib_machines.dm:504:error: /obj/item/poster/random_contraband: undefined type path
code\modules\mining\aux_base.dm:59:error: base_turret.obj_integrity: undefined type: /obj/machinery/porta_turret/aux_base
code\modules\mining\aux_base.dm:59:error: base_turret.integrity_failure: undefined type: /obj/machinery/porta_turret/aux_base
code\modules\mining\aux_base.dm:59:error: base_turret.max_integrity: undefined type: /obj/machinery/porta_turret/aux_base
code\modules\mining\aux_base.dm:59:error: base_turret.max_integrity: undefined type: /obj/machinery/porta_turret/aux_base
code\modules\mining\aux_base.dm:59:error: base_turret.integrity_failure: undefined type: /obj/machinery/porta_turret/aux_base
code\modules\mining\aux_base.dm:61:error: base_turret.machine_stat: undefined type: /obj/machinery/porta_turret/aux_base
code\modules\mining\aux_base.dm:63:error: base_turret.on: undefined type: /obj/machinery/porta_turret/aux_base
code\modules\mining\aux_base.dm:65:error: base_turret.raised: undefined type: /obj/machinery/porta_turret/aux_base
code\modules\mining\aux_base.dm:70:error: base_turret.name: undefined type: /obj/machinery/porta_turret/aux_base
code\modules\mining\aux_base.dm:73:error: base_turret: undefined type: /obj/machinery/porta_turret/aux_base
code\modules\mining\aux_base.dm:74:error: base_turret: undefined type: /obj/machinery/porta_turret/aux_base
code\modules\mining\aux_base.dm:75:error: base_turret: undefined type: /obj/machinery/porta_turret/aux_base
code\modules\mining\aux_base.dm:169:error: base_turret: undefined type: /obj/machinery/porta_turret/aux_base
code\modules\mining\aux_base.dm:170:error: base_turret.toggle_on: undefined type: /obj/machinery/porta_turret/aux_base
code\modules\mining\aux_base.dm:174:error: base_turret: undefined type: /obj/machinery/porta_turret/aux_base
code\modules\mining\aux_base.dm:176:error: base_turret.toggle_on: undefined type: /obj/machinery/porta_turret/aux_base
code\modules\mining\mine_items.dm:80:error: is_head_revolutionary: undefined proc
code\modules\shuttle\ferry.dm:18:warning (no_parent): ..: ..() has no parent proc to call
code\modules\shuttle\ferry.dm:17:error: attack_ai: undefined proc
code\modules\shuttle\ferry.dm:21:warning (no_parent): ..: ..() has no parent proc to call
code\modules\shuttle\ferry.dm:20:error: attack_robot: undefined proc
code\modules\power\monitor.dm:64:error: attached_wire.powernet: undefined var
code\game\machinery\buttons.dm:117:error: attack_ai: undefined proc
code\game\machinery\buttons.dm:122:error: attack_ai: undefined proc
code\game\machinery\buttons.dm:121:error: attack_robot: undefined proc
code\game\machinery\cell_charger.dm:108:error: attack_ai: undefined proc
code\game\machinery\cell_charger.dm:122:error: C: undefined type: /obj/item/stock_parts/capacitor
code\game\machinery\cell_charger.dm:123:error: C.rating: undefined type: /obj/item/stock_parts/capacitor
code\game\machinery\cell_charger.dm:122:warning (unused_var): C: variable defined but not used
code\game\machinery\dance_machine.dm:220:error: /obj/effect/temp_visual/hierophant/telegraph/edge: undefined type path
code\game\machinery\dish_drive.dm:74:error: S.rating: undefined var
code\game\machinery\firealarm.dm:182:error: attack_ai: undefined proc
code\game\machinery\firealarm.dm:185:error: attack_robot: undefined proc
code\game\machinery\firealarm.dm:226:error: /obj/item/stack/cable_coil: undefined type path
code\game\machinery\firealarm.dm:239:error: /obj/item/stack/cable_coil: undefined type path
code\game\machinery\firealarm.dm:241:error: coil.get_amount: undefined type: /obj/item/stack/cable_coil
code\game\machinery\firealarm.dm:244:error: coil.use: undefined type: /obj/item/stack/cable_coil
code\game\machinery\firealarm.dm:272:error: /obj/item/electroadaptive_pseudocircuit: undefined type path
code\game\machinery\firealarm.dm:274:error: P.adapt_circuit: undefined type: /obj/item/electroadaptive_pseudocircuit
code\game\machinery\firealarm.dm:294:error: the_rcd.upgrade: undefined type: /obj/item/construction/rcd
code\game\machinery\firealarm.dm:334:error: /obj/item/stack/cable_coil: undefined type path
code\game\machinery\limbgrower.dm:37:error: stored_research: undefined type: /datum/techweb
code\game\machinery\limbgrower.dm:37:error: /datum/techweb/specialized/autounlocking/limbgrower: undefined type path
code\game\machinery\limbgrower.dm:96:error: stored_research.isDesignResearchedID: undefined type: /datum/techweb
code\game\machinery\limbgrower.dm:101:error: being_built.reagents_list: undefined var
code\game\machinery\limbgrower.dm:104:error: being_built.reagents_list: undefined var
code\game\machinery\limbgrower.dm:118:error: being_built.reagents_list: undefined var
code\game\machinery\limbgrower.dm:119:error: being_built.reagents_list: undefined var
code\game\machinery\limbgrower.dm:120:error: being_built.build_path: undefined var
code\game\machinery\limbgrower.dm:189:error: stored_research.researched_designs: undefined type: /datum/techweb
code\game\machinery\limbgrower.dm:190:error: SSresearch.techweb_design_by_id: undefined var
code\game\machinery\limbgrower.dm:191:error: D.category: undefined var
code\game\machinery\limbgrower.dm:194:error: D.name: undefined var
code\game\machinery\limbgrower.dm:196:error: D.id: undefined var
code\game\machinery\limbgrower.dm:196:error: D.name: undefined var
code\game\machinery\limbgrower.dm:220:error: D.reagents_list: undefined var
code\game\machinery\limbgrower.dm:224:error: D.reagents_list: undefined var
code\game\machinery\limbgrower.dm:225:error: D.reagents_list: undefined var
code\game\machinery\limbgrower.dm:161:error: M: undefined type: /obj/item/stock_parts/manipulator
code\game\machinery\limbgrower.dm:162:error: M.rating: undefined type: /obj/item/stock_parts/manipulator
code\game\machinery\limbgrower.dm:231:error: SSresearch.techweb_designs: undefined var
code\game\machinery\limbgrower.dm:232:error: SSresearch.techweb_design_by_id: undefined var
code\game\machinery\limbgrower.dm:233:error: D.build_type: undefined var
code\game\machinery\limbgrower.dm:233:error: D.category: undefined var
code\game\machinery\limbgrower.dm:234:error: stored_research.add_design: undefined type: /datum/techweb
code\game\machinery\mass_driver.dm:28:error: control: undefined type: /obj/machinery/computer/pod
code\game\machinery\mass_driver.dm:29:error: control.id: undefined type: /obj/machinery/computer/pod
code\game\machinery\mass_driver.dm:30:error: control.connected: undefined type: /obj/machinery/computer/pod
code\game\machinery\medical_kiosk.dm:192:error: D.visibility_flags: undefined var
code\game\machinery\medical_kiosk.dm:192:error: HIDDEN_SCANNER: undefined var
code\game\machinery\medical_kiosk.dm:194:error: D.name: undefined var
code\game\machinery\medical_kiosk.dm:194:error: D.spread_text: undefined var
code\game\machinery\medical_kiosk.dm:194:error: D.stage: undefined var
code\game\machinery\medical_kiosk.dm:194:error: D.max_stages: undefined var
code\game\machinery\medical_kiosk.dm:194:error: D.cure_text: undefined var
code\game\machinery\medipen_refiller.dm:22:error: B: undefined type: /obj/item/stock_parts/matter_bin
code\game\machinery\medipen_refiller.dm:23:error: B.rating: undefined type: /obj/item/stock_parts/matter_bin
code\game\machinery\medipen_refiller.dm:29:error: B: undefined type: /obj/item/stock_parts/matter_bin
code\game\machinery\medipen_refiller.dm:30:error: B.rating: undefined type: /obj/item/stock_parts/matter_bin
code\game\machinery\medipen_refiller.dm:29:warning (unused_var): B: variable defined but not used
code\game\machinery\navbeacon.dm:107:error: /obj/item/pda: undefined type path
code\game\machinery\navbeacon.dm:120:error: attack_ai: undefined proc
code\game\machinery\newscaster.dm:795:error: R.aicamera: undefined var
code\game\machinery\newscaster.dm:798:error: R.aicamera: undefined var
code\game\machinery\newscaster.dm:801:error: R.connected_ai: undefined var
code\game\machinery\newscaster.dm:802:error: R.connected_ai.aicamera: undefined var
code\game\machinery\newscaster.dm:804:error: R.aicamera: undefined var
code\game\machinery\newscaster.dm:794:warning (unused_var): R: variable defined but not used
code\game\machinery\newscaster.dm:797:warning (unused_var): R: variable defined but not used
code\game\machinery\newscaster.dm:800:warning (unused_var): R: variable defined but not used
code\game\machinery\recharger.dm:19:error: /obj/item/modular_computer: undefined type path
code\game\machinery\recharger.dm:22:error: C: undefined type: /obj/item/stock_parts/capacitor
code\game\machinery\recharger.dm:23:error: C.rating: undefined type: /obj/item/stock_parts/capacitor
code\game\machinery\recharger.dm:22:warning (unused_var): C: variable defined but not used
code\game\machinery\recharger.dm:117:error: attack_tk: undefined proc
code\game\machinery\rechargestation.dm:29:error: C: undefined type: /obj/item/stock_parts/capacitor
code\game\machinery\rechargestation.dm:30:error: C.rating: undefined type: /obj/item/stock_parts/capacitor
code\game\machinery\rechargestation.dm:31:error: M: undefined type: /obj/item/stock_parts/manipulator
code\game\machinery\rechargestation.dm:32:error: M.rating: undefined type: /obj/item/stock_parts/manipulator
code\game\machinery\rechargestation.dm:29:warning (unused_var): C: variable defined but not used
code\game\machinery\rechargestation.dm:31:warning (unused_var): M: variable defined but not used
code\game\machinery\recycler.dm:42:error: B: undefined type: /obj/item/stock_parts/matter_bin
code\game\machinery\recycler.dm:43:error: B.rating: undefined type: /obj/item/stock_parts/matter_bin
code\game\machinery\recycler.dm:45:error: M: undefined type: /obj/item/stock_parts/manipulator
code\game\machinery\recycler.dm:46:error: M.rating: undefined type: /obj/item/stock_parts/manipulator
code\game\machinery\recycler.dm:42:warning (unused_var): B: variable defined but not used
code\game\machinery\recycler.dm:45:warning (unused_var): M: variable defined but not used
code\game\machinery\recycler.dm:126:error: /obj/item/dullahan_relay: undefined type path
code\game\machinery\scan_gate.dm:34:error: DISEASE_SEVERITY_MINOR: undefined var
code\game\machinery\scan_gate.dm:34:error: =: expected a constant expression
code\game\machinery\scan_gate.dm:101:error: find_record: undefined proc
code\game\machinery\scan_gate.dm:110:error: /datum/component/nanites: undefined type path
code\game\machinery\scan_gate.dm:111:error: nanites: undefined type: /datum/component/nanites
code\game\machinery\scan_gate.dm:111:error: nanites.cloud_id: undefined type: /datum/component/nanites
code\game\machinery\scan_gate.dm:118:error: get_disease_severity_value: undefined proc
code\game\machinery\scan_gate.dm:118:error: get_disease_severity_value: undefined proc
code\game\machinery\scan_gate.dm:126:error: /datum/species/lizard: undefined type path
code\game\machinery\scan_gate.dm:128:error: /datum/species/fly: undefined type path
code\game\machinery\scan_gate.dm:132:error: /datum/species/plasmaman: undefined type path
code\game\machinery\scan_gate.dm:134:error: /datum/species/moth: undefined type path
code\game\machinery\scan_gate.dm:136:error: /datum/species/jelly: undefined type path
code\game\machinery\scan_gate.dm:138:error: /datum/species/pod: undefined type path
code\game\machinery\scan_gate.dm:140:error: /datum/species/golem: undefined type path
code\game\machinery\scan_gate.dm:142:error: /datum/species/zombie: undefined type path
code\modules\shuttle\special.dm:316:error: H: undefined type: /obj/item/holochip
code\modules\shuttle\special.dm:319:error: H.credits: undefined type: /obj/item/holochip
code\modules\shuttle\special.dm:320:error: H: undefined type: /obj/item/holochip
code\modules\shuttle\special.dm:332:error: /obj/item/holochip: undefined type path
code\modules\shuttle\special.dm:334:error: H.credits: undefined type: /obj/item/holochip
code\modules\shuttle\special.dm:335:error: H: undefined type: /obj/item/holochip
code\modules\shuttle\special.dm:347:error: /obj/item/holochip: undefined type path
code\modules\shuttle\special.dm:360:error: /obj/item/holochip: undefined type path
code\modules\shuttle\special.dm:361:error: HC.credits: undefined type: /obj/item/holochip
code\modules\shuttle\special.dm:362:error: HC.name: undefined type: /obj/item/holochip
code\modules\shuttle\special.dm:362:error: HC.credits: undefined type: /obj/item/holochip
code\modules\shuttle\special.dm:365:error: HC: undefined type: /obj/item/holochip
code\modules\shuttle\special.dm:366:error: HC: undefined type: /obj/item/holochip
code\modules\shuttle\special.dm:368:error: HC: undefined type: /obj/item/holochip
code\game\machinery\status_display.dm:342:error: /datum/emote/ai/emotion_display: undefined type path
code\game\machinery\status_display.dm:344:error: emote.emotion: undefined type: /datum/emote/ai/emotion_display
code\game\machinery\status_display.dm:345:error: emote.key: undefined type: /datum/emote/ai/emotion_display
code\game\machinery\suit_storage_unit.dm:65:error: /obj/item/tank/jetpack/oxygen/captain: undefined type path
code\game\machinery\suit_storage_unit.dm:110:error: /obj/item/tank/jetpack/oxygen/harness: undefined type path
code\game\machinery\syndicatebeacon.dm:47:error: attack_ai: undefined proc
code\modules\power\apc.dm:201:error: malfai.malf_picker.processing_time: undefined var
code\modules\power\apc.dm:201:error: malfai.malf_picker.processing_time: undefined var
code\modules\power\apc.dm:923:error: malf.malf_picker: undefined var
code\modules\power\apc.dm:924:error: malf.parent: undefined var
code\modules\power\apc.dm:960:error: AI.parent: undefined var
code\modules\power\apc.dm:961:error: malfai.connected_robots: undefined var
code\modules\power\apc.dm:1062:error: malf.malfhacking: undefined var
code\modules\power\apc.dm:1066:error: malf.malfhack: undefined var
code\modules\power\apc.dm:1067:error: malf.malfhacking: undefined var
code\modules\power\apc.dm:1067:error: /mob/living/silicon/ai.proc/malfhacked: undefined type path
code\modules\power\apc.dm:1070:error: A: undefined type: /atom/movable/screen/alert/hackingapc
code\modules\power\apc.dm:1070:error: /atom/movable/screen/alert/hackingapc: undefined type path
code\modules\power\apc.dm:1071:error: A.target: undefined type: /atom/movable/screen/alert/hackingapc
code\modules\power\apc.dm:1079:error: malf.can_shunt: undefined var
code\modules\power\apc.dm:1084:error: malf.ShutOffDoomsdayDevice: undefined proc
code\modules\power\apc.dm:1085:error: malf.laws: undefined var
code\modules\power\apc.dm:1089:error: malf.parent: undefined var
code\modules\power\apc.dm:1090:error: occupier.parent: undefined var
code\modules\power\apc.dm:1090:error: malf.parent: undefined var
code\modules\power\apc.dm:1092:error: occupier.parent: undefined var
code\modules\power\apc.dm:1093:error: malf.shunted: undefined var
code\modules\power\apc.dm:1094:error: occupier.eyeobj.name: undefined var
code\modules\power\apc.dm:1095:error: malf.parent: undefined var
code\modules\power\apc.dm:1098:error: CR.Grant: undefined type: /datum/action/innate/core_return
code\modules\power\apc.dm:1104:error: occupier.parent: undefined var
code\modules\power\apc.dm:1104:error: occupier.parent.stat: undefined var
code\modules\power\apc.dm:1105:error: occupier.parent: undefined var
code\modules\power\apc.dm:1106:error: occupier.parent.shunted: undefined var
code\modules\power\apc.dm:1107:error: occupier.parent.setOxyLoss: undefined var
code\modules\power\apc.dm:1108:error: occupier.parent.cancel_camera: undefined var
code\modules\power\apc.dm:1116:error: P: undefined type: /obj/item/pinpointer/nuke
code\modules\power\apc.dm:1117:error: P.switch_mode_to: undefined type: /obj/item/pinpointer/nuke
code\modules\power\apc.dm:1118:error: P.alert: undefined type: /obj/item/pinpointer/nuke
code\modules\power\apc.dm:1394:error: malfai.malf_picker.processing_time: undefined var
code\modules\power\apc.dm:1394:error: malfai.malf_picker.processing_time: undefined var
code\modules\power\apc.dm:574:error: /obj/item/stack/cable_coil: undefined type path
code\modules\power\apc.dm:589:error: C.get_amount: undefined type: /obj/item/stack/cable_coil
code\modules\power\apc.dm:596:error: C.get_amount: undefined type: /obj/item/stack/cable_coil
code\modules\power\apc.dm:596:error: C: undefined type: /obj/item/stack/cable_coil
code\modules\power\apc.dm:598:error: C.get_amount: undefined type: /obj/item/stack/cable_coil
code\modules\power\apc.dm:604:error: C.use: undefined type: /obj/item/stack/cable_coil
code\modules\power\apc.dm:625:error: /obj/item/electroadaptive_pseudocircuit: undefined type path
code\modules\power\apc.dm:631:error: P.adapt_circuit: undefined type: /obj/item/electroadaptive_pseudocircuit
code\modules\power\apc.dm:641:error: P.adapt_circuit: undefined type: /obj/item/electroadaptive_pseudocircuit
code\modules\power\apc.dm:648:error: P.name: undefined type: /obj/item/electroadaptive_pseudocircuit
code\modules\power\apc.dm:686:error: the_rcd.upgrade: undefined type: /obj/item/construction/rcd
code\modules\power\apc.dm:723:error: the_rcd.name: undefined type: /obj/item/construction/rcd
code\modules\power\apc.dm:807:error: /datum/species/ethereal: undefined type path
code\modules\power\apc.dm:1121:error: card.AI: undefined type: /obj/item/aicard
code\modules\power\apc.dm:1122:error: card: undefined type: /obj/item/aicard
code\modules\power\apc.dm:1130:error: occupier.parent.stat: undefined var
code\modules\power\apc.dm:1142:error: card: undefined type: /obj/item/aicard
code\modules\power\apc.dm:1145:error: card.name: undefined type: /obj/item/aicard
code\modules\power\apc.dm:1155:error: card: undefined type: /obj/item/aicard
code\modules\power\apc.dm:1156:error: card: undefined type: /obj/item/aicard
code\modules\power\apc.dm:1161:error: card: undefined type: /obj/item/aicard
code\modules\power\apc.dm:1164:error: card: undefined type: /obj/item/aicard
code\modules\power\apc.dm:1164:error: card: undefined type: /obj/item/aicard
code\modules\power\apc.dm:1165:error: card.name: undefined type: /obj/item/aicard
code\modules\power\apc.dm:1166:error: card: undefined type: /obj/item/aicard
code\modules\power\apc.dm:1167:error: card.AI: undefined type: /obj/item/aicard
code\modules\power\apc.dm:1168:error: occupier.parent.shunted: undefined var
code\modules\power\port_gen.dm:110:error: /obj/item/stock_parts/matter_bin: undefined type path
code\modules\power\port_gen.dm:111:error: SP.rating: undefined var
code\modules\power\port_gen.dm:111:error: SP.rating: undefined var
code\modules\power\port_gen.dm:112:error: /obj/item/stock_parts/capacitor: undefined type path
code\modules\power\port_gen.dm:113:error: SP.rating: undefined var
code\modules\power\port_gen.dm:115:error: SP.rating: undefined var
code\modules\power\port_gen.dm:224:error: attack_ai: undefined proc
code\modules\power\power.dm:243:error: C.powernet: undefined var
code\modules\power\power.dm:265:error: C.powernet: undefined var
code\modules\power\power.dm:217:error: /obj/item/stack/cable_coil: undefined type path
code\modules\power\power.dm:224:error: coil.place_turf: undefined type: /obj/item/stack/cable_coil
code\modules\power\smes.dm:67:error: CP: undefined type: /obj/item/stock_parts/capacitor
code\modules\power\smes.dm:68:error: CP.rating: undefined type: /obj/item/stock_parts/capacitor
code\modules\power\smes.dm:67:warning (unused_var): CP: variable defined but not used
code\modules\power\smes.dm:105:error: /obj/item/stack/cable_coil: undefined type path
code\modules\power\smes.dm:125:error: C.get_amount: undefined type: /obj/item/stack/cable_coil
code\modules\power\smes.dm:133:error: C.get_amount: undefined type: /obj/item/stack/cable_coil
code\modules\power\smes.dm:133:error: C: undefined type: /obj/item/stack/cable_coil
code\modules\power\smes.dm:140:error: C.use: undefined type: /obj/item/stack/cable_coil
code\modules\power\terminal.dm:64:error: /obj/item/stack/cable_coil: undefined type path
code\modules\power\tracker.dm:21:error: S: undefined type: /obj/item/solar_assembly
code\modules\power\tracker.dm:31:error: control: undefined type: /obj/machinery/power/solar_control
code\modules\power\tracker.dm:31:error: SC: undefined type: /obj/machinery/power/solar_control
code\modules\power\tracker.dm:32:error: SC.connected_tracker: undefined type: /obj/machinery/power/solar_control
code\modules\power\tracker.dm:36:error: control: undefined type: /obj/machinery/power/solar_control
code\modules\power\tracker.dm:37:error: control.track: undefined type: /obj/machinery/power/solar_control
code\modules\power\tracker.dm:38:error: control.track: undefined type: /obj/machinery/power/solar_control
code\modules\power\tracker.dm:39:error: control.connected_tracker: undefined type: /obj/machinery/power/solar_control
code\modules\power\tracker.dm:40:error: control: undefined type: /obj/machinery/power/solar_control
code\modules\power\tracker.dm:47:error: control: undefined type: /obj/machinery/power/solar_control
code\modules\power\tracker.dm:47:error: control.track: undefined type: /obj/machinery/power/solar_control
code\modules\power\tracker.dm:48:error: control.set_panels: undefined type: /obj/machinery/power/solar_control
code\modules\power\tracker.dm:51:error: S: undefined type: /obj/item/solar_assembly
code\modules\power\tracker.dm:52:error: S: undefined type: /obj/item/solar_assembly
code\modules\power\tracker.dm:52:error: /obj/item/solar_assembly: undefined type path
code\modules\power\tracker.dm:53:error: S.glass_type: undefined type: /obj/item/solar_assembly
code\modules\power\tracker.dm:54:error: S.tracker: undefined type: /obj/item/solar_assembly
code\modules\power\tracker.dm:55:error: S.set_anchored: undefined type: /obj/item/solar_assembly
code\modules\power\tracker.dm:56:error: S.forceMove: undefined type: /obj/item/solar_assembly
code\modules\power\turbine.dm:93:error: M: undefined type: /obj/item/stock_parts/manipulator
code\modules\power\turbine.dm:94:error: M.rating: undefined type: /obj/item/stock_parts/manipulator
code\modules\power\turbine.dm:93:warning (unused_var): M: variable defined but not used
code\modules\power\turbine.dm:179:error: C: undefined type: /obj/item/stock_parts/capacitor
code\modules\power\turbine.dm:180:error: C.rating: undefined type: /obj/item/stock_parts/capacitor
code\modules\power\turbine.dm:179:warning (unused_var): C: variable defined but not used
code\modules\shuttle\special.dm:9:error: projectile_type: undefined var
code\modules\shuttle\special.dm:12:error: icon_state_on: undefined var
code\modules\shuttle\special.dm:13:error: active: undefined var
code\modules\shuttle\special.dm:14:error: allow_switch_interact: undefined var
code\modules\shuttle\special.dm:25:error: active: undefined var
code\modules\shuttle\special.dm:26:error: icon_state_on: undefined var
code\modules\shuttle\special.dm:33:error: active: undefined var
code\modules\shuttle\special.dm:36:error: active: undefined var
code\modules\shuttle\special.dm:38:error: active: undefined var
code\modules\shuttle\special.dm:41:error: active: undefined var
code\game\machinery\transformer.dm:95:error: R.cell: undefined var
code\game\machinery\transformer.dm:98:error: R.SetLockdown: undefined proc
code\game\machinery\transformer.dm:100:error: R.set_connected_ai: undefined proc
code\game\machinery\transformer.dm:101:error: R.lawsync: undefined proc
code\game\machinery\transformer.dm:102:error: R.lawupdate: undefined var
code\game\machinery\transformer.dm:109:error: R.SetLockdown: undefined proc
code\game\machinery\transformer.dm:110:error: NEW_BORG: undefined var
code\game\machinery\transformer.dm:110:error: R.notify_ai: undefined proc
code\game\machinery\camera\camera.dm:433:error: S.triggerAlarm: undefined proc
code\game\machinery\camera\camera.dm:438:error: S.cancelAlarm: undefined proc
code\game\machinery\camera\camera.dm:458:error: A.lit_cameras: undefined var
code\game\machinery\camera\motion.dm:59:error: aiPlayer.cancelAlarm: undefined proc
code\game\machinery\camera\motion.dm:68:error: aiPlayer.triggerAlarm: undefined proc
code\game\machinery\camera\camera.dm:302:error: /obj/item/pda: undefined type path
code\game\machinery\camera\camera.dm:314:error: P: undefined type: /obj/item/pda
code\game\machinery\camera\camera.dm:315:error: P.name: undefined type: /obj/item/pda
code\game\machinery\camera\camera.dm:316:error: P.notehtml: undefined type: /obj/item/pda
code\game\machinery\camera\camera.dm:322:error: AI.control_disabled: undefined var
code\game\machinery\camera\camera.dm:328:error: AI.last_paper_seen: undefined var
code\game\machinery\camera\camera.dm:376:error: /obj/item/stack/cable_coil: undefined type path
code\game\machinery\camera\tracking.dm:142:error: user.switchCamera: undefined proc
code\game\machinery\doors\brigdoors.dm:54:error: F: undefined type: /obj/machinery/flasher
code\game\machinery\doors\brigdoors.dm:55:error: F.id: undefined type: /obj/machinery/flasher
code\game\machinery\doors\brigdoors.dm:56:error: F: undefined type: /obj/machinery/flasher
code\game\machinery\doors\brigdoors.dm:199:error: F: undefined type: /obj/machinery/flasher
code\game\machinery\doors\brigdoors.dm:200:error: F.last_flash: undefined type: /obj/machinery/flasher
code\game\machinery\doors\brigdoors.dm:200:error: F.last_flash: undefined type: /obj/machinery/flasher
code\game\machinery\doors\brigdoors.dm:227:error: F: undefined type: /obj/machinery/flasher
code\game\machinery\doors\brigdoors.dm:228:error: F.flash: undefined type: /obj/machinery/flasher
code\game\machinery\telecomms\machine_interactions.dm:215:error: U.aiMulti: undefined var
code\game\machinery\telecomms\machines\message_server.dm:54:error: /obj/effect/decal/cleanable/oil: undefined type path
code\game\objects\items\wayfinding.dm:179:error: holochip.credits: undefined type: /obj/item/holochip
code\game\objects\items\wayfinding.dm:180:error: holochip.name: undefined type: /obj/item/holochip
code\game\objects\items\wayfinding.dm:180:error: holochip.credits: undefined type: /obj/item/holochip
code\game\objects\items\wayfinding.dm:183:error: holochip: undefined type: /obj/item/holochip
code\modules\atmospherics\machinery\airalarm.dm:743:error: /obj/item/stack/cable_coil: undefined type path
code\modules\atmospherics\machinery\airalarm.dm:773:error: /obj/item/stack/cable_coil: undefined type path
code\modules\atmospherics\machinery\airalarm.dm:775:error: cable.get_amount: undefined type: /obj/item/stack/cable_coil
code\modules\atmospherics\machinery\airalarm.dm:781:error: cable.get_amount: undefined type: /obj/item/stack/cable_coil
code\modules\atmospherics\machinery\airalarm.dm:782:error: cable.use: undefined type: /obj/item/stack/cable_coil
code\modules\atmospherics\machinery\airalarm.dm:802:error: /obj/item/electroadaptive_pseudocircuit: undefined type path
code\modules\atmospherics\machinery\airalarm.dm:804:error: P.adapt_circuit: undefined type: /obj/item/electroadaptive_pseudocircuit
code\modules\atmospherics\machinery\airalarm.dm:822:error: the_rcd.upgrade: undefined type: /obj/item/construction/rcd
code\modules\atmospherics\machinery\airalarm.dm:868:error: /obj/item/stack/cable_coil: undefined type path
code\modules\atmospherics\machinery\atmosmachinery.dm:286:error: /obj/item/pipe: undefined type path
code\modules\atmospherics\machinery\atmosmachinery.dm:288:error: pipe: undefined type: /obj/item/pipe
code\modules\atmospherics\machinery\atmosmachinery.dm:289:error: pipe.setPipingLayer: undefined type: /obj/item/pipe
code\modules\atmospherics\machinery\pipes\layermanifold.dm:12:error: /obj/item/pipe/binary: undefined type path
code\modules\atmospherics\machinery\pipes\manifold.dm:15:error: /obj/item/pipe/trinary: undefined type path
code\modules\atmospherics\machinery\pipes\manifold4w.dm:14:error: /obj/item/pipe/quaternary: undefined type path
code\modules\atmospherics\machinery\pipes\simple.dm:17:error: /obj/item/pipe/binary/bendable: undefined type path
code\modules\atmospherics\machinery\pipes\multiz.dm:15:error: /obj/item/pipe/directional: undefined type path
code\modules\atmospherics\machinery\pipes\pipes.dm:59:error: /obj/item/pipe_meter: undefined type path
code\modules\atmospherics\machinery\pipes\pipes.dm:61:error: meter: undefined type: /obj/item/pipe_meter
code\modules\atmospherics\machinery\pipes\pipes.dm:62:error: meter.setAttachLayer: undefined type: /obj/item/pipe_meter
code\modules\atmospherics\machinery\pipes\pipes.dm:82:error: PM: undefined type: /obj/item/pipe_meter
code\modules\atmospherics\machinery\pipes\heat_exchange\junction.dm:15:error: /obj/item/pipe/directional: undefined type path
code\modules\atmospherics\machinery\pipes\heat_exchange\manifold.dm:15:error: /obj/item/pipe/trinary: undefined type path
code\modules\atmospherics\machinery\pipes\heat_exchange\manifold4w.dm:14:error: /obj/item/pipe/quaternary: undefined type path
code\modules\atmospherics\machinery\pipes\heat_exchange\simple.dm:14:error: /obj/item/pipe/binary/bendable: undefined type path
code\modules\atmospherics\machinery\components\binary_devices\passive_gate.dm:27:error: /obj/item/pipe/directional: undefined type path
code\modules\atmospherics\machinery\components\binary_devices\pressure_valve.dm:20:error: /obj/item/pipe/directional: undefined type path
code\modules\atmospherics\machinery\components\binary_devices\pump.dm:27:error: /obj/item/pipe/directional: undefined type path
code\modules\atmospherics\machinery\components\binary_devices\temperature_gate.dm:8:error: /obj/item/pipe/directional: undefined type path
code\modules\atmospherics\machinery\components\binary_devices\temperature_pump.dm:14:error: /obj/item/pipe/directional: undefined type path
code\modules\atmospherics\machinery\components\binary_devices\valve.dm:22:error: /obj/item/pipe/binary: undefined type path
code\modules\atmospherics\machinery\components\binary_devices\volume_pump.dm:28:error: /obj/item/pipe/directional: undefined type path
code\modules\atmospherics\machinery\components\unary_devices\cryo.dm:134:error: M: undefined type: /obj/item/stock_parts/matter_bin
code\modules\atmospherics\machinery\components\unary_devices\cryo.dm:135:error: M.rating: undefined type: /obj/item/stock_parts/matter_bin
code\modules\atmospherics\machinery\components\unary_devices\cryo.dm:134:warning (unused_var): M: variable defined but not used
code\modules\atmospherics\machinery\components\unary_devices\thermomachine.dm:59:error: bin: undefined type: /obj/item/stock_parts/matter_bin
code\modules\atmospherics\machinery\components\unary_devices\thermomachine.dm:60:error: bin.rating: undefined type: /obj/item/stock_parts/matter_bin
code\modules\atmospherics\machinery\components\unary_devices\thermomachine.dm:66:error: laser: undefined type: /obj/item/stock_parts/micro_laser
code\modules\atmospherics\machinery\components\unary_devices\thermomachine.dm:67:error: laser.rating: undefined type: /obj/item/stock_parts/micro_laser
code\modules\atmospherics\machinery\components\unary_devices\thermomachine.dm:71:error: laser: undefined type: /obj/item/stock_parts/micro_laser
code\modules\atmospherics\machinery\components\unary_devices\thermomachine.dm:72:error: laser.rating: undefined type: /obj/item/stock_parts/micro_laser
code\modules\atmospherics\machinery\components\unary_devices\thermomachine.dm:59:warning (unused_var): bin: variable defined but not used
code\modules\atmospherics\machinery\components\unary_devices\thermomachine.dm:66:warning (unused_var): laser: variable defined but not used
code\modules\atmospherics\machinery\components\unary_devices\thermomachine.dm:71:warning (unused_var): laser: variable defined but not used
code\modules\atmospherics\machinery\components\unary_devices\unary_devices.dm:7:error: /obj/item/pipe/directional: undefined type path
code\modules\atmospherics\machinery\components\trinary_devices\filter.dm:14:error: /obj/item/pipe/trinary/flippable: undefined type path
code\modules\atmospherics\machinery\components\trinary_devices\mixer.dm:14:error: /obj/item/pipe/trinary/flippable: undefined type path
code\modules\atmospherics\machinery\other\miner.dm:144:warning (no_parent): ..: ..() has no parent proc to call
code\modules\atmospherics\machinery\other\meter.dm:132:error: /obj/item/pipe_meter: undefined type path
code\modules\economy\pay_stand.dm:68:error: /obj/item/holochip: undefined type path
code\modules\economy\pay_stand.dm:71:error: H.spend: undefined type: /obj/item/holochip
code\modules\food_and_drinks\kitchen_machinery\deep_fryer.dm:46:error: M: undefined type: /obj/item/stock_parts/micro_laser
code\modules\food_and_drinks\kitchen_machinery\deep_fryer.dm:47:error: M.rating: undefined type: /obj/item/stock_parts/micro_laser
code\modules\food_and_drinks\kitchen_machinery\deep_fryer.dm:46:warning (unused_var): M: variable defined but not used
code\modules\food_and_drinks\kitchen_machinery\deep_fryer.dm:107:error: attack_ai: undefined proc
code\modules\food_and_drinks\kitchen_machinery\gibber.dm:26:error: B: undefined type: /obj/item/stock_parts/matter_bin
code\modules\food_and_drinks\kitchen_machinery\gibber.dm:27:error: B.rating: undefined type: /obj/item/stock_parts/matter_bin
code\modules\food_and_drinks\kitchen_machinery\gibber.dm:28:error: M: undefined type: /obj/item/stock_parts/manipulator
code\modules\food_and_drinks\kitchen_machinery\gibber.dm:29:error: M.rating: undefined type: /obj/item/stock_parts/manipulator
code\modules\food_and_drinks\kitchen_machinery\gibber.dm:30:error: M.rating: undefined type: /obj/item/stock_parts/manipulator
code\modules\food_and_drinks\kitchen_machinery\gibber.dm:26:warning (unused_var): B: variable defined but not used
code\modules\food_and_drinks\kitchen_machinery\gibber.dm:28:warning (unused_var): M: variable defined but not used
code\modules\food_and_drinks\kitchen_machinery\gibber.dm:37:error: M: undefined type: /obj/item/stock_parts/manipulator
code\modules\food_and_drinks\kitchen_machinery\gibber.dm:38:error: M.rating: undefined type: /obj/item/stock_parts/manipulator
code\modules\food_and_drinks\kitchen_machinery\grill.dm:118:error: attack_ai: undefined proc
code\modules\food_and_drinks\kitchen_machinery\microwave.dm:49:error: M: undefined type: /obj/item/stock_parts/micro_laser
code\modules\food_and_drinks\kitchen_machinery\microwave.dm:50:error: M.rating: undefined type: /obj/item/stock_parts/micro_laser
code\modules\food_and_drinks\kitchen_machinery\microwave.dm:51:error: M: undefined type: /obj/item/stock_parts/matter_bin
code\modules\food_and_drinks\kitchen_machinery\microwave.dm:52:error: M.rating: undefined type: /obj/item/stock_parts/matter_bin
code\modules\food_and_drinks\kitchen_machinery\microwave.dm:49:warning (unused_var): M: variable defined but not used
code\modules\food_and_drinks\kitchen_machinery\microwave.dm:51:warning (unused_var): M: variable defined but not used
code\modules\food_and_drinks\kitchen_machinery\monkeyrecycler.dm:27:error: console.connected_recycler: undefined type: /obj/machinery/computer/camera_advanced/xenobio
code\modules\food_and_drinks\kitchen_machinery\monkeyrecycler.dm:33:error: B: undefined type: /obj/item/stock_parts/manipulator
code\modules\food_and_drinks\kitchen_machinery\monkeyrecycler.dm:34:error: B.rating: undefined type: /obj/item/stock_parts/manipulator
code\modules\food_and_drinks\kitchen_machinery\monkeyrecycler.dm:35:error: M: undefined type: /obj/item/stock_parts/matter_bin
code\modules\food_and_drinks\kitchen_machinery\monkeyrecycler.dm:36:error: M.rating: undefined type: /obj/item/stock_parts/matter_bin
code\modules\food_and_drinks\kitchen_machinery\monkeyrecycler.dm:33:warning (unused_var): B: variable defined but not used
code\modules\food_and_drinks\kitchen_machinery\monkeyrecycler.dm:35:warning (unused_var): M: variable defined but not used
code\modules\food_and_drinks\kitchen_machinery\processor.dm:20:error: B: undefined type: /obj/item/stock_parts/matter_bin
code\modules\food_and_drinks\kitchen_machinery\processor.dm:21:error: B.rating: undefined type: /obj/item/stock_parts/matter_bin
code\modules\food_and_drinks\kitchen_machinery\processor.dm:22:error: M: undefined type: /obj/item/stock_parts/manipulator
code\modules\food_and_drinks\kitchen_machinery\processor.dm:23:error: M.rating: undefined type: /obj/item/stock_parts/manipulator
code\modules\food_and_drinks\kitchen_machinery\processor.dm:20:warning (unused_var): B: variable defined but not used
code\modules\food_and_drinks\kitchen_machinery\processor.dm:22:warning (unused_var): M: variable defined but not used
code\modules\food_and_drinks\kitchen_machinery\processor.dm:207:error: S.cores: undefined var
code\modules\food_and_drinks\kitchen_machinery\processor.dm:214:error: S.coretype: undefined var
code\modules\food_and_drinks\kitchen_machinery\processor.dm:216:error: S.colour: undefined var
code\modules\food_and_drinks\kitchen_machinery\smartfridge.dm:35:error: B: undefined type: /obj/item/stock_parts/matter_bin
code\modules\food_and_drinks\kitchen_machinery\smartfridge.dm:36:error: B.rating: undefined type: /obj/item/stock_parts/matter_bin
code\modules\food_and_drinks\kitchen_machinery\smartfridge.dm:35:warning (unused_var): B: variable defined but not used
code\modules\food_and_drinks\kitchen_machinery\smartfridge.dm:138:error: /obj/item/graft/: undefined type path
code\modules\food_and_drinks\kitchen_machinery\smartfridge.dm:409:error: /obj/item/petri_dish: undefined type path
code\modules\food_and_drinks\kitchen_machinery\smartfridge.dm:414:error: /obj/item/petri_dish: undefined type path
code\modules\food_and_drinks\kitchen_machinery\smartfridge.dm:440:error: B: undefined type: /obj/item/stock_parts/matter_bin
code\modules\food_and_drinks\kitchen_machinery\smartfridge.dm:441:error: B.rating: undefined type: /obj/item/stock_parts/matter_bin
code\modules\food_and_drinks\kitchen_machinery\smartfridge.dm:442:error: B.rating: undefined type: /obj/item/stock_parts/matter_bin
code\modules\food_and_drinks\kitchen_machinery\smartfridge.dm:440:warning (unused_var): B: variable defined but not used
code\modules\holodeck\items.dm:159:error: attack_ai: undefined proc
code\modules\mining\machine_processing.dm:148:error: stored_research: undefined type: /datum/techweb
code\modules\mining\machine_processing.dm:148:error: /datum/techweb/specialized/autounlocking/smelter: undefined type path
code\modules\mining\machine_processing.dm:153:error: stored_research: undefined type: /datum/techweb
code\modules\mining\machine_processing.dm:153:error: stored_research: undefined type: /datum/techweb
code\modules\mining\machine_processing.dm:184:error: stored_research.researched_designs: undefined type: /datum/techweb
code\modules\mining\machine_processing.dm:185:error: SSresearch.techweb_design_by_id: undefined var
code\modules\mining\machine_processing.dm:186:error: D.name: undefined var
code\modules\mining\machine_processing.dm:187:error: D.id: undefined var
code\modules\mining\machine_processing.dm:190:error: D.id: undefined var
code\modules\mining\machine_processing.dm:236:error: stored_research.isDesignResearchedID: undefined type: /datum/techweb
code\modules\mining\machine_processing.dm:248:error: alloy.materials: undefined var
code\modules\mining\machine_processing.dm:250:error: alloy.build_path: undefined var
code\modules\mining\machine_processing.dm:253:error: D.make_reagents.len: undefined var
code\modules\mining\machine_processing.dm:260:error: D.materials: undefined var
code\modules\mining\machine_processing.dm:261:error: D.materials: undefined var
code\modules\mining\machine_redemption.dm:30:error: stored_research: undefined type: /datum/techweb
code\modules\mining\machine_redemption.dm:30:error: /datum/techweb/specialized/autounlocking/smelter: undefined type path
code\modules\mining\machine_redemption.dm:34:error: stored_research: undefined type: /datum/techweb
code\modules\mining\machine_redemption.dm:34:error: stored_research: undefined type: /datum/techweb
code\modules\mining\machine_redemption.dm:76:error: D.make_reagents.len: undefined var
code\modules\mining\machine_redemption.dm:81:error: D.materials: undefined var
code\modules\mining\machine_redemption.dm:82:error: D.materials: undefined var
code\modules\mining\machine_redemption.dm:221:error: stored_research.researched_designs: undefined type: /datum/techweb
code\modules\mining\machine_redemption.dm:222:error: SSresearch.techweb_design_by_id: undefined var
code\modules\mining\machine_redemption.dm:223:error: D.name: undefined var
code\modules\mining\machine_redemption.dm:223:error: D.id: undefined var
code\modules\mining\machine_redemption.dm:236:error: inserted_disk.blueprints.len: undefined var
code\modules\mining\machine_redemption.dm:238:error: inserted_disk.blueprints: undefined var
code\modules\mining\machine_redemption.dm:240:error: thisdesign.name: undefined var
code\modules\mining\machine_redemption.dm:240:error: thisdesign.build_type: undefined var
code\modules\mining\machine_redemption.dm:313:error: inserted_disk.blueprints: undefined var
code\modules\mining\machine_redemption.dm:313:error: inserted_disk.blueprints: undefined var
code\modules\mining\machine_redemption.dm:314:error: inserted_disk.blueprints: undefined var
code\modules\mining\machine_redemption.dm:314:error: stored_research.add_design: undefined type: /datum/techweb
code\modules\mining\machine_redemption.dm:323:error: stored_research.isDesignResearchedID: undefined type: /datum/techweb
code\modules\mining\machine_redemption.dm:336:error: alloy.materials: undefined var
code\modules\mining\machine_redemption.dm:337:error: alloy.materials: undefined var
code\modules\mining\machine_redemption.dm:339:error: alloy.build_path: undefined var
code\modules\mining\machine_redemption.dm:340:error: alloy.build_path: undefined var
code\modules\mining\machine_redemption.dm:342:error: alloy.build_path: undefined var
code\modules\mining\machine_vending.dm:46:error: /obj/item/tank/jetpack/suit: undefined type path
code\modules\mining\machine_vending.dm:57:error: /obj/item/borg/upgrade/modkit/cooldown/minebot: undefined type path
code\modules\mining\machine_vending.dm:59:error: /obj/item/borg/upgrade/modkit/minebot_passthrough: undefined type path
code\modules\mining\machine_vending.dm:60:error: /obj/item/borg/upgrade/modkit/tracer: undefined type path
code\modules\mining\machine_vending.dm:61:error: /obj/item/borg/upgrade/modkit/tracer/adjustable: undefined type path
code\modules\mining\machine_vending.dm:62:error: /obj/item/borg/upgrade/modkit/chassis_mod: undefined type path
code\modules\mining\machine_vending.dm:63:error: /obj/item/borg/upgrade/modkit/chassis_mod/orange: undefined type path
code\modules\mining\machine_vending.dm:64:error: /obj/item/borg/upgrade/modkit/range: undefined type path
code\modules\mining\machine_vending.dm:65:error: /obj/item/borg/upgrade/modkit/damage: undefined type path
code\modules\mining\machine_vending.dm:66:error: /obj/item/borg/upgrade/modkit/cooldown: undefined type path
code\modules\mining\machine_vending.dm:67:error: /obj/item/borg/upgrade/modkit/aoe/mobs: undefined type path
code\modules\mining\machine_vending.dm:313:error: /obj/item/borg/upgrade/modkit/minebot_passthrough: undefined type path
code\modules\mining\machine_vending.dm:346:error: /obj/item/slime_extract/grey: undefined type path
code\modules\mining\machine_vending.dm:347:error: /obj/item/borg/upgrade/modkit/trigger_guard: undefined type path
code\modules\NTNet\relays.dm:137:error: D: undefined type: /datum/computer_file/program/ntnet_dos
code\modules\NTNet\relays.dm:138:error: D.target: undefined type: /datum/computer_file/program/ntnet_dos
code\modules\NTNet\relays.dm:139:error: D.error: undefined type: /datum/computer_file/program/ntnet_dos
code\modules\paperwork\photocopier.dm:137:error: tempAI.aicamera.stored: undefined var
code\modules\paperwork\photocopier.dm:140:error: tempAI.aicamera.selectpicture: undefined var
code\modules\paperwork\photocopier.dm:390:error: /obj/effect/decal/cleanable/oil: undefined type path
code\modules\power\lighting.dm:538:error: /obj/item/lightreplacer: undefined type path
code\modules\power\lighting.dm:540:error: LR.ReplaceLight: undefined type: /obj/item/lightreplacer
code\modules\power\lighting.dm:611:error: /obj/item/stack/cable_coil: undefined type path
code\modules\power\lighting.dm:701:error: attack_ai: undefined proc
code\modules\power\lighting.dm:752:error: /datum/mutation/human/telekinesis: undefined type path
code\modules\power\lighting.dm:803:error: light_tube.attack_tk: undefined proc
code\modules\power\lighting.dm:795:error: attack_tk: undefined proc
code\modules\power\lighting.dm:802:warning (unused_var): light_tube: variable defined but not used
code\modules\reagents\chemistry\machinery\reagentgrinder.dm:57:error: M: undefined type: /obj/item/stock_parts/manipulator
code\modules\reagents\chemistry\machinery\reagentgrinder.dm:58:error: M.rating: undefined type: /obj/item/stock_parts/manipulator
code\modules\reagents\chemistry\machinery\reagentgrinder.dm:57:warning (unused_var): M: variable defined but not used
code\modules\reagents\chemistry\machinery\smoke_machine.dm:37:error: B: undefined type: /obj/item/stock_parts/matter_bin
code\modules\reagents\chemistry\machinery\smoke_machine.dm:38:error: B.rating: undefined type: /obj/item/stock_parts/matter_bin
code\modules\reagents\chemistry\machinery\smoke_machine.dm:54:error: B: undefined type: /obj/item/stock_parts/matter_bin
code\modules\reagents\chemistry\machinery\smoke_machine.dm:55:error: B.rating: undefined type: /obj/item/stock_parts/matter_bin
code\modules\reagents\chemistry\machinery\smoke_machine.dm:63:error: C: undefined type: /obj/item/stock_parts/capacitor
code\modules\reagents\chemistry\machinery\smoke_machine.dm:64:error: C.rating: undefined type: /obj/item/stock_parts/capacitor
code\modules\reagents\chemistry\machinery\smoke_machine.dm:66:error: M: undefined type: /obj/item/stock_parts/manipulator
code\modules\reagents\chemistry\machinery\smoke_machine.dm:67:error: M.rating: undefined type: /obj/item/stock_parts/manipulator
code\modules\reagents\chemistry\machinery\smoke_machine.dm:54:warning (unused_var): B: variable defined but not used
code\modules\reagents\chemistry\machinery\smoke_machine.dm:63:warning (unused_var): C: variable defined but not used
code\modules\reagents\chemistry\machinery\smoke_machine.dm:66:warning (unused_var): M: variable defined but not used
code\modules\shuttle\on_move.dm:212:error: recharging_turf: undefined var
code\modules\shuttle\on_move.dm:226:error: on: undefined var
code\modules\shuttle\on_move.dm:227:error: update_list: undefined proc
code\modules\shuttle\on_move.dm:231:error: charge_count: undefined var
code\modules\shuttle\on_move.dm:231:error: charging_state: undefined var
code\modules\shuttle\on_move.dm:231:error: POWER_UP: undefined var
code\modules\shuttle\on_move.dm:232:error: on: undefined var
code\modules\shuttle\on_move.dm:233:error: update_list: undefined proc
code\modules\shuttle\shuttle_rotate.dm:116:error: wall_turret_direction: undefined var
code\modules\shuttle\shuttle_rotate.dm:117:error: wall_turret_direction: undefined var
code\modules\shuttle\shuttle_rotate.dm:117:error: wall_turret_direction: undefined var
code\modules\vehicles\atv.dm:31:error: scan_range: undefined var
code\modules\vending\_vending.dm:315:error: R.name: undefined var
code\modules\vending\_vending.dm:611:error: /datum/award/achievement/misc/vendor_squish: undefined type path
code\modules\vending\_vending.dm:683:error: W: undefined type: /obj/item/storage/part_replacer
code\modules\vending\_vending.dm:685:error: W.works_from_distance: undefined type: /obj/item/storage/part_replacer
code\modules\vending\_vending.dm:691:error: W.works_from_distance: undefined type: /obj/item/storage/part_replacer
code\modules\vending\_vending.dm:692:error: W.works_from_distance: undefined type: /obj/item/storage/part_replacer
code\modules\vending\_vending.dm:694:error: W: undefined type: /obj/item/storage/part_replacer
code\modules\vending\_vending.dm:701:error: W.play_rped_sound: undefined type: /obj/item/storage/part_replacer
code\modules\vending\_vending.dm:747:error: R.name: undefined var
code\modules\vending\_vending.dm:757:error: R.name: undefined var
code\modules\vending\_vending.dm:768:error: R.name: undefined var
code\modules\vending\_vending.dm:794:error: R.name: undefined var
code\modules\vending\_vending.dm:829:error: R.name: undefined var
code\modules\vending\_vending.dm:849:error: R.name: undefined var
code\modules\vending\_vending.dm:852:error: R.name: undefined var
code\modules\vending\_vending.dm:863:error: R.name: undefined var
code\modules\vending\_vending.dm:883:error: R.name: undefined var
code\modules\vending\_vending.dm:885:error: R.name: undefined var
code\modules\vending\assist.dm:6:error: /obj/item/cartridge/signal: undefined type path
code\modules\vending\assist.dm:7:error: /obj/item/stock_parts/matter_bin: undefined type path
code\modules\vending\assist.dm:8:error: /obj/item/stock_parts/manipulator: undefined type path
code\modules\vending\assist.dm:9:error: /obj/item/stock_parts/micro_laser: undefined type path
code\modules\vending\assist.dm:10:error: /obj/item/stock_parts/scanning_module: undefined type path
code\modules\vending\assist.dm:11:error: /obj/item/stock_parts/capacitor: undefined type path
code\modules\vending\autodrobe.dm:128:error: /obj/item/gun/magic/wand/nothing: undefined type path
code\modules\vending\cartridge.dm:8:error: /obj/item/cartridge/medical: undefined type path
code\modules\vending\cartridge.dm:9:error: /obj/item/cartridge/engineering: undefined type path
code\modules\vending\cartridge.dm:10:error: /obj/item/cartridge/security: undefined type path
code\modules\vending\cartridge.dm:11:error: /obj/item/cartridge/janitor: undefined type path
code\modules\vending\cartridge.dm:12:error: /obj/item/cartridge/signal/toxins: undefined type path
code\modules\vending\cartridge.dm:13:error: /obj/item/pda/heads: undefined type path
code\modules\vending\cartridge.dm:14:error: /obj/item/cartridge/captain: undefined type path
code\modules\vending\cartridge.dm:15:error: /obj/item/cartridge/quartermaster: undefined type path
code\modules\vending\engineering.dm:13:error: /obj/item/clothing/glasses/meson/engine: undefined type path
code\modules\vending\engineering.dm:26:error: /obj/item/stock_parts/scanning_module: undefined type path
code\modules\vending\engineering.dm:27:error: /obj/item/stock_parts/micro_laser: undefined type path
code\modules\vending\engineering.dm:28:error: /obj/item/stock_parts/matter_bin: undefined type path
code\modules\vending\engineering.dm:29:error: /obj/item/stock_parts/manipulator: undefined type path
code\modules\vending\engivend.dm:7:error: /obj/item/clothing/glasses/meson/engine: undefined type path
code\modules\vending\engivend.dm:20:error: /obj/item/construction/rcd/loaded: undefined type path
code\modules\vending\games.dm:15:error: /obj/item/cardpack/series_one: undefined type path
code\modules\vending\games.dm:16:error: /obj/item/cardpack/resin: undefined type path
code\modules\vending\games.dm:17:error: /obj/item/storage/card_binder: undefined type path
code\modules\vending\medical.dm:23:error: /obj/item/pinpointer/crew: undefined type path
code\modules\vending\medical.dm:71:error: /obj/item/plunger/reinforced: undefined type path
code\modules\vending\wardrobes.dm:299:error: /obj/item/cartridge/janitor: undefined type path
code\modules\vending\wardrobes.dm:309:error: /obj/item/lightreplacer: undefined type path
code\modules\vending\wardrobes.dm:362:error: /obj/item/choice_beacon/holy: undefined type path
code\modules\vending\youtool.dm:7:error: /obj/item/stack/cable_coil: undefined type path
code\game\data_huds.dm:393:error: cell: undefined var
code\game\data_huds.dm:394:error: cell.charge: undefined var
code\game\data_huds.dm:394:error: cell.maxcharge: undefined var
code\game\data_huds.dm:405:error: internal_damage: undefined var
code\game\data_huds.dm:413:error: T: undefined type: /obj/item/mecha_parts/mecha_tracking
code\game\data_huds.dm:413:error: trackers: undefined var
code\game\data_huds.dm:414:error: T.ai_beacon: undefined type: /obj/item/mecha_parts/mecha_tracking
code\modules\vehicles\atv.dm:37:error: turret.base: undefined var
code\modules\vehicles\motorized_wheelchair.dm:10:error: /obj/item/stock_parts/manipulator: undefined type path
code\modules\vehicles\motorized_wheelchair.dm:11:error: /obj/item/stock_parts/manipulator: undefined type path
code\modules\vehicles\motorized_wheelchair.dm:12:error: /obj/item/stock_parts/capacitor: undefined type path
code\modules\vehicles\motorized_wheelchair.dm:16:error: /datum/component/riding/vehicle/wheelchair/motorized: undefined type path
code\modules\vehicles\motorized_wheelchair.dm:24:error: M: undefined type: /obj/item/stock_parts/manipulator
code\modules\vehicles\motorized_wheelchair.dm:25:error: M.rating: undefined type: /obj/item/stock_parts/manipulator
code\modules\vehicles\motorized_wheelchair.dm:26:error: C: undefined type: /obj/item/stock_parts/capacitor
code\modules\vehicles\motorized_wheelchair.dm:27:error: C.rating: undefined type: /obj/item/stock_parts/capacitor
code\modules\vehicles\motorized_wheelchair.dm:24:warning (unused_var): M: variable defined but not used
code\modules\vehicles\motorized_wheelchair.dm:26:warning (unused_var): C: variable defined but not used
code\game\objects\obj_defense.dm:103:error: B: undefined type: /obj/structure/blob
code\game\objects\obj_defense.dm:141:error: user.is_adult: undefined var
code\modules\shuttle\shuttle.dm:637:error: pod: undefined type: /obj/machinery/door/poddoor/shuttledock
code\modules\shuttle\shuttle.dm:638:error: pod.check: undefined type: /obj/machinery/door/poddoor/shuttledock
code\modules\admin\verbs\shuttlepanel.dm:73:error: target_dock: undefined var
code\modules\admin\verbs\shuttlepanel.dm:74:error: target_dock: undefined var
code\modules\admin\verbs\shuttlepanel.dm:74:error: target_dock.gc_destroyed: undefined var
code\modules\admin\verbs\shuttlepanel.dm:75:error: target_dock: undefined var
code\modules\vtmb\electronics\keypads\keypad.dm:23:error: S.id: undefined var
code\modules\vtmb\gamemodes\sarcophagus.dm:110:error: /mob/living/simple_animal/hostile/megafauna/wendigo: undefined type path
code\game\area\areas.dm:247:error: aiPlayer.cancelAlarm: undefined proc
code\game\area\areas.dm:249:error: aiPlayer.triggerAlarm: undefined proc
code\game\area\areas.dm:254:error: a.cancelAlarm: undefined type: /obj/machinery/computer/station_alert
code\game\area\areas.dm:256:error: a.triggerAlarm: undefined type: /obj/machinery/computer/station_alert
code\game\area\areas.dm:261:error: D.cancelAlarm: undefined proc
code\game\area\areas.dm:263:error: D.triggerAlarm: undefined proc
code\game\area\areas.dm:267:error: p.cancelAlarm: undefined type: /datum/computer_file/program/alarm_monitor
code\game\area\areas.dm:269:error: p.triggerAlarm: undefined type: /datum/computer_file/program/alarm_monitor
code\game\area\areas.dm:284:error: aiPlayer.triggerAlarm: undefined proc
code\game\area\areas.dm:287:error: a.triggerAlarm: undefined type: /obj/machinery/computer/station_alert
code\game\area\areas.dm:290:error: D.triggerAlarm: undefined proc
code\game\area\areas.dm:293:error: p.triggerAlarm: undefined type: /datum/computer_file/program/alarm_monitor
code\game\area\areas.dm:298:error: aiPlayer.cancelAlarm: undefined proc
code\game\area\areas.dm:301:error: a.cancelAlarm: undefined type: /obj/machinery/computer/station_alert
code\game\area\areas.dm:304:error: D.cancelAlarm: undefined proc
code\game\area\areas.dm:307:error: p.cancelAlarm: undefined type: /datum/computer_file/program/alarm_monitor
code\game\area\areas.dm:351:error: a.triggerAlarm: undefined type: /obj/machinery/computer/station_alert
code\game\area\areas.dm:354:error: aiPlayer.triggerAlarm: undefined proc
code\game\area\areas.dm:357:error: D.triggerAlarm: undefined proc
code\game\area\areas.dm:360:error: p.triggerAlarm: undefined type: /datum/computer_file/program/alarm_monitor
code\game\area\areas.dm:381:error: aiPlayer.cancelAlarm: undefined proc
code\game\area\areas.dm:384:error: a.cancelAlarm: undefined type: /obj/machinery/computer/station_alert
code\game\area\areas.dm:387:error: D.cancelAlarm: undefined proc
code\game\area\areas.dm:390:error: p.cancelAlarm: undefined type: /datum/computer_file/program/alarm_monitor
code\game\area\areas.dm:431:error: SILICON.triggerAlarm: undefined proc
code\game\area\areas.dm:433:error: /mob/living/silicon.proc/cancelAlarm: undefined type path
code\game\area\areas\mining.dm:131:error: /datum/map_generator/cave_generator/lavaland: undefined type path
code\game\area\areas\mining.dm:173:error: /datum/map_generator/cave_generator/icemoon/surface: undefined type path
code\game\area\areas\mining.dm:196:error: /datum/map_generator/cave_generator/icemoon: undefined type path
code\game\area\areas\mining.dm:199:error: /datum/map_generator/cave_generator/icemoon/deep: undefined type path
code\__HELPERS\roundend.dm:9:warning (unused_var): json_file: variable defined but not used
code\__HELPERS\roundend.dm:16:warning (unused_var): count_only: variable defined but not used
code\controllers\subsystem\chat.dm:65:error: target:current: undefined type: /datum/data/record
code\controllers\subsystem\chat.dm:65:error: target:current:client: undefined var
code\controllers\subsystem\chat.dm:73:error: target:current: undefined type: /datum/data/record
code\controllers\subsystem\chat.dm:73:error: target:current:client: undefined var
code\game\machinery\computer\camera_advanced.dm:280:error: GLOB.cameranet.cameras: undefined var
code\modules\mob\living\simple_animal\hostile\wumborian_fugu.dm:92:error: F.throw_message: undefined var
code\modules\vehicles\vehicle_actions.dm:167:error: C.RollTheDice: undefined type: /obj/vehicle/sealed/car/clowncar
code\modules\vehicles\vehicle_actions.dm:166:warning (unused_var): C: variable defined but not used
code\modules\vehicles\vehicle_actions.dm:177:error: C.cannonbusy: undefined type: /obj/vehicle/sealed/car/clowncar
code\modules\vehicles\vehicle_actions.dm:179:error: C.ToggleCannon: undefined type: /obj/vehicle/sealed/car/clowncar
code\modules\vehicles\vehicle_actions.dm:176:warning (unused_var): C: variable defined but not used
code\modules\vehicles\vehicle_actions.dm:196:error: clown_car.return_drivers: undefined type: /obj/vehicle/sealed/car/clowncar
code\modules\vehicles\vehicle_actions.dm:201:error: clown_car.ThanksCounter: undefined type: /obj/vehicle/sealed/car/clowncar
code\modules\vehicles\vehicle_actions.dm:195:warning (unused_var): clown_car: variable defined but not used
code\modules\admin\admin.dm:815:error: R.connected_ai: undefined var
code\modules\admin\admin.dm:815:error: R.connected_ai: undefined var
code\modules\admin\admin.dm:821:error: S.laws: undefined var
code\modules\admin\admin.dm:824:error: S.laws.show_laws: undefined var
code\modules\admin\admin.dm:814:warning (unused_var): R: variable defined but not used
code\modules\admin\verbs\one_click_antag.dm:53:error: temp: unknown variable type
code\modules\admin\verbs\one_click_antag.dm:86:error: temp: unknown variable type
code\modules\admin\verbs\one_click_antag.dm:116:error: temp: unknown variable type
code\modules\admin\verbs\one_click_antag.dm:155:error: temp: unknown variable type
code\modules\admin\verbs\one_click_antag.dm:326:error: N.nuke_team: undefined type: /datum/antagonist/nukeop
code\modules\admin\verbs\one_click_antag.dm:293:error: temp: unknown variable type
code\modules\admin\verbs\one_click_antag.dm:320:warning (unused_var): nuke_team: variable defined but not used
code\modules\admin\verbs\one_click_antag.dm:325:warning (unused_var): N: variable defined but not used
code\modules\admin\verbs\randomverbs.dm:1088:error: SSticker.mode.station_goals: undefined type: /datum/station_goal
code\modules\admin\verbs\randomverbs.dm:1088:warning (unused_var): S: variable defined but not used
error: invalid variable
error: invalid variable
code\modules\admin\verbs\spawnobjasmob.dm:14:warning (unused_var): basemob: variable defined but not used
code\modules\admin\topic.dm:1716:error: R.model: undefined var
code\modules\admin\topic.dm:1717:error: R.model.add_module: undefined var
code\modules\admin\topic.dm:1718:error: R.activate_module: undefined proc
code\modules\admin\topic.dm:2051:error: SSticker.mode.station_goals: undefined type: /datum/station_goal
code\modules\admin\topic.dm:1441:warning (unused_var): charter: variable defined but not used
code\modules\admin\topic.dm:1715:warning (unused_var): R: variable defined but not used
code\modules\admin\topic.dm:2028:warning (unused_var): SD: variable defined but not used
code\modules\admin\topic.dm:2040:warning (unused_var): G: variable defined but not used
code\modules\admin\topic.dm:2348:warning (unused_var): button: variable defined but not used
code\modules\asset_cache\assets\achievements.dm:8:error: initial: bad variable
code\modules\asset_cache\assets\achievements.dm:10:error: initial: bad variable
code\modules\asset_cache\assets\achievements.dm:7:warning (unused_var): other_award: variable defined but not used
code\modules\asset_cache\assets\bibles.dm:6:error: initial: bad variable
code\modules\asset_cache\assets\bibles.dm:5:warning (unused_var): holy_template: variable defined but not used
code\modules\asset_cache\assets\chemmaster.dm:7:error: GLOB.reagent_containers: undefined var
code\modules\asset_cache\assets\chemmaster.dm:8:error: GLOB.reagent_containers: undefined var
code\modules\asset_cache\assets\crafting.dm:7:error: GLOB.crafting_recipes_atoms: undefined var
code\modules\asset_cache\assets\crafting.dm:16:error: GLOB.cooking_recipes_atoms: undefined var
code\modules\asset_cache\assets\crafting.dm:33:error: reagent.default_container: undefined var
code\modules\asset_cache\assets\crafting.dm:34:error: GLOB.glass_style_singletons: undefined var
code\modules\asset_cache\assets\crafting.dm:35:error: style: undefined type: /datum/glass_style
code\modules\asset_cache\assets\crafting.dm:36:error: style.icon: undefined type: /datum/glass_style
code\modules\asset_cache\assets\crafting.dm:37:error: style.icon_state: undefined type: /datum/glass_style
code\modules\asset_cache\assets\crafting.dm:39:error: preview_item.icon_preview: undefined var
code\modules\asset_cache\assets\crafting.dm:40:error: preview_item.icon_state_preview: undefined var
code\modules\asset_cache\assets\crafting.dm:33:error: initial: bad variable
code\modules\asset_cache\assets\crafting.dm:39:error: initial: bad variable
code\modules\asset_cache\assets\crafting.dm:40:error: initial: bad variable
code\modules\asset_cache\assets\crafting.dm:34:warning (unused_var): style: variable defined but not used
code\modules\asset_cache\assets\light_templates.dm:8:error: GLOB.light_types: undefined var
code\modules\asset_cache\assets\light_templates.dm:9:error: GLOB.light_types: undefined var
code\modules\asset_cache\assets\light_templates.dm:10:error: template.id: undefined type: /datum/light_template
code\modules\asset_cache\assets\light_templates.dm:10:error: template.icon: undefined type: /datum/light_template
code\modules\asset_cache\assets\light_templates.dm:10:error: template.icon_state: undefined type: /datum/light_template
code\modules\asset_cache\assets\light_templates.dm:9:warning (unused_var): template: variable defined but not used
code\modules\asset_cache\assets\research_designs.dm:7:error: path.id: undefined var
code\modules\asset_cache\assets\research_designs.dm:14:error: path.research_icon: undefined var
code\modules\asset_cache\assets\research_designs.dm:14:error: path.research_icon_state: undefined var
code\modules\asset_cache\assets\research_designs.dm:15:error: path.research_icon: undefined var
code\modules\asset_cache\assets\research_designs.dm:16:error: path.research_icon_state: undefined var
code\modules\asset_cache\assets\research_designs.dm:25:error: path.build_path: undefined var
code\modules\asset_cache\assets\research_designs.dm:28:error: path.make_reagent: undefined var
code\modules\asset_cache\assets\research_designs.dm:29:error: path.make_reagent: undefined var
code\modules\asset_cache\assets\research_designs.dm:30:error: reagent.default_container: undefined var
code\modules\asset_cache\assets\research_designs.dm:42:error: item.greyscale_config: undefined var
code\modules\asset_cache\assets\research_designs.dm:43:error: item.greyscale_colors: undefined var
code\modules\asset_cache\assets\research_designs.dm:67:error: path.id: undefined var
code\modules\asset_cache\assets\research_designs.dm:7:error: initial: bad variable
code\modules\asset_cache\assets\research_designs.dm:14:error: initial: bad variable
code\modules\asset_cache\assets\research_designs.dm:14:error: initial: bad variable
code\modules\asset_cache\assets\research_designs.dm:15:error: initial: bad variable
code\modules\asset_cache\assets\research_designs.dm:16:error: initial: bad variable
code\modules\asset_cache\assets\research_designs.dm:25:error: initial: bad variable
code\modules\asset_cache\assets\research_designs.dm:28:error: initial: bad variable
code\modules\asset_cache\assets\research_designs.dm:29:error: initial: bad variable
code\modules\asset_cache\assets\research_designs.dm:30:error: initial: bad variable
code\modules\asset_cache\assets\research_designs.dm:42:error: initial: bad variable
code\modules\asset_cache\assets\research_designs.dm:43:error: initial: bad variable
code\modules\asset_cache\assets\research_designs.dm:67:error: initial: bad variable
code\modules\asset_cache\assets\research_designs.dm:29:warning (unused_var): reagent: variable defined but not used
code\modules\asset_cache\assets\vending.dm:23:error: item.greyscale_config: undefined var
code\modules\asset_cache\assets\vending.dm:23:error: item.greyscale_colors: undefined var
code\modules\asset_cache\assets\vending.dm:24:error: item.greyscale_config: undefined var
code\modules\asset_cache\assets\vending.dm:24:error: item.greyscale_colors: undefined var
code\modules\asset_cache\assets\vending.dm:23:error: initial: bad variable
code\modules\asset_cache\assets\vending.dm:23:error: initial: bad variable
code\modules\asset_cache\assets\vending.dm:24:error: initial: bad variable
code\modules\asset_cache\assets\vending.dm:24:error: initial: bad variable
code\modules\asset_cache\assets\portraits.dm:7:warning (unused_var): portrait: variable defined but not used
code\modules\tgui\states\greyscale_menu.dm:10:warning (unused_var): menu: variable defined but not used
code\modules\tgui\states\not_incapacitated.dm:32:error: user.incapacitated: undefined var
code\modules\tgui_input\alert.dm:112:error: user.client.prefs.read_preference: undefined proc
code\modules\tgui_input\alert.dm:113:error: user.client.prefs.read_preference: undefined proc
code\modules\tgui_input\checkboxes.dm:111:error: user.client.prefs.read_preference: undefined proc
code\modules\tgui_input\checkboxes.dm:113:error: user.client.prefs.read_preference: undefined proc
code\modules\tgui_input\keycombo.dm:98:error: user.client.prefs.read_preference: undefined proc
code\modules\tgui_input\keycombo.dm:100:error: user.client.prefs.read_preference: undefined proc
code\modules\tgui_input\list.dm:128:error: user.client.prefs.read_preference: undefined proc
code\modules\tgui_input\list.dm:130:error: user.client.prefs.read_preference: undefined proc
code\modules\tgui_input\number.dm:124:error: user.client.prefs.read_preference: undefined proc
code\modules\tgui_input\number.dm:128:error: user.client.prefs.read_preference: undefined proc
code\modules\tgui_input\text.dm:121:error: user.client.prefs.read_preference: undefined proc
code\modules\tgui_input\text.dm:126:error: user.client.prefs.read_preference: undefined proc
code\modules\tgui_input\say_modal\modal.dm:70:error: client.prefs.read_preference: undefined proc
code\modules\tgui_input\say_modal\modal.dm:91:error: client.typing_indicators: undefined var
code\modules\tgui_input\say_modal\modal.dm:102:error: client.typing_indicators: undefined var
code\modules\tgui_input\say_modal\typing.dm:43:error: client.start_thinking: undefined proc
code\modules\tgui_input\say_modal\typing.dm:47:error: client.stop_thinking: undefined proc
code\modules\tgui_input\say_modal\typing.dm:56:error: client.start_typing: undefined proc
code\modules\tgui_input\say_modal\typing.dm:65:error: client.stop_typing: undefined proc
code\modules\tgui_input\say_modal\typing.dm:37:error: <expression>.typing_indicators: undefined var
code\modules\tgui_input\say_modal\typing.dm:36:error: apply_to_client: undefined proc
code\datums\dna.dm:403:error: GLOB.full_sequences: undefined var
code\datums\dna.dm:410:error: GLOB.full_sequences: undefined var
code\datums\dna.dm:412:error: GLOB.full_sequences: undefined var
code\datums\ductnet.dm:18:error: nameof: requires a var, proc reference, or type path
code\datums\ductnet.dm:18:error: : missing expression
code\datums\ductnet.dm:19:error: nameof: requires a var, proc reference, or type path
code\datums\ductnet.dm:19:error: : missing expression
code\datums\ductnet.dm:17:warning (unused_var): D: variable defined but not used
code\datums\ductnet.dm:43:error: D.ducts: undefined type: /obj/machinery/duct
code\datums\ductnet.dm:52:error: D.ducts: undefined type: /obj/machinery/duct
code\datums\ductnet.dm:53:warning (unused_var): M: variable defined but not used
code\datums\ductnet.dm:62:warning (unused_var): D: variable defined but not used
code\game\data_huds.dm:80:error: E.update_ai_detect_hud: undefined proc
code\game\data_huds.dm:79:warning (unused_var): E: variable defined but not used
code\datums\mind.dm:307:error: O: undefined type: /datum/component/uplink
code\datums\mind.dm:308:error: O.unlock_code: undefined type: /datum/component/uplink
code\datums\mind.dm:306:warning (unused_var): O: variable defined but not used
code\datums\mind.dm:561:error: SSticker.mode.add_cultist: undefined proc
code\modules\admin\antag_panel.dm:68:error: R.emagged: undefined var
code\modules\admin\antag_panel.dm:72:error: A.connected_robots.len: undefined var
code\modules\admin\antag_panel.dm:73:error: A.connected_robots: undefined var
code\modules\admin\antag_panel.dm:74:error: R.emagged: undefined var
code\modules\admin\antag_panel.dm:67:warning (unused_var): R: variable defined but not used
code\modules\admin\antag_panel.dm:71:warning (unused_var): A: variable defined but not used
code\modules\admin\antag_panel.dm:88:error: robot.emagged: undefined var
code\modules\admin\antag_panel.dm:87:warning (unused_var): robot: variable defined but not used
code\modules\admin\antag_panel.dm:194:warning (unused_var): U: variable defined but not used
code\datums\mind.dm:489:warning (unused_var): U: variable defined but not used
code\datums\outfit.dm:247:error: H.implant_skillchip: undefined proc
code\modules\clothing\outfits\standard.dm:6:error: L.implant: undefined type: /obj/item/implant/mindshield
code\modules\clothing\outfits\standard.dm:5:warning (unused_var): L: variable defined but not used
code\modules\clothing\outfits\standard.dm:297:error: S: undefined type: /obj/item/spellbook
code\modules\clothing\outfits\standard.dm:298:error: S.owner: undefined type: /obj/item/spellbook
code\modules\clothing\outfits\standard.dm:296:error: S: unknown variable type
code\modules\clothing\outfits\vr.dm:31:error: U: undefined type: /obj/item/uplink
code\modules\clothing\outfits\vr.dm:30:warning (unused_var): U: variable defined but not used
code\modules\jobs\job_types\_job.dm:328:error: PDA: undefined type: /obj/item/pda
code\modules\jobs\job_types\_job.dm:329:error: PDA.owner: undefined type: /obj/item/pda
code\modules\jobs\job_types\_job.dm:330:error: PDA.ownjob: undefined type: /obj/item/pda
code\modules\jobs\job_types\_job.dm:331:error: PDA.update_label: undefined type: /obj/item/pda
code\modules\jobs\job_types\clown.dm:61:warning (unused_var): M: variable defined but not used
code\modules\mapping\map_template.dm:87:error: SSmachines.setup_template_powernets: undefined proc
code\datums\saymode.dm:18:error: user.alien_talk: undefined proc
code\datums\saymode.dm:43:error: S.swarmer_chat: undefined type: /mob/living/simple_animal/hostile/swarmer
code\datums\saymode.dm:47:error: D.drone_chat: undefined proc
code\datums\saymode.dm:50:error: user.robot_talk: undefined proc
code\datums\saymode.dm:42:warning (unused_var): S: variable defined but not used
code\datums\saymode.dm:46:warning (unused_var): D: variable defined but not used
code\datums\saymode.dm:62:error: AI.holopad_talk: undefined proc
code\datums\saymode.dm:61:warning (unused_var): AI: variable defined but not used
code\datums\saymode.dm:84:error: SSticker.mode.ape_infectees: undefined var
code\datums\spawners_menu.dm:38:error: MS.short_desc: undefined var
code\datums\spawners_menu.dm:39:error: MS.flavour_text: undefined var
code\datums\spawners_menu.dm:40:error: MS.important_info: undefined var
code\datums\spawners_menu.dm:37:warning (unused_var): MS: variable defined but not used
code\datums\world_topic.dm:101:warning (unused_var): CM: variable defined but not used
code\datums\components\chasm.dm:43:warning (unused_var): S: variable defined but not used
code\datums\components\chasm.dm:128:error: S.mmi: undefined var
code\datums\components\chasm.dm:127:warning (unused_var): S: variable defined but not used
code\datums\components\squeak.dm:31:error: nameof: requires a var, proc reference, or type path
code\datums\components\squeak.dm:31:error: : missing expression
code\datums\components\squeak.dm:103:error: nameof: requires a var, proc reference, or type path
code\datums\components\squeak.dm:103:error: : missing expression
code\datums\components\plumbing\_plumbing.dm:189:warning (unused_var): duct: variable defined but not used
code\datums\components\plumbing\_plumbing.dm:217:error: duct.attempt_connect: undefined type: /obj/machinery/duct
code\datums\components\plumbing\_plumbing.dm:203:warning (unused_var): D: variable defined but not used
code\datums\components\plumbing\_plumbing.dm:216:warning (unused_var): duct: variable defined but not used
code\datums\status_effects\buffs.dm:32:warning (unused_var): HG: variable defined but not used
code\datums\status_effects\buffs.dm:82:error: GLOB.cult_narsie: undefined type: /obj/narsie
code\datums\status_effects\buffs.dm:82:error: GLOB.cult_narsie.gc_destroyed: undefined type: /obj/narsie
code\datums\status_effects\buffs.dm:85:error: SSticker.mode.cult: undefined var
code\datums\status_effects\debuffs.dm:313:warning (unused_var): HG: variable defined but not used
code\datums\status_effects\debuffs.dm:606:error: C.set_target: undefined type: /mob/living/simple_animal/hostile/asteroid/curseblob
code\datums\status_effects\debuffs.dm:607:error: C.GiveTarget: undefined type: /mob/living/simple_animal/hostile/asteroid/curseblob
code\datums\status_effects\debuffs.dm:605:error: C: unknown variable type
code\datums\status_effects\debuffs.dm:802:error: H.something_horrible: undefined proc
code\datums\status_effects\debuffs.dm:801:warning (unused_var): H: variable defined but not used
code\datums\weather\weather_types\radiation_storm.dm:38:error: H.randmuti: undefined proc
code\datums\weather\weather_types\radiation_storm.dm:41:error: H.easy_randmut: undefined proc
code\datums\weather\weather_types\radiation_storm.dm:43:error: H.easy_randmut: undefined proc
code\datums\wires\emitter.dm:14:error: E.fire_beam_pulse: undefined proc
code\datums\wires\emitter.dm:16:error: E.mode: undefined var
code\datums\wires\emitter.dm:16:error: E.mode: undefined var
code\datums\wires\emitter.dm:17:error: E.set_projectile: undefined proc
code\datums\wires\emitter.dm:11:warning (unused_var): E: variable defined but not used
code\datums\wires\mulebot.dm:17:error: M.open: undefined var
code\datums\wires\mulebot.dm:16:warning (unused_var): M: variable defined but not used
code\datums\wires\mulebot.dm:22:error: M.has_power: undefined proc
code\datums\wires\mulebot.dm:29:error: M.base_icon: undefined var
code\datums\wires\r_n_d.dm:16:error: R.panel_open: undefined type: /obj/machinery/rnd
code\datums\wires\r_n_d.dm:15:warning (unused_var): R: variable defined but not used
code\datums\wires\r_n_d.dm:22:error: R.disabled: undefined type: /obj/machinery/rnd
code\datums\wires\r_n_d.dm:23:error: R.hacked: undefined type: /obj/machinery/rnd
code\datums\wires\r_n_d.dm:20:warning (unused_var): R: variable defined but not used
code\datums\wires\r_n_d.dm:31:error: R.hacked: undefined type: /obj/machinery/rnd
code\datums\wires\r_n_d.dm:31:error: R.hacked: undefined type: /obj/machinery/rnd
code\datums\wires\r_n_d.dm:33:error: R.disabled: undefined type: /obj/machinery/rnd
code\datums\wires\r_n_d.dm:33:error: R.disabled: undefined type: /obj/machinery/rnd
code\datums\wires\r_n_d.dm:28:warning (unused_var): R: variable defined but not used
code\datums\wires\r_n_d.dm:38:error: R.hacked: undefined type: /obj/machinery/rnd
code\datums\wires\r_n_d.dm:40:error: R.disabled: undefined type: /obj/machinery/rnd
code\datums\wires\r_n_d.dm:35:warning (unused_var): R: variable defined but not used
code\datums\wounds\slash.dm:172:error: iter_disease.spread_flags: undefined var
code\datums\wounds\slash.dm:174:error: user.ForceContractDisease: undefined proc
code\game\machinery\telecomms\machines\message_server.dm:191:error: GLOB.PDAs: undefined var
code\game\machinery\telecomms\machines\message_server.dm:191:warning (unused_var): P: variable defined but not used
code\game\gamemodes\game_mode.dm:240:error: SSshuttle.clearHostileEnvironment: undefined proc
code\game\gamemodes\game_mode.dm:508:error: SSticker.mode.remove_cultist: undefined proc
code\game\gamemodes\game_mode.dm:509:warning (unused_var): rev: variable defined but not used
code\game\gamemodes\game_mode.dm:523:error: picked.weight: undefined type: /datum/station_goal
code\game\gamemodes\game_mode.dm:524:error: picked: undefined type: /datum/station_goal
code\game\gamemodes\game_mode.dm:517:error: initial: bad variable
code\game\gamemodes\game_mode.dm:523:error: initial: bad variable
code\game\gamemodes\game_mode.dm:516:warning (unused_var): G: variable defined but not used
code\game\gamemodes\game_mode.dm:522:warning (unused_var): picked: variable defined but not used
code\game\gamemodes\extended\extended.dm:24:warning (unused_var): G: variable defined but not used
code\game\gamemodes\sandbox\sandbox.dm:19:error: SSshuttle.registerHostileEnvironment: undefined proc
code\game\gamemodes\objective.dm:99:error: GLOB.data_core.locked: undefined var
code\game\gamemodes\objective.dm:100:warning (unused_var): R: variable defined but not used
code\game\gamemodes\objective.dm:438:error: A.connected_robots: undefined var
code\game\gamemodes\objective.dm:437:warning (unused_var): A: variable defined but not used
code\game\gamemodes\objective.dm:805:warning (unused_var): changeling: variable defined but not used
code\game\gamemodes\objective.dm:810:warning (unused_var): changeling2: variable defined but not used
code\game\gamemodes\objective_items.dm:115:error: GLOB.main_supermatter_engine: undefined var
code\game\gamemodes\objective_items.dm:165:error: E.Uses: undefined var
code\modules\vtmb\jobs\national_guard.dm:390:error: finish_setup: undefined proc
code\modules\vtmb\jobs\swat.dm:370:error: finish_setup: undefined proc
code\modules\fields\timestop.dm:135:error: M.completely_disabled: undefined var
code\modules\fields\timestop.dm:138:error: M.completely_disabled: undefined var
code\modules\antagonists\traitor\datum_traitor.dm:25:error: SSticker.mode.traitors: undefined var
code\modules\antagonists\traitor\datum_traitor.dm:36:error: A.set_zeroth_law: undefined proc
code\modules\antagonists\traitor\datum_traitor.dm:37:error: A.remove_malf_abilities: undefined proc
code\modules\antagonists\traitor\datum_traitor.dm:38:error: A.malf_picker: undefined var
code\modules\antagonists\traitor\datum_traitor.dm:38:error: A.malf_picker: undefined var
code\modules\antagonists\traitor\datum_traitor.dm:39:error: SSticker.mode.traitors: undefined var
code\modules\antagonists\traitor\datum_traitor.dm:35:warning (unused_var): A: variable defined but not used
code\modules\antagonists\traitor\datum_traitor.dm:47:error: GLOB.syndicate_code_phrase_regex.Replace: undefined var
code\modules\antagonists\traitor\datum_traitor.dm:48:error: GLOB.syndicate_code_response_regex.Replace: undefined var
code\modules\antagonists\traitor\datum_traitor.dm:227:error: GLOB.syndicate_code_phrase: undefined var
code\modules\antagonists\traitor\datum_traitor.dm:228:error: GLOB.syndicate_code_response: undefined var
code\modules\antagonists\traitor\datum_traitor.dm:246:error: killer.set_zeroth_law: undefined proc
code\modules\antagonists\traitor\datum_traitor.dm:247:error: killer.set_syndie_radio: undefined proc
code\modules\antagonists\traitor\datum_traitor.dm:249:error: killer.add_malf_picker: undefined proc
code\modules\antagonists\traitor\datum_traitor.dm:209:error: A.hack_software: undefined var
code\modules\antagonists\traitor\datum_traitor.dm:219:error: A.hack_software: undefined var
code\modules\antagonists\traitor\datum_traitor.dm:266:error: GLOB.uplink_purchase_logs_by_key: undefined var
code\modules\antagonists\traitor\datum_traitor.dm:266:error: GLOB.uplink_purchase_logs_by_key: undefined var
code\modules\antagonists\traitor\datum_traitor.dm:267:error: GLOB.uplink_purchase_logs_by_key: undefined var
code\modules\antagonists\traitor\datum_traitor.dm:268:error: H: undefined type: /datum/uplink_purchase_log
code\modules\antagonists\traitor\datum_traitor.dm:269:error: H.total_spent: undefined type: /datum/uplink_purchase_log
code\modules\antagonists\traitor\datum_traitor.dm:271:error: H.generate_render: undefined type: /datum/uplink_purchase_log
code\modules\antagonists\traitor\datum_traitor.dm:267:warning (unused_var): H: variable defined but not used
code\modules\antagonists\traitor\datum_traitor.dm:343:error: GLOB.syndicate_code_phrase: undefined var
code\modules\antagonists\traitor\datum_traitor.dm:344:error: GLOB.syndicate_code_response: undefined var
code\modules\admin\verbs\secrets.dm:103:error: D.cure: undefined proc
code\modules\admin\verbs\secrets.dm:132:error: GLOB.data_core.general: undefined var
code\modules\admin\verbs\secrets.dm:211:error: A.perma_docked: undefined var
code\modules\admin\verbs\secrets.dm:212:error: A.perma_docked: undefined var
code\modules\admin\verbs\secrets.dm:233:error: DC.runEvent: undefined type: /datum/round_event_control/disease_outbreak
code\modules\admin\verbs\secrets.dm:237:error: DC.runEvent: undefined type: /datum/round_event_control/disease_outbreak
code\modules\admin\verbs\secrets.dm:238:error: DO.virus_type: undefined type: /datum/round_event/disease_outbreak
code\modules\admin\verbs\secrets.dm:239:error: DO: undefined type: /datum/round_event/disease_outbreak
code\modules\cargo\packs.dm:729:error: : expected a constant expression
code\modules\cargo\packs.dm:2530:error: I.surplus: undefined type: /datum/uplink_item
code\modules\cargo\packs.dm:2530:error: I.surplus: undefined type: /datum/uplink_item
code\modules\cargo\packs.dm:2532:error: I.cost: undefined type: /datum/uplink_item
code\modules\cargo\packs.dm:2534:error: I.cost: undefined type: /datum/uplink_item
code\modules\cargo\packs.dm:2535:error: I.item: undefined type: /datum/uplink_item
code\modules\cargo\packs.dm:2529:warning (unused_var): I: variable defined but not used
code\modules\client\preferences.dm:555:error: eyes_crinos.icon: undefined type: /obj/overlay
code\modules\client\preferences.dm:556:error: eyes_crinos.icon_state: undefined type: /obj/overlay
code\modules\client\preferences.dm:557:error: eyes_crinos.layer: undefined type: /obj/overlay
code\modules\client\preferences.dm:558:error: eyes_crinos.color: undefined type: /obj/overlay
code\modules\client\preferences.dm:559:error: eyes_crinos: undefined type: /obj/overlay
code\modules\client\preferences.dm:562:error: scar_crinos.icon: undefined type: /obj/overlay
code\modules\client\preferences.dm:563:error: scar_crinos.icon_state: undefined type: /obj/overlay
code\modules\client\preferences.dm:564:error: scar_crinos.layer: undefined type: /obj/overlay
code\modules\client\preferences.dm:565:error: scar_crinos: undefined type: /obj/overlay
code\modules\client\preferences.dm:568:error: hair_crinos.icon: undefined type: /obj/overlay
code\modules\client\preferences.dm:569:error: hair_crinos.icon_state: undefined type: /obj/overlay
code\modules\client\preferences.dm:570:error: hair_crinos.layer: undefined type: /obj/overlay
code\modules\client\preferences.dm:571:error: hair_crinos.color: undefined type: /obj/overlay
code\modules\client\preferences.dm:572:error: hair_crinos: undefined type: /obj/overlay
code\modules\client\preferences.dm:575:error: eyes_lupus.icon: undefined type: /obj/overlay
code\modules\client\preferences.dm:576:error: eyes_lupus.icon_state: undefined type: /obj/overlay
code\modules\client\preferences.dm:577:error: eyes_lupus.layer: undefined type: /obj/overlay
code\modules\client\preferences.dm:578:error: eyes_lupus.color: undefined type: /obj/overlay
code\modules\client\preferences.dm:579:error: eyes_lupus: undefined type: /obj/overlay
code\modules\client\preferences.dm:554:error: eyes_crinos: unknown variable type
code\modules\client\preferences.dm:561:error: scar_crinos: unknown variable type
code\modules\client\preferences.dm:567:error: hair_crinos: unknown variable type
code\modules\client\preferences.dm:574:error: eyes_lupus: unknown variable type
code\modules\client\preferences.dm:2585:error: GLOB.ai_core_display_screens: undefined var
code\modules\reagents\chemistry\recipes\others.dm:183:error: D: undefined type: /datum/disease/advance
code\modules\reagents\chemistry\recipes\others.dm:184:error: D.Evolve: undefined type: /datum/disease/advance
code\modules\reagents\chemistry\recipes\others.dm:182:warning (unused_var): D: variable defined but not used
code\modules\reagents\chemistry\recipes\others.dm:250:error: D: undefined type: /datum/disease/advance
code\modules\reagents\chemistry\recipes\others.dm:251:error: D.Devolve: undefined type: /datum/disease/advance
code\modules\reagents\chemistry\recipes\others.dm:249:warning (unused_var): D: variable defined but not used
code\modules\reagents\chemistry\recipes\others.dm:261:error: D: undefined type: /datum/disease/advance
code\modules\reagents\chemistry\recipes\others.dm:262:error: D.Neuter: undefined type: /datum/disease/advance
code\modules\reagents\chemistry\recipes\others.dm:260:warning (unused_var): D: variable defined but not used
code\modules\reagents\chemistry\recipes\pyrotechnics.dm:146:warning (unused_var): R: variable defined but not used
code\modules\holiday\holidays.dm:473:error: GLOB.maintenance_loot: undefined var
code\modules\holiday\holidays.dm:547:error: GLOB.maintenance_loot: undefined var
code\modules\jobs\job_types\chaplain.dm:39:error: N: undefined type: /obj/item/nullrod
code\modules\jobs\job_types\chaplain.dm:38:warning (unused_var): N: variable defined but not used
code\modules\reagents\chemistry\reagents\medicine_reagents.dm:97:error: D.severity: undefined var
code\modules\reagents\chemistry\reagents\medicine_reagents.dm:99:error: D.cure: undefined proc
code\modules\reagents\chemistry\reagents\medicine_reagents.dm:96:warning (unused_var): D: variable defined but not used
code\modules\reagents\chemistry\reagents\medicine_reagents.dm:507:error: M.ForceContractDisease: undefined proc
code\modules\reagents\chemistry\reagents\other_reagents.dm:26:error: strain.spread_flags: undefined var
code\modules\reagents\chemistry\reagents\other_reagents.dm:26:error: strain.spread_flags: undefined var
code\modules\reagents\chemistry\reagents\other_reagents.dm:29:error: strain.spread_flags: undefined var
code\modules\reagents\chemistry\reagents\other_reagents.dm:30:error: exposed_mob.ContactContractDisease: undefined proc
code\modules\reagents\chemistry\reagents\other_reagents.dm:32:error: exposed_mob.ForceContractDisease: undefined proc
code\modules\reagents\chemistry\reagents\other_reagents.dm:119:error: infection.GetDiseaseID: undefined proc
code\modules\reagents\chemistry\reagents\other_reagents.dm:120:error: infection.cure: undefined proc
code\modules\reagents\chemistry\reagents\other_reagents.dm:118:warning (unused_var): infection: variable defined but not used
code\modules\reagents\chemistry\reagents\other_reagents.dm:164:error: exposed_slime.apply_water: undefined proc
code\modules\reagents\chemistry\reagents\other_reagents.dm:190:error: dehy.Swell: undefined type: /obj/item/toy/plush/carpplushie/dehy_carp
code\modules\reagents\chemistry\reagents\other_reagents.dm:189:warning (unused_var): dehy: variable defined but not used
code\modules\reagents\chemistry\reagents\other_reagents.dm:274:error: SSticker.mode.remove_cultist: undefined proc
code\modules\reagents\chemistry\reagents\other_reagents.dm:256:warning (unused_var): BM: variable defined but not used
code\modules\reagents\chemistry\reagents\other_reagents.dm:258:warning (unused_var): BS: variable defined but not used
code\modules\reagents\chemistry\reagents\other_reagents.dm:286:warning (unused_var): R: variable defined but not used
code\modules\reagents\chemistry\reagents\other_reagents.dm:692:error: exposed_mob.ForceContractDisease: undefined proc
code\modules\reagents\chemistry\reagents\other_reagents.dm:704:error: exposed_mob.ForceContractDisease: undefined proc
code\modules\reagents\chemistry\reagents\other_reagents.dm:1144:error: exposed_mob.ForceContractDisease: undefined proc
code\modules\reagents\chemistry\reagents\other_reagents.dm:1157:error: exposed_mob.ForceContractDisease: undefined proc
code\modules\reagents\chemistry\reagents\other_reagents.dm:1170:error: exposed_mob.ForceContractDisease: undefined proc
code\modules\reagents\chemistry\reagents\other_reagents.dm:1183:error: exposed_mob.ForceContractDisease: undefined proc
code\modules\reagents\chemistry\reagents\other_reagents.dm:1601:error: C.adjustPlasma: undefined proc
code\modules\reagents\chemistry\reagents\toxin_reagents.dm:46:error: exposed_mob.randmuti: undefined proc
code\modules\reagents\chemistry\reagents\toxin_reagents.dm:48:error: exposed_mob.easy_randmut: undefined proc
code\modules\reagents\chemistry\reagents\toxin_reagents.dm:50:error: exposed_mob.easy_randmut: undefined proc
code\modules\reagents\chemistry\reagents\toxin_reagents.dm:87:error: C.adjustPlasma: undefined proc
code\modules\reagents\chemistry\reagents\toxin_reagents.dm:129:error: M.adjustPlasma: undefined proc
code\modules\reagents\chemistry\reagents\toxin_reagents.dm:300:error: SV.on_chem_effect: undefined type: /obj/structure/spacevine
code\modules\reagents\chemistry\reagents\toxin_reagents.dm:299:warning (unused_var): SV: variable defined but not used
code\modules\reagents\chemistry\reagents\other_reagents.dm:2122:error: changeling: undefined type: /datum/antagonist/changeling
code\modules\reagents\chemistry\reagents\other_reagents.dm:2123:error: changeling.chem_charges: undefined type: /datum/antagonist/changeling
code\modules\reagents\chemistry\reagents\other_reagents.dm:2123:error: changeling.chem_charges: undefined type: /datum/antagonist/changeling
code\modules\reagents\chemistry\reagents\other_reagents.dm:2121:warning (unused_var): changeling: variable defined but not used
code\modules\reagents\chemistry\reagents\other_reagents.dm:2173:error: exposed_mob.ForceContractDisease: undefined proc
code\modules\reagents\chemistry\reagents\pyrotechnic_reagents.dm:287:error: L.extract_cooldown: undefined type: /datum/species/jelly/luminescent
code\modules\reagents\chemistry\reagents\pyrotechnic_reagents.dm:287:error: L.extract_cooldown: undefined type: /datum/species/jelly/luminescent
code\modules\reagents\chemistry\reagents\pyrotechnic_reagents.dm:286:warning (unused_var): L: variable defined but not used
code\modules\mob\living\carbon\human\species.dm:1265:error: E.get_charge: undefined type: /datum/species/ethereal
code\modules\mob\living\carbon\human\species.dm:1266:error: E.get_charge: undefined type: /datum/species/ethereal
code\modules\mob\living\carbon\human\species.dm:1264:warning (unused_var): E: variable defined but not used
code\modules\mob\living\carbon\human\species.dm:1303:error: H.easy_randmut: undefined proc
code\modules\mob\living\carbon\human\species.dm:1582:error: rev: undefined type: /datum/antagonist/rev
code\modules\mob\living\carbon\human\species.dm:1583:error: rev.remove_revolutionary: undefined type: /datum/antagonist/rev
code\modules\mob\living\carbon\human\species_types\monkeys.dm:88:error: victim.ForceContractDisease: undefined proc
code\modules\power\powernet.dm:25:error: C.powernet: undefined var
code\modules\power\powernet.dm:41:error: C.powernet: undefined var
code\modules\power\powernet.dm:48:error: C.powernet: undefined var
code\modules\power\powernet.dm:49:error: C.powernet: undefined var
code\modules\power\powernet.dm:52:error: C.powernet.remove_cable: undefined var
code\modules\power\powernet.dm:53:error: C.powernet: undefined var
code\modules\procedural_mapping\mapGenerators\repair.dm:53:error: SSmachines.setup_template_powernets: undefined proc
code\modules\religion\religion_sects.dm:143:error: R.cell: undefined var
code\modules\religion\religion_sects.dm:143:error: <expression>.charge: undefined var
code\modules\surgery\surgery.dm:68:error: R.model.modules: undefined var
code\modules\surgery\core_removal.dm:27:error: slime.cores: undefined var
code\modules\surgery\core_removal.dm:28:error: slime.cores: undefined var
code\modules\surgery\core_removal.dm:29:error: slime.cores: undefined var
code\modules\surgery\core_removal.dm:33:error: slime.coretype: undefined var
code\modules\surgery\core_removal.dm:35:error: slime.cores: undefined var
code\modules\surgery\core_removal.dm:36:error: slime.colour: undefined var
code\modules\surgery\prosthetic_replacement.dm:106:error: new_arm: undefined type: /obj/item/melee/arm_blade
code\modules\surgery\prosthetic_replacement.dm:106:error: new_arm: undefined type: /obj/item/melee/arm_blade
code\modules\tgui\tgui.dm:59:error: <expression>.client.prefs.read_preference: undefined proc
code\modules\tgui\tgui.dm:100:error: user.client.prefs.read_preference: undefined proc
code\modules\tgui\tgui.dm:254:error: user.client.prefs.read_preference: undefined proc
code\modules\tgui\tgui.dm:255:error: user.client.prefs.read_preference: undefined proc
code\modules\tgui_panel\telemetry.dm:68:error: GLOB.known_alts.load_known_alts: undefined var
code\modules\vtmb\disciplines.dm:1376:error: casing.fire_casing: undefined type: /obj/item/ammo_casing/magic/tentacle
code\modules\vtmb\disciplines.dm:1378:error: casing: undefined type: /obj/item/ammo_casing/magic/tentacle
code\modules\vtmb\disciplines.dm:1374:error: casing: unknown variable type
code\modules\vtmb\disciplines.dm:1710:error: casing.fire_casing: undefined type: /obj/item/ammo_casing/magic/tentacle/lasombra
code\modules\vtmb\disciplines.dm:1709:error: casing: unknown variable type
code\game\atoms.dm:1760:error: GLOB.gravity_generators: undefined var
code\game\atoms.dm:1762:error: GLOB.gravity_generators: undefined var
code\game\atoms.dm:1763:error: G.setting: undefined var
code\modules\projectiles\projectile\magic.dm:320:error: GLOB.protected_objects: undefined var
code\modules\projectiles\projectile\magic.dm:351:error: C.ChangeOwner: undefined type: /mob/living/simple_animal/hostile/mimic/copy
code\modules\projectiles\projectile\magic.dm:349:warning (unused_var): C: variable defined but not used
code\game\say.dm:206:error: GLOB.data_core.general: undefined var
code\game\say.dm:207:error: findjob: undefined type: /datum/data/record
code\game\say.dm:208:error: findjob.fields: undefined type: /datum/data/record
code\game\say.dm:217:error: B.designation: undefined var
code\game\say.dm:206:warning (unused_var): findjob: variable defined but not used
code\game\say.dm:216:warning (unused_var): B: variable defined but not used
code\game\objects\buckling.dm:42:error: attack_robot: undefined proc
code\game\turfs\turf.dm:254:warning (unused_var): LC: variable defined but not used
code\game\turfs\turf.dm:461:error: GLOB.cameranet.updateVisibility: undefined var
code\game\turfs\turf.dm:464:error: GLOB.cameranet.chunkGenerated: undefined var
code\game\turfs\turf.dm:465:error: C: undefined type: /datum/camerachunk
code\game\turfs\turf.dm:466:error: C.obscuredTurfs: undefined type: /datum/camerachunk
code\game\turfs\turf.dm:467:error: GLOB.cameranet.vis_contents_objects: undefined var
code\game\turfs\turf.dm:469:error: GLOB.cameranet.vis_contents_objects: undefined var
code\game\turfs\turf.dm:464:warning (unused_var): C: variable defined but not used
code\modules\power\power.dm:424:error: C.machinery_layer: undefined var
code\game\turfs\closed\walls.dm:77:error: P.roll_and_drop: undefined proc
code\game\turfs\closed\walls.dm:76:warning (unused_var): P: variable defined but not used
code\game\turfs\closed\walls.dm:166:error: smasher: undefined type: /datum/mutation/human/hulk
code\game\turfs\closed\walls.dm:168:error: smasher.break_an_arm: undefined type: /datum/mutation/human/hulk
code\game\turfs\closed\walls.dm:165:warning (unused_var): smasher: variable defined but not used
code\game\turfs\closed\wall\misc_walls.dm:23:warning (unused_var): H: variable defined but not used
code\game\turfs\closed\minerals.dm:134:error: R.module_active: undefined var
code\game\turfs\closed\minerals.dm:134:error: R.module_active.tool_behaviour: undefined var
code\game\turfs\closed\minerals.dm:135:error: R.module_active: undefined var
code\game\turfs\open\_open.dm:197:error: M.apply_water: undefined proc
code\game\turfs\open\lava.dm:113:warning (unused_var): S: variable defined but not used
code\game\turfs\turf.dm:268:error: coil.place_turf: undefined type: /obj/item/stack/cable_coil
code\game\turfs\turf.dm:276:error: coil.place_turf: undefined type: /obj/item/stack/pipe_cleaner_coil
code\game\turfs\turf.dm:267:warning (unused_var): coil: variable defined but not used
code\game\turfs\turf.dm:271:warning (unused_var): coil: variable defined but not used
code\game\turfs\turf.dm:272:warning (unused_var): LC: variable defined but not used
code\modules\tgui\status_composers.dm:37:error: client: undefined type: /datum/client_interface
code\modules\tgui\status_composers.dm:38:error: client.view: undefined type: /datum/client_interface
code\modules\tgui\status_composers.dm:36:warning (unused_var): client: variable defined but not used
code\modules\tgui_input\alert.dm:31:error: user.client.prefs.read_preference: undefined proc
code\modules\tgui_input\checkboxes.dm:28:error: user.client.prefs.read_preference: undefined proc
code\modules\tgui_input\keycombo.dm:25:error: user.client.prefs.read_preference: undefined proc
code\modules\tgui_input\list.dm:29:error: user.client.prefs.read_preference: undefined proc
code\modules\tgui_input\number.dm:32:error: user.client.prefs.read_preference: undefined proc
code\modules\tgui_input\text.dm:32:error: user.client.prefs.read_preference: undefined proc
code\datums\mutations\_combined.dm:10:error: GLOB.mutation_recipes: undefined var
code\datums\mutations\_combined.dm:12:error: GLOB.mutation_recipes: undefined var
code\game\machinery\camera\tracking.dm:131:error: S.builtInCamera: undefined var
code\game\machinery\camera\tracking.dm:131:error: S.builtInCamera.gc_destroyed: undefined var
code\game\machinery\camera\tracking.dm:131:error: S.builtInCamera.can_use: undefined var
code\game\machinery\camera\tracking.dm:131:error: GLOB.cameranet.checkCameraVis: undefined var
code\game\machinery\camera\tracking.dm:133:error: GLOB.cameranet.checkCameraVis: undefined var
code\game\machinery\camera\tracking.dm:130:warning (unused_var): S: variable defined but not used
code\game\objects\items\devices\scanners.dm:393:warning (unused_var): D: variable defined but not used
code\game\objects\items\devices\scanners.dm:763:error: T.colour: undefined var
code\game\objects\items\devices\scanners.dm:763:error: T.is_adult: undefined var
code\game\objects\items\devices\scanners.dm:763:error: T.get_max_nutrition: undefined proc
code\game\objects\items\devices\scanners.dm:764:error: T.get_starve_nutrition: undefined proc
code\game\objects\items\devices\scanners.dm:766:error: T.get_hunger_nutrition: undefined proc
code\game\objects\items\devices\scanners.dm:768:error: T.powerlevel: undefined var
code\game\objects\items\devices\scanners.dm:769:error: T.slime_mutation: undefined var
code\game\objects\items\devices\scanners.dm:769:error: T.colour: undefined var
code\game\objects\items\devices\scanners.dm:772:error: T.slime_mutation: undefined var
code\game\objects\items\devices\scanners.dm:772:error: T.slime_mutation: undefined var
code\game\objects\items\devices\scanners.dm:773:error: T.slime_mutation: undefined var
code\game\objects\items\devices\scanners.dm:773:error: T.slime_mutation: undefined var
code\game\objects\items\devices\scanners.dm:775:error: T.slime_mutation: undefined var
code\game\objects\items\devices\scanners.dm:775:error: T.mutation_chance: undefined var
code\game\objects\items\devices\scanners.dm:778:error: T.slime_mutation: undefined var
code\game\objects\items\devices\scanners.dm:778:error: T.slime_mutation: undefined var
code\game\objects\items\devices\scanners.dm:778:error: T.slime_mutation: undefined var
code\game\objects\items\devices\scanners.dm:778:error: T.mutation_chance: undefined var
code\game\objects\items\devices\scanners.dm:781:error: T.slime_mutation: undefined var
code\game\objects\items\devices\scanners.dm:781:error: T.slime_mutation: undefined var
code\game\objects\items\devices\scanners.dm:781:error: T.slime_mutation: undefined var
code\game\objects\items\devices\scanners.dm:781:error: T.slime_mutation: undefined var
code\game\objects\items\devices\scanners.dm:781:error: T.mutation_chance: undefined var
code\game\objects\items\devices\scanners.dm:782:error: T.cores: undefined var
code\game\objects\items\devices\scanners.dm:784:error: T.amount_grown: undefined var
code\game\objects\items\devices\scanners.dm:785:error: T.effectmod: undefined var
code\game\objects\items\devices\scanners.dm:787:error: T.effectmod: undefined var
code\game\objects\items\devices\scanners.dm:787:error: T.applied: undefined var
code\modules\admin\verbs\machine_upgrade.dm:10:error: P.rating: undefined var
code\modules\admin\verbs\pray.dm:61:warning (unused_var): console: variable defined but not used
code\modules\admin\verbs\pray.dm:69:warning (unused_var): console: variable defined but not used
code\modules\admin\verbs\pray.dm:77:warning (unused_var): console: variable defined but not used
code\modules\mob\mob_helpers.dm:320:error: A.laws: undefined var
code\modules\mob\mob_helpers.dm:320:error: A.laws.zeroth: undefined var
code\modules\power\power.dm:291:error: working_cable.get_cable_connections: undefined proc
code\modules\power\power.dm:299:error: cable_entry.get_machine_connections: undefined proc
code\modules\power\power.dm:283:warning (unused_var): working_cable: variable defined but not used
code\modules\power\power.dm:339:error: Cable.powernet: undefined var
code\modules\projectiles\projectile\magic.dm:179:error: Robot.connected_ai: undefined var
code\modules\projectiles\projectile\magic.dm:180:error: Robot.connected_ai.disconnect_shell: undefined var
code\modules\projectiles\projectile\magic.dm:181:error: Robot.mmi: undefined var
code\modules\projectiles\projectile\magic.dm:182:error: Robot.mmi: undefined var
code\modules\projectiles\projectile\magic.dm:183:error: Robot.notify_ai: undefined proc
code\modules\projectiles\projectile\magic.dm:209:error: Robot.lawupdate: undefined var
code\modules\projectiles\projectile\magic.dm:210:error: Robot.connected_ai: undefined var
code\modules\projectiles\projectile\magic.dm:211:error: Robot.mmi.transfer_identity: undefined var
code\modules\projectiles\projectile\magic.dm:212:error: Robot.clear_inherent_laws: undefined proc
code\modules\projectiles\projectile\magic.dm:213:error: Robot.clear_zeroth_law: undefined proc
code\modules\projectiles\projectile\magic.dm:177:warning (unused_var): Robot: variable defined but not used
code\modules\projectiles\projectile\magic.dm:208:warning (unused_var): Robot: variable defined but not used
code\modules\spells\spell_types\rightandwrong.dm:112:error: SSticker.mode.traitors: undefined var
code\modules\tgchat\to_chat.dm:32:error: _target:current: undefined type: /datum/data/record
code\modules\tgchat\to_chat.dm:32:error: _target:current:client: undefined var
code\modules\tgchat\to_chat.dm:39:error: target:current: undefined type: /datum/data/record
code\modules\tgchat\to_chat.dm:39:error: target:current:client: undefined var
code\modules\admin\admin_verbs.dm:934:error: T.ForceContractDisease: undefined proc
code\modules\admin\verbs\debug.dm:106:error: card: unknown variable type
code\modules\admin\verbs\debug.dm:107:warning (old_new_syntax): new: This appears like the old syntax for new().  The type is now passed like this: new Type(args).  You can leave out the type if assigning a variable of the same type.
code\modules\admin\verbs\debug.dm:118:warning (unused_var): candidate: variable defined but not used
code\modules\admin\verbs\debug.dm:182:error: SSmachines.makepowernets: undefined proc
code\modules\admin\verbs\debug.dm:664:error: GLOB.ruin_landmarks: undefined var
code\modules\admin\verbs\debug.dm:697:error: GLOB.ruin_landmarks: undefined var
code\modules\admin\verbs\debug.dm:728:error: GLOB.ruin_landmarks.len: undefined var
code\modules\admin\verbs\debug.dm:730:error: GLOB.ruin_landmarks.len: undefined var
code\modules\admin\verbs\debug.dm:731:error: GLOB.ruin_landmarks.len: undefined var
code\modules\admin\verbs\debug.dm:731:error: GLOB.ruin_landmarks: undefined var
code\modules\admin\verbs\mapping.dm:82:error: GLOB.cameranet.cameras: undefined var
code\modules\admin\verbs\mapping.dm:117:error: GLOB.cameranet.cameras: undefined var
code\modules\admin\verbs\onlyone.dm:24:error: AI.deployed_shell: undefined var
code\modules\admin\verbs\onlyone.dm:25:error: AI.deployed_shell.undeploy: undefined var
code\modules\admin\verbs\onlyone.dm:32:error: robot.shell: undefined var
code\modules\admin\verbs\onlyone.dm:11:warning (unused_var): N: variable defined but not used
code\modules\admin\verbs\randomverbs.dm:418:error: GLOB.data_core.locked: undefined var
code\modules\admin\verbs\randomverbs.dm:461:error: GLOB.wizardstart: undefined var
code\modules\admin\verbs\randomverbs.dm:463:error: A.equip_wizard: undefined type: /datum/antagonist/wizard
code\modules\admin\verbs\randomverbs.dm:465:error: GLOB.nukeop_start: undefined var
code\modules\admin\verbs\randomverbs.dm:467:error: N.equip_op: undefined type: /datum/antagonist/nukeop
code\modules\admin\verbs\randomverbs.dm:473:error: ninjadatum.equip_space_ninja: undefined type: /datum/antagonist/ninja
code\modules\admin\verbs\randomverbs.dm:491:error: GLOB.data_core.manifest_inject: undefined var
code\modules\admin\verbs\randomverbs.dm:412:warning (unused_var): record_found: variable defined but not used
code\modules\admin\verbs\randomverbs.dm:462:warning (unused_var): A: variable defined but not used
code\modules\admin\verbs\randomverbs.dm:466:warning (unused_var): N: variable defined but not used
code\modules\admin\verbs\randomverbs.dm:472:warning (unused_var): ninjadatum: variable defined but not used
code\modules\admin\verbs\randomverbs.dm:522:error: ion: unknown variable type
code\modules\admin\verbs\randomverbs.dm:1186:error: SSshuttle.centcom_recall: undefined proc
code\modules\client\client_procs.dm:908:error: GLOB.vox_sounds: undefined var
code\modules\client\client_procs.dm:909:error: GLOB.vox_sounds: undefined var
code\modules\client\client_procs.dm:1017:error: player_details.achievements.unlock: undefined type: /datum/achievement_data
code\modules\client\client_procs.dm:1021:error: player_details.achievements.get_achievement_status: undefined type: /datum/achievement_data
code\modules\mob\mob_movement.dm:262:error: R.reveal: undefined type: /mob/living/simple_animal/revenant
code\modules\mob\mob_movement.dm:263:error: R.stun: undefined type: /mob/living/simple_animal/revenant
code\modules\mob\mob_movement.dm:261:warning (unused_var): R: variable defined but not used
code\modules\mob\mob.dm:1174:warning (unused_var): PDA: variable defined but not used
code\modules\mob\transform_procs.dm:230:error: B.key: undefined type: /mob/camera/blob
code\modules\mob\transform_procs.dm:231:error: B: undefined type: /mob/camera/blob
code\modules\mob\transform_procs.dm:229:warning (unused_var): B: variable defined but not used
code\game\data_huds.dm:276:error: GLOB.data_core: undefined var
code\game\data_huds.dm:277:error: GLOB.data_core.security: undefined var
code\game\data_huds.dm:278:error: R: undefined type: /datum/data/record
code\game\data_huds.dm:279:error: R.fields: undefined type: /datum/data/record
code\game\data_huds.dm:277:warning (unused_var): R: variable defined but not used
code\modules\mob\transform_procs.dm:139:error: R.updatename: undefined proc
code\modules\mob\transform_procs.dm:148:error: R.mmi: undefined var
code\modules\mob\transform_procs.dm:149:error: R.mmi.name: undefined var
code\modules\mob\transform_procs.dm:149:error: R.mmi.name: undefined var
code\modules\mob\transform_procs.dm:150:error: R.mmi.brain: undefined var
code\modules\mob\transform_procs.dm:151:error: R.mmi.brain.name: undefined var
code\modules\mob\transform_procs.dm:152:error: R.mmi.brainmob: undefined var
code\modules\mob\transform_procs.dm:153:error: R.mmi.brainmob.real_name: undefined var
code\modules\mob\transform_procs.dm:154:error: R.mmi.brainmob.name: undefined var
code\modules\mob\transform_procs.dm:157:error: R.notify_ai: undefined proc
code\modules\mob\living\carbon\human\death.dm:37:error: GLOB.deaths_during_shift: undefined var
code\modules\mob\living\carbon\human\examine.dm:514:error: GLOB.data_core.general: undefined var
code\modules\mob\living\carbon\human\examine.dm:515:error: R: undefined type: /datum/data/record
code\modules\mob\living\carbon\human\examine.dm:516:error: R.fields: undefined type: /datum/data/record
code\modules\mob\living\carbon\human\examine.dm:525:error: R: undefined type: /datum/data/record
code\modules\mob\living\carbon\human\examine.dm:526:error: R.fields: undefined type: /datum/data/record
code\modules\mob\living\carbon\human\examine.dm:528:error: R.fields: undefined type: /datum/data/record
code\modules\mob\living\carbon\human\examine.dm:530:error: R: undefined type: /datum/data/record
code\modules\mob\living\carbon\human\examine.dm:530:error: GLOB.data_core.medical: undefined var
code\modules\mob\living\carbon\human\examine.dm:531:error: R: undefined type: /datum/data/record
code\modules\mob\living\carbon\human\examine.dm:540:error: R: undefined type: /datum/data/record
code\modules\mob\living\carbon\human\examine.dm:540:error: GLOB.data_core.security: undefined var
code\modules\mob\living\carbon\human\examine.dm:541:error: R: undefined type: /datum/data/record
code\modules\mob\living\carbon\human\examine.dm:542:error: R.fields: undefined type: /datum/data/record
code\modules\mob\living\carbon\human\human.dm:83:error: changeling: undefined type: /datum/antagonist/changeling
code\modules\mob\living\carbon\human\human.dm:85:error: changeling.chem_charges: undefined type: /datum/antagonist/changeling
code\modules\mob\living\carbon\human\human.dm:85:error: changeling.chem_storage: undefined type: /datum/antagonist/changeling
code\modules\mob\living\carbon\human\human.dm:86:error: changeling.absorbedcount: undefined type: /datum/antagonist/changeling
code\modules\mob\living\carbon\human\human.dm:197:error: MB.RunOver: undefined proc
code\modules\mob\living\carbon\human\human.dm:315:error: GLOB.data_core.general: undefined var
code\modules\mob\living\carbon\human\human.dm:317:error: R: undefined type: /datum/data/record
code\modules\mob\living\carbon\human\human.dm:325:error: R.fields: undefined type: /datum/data/record
code\modules\mob\living\carbon\human\human.dm:327:error: R.fields: undefined type: /datum/data/record
code\modules\mob\living\carbon\human\human.dm:385:error: R.fields: undefined type: /datum/data/record
code\modules\mob\living\carbon\human\human.dm:386:error: R: undefined type: /datum/data/record
code\modules\mob\living\carbon\human\human.dm:393:error: R.fields: undefined type: /datum/data/record
code\modules\mob\living\carbon\human\human.dm:396:error: R.fields: undefined type: /datum/data/record
code\modules\mob\living\carbon\human\human.dm:397:error: R: undefined type: /datum/data/record
code\modules\mob\living\carbon\human\human.dm:404:error: R.fields: undefined type: /datum/data/record
code\modules\mob\living\carbon\human\human.dm:437:error: R: undefined type: /datum/data/record
code\modules\mob\living\carbon\human\human.dm:437:error: GLOB.data_core.security: undefined var
code\modules\mob\living\carbon\human\human.dm:438:error: R: undefined type: /datum/data/record
code\modules\mob\living\carbon\human\human.dm:442:error: R.fields: undefined type: /datum/data/record
code\modules\mob\living\carbon\human\human.dm:444:error: R: undefined type: /datum/data/record
code\modules\mob\living\carbon\human\human.dm:450:error: R.fields: undefined type: /datum/data/record
code\modules\mob\living\carbon\human\human.dm:451:error: R.fields: undefined type: /datum/data/record
code\modules\mob\living\carbon\human\human.dm:460:error: R.fields: undefined type: /datum/data/record
code\modules\mob\living\carbon\human\human.dm:460:error: R.fields: undefined type: /datum/data/record
code\modules\mob\living\carbon\human\human.dm:461:error: R.fields: undefined type: /datum/data/record
code\modules\mob\living\carbon\human\human.dm:469:error: R.fields: undefined type: /datum/data/record
code\modules\mob\living\carbon\human\human.dm:476:error: R: undefined type: /datum/data/record
code\modules\mob\living\carbon\human\human.dm:487:error: GLOB.data_core.createCrimeEntry: undefined var
code\modules\mob\living\carbon\human\human.dm:488:error: GLOB.PDAs: undefined var
code\modules\mob\living\carbon\human\human.dm:489:error: R.fields: undefined type: /datum/data/record
code\modules\mob\living\carbon\human\human.dm:500:error: R.fields: undefined type: /datum/data/record
code\modules\mob\living\carbon\human\human.dm:500:error: GLOB.data_core.addCitation: undefined var
code\modules\mob\living\carbon\human\human.dm:501:error: R.fields: undefined type: /datum/data/record
code\modules\mob\living\carbon\human\human.dm:506:error: R: undefined type: /datum/data/record
code\modules\mob\living\carbon\human\human.dm:512:error: GLOB.data_core.createCrimeEntry: undefined var
code\modules\mob\living\carbon\human\human.dm:513:error: R.fields: undefined type: /datum/data/record
code\modules\mob\living\carbon\human\human.dm:513:error: GLOB.data_core.addCrime: undefined var
code\modules\mob\living\carbon\human\human.dm:514:error: R.fields: undefined type: /datum/data/record
code\modules\mob\living\carbon\human\human.dm:520:error: R: undefined type: /datum/data/record
code\modules\mob\living\carbon\human\human.dm:527:error: R.fields: undefined type: /datum/data/record
code\modules\mob\living\carbon\human\human.dm:527:error: GLOB.data_core.addCrimeDetails: undefined var
code\modules\mob\living\carbon\human\human.dm:528:error: R.fields: undefined type: /datum/data/record
code\modules\mob\living\carbon\human\human.dm:539:error: R.fields: undefined type: /datum/data/record
code\modules\mob\living\carbon\human\human.dm:540:error: R.fields: undefined type: /datum/data/record
code\modules\mob\living\carbon\human\human.dm:547:error: R: undefined type: /datum/data/record
code\modules\mob\living\carbon\human\human.dm:554:error: R.fields: undefined type: /datum/data/record
code\modules\mob\living\carbon\human\human.dm:556:error: R.fields: undefined type: /datum/data/record
code\modules\mob\living\carbon\human\human.dm:630:error: GLOB.data_core.security: undefined var
code\modules\mob\living\carbon\human\human.dm:631:error: R: undefined type: /datum/data/record
code\modules\mob\living\carbon\human\human.dm:631:error: R.fields: undefined var
code\modules\mob\living\carbon\human\human.dm:632:error: R.fields: undefined type: /datum/data/record
code\modules\mob\living\carbon\human\human.dm:885:error: GLOB.data_core.general: undefined var
code\modules\mob\living\carbon\human\human.dm:885:error: GLOB.data_core.medical: undefined var
code\modules\mob\living\carbon\human\human.dm:885:error: GLOB.data_core.security: undefined var
code\modules\mob\living\carbon\human\human.dm:885:error: GLOB.data_core.locked: undefined var
code\modules\mob\living\carbon\human\human.dm:886:warning (unused_var): R: variable defined but not used
code\modules\mob\living\carbon\human\human_defense.dm:330:error: L.amount_grown: undefined var
code\modules\mob\living\carbon\human\human_defense.dm:330:error: L.amount_grown: undefined var
code\modules\mob\living\carbon\human\human_defense.dm:330:error: L.max_grown: undefined var
code\modules\mob\living\carbon\human\human_defense.dm:363:error: M.is_adult: undefined var
code\modules\mob\living\carbon\human\human_say.dm:30:error: changeling: undefined type: /datum/antagonist/changeling
code\modules\mob\living\carbon\human\human_say.dm:30:error: changeling.mimicing: undefined var
code\modules\mob\living\carbon\human\human_say.dm:31:error: returnchangeling.mimicing: undefined type: /datum/antagonist/changeling
code\game\data_huds.dm:99:warning (unused_var): D: variable defined but not used
code\modules\mob\transform_procs.dm:273:error: new_gorilla.a_intent: undefined type: /mob/living/simple_animal/hostile/gorilla
code\modules\mob\transform_procs.dm:275:error: new_gorilla: undefined type: /mob/living/simple_animal/hostile/gorilla
code\modules\mob\transform_procs.dm:277:error: new_gorilla.key: undefined type: /mob/living/simple_animal/hostile/gorilla
code\modules\mob\transform_procs.dm:278:error: new_gorilla: undefined type: /mob/living/simple_animal/hostile/gorilla
code\modules\mob\transform_procs.dm:279:error: new_gorilla: undefined type: /mob/living/simple_animal/hostile/gorilla
code\modules\mob\transform_procs.dm:272:error: new_gorilla: unknown variable type
code\modules\mob\living\carbon\carbon_defense.dm:296:warning (unused_var): target_disposal_bin: variable defined but not used
code\modules\mob\living\carbon\life.dm:267:warning (unused_var): miasma_disease: variable defined but not used
code\modules\mob\living\carbon\life.dm:372:error: hud_used.lingchemdisplay: undefined type: /atom/movable/screen/ling/chems
code\modules\mob\living\carbon\life.dm:374:error: changeling: undefined type: /datum/antagonist/changeling
code\modules\mob\living\carbon\life.dm:375:error: changeling.regenerate: undefined type: /datum/antagonist/changeling
code\modules\mob\living\carbon\life.dm:376:error: hud_used.lingchemdisplay.invisibility: undefined type: /atom/movable/screen/ling/chems
code\modules\mob\living\carbon\life.dm:377:error: hud_used.lingchemdisplay.maptext: undefined type: /atom/movable/screen/ling/chems
code\modules\mob\living\carbon\life.dm:377:error: changeling.chem_charges: undefined type: /datum/antagonist/changeling
code\modules\mob\living\carbon\life.dm:379:error: hud_used.lingchemdisplay.invisibility: undefined type: /atom/movable/screen/ling/chems
code\modules\mob\living\carbon\life.dm:373:warning (unused_var): changeling: variable defined but not used
code\modules\mob\living\blood.dm:261:warning (unused_var): D: variable defined but not used
code\modules\mob\living\carbon\carbon.dm:531:warning (unused_var): vessel: variable defined but not used
code\modules\mob\living\carbon\carbon_defense.dm:206:error: M.powerlevel: undefined var
code\modules\mob\living\carbon\carbon_defense.dm:207:error: M.powerlevel: undefined var
code\modules\mob\living\carbon\carbon_defense.dm:209:error: M.powerlevel: undefined var
code\modules\mob\living\carbon\carbon_defense.dm:210:error: M.powerlevel: undefined var
code\modules\mob\living\carbon\carbon_defense.dm:211:error: M.powerlevel: undefined var
code\modules\mob\living\carbon\carbon_defense.dm:217:error: M.powerlevel: undefined var
code\modules\mob\living\carbon\carbon_defense.dm:221:error: M.powerlevel: undefined var
code\modules\mob\living\carbon\carbon_defense.dm:222:error: M.powerlevel: undefined var
code\modules\mob\living\carbon\life.dm:357:warning (unused_var): D: variable defined but not used
code\modules\mining\minebot.dm:89:warning (unused_var): M: variable defined but not used
code\modules\mining\minebot.dm:141:warning (unused_var): K: variable defined but not used
code\modules\mining\minebot.dm:144:warning (unused_var): M: variable defined but not used
code\modules\mob\living\simple_animal\eldritch_demons.dm:86:error: action: undefined type: /datum/action/innate/mansus_speech
code\modules\mob\living\simple_animal\eldritch_demons.dm:87:error: action.Grant: undefined type: /datum/action/innate/mansus_speech
code\modules\mob\living\simple_animal\eldritch_demons.dm:85:error: action: unknown variable type
code\modules\mob\living\simple_animal\eldritch_demons.dm:98:error: action.Remove: undefined type: /datum/action/innate/mansus_speech
code\modules\mob\living\simple_animal\eldritch_demons.dm:99:error: action: undefined type: /datum/action/innate/mansus_speech
code\modules\mob\living\simple_animal\eldritch_demons.dm:97:warning (unused_var): action: variable defined but not used
code\modules\mob\living\simple_animal\friendly\farm_animals.dm:81:warning (unused_var): SV: variable defined but not used
code\modules\mob\living\simple_animal\hostile\bees.dm:144:error: H.bee_friendly: undefined proc
code\modules\mob\living\simple_animal\hostile\bees.dm:150:error: H.bee_friendly: undefined proc
code\modules\mob\living\simple_animal\hostile\bees.dm:149:warning (unused_var): H: variable defined but not used
code\modules\mob\living\simple_animal\hostile\bees.dm:152:warning (unused_var): Hydro: variable defined but not used
code\modules\mob\living\simple_animal\hostile\bees.dm:163:error: Hydro: undefined type: /obj/machinery/hydroponics
code\modules\mob\living\simple_animal\hostile\bees.dm:167:error: BB: undefined type: /obj/structure/beebox
code\modules\mob\living\simple_animal\hostile\bees.dm:237:warning (unused_var): BB: variable defined but not used
code\modules\mob\living\simple_animal\hostile\hostile.dm:249:error: P.in_faction: undefined proc
code\modules\mob\living\simple_animal\hostile\hostile.dm:251:error: P.has_cover: undefined var
code\modules\mob\living\simple_animal\hostile\hostile.dm:251:error: P.raised: undefined var
code\modules\mob\living\simple_animal\parrot.dm:1001:error: P: unknown variable type
code\modules\mob\living\simple_animal\shade.dm:56:error: C.can_repair_constructs: undefined type: /mob/living/simple_animal/hostile/construct
code\modules\mob\living\simple_animal\shade.dm:55:warning (unused_var): C: variable defined but not used
code\modules\mob\living\simple_animal\shade.dm:71:error: SS.transfer_soul: undefined type: /obj/item/soulstone
code\modules\mob\living\simple_animal\shade.dm:70:warning (unused_var): SS: variable defined but not used
code\modules\mob\living\simple_animal\friendly\mouse.dm:144:warning (unused_var): regalrat: variable defined but not used
code\modules\mob\living\simple_animal\friendly\mouse.dm:93:error: C.avail: undefined proc
code\modules\mob\living\living.dm:93:error: L.ContactContractDisease: undefined proc
code\modules\mob\living\living.dm:1211:warning (unused_var): G: variable defined but not used
code\modules\mob\living\living.dm:1541:error: error_landmark: undefined type: /obj/effect/landmark/error
code\modules\mob\living\living.dm:1542:error: error_landmark.loc: undefined type: /obj/effect/landmark/error
code\modules\mob\living\living.dm:1540:warning (unused_var): error_landmark: variable defined but not used
code\modules\tgui\states.dm:107:error: remote.controlling_machine_or_bot: undefined type: /obj/item/machine_remote
code\modules\tgui\states.dm:106:warning (unused_var): remote: variable defined but not used
code\modules\wod13\onyxcombat.dm:759:error: gnosis: undefined type: /obj/overlay
code\modules\wod13\onyxcombat.dm:762:error: gnosis.icon_state: undefined type: /obj/overlay
code\modules\wod13\onyxcombat.dm:763:error: gnosis: undefined type: /obj/overlay
code\modules\mob\living\blood.dm:391:error: B: unknown variable type
code\game\machinery\camera\tracking.dm:3:error: GLOB.cameranet.cameras: undefined var
code\game\machinery\camera\tracking.dm:11:error: src.network: undefined var
code\game\machinery\camera\tracking.dm:80:error: U.tracking: undefined var
code\game\machinery\camera\tracking.dm:99:error: U.tracking: undefined var
code\game\machinery\camera\tracking.dm:114:error: U.tracking: undefined var
code\game\machinery\camera\tracking.dm:116:error: U.eyeobj: undefined var
code\game\machinery\camera\tracking.dm:117:error: U.eyeobj.setLoc: undefined var
code\modules\mob\living\living.dm:308:error: L.ContactContractDisease: undefined proc
code\modules\mob\living\living_defense.dm:372:error: GLOB.cult_narsie: undefined type: /obj/narsie
code\modules\mob\living\living_defense.dm:372:error: GLOB.cult_narsie.souls_needed: undefined type: /obj/narsie
code\modules\mob\living\living_defense.dm:373:error: GLOB.cult_narsie.souls_needed: undefined type: /obj/narsie
code\modules\mob\living\living_defense.dm:374:error: GLOB.cult_narsie.souls: undefined type: /obj/narsie
code\modules\mob\living\living_defense.dm:375:error: GLOB.cult_narsie.souls: undefined type: /obj/narsie
code\modules\mob\living\living_defense.dm:375:error: GLOB.cult_narsie.soul_goal: undefined type: /obj/narsie
code\modules\mob\living\living_defense.dm:375:error: GLOB.cult_narsie.resolved: undefined type: /obj/narsie
code\modules\mob\living\living_defense.dm:376:error: GLOB.cult_narsie.resolved: undefined type: /obj/narsie
code\modules\mob\living\login.dm:31:error: changeling: undefined type: /datum/antagonist/changeling
code\modules\mob\living\login.dm:32:error: changeling.regain_powers: undefined type: /datum/antagonist/changeling
code\modules\mob\living\login.dm:30:warning (unused_var): changeling: variable defined but not used
code\modules\mob\dead\observer\observer.dm:749:error: GLOB.data_core.get_manifest_html: undefined var
code\modules\mob\dead\observer\observer_say.dm:41:warning (unused_var): S: variable defined but not used
code\modules\mob\dead\new_player\new_player.dm:361:error: SSshuttle.arrivals.damaged: undefined var
code\modules\mob\dead\new_player\new_player.dm:366:error: SSshuttle.arrivals.RequireUndocked: undefined proc
code\modules\mob\dead\new_player\new_player.dm:398:error: GLOB.data_core.manifest_inject: undefined var
code\modules\mob\dead\new_player\new_player.dm:400:error: SSshuttle.arrivals.QueueAnnounce: undefined proc
code\modules\mob\dead\new_player\new_player.dm:415:error: GLOB.curse_of_madness_triggered: undefined var
code\modules\mob\dead\new_player\new_player.dm:416:error: GLOB.curse_of_madness_triggered: undefined var
code\modules\mob\dead\new_player\new_player.dm:451:error: SSshuttle.canRecall: undefined proc
code\modules\mob\dead\new_player\new_player.dm:582:error: GLOB.data_core.get_manifest_html: undefined var
code\game\machinery\computer\camera_advanced.dm:228:error: GLOB.cameranet.visibility: undefined var
code\game\machinery\computer\camera_advanced.dm:219:error: setLoc: undefined proc
code\modules\shuttle\navigation_computer.dm:308:error: setLoc: undefined proc
code\modules\clothing\under\_under.dm:38:error: C.use: undefined type: /obj/item/stack/cable_coil
code\modules\clothing\under\_under.dm:40:error: C: undefined type: /obj/item/stack/cable_coil
code\modules\clothing\under\_under.dm:37:warning (unused_var): C: variable defined but not used
code\modules\clothing\head\helmet.dm:84:error: A: unknown variable type
code\modules\clothing\head\_head.dm:54:error: GLOB.blacklisted_borg_hats: undefined var
code\modules\clothing\head\_head.dm:54:error: GLOB.blacklisted_borg_hats: undefined var
code\modules\vtmb\vampire_clane\kiasyd.dm:232:error: Die: undefined proc
code\modules\vtmb\vampire_clane\kiasyd.dm:235:error: Leap: undefined proc
code\modules\projectiles\guns\energy\special.dm:233:error: W: undefined type: /obj/item/ammo_casing/energy/wormhole
code\modules\projectiles\guns\energy\special.dm:234:error: W.gun: undefined type: /obj/item/ammo_casing/energy/wormhole
code\modules\projectiles\guns\energy\special.dm:235:error: W.BB: undefined type: /obj/item/ammo_casing/energy/wormhole
code\modules\projectiles\guns\energy\special.dm:236:error: WH: undefined type: /obj/projectile/beam/wormhole
code\modules\projectiles\guns\energy\special.dm:237:error: WH.gun: undefined type: /obj/projectile/beam/wormhole
code\modules\projectiles\guns\energy\special.dm:232:warning (unused_var): W: variable defined but not used
code\modules\projectiles\guns\energy\special.dm:235:warning (unused_var): WH: variable defined but not used
code\modules\projectiles\guns\ballistic\revolver.dm:213:error: SS.transfer_soul: undefined type: /obj/item/soulstone/anybody/revolver
code\modules\projectiles\guns\ballistic\revolver.dm:214:error: SS: undefined type: /obj/item/soulstone/anybody/revolver
code\modules\projectiles\guns\ballistic\revolver.dm:212:warning (unused_var): SS: variable defined but not used
code\modules\projectiles\guns\misc\syringe_gun.dm:115:error: D.used: undefined type: /obj/item/dnainjector
code\modules\projectiles\guns\misc\syringe_gun.dm:119:error: D: undefined type: /obj/item/dnainjector
code\modules\projectiles\guns\misc\syringe_gun.dm:121:error: D: undefined type: /obj/item/dnainjector
code\modules\projectiles\guns\misc\syringe_gun.dm:122:error: D: undefined type: /obj/item/dnainjector
code\modules\projectiles\guns\misc\syringe_gun.dm:114:warning (unused_var): D: variable defined but not used
code\game\objects\items\storage\belt.dm:542:error: initial: bad variable
code\game\objects\items\storage\belt.dm:541:warning (unused_var): W: variable defined but not used
code\game\objects\items\storage\boxes.dm:317:error: frame.id: undefined type: /obj/item/wallframe/flasher
code\game\objects\items\storage\boxes.dm:316:error: frame: unknown variable type
code\game\objects\items\storage\boxes.dm:812:error: A: unknown variable type
code\game\objects\items\storage\book.dm:223:error: SSticker.mode.remove_cultist: undefined proc
code\game\objects\items\storage\book.dm:246:error: SSticker.mode.remove_cultist: undefined proc
code\game\objects\items\storage\book.dm:261:error: initial: bad variable
code\game\objects\items\storage\book.dm:195:warning (unused_var): R: variable defined but not used
code\game\objects\items\storage\book.dm:215:warning (unused_var): sword: variable defined but not used
code\game\objects\items\storage\book.dm:220:warning (unused_var): SS: variable defined but not used
code\game\objects\items\storage\book.dm:232:warning (unused_var): SS: variable defined but not used
code\game\objects\items\storage\book.dm:252:warning (unused_var): sword: variable defined but not used
code\game\objects\items\storage\firstaid.dm:320:error: A: unknown variable type
code\game\objects\items\storage\toolbox.dm:111:warning (unused_var): TC: variable defined but not used
code\game\objects\items\storage\toolbox.dm:298:error: B: unknown variable type
code\game\objects\items\grenades\chem_grenade.dm:96:error: C.use: undefined type: /obj/item/stack/cable_coil
code\game\objects\items\grenades\chem_grenade.dm:95:warning (unused_var): C: variable defined but not used
code\game\objects\items\grenades\chem_grenade.dm:221:error: S.Uses: undefined var
code\game\objects\items\grenades\smokebomb.dm:30:warning (unused_var): B: variable defined but not used
code\game\machinery\syndicatebomb.dm:418:error: S.Uses: undefined var
code\game\machinery\syndicatebomb.dm:461:error: MB: undefined type: /obj/item/stock_parts/matter_bin
code\game\machinery\syndicatebomb.dm:462:error: MB.rating: undefined type: /obj/item/stock_parts/matter_bin
code\game\machinery\syndicatebomb.dm:463:error: MB: undefined type: /obj/item/stock_parts/matter_bin
code\game\machinery\syndicatebomb.dm:460:warning (unused_var): MB: variable defined but not used
code\game\objects\items\stacks\sheets\glass.dm:33:error: source: undefined type: /datum/robot_energy_storage
code\game\objects\items\stacks\sheets\glass.dm:50:error: CC.get_amount: undefined type: /obj/item/stack/cable_coil
code\game\objects\items\stacks\sheets\glass.dm:53:error: CC.use: undefined type: /obj/item/stack/cable_coil
code\game\objects\items\stacks\sheets\glass.dm:49:warning (unused_var): CC: variable defined but not used
code\game\objects\items\stacks\sheets\glass.dm:153:error: source: undefined type: /datum/robot_energy_storage
code\game\objects\items\stacks\sheets\glass.dm:161:error: source.energy: undefined type: /datum/robot_energy_storage
code\game\objects\items\stacks\sheets\glass.dm:165:error: source.use_charge: undefined type: /datum/robot_energy_storage
code\game\objects\items\stacks\sheets\glass.dm:170:error: source.add_charge: undefined type: /datum/robot_energy_storage
code\game\objects\items\stacks\sheets\sheet_types.dm:134:error: source: undefined type: /datum/robot_energy_storage
code\game\objects\items\stacks\medical.dm:16:error: source: undefined type: /datum/robot_energy_storage
code\game\objects\items\stacks\rods.dm:32:error: source: undefined type: /datum/robot_energy_storage
code\game\objects\items\stacks\stack.dm:433:error: S.source.max_energy: undefined type: /datum/robot_energy_storage
code\game\objects\items\stacks\stack.dm:433:error: S.source.energy: undefined type: /datum/robot_energy_storage
code\modules\mob\living\simple_animal\hostile\headcrab.dm:81:error: hf: unknown variable type
code\modules\mob\living\simple_animal\hostile\headcrab.dm:75:warning (unused_var): C: variable defined but not used
code\modules\surgery\organs\appendix.dm:36:warning (unused_var): A: variable defined but not used
code\modules\surgery\organs\augments_chest.dm:212:error: owner.getPlasma: undefined proc
code\modules\surgery\organs\augments_chest.dm:213:error: owner.adjustPlasma: undefined proc
code\game\objects\items\broom.dm:81:warning (unused_var): target_bin: variable defined but not used
code\game\objects\items\cards_ids.dm:376:error: chameleon_action.chameleon_type: undefined type: /datum/action/item_action/chameleon/change/id
code\game\objects\items\cards_ids.dm:377:error: chameleon_action.chameleon_name: undefined type: /datum/action/item_action/chameleon/change/id
code\game\objects\items\cards_ids.dm:378:error: chameleon_action.initialize_disguises: undefined type: /datum/action/item_action/chameleon/change/id
code\game\objects\items\cards_ids.dm:375:error: chameleon_action: unknown variable type
code\game\objects\items\cigs_lighters.dm:660:error: cyborg_unequip: undefined proc
code\modules\food_and_drinks\drinks\drinks.dm:94:warning (unused_var): bro: variable defined but not used
code\modules\reagents\reagent_containers\maunamug.dm:35:error: cell.rating: undefined var
code\game\objects\items\crayons.dm:478:error: occupying_gang.my_gang: undefined type: /datum/team/gang
code\game\objects\items\crayons.dm:494:error: tag.my_gang: undefined type: /datum/team/gang
code\game\objects\items\crayons.dm:496:error: tag.my_gang.name: undefined type: /datum/team/gang
code\game\objects\items\crayons.dm:497:error: tag.my_gang.name: undefined type: /datum/team/gang
code\game\objects\items\crayons.dm:498:error: tag.my_gang.name: undefined type: /datum/team/gang
code\game\objects\items\crayons.dm:799:warning (unused_var): borgy: variable defined but not used
code\game\objects\items\toy_mechs.dm:190:error: attack_tk: undefined proc
code\game\objects\items\toys.dm:362:error: newSaber.hacked: undefined var
code\game\objects\items\toys.dm:363:error: newSaber.saber_color: undefined var
code\game\objects\items\toys.dm:360:warning (unused_var): newSaber: variable defined but not used
code\game\objects\items\defib.dm:663:warning (unused_var): R: variable defined but not used
code\modules\assembly\doorcontrol.dm:28:error: M.id: undefined var
code\modules\assembly\doorcontrol.dm:110:error: M.id: undefined var
code\modules\assembly\doorcontrol.dm:122:error: M.id: undefined var
code\modules\assembly\doorcontrol.dm:158:error: nameof: requires a var, proc reference, or type path
code\modules\assembly\doorcontrol.dm:158:error: : missing expression
code\modules\assembly\doorcontrol.dm:156:warning (unused_var): M: variable defined but not used
code\modules\assembly\flash.dm:149:warning (unused_var): converter: variable defined but not used
code\modules\assembly\flash.dm:289:warning (unused_var): converter: variable defined but not used
code\modules\assembly\mousetrap.dm:66:warning (unused_var): ratt: variable defined but not used
code\game\objects\items\holosign_creator.dm:32:warning (unused_var): target_holosign: variable defined but not used
code\game\objects\items\holosign_creator.dm:117:warning (unused_var): R: variable defined but not used
code\game\objects\items\weaponry.dm:220:warning (unused_var): kiltkit: variable defined but not used
code\game\objects\items\toys.dm:463:error: impale: undefined proc
code\game\objects\items\devices\camera_bug.dm:80:error: GLOB.cameranet.cameras: undefined var
code\game\objects\items\devices\camera_bug.dm:155:warning (unused_var): S: variable defined but not used
code\game\objects\items\devices\multitool.dm:133:error: GLOB.cameranet.chunkGenerated: undefined var
code\game\objects\items\devices\multitool.dm:134:error: chunk: undefined type: /datum/camerachunk
code\game\objects\items\devices\multitool.dm:134:error: chunk.seenby.len: undefined var
code\game\objects\items\devices\multitool.dm:135:error: chunk.seenby: undefined type: /datum/camerachunk
code\game\objects\items\devices\multitool.dm:133:warning (unused_var): chunk: variable defined but not used
code\game\objects\items\devices\ocd.dm:8:error: event: unknown variable type
code\game\objects\items\devices\scanners.dm:864:error: C.stored_research: undefined type: /obj/machinery/computer/scan_consolenew
code\game\objects\items\devices\scanners.dm:866:error: C.stored_research.discovered_mutations: undefined type: /obj/machinery/computer/scan_consolenew
code\game\objects\items\devices\scanners.dm:863:warning (unused_var): C: variable defined but not used
code\game\objects\items\devices\scanners.dm:913:error: GLOB.all_mutations: undefined var
code\game\objects\items\devices\sensor_device.dm:14:error: GLOB.crewmonitor.show: undefined var
code\game\objects\items\devices\radio\radio.dm:253:warning (unused_var): jammer: variable defined but not used
code\modules\hydroponics\grown.dm:48:warning (unused_var): T: variable defined but not used
code\modules\hydroponics\grown.dm:144:warning (unused_var): trait: variable defined but not used
code\modules\hydroponics\grown.dm:156:warning (unused_var): T: variable defined but not used
code\modules\hydroponics\grown.dm:77:warning (unused_var): T: variable defined but not used
code\modules\hydroponics\grown.dm:108:warning (unused_var): T: variable defined but not used
code\modules\hydroponics\grown.dm:126:warning (unused_var): T: variable defined but not used
code\modules\hydroponics\grown\mushrooms.dm:170:warning (unused_var): M: variable defined but not used
code\modules\hydroponics\grown\tomato.dm:143:error: K.maxHealth: undefined type: /mob/living/simple_animal/hostile/killertomato
code\modules\hydroponics\grown\tomato.dm:144:error: K.melee_damage_lower: undefined type: /mob/living/simple_animal/hostile/killertomato
code\modules\hydroponics\grown\tomato.dm:145:error: K.melee_damage_upper: undefined type: /mob/living/simple_animal/hostile/killertomato
code\modules\hydroponics\grown\tomato.dm:146:error: K.move_to_delay: undefined type: /mob/living/simple_animal/hostile/killertomato
code\modules\hydroponics\grown\tomato.dm:147:error: K.health: undefined type: /mob/living/simple_animal/hostile/killertomato
code\modules\hydroponics\grown\tomato.dm:147:error: K.maxHealth: undefined type: /mob/living/simple_animal/hostile/killertomato
code\modules\hydroponics\grown\tomato.dm:148:error: K.visible_message: undefined type: /mob/living/simple_animal/hostile/killertomato
code\modules\hydroponics\grown\tomato.dm:142:warning (unused_var): K: variable defined but not used
code\game\objects\items\grenades\clusterbuster.dm:93:error: src.activate_reagents: undefined var
code\modules\recycling\sortingmachinery.dm:203:error: attack_self_tk: undefined proc
code\game\objects\items\stacks\sheets\glass.dm:321:error: L.attackby: undefined type: /obj/item/lightreplacer
code\game\objects\items\stacks\sheets\glass.dm:320:warning (unused_var): L: variable defined but not used
code\game\objects\wod13\items.dm:333:warning (unused_var): node: variable defined but not used
code\game\objects\wod13\items.dm:461:error: attack_ai: undefined proc
code\game\objects\wod13\items.dm:466:warning (unused_var): R: variable defined but not used
code\modules\antagonists\_common\antag_spawner.dm:79:error: app: unknown variable type
code\modules\antagonists\_common\antag_spawner.dm:83:warning (unused_var): master_wizard: variable defined but not used
code\modules\antagonists\_common\antag_spawner.dm:201:error: initial: bad variable
code\modules\antagonists\_common\antag_spawner.dm:209:error: new_borg: unknown variable type
code\modules\antagonists\_common\antag_spawner.dm:181:warning (unused_var): creator_op: variable defined but not used
code\modules\antagonists\_common\antag_spawner.dm:252:error: S.key: undefined type: /mob/living/simple_animal/hostile/imp/slaughter
code\modules\antagonists\_common\antag_spawner.dm:253:error: S.mind.assigned_role: undefined type: /mob/living/simple_animal/hostile/imp/slaughter
code\modules\antagonists\_common\antag_spawner.dm:253:error: S.name: undefined type: /mob/living/simple_animal/hostile/imp/slaughter
code\modules\antagonists\_common\antag_spawner.dm:254:error: S.mind.special_role: undefined type: /mob/living/simple_animal/hostile/imp/slaughter
code\modules\antagonists\_common\antag_spawner.dm:254:error: S.name: undefined type: /mob/living/simple_animal/hostile/imp/slaughter
code\modules\antagonists\_common\antag_spawner.dm:255:error: S.mind.add_antag_datum: undefined type: /mob/living/simple_animal/hostile/imp/slaughter
code\modules\antagonists\_common\antag_spawner.dm:256:error: S: undefined type: /mob/living/simple_animal/hostile/imp/slaughter
code\modules\antagonists\_common\antag_spawner.dm:256:error: S.playstyle_string: undefined type: /mob/living/simple_animal/hostile/imp/slaughter
code\modules\antagonists\_common\antag_spawner.dm:257:error: S: undefined type: /mob/living/simple_animal/hostile/imp/slaughter
code\modules\antagonists\_common\antag_spawner.dm:251:warning (unused_var): S: variable defined but not used
code\modules\hydroponics\growninedible.dm:26:warning (unused_var): T: variable defined but not used
code\modules\hydroponics\growninedible.dm:53:warning (unused_var): T: variable defined but not used
code\modules\hydroponics\hydroitemdefines.dm:192:warning (unused_var): V: variable defined but not used
code\modules\hydroponics\seeds.dm:105:warning (unused_var): G: variable defined but not used
code\modules\hydroponics\seeds.dm:126:warning (unused_var): G: variable defined but not used
code\modules\hydroponics\seeds.dm:235:error: initial: bad variable
code\modules\hydroponics\seeds.dm:199:warning (unused_var): parent: variable defined but not used
code\modules\hydroponics\seeds.dm:224:warning (unused_var): trait: variable defined but not used
code\modules\hydroponics\seeds.dm:568:error: R: unknown variable type
code\modules\hydroponics\seeds.dm:580:warning (unused_var): T: variable defined but not used
code\modules\hydroponics\seeds.dm:589:warning (unused_var): P: variable defined but not used
code\modules\hydroponics\seeds.dm:611:error: snip: unknown variable type
code\modules\hydroponics\seeds.dm:637:warning (unused_var): new_trait: variable defined but not used
code\modules\hydroponics\seeds.dm:172:warning (unused_var): H: variable defined but not used
code\modules\hydroponics\seeds.dm:498:warning (unused_var): G: variable defined but not used
code\modules\hydroponics\grown\misc.dm:22:warning (unused_var): parent: variable defined but not used
code\modules\hydroponics\grown\misc.dm:52:warning (unused_var): parent: variable defined but not used
code\modules\hydroponics\grown\replicapod.dm:94:warning (unused_var): parent: variable defined but not used
code\modules\mining\ores_coins.dm:409:error: CC.use: undefined type: /obj/item/stack/cable_coil
code\modules\mining\ores_coins.dm:404:warning (unused_var): CC: variable defined but not used
code\modules\projectiles\ammunition\special\syringe.dm:25:warning (unused_var): syringe_gun: variable defined but not used
code\modules\projectiles\ammunition\special\syringe.dm:69:error: D: undefined type: /obj/projectile/bullet/dnainjector
code\modules\projectiles\ammunition\special\syringe.dm:70:error: D.injector: undefined type: /obj/projectile/bullet/dnainjector
code\modules\projectiles\ammunition\special\syringe.dm:67:warning (unused_var): S: variable defined but not used
code\modules\projectiles\ammunition\special\syringe.dm:68:warning (unused_var): D: variable defined but not used
code\modules\mining\lavaland\necropolis_chests.dm:1251:warning (unused_var): TE1: variable defined but not used
code\modules\mining\lavaland\necropolis_chests.dm:1252:warning (unused_var): TE2: variable defined but not used
code\modules\mob\living\brain\MMI.dm:25:warning (unused_var): borg: variable defined but not used
code\modules\mob\living\brain\posibrain.dm:95:warning (unused_var): R: variable defined but not used
code\modules\paperwork\handlabeler.dm:100:warning (unused_var): borgy: variable defined but not used
code\modules\photography\camera\camera.dm:114:error: GLOB.cameranet.checkTurfVis: undefined var
code\modules\photography\camera\camera.dm:192:error: GLOB.cameranet.checkTurfVis: undefined var
code\modules\power\cell.dm:157:error: E.drain_time: undefined type: /datum/species/ethereal
code\modules\power\cell.dm:167:error: E.drain_time: undefined type: /datum/species/ethereal
code\modules\power\cell.dm:155:warning (unused_var): E: variable defined but not used
code\modules\spells\spell_types\charge.dm:56:error: I.can_charge: undefined var
code\modules\spells\spell_types\charge.dm:57:error: I.max_charges: undefined var
code\modules\spells\spell_types\charge.dm:58:error: I.max_charges: undefined var
code\modules\spells\spell_types\charge.dm:59:error: I.max_charges: undefined var
code\modules\spells\spell_types\charge.dm:61:error: I.charges: undefined var
code\modules\spells\spell_types\charge.dm:61:error: I.max_charges: undefined var
code\modules\spells\spell_types\charge.dm:62:error: I.max_charges: undefined var
code\game\objects\effects\landmarks.dm:249:error: GLOB.wizardstart: undefined var
code\game\objects\effects\landmarks.dm:259:error: GLOB.nukeop_start: undefined var
code\game\objects\effects\landmarks.dm:269:error: GLOB.nukeop_leader_start: undefined var
code\game\objects\effects\landmarks.dm:424:error: GLOB.ruin_landmarks.len: undefined var
code\game\objects\effects\landmarks.dm:427:error: GLOB.ruin_landmarks: undefined var
code\game\objects\effects\landmarks.dm:430:error: GLOB.ruin_landmarks: undefined var
code\modules\awaymissions\zlevel.dm:20:error: GLOB.gateway_destinations: undefined var
code\modules\awaymissions\zlevel.dm:28:error: GLOB.gateway_destinations: undefined var
code\modules\awaymissions\zlevel.dm:19:warning (unused_var): current: variable defined but not used
code\modules\awaymissions\zlevel.dm:20:warning (unused_var): D: variable defined but not used
code\game\objects\effects\countdown.dm:131:error: A.death_time: undefined var
code\game\objects\effects\spawners\bombspawner.dm:19:error: V: undefined type: /obj/item/transfer_valve
code\game\objects\effects\spawners\bombspawner.dm:20:error: V: undefined type: /obj/item/transfer_valve
code\game\objects\effects\spawners\bombspawner.dm:30:error: V.tank_one: undefined type: /obj/item/transfer_valve
code\game\objects\effects\spawners\bombspawner.dm:31:error: V.tank_two: undefined type: /obj/item/transfer_valve
code\game\objects\effects\spawners\bombspawner.dm:32:error: V: undefined type: /obj/item/transfer_valve
code\game\objects\effects\spawners\bombspawner.dm:33:error: V: undefined type: /obj/item/transfer_valve
code\game\objects\effects\spawners\bombspawner.dm:36:error: V: undefined type: /obj/item/transfer_valve
code\game\objects\effects\spawners\bombspawner.dm:37:error: V.attached_device: undefined type: /obj/item/transfer_valve
code\game\objects\effects\spawners\bombspawner.dm:38:error: V: undefined type: /obj/item/transfer_valve
code\game\objects\effects\spawners\bombspawner.dm:40:error: V.update_icon: undefined type: /obj/item/transfer_valve
code\game\objects\effects\spawners\bombspawner.dm:18:error: V: unknown variable type
code\game\objects\effects\spawners\bombspawner.dm:19:warning (old_new_syntax): new: This appears like the old syntax for new().  The type is now passed like this: new Type(args).  You can leave out the type if assigning a variable of the same type.
code\game\objects\effects\spawners\bombspawner.dm:20:warning (old_new_syntax): new: This appears like the old syntax for new().  The type is now passed like this: new Type(args).  You can leave out the type if assigning a variable of the same type.
code\game\objects\effects\spawners\lootdrop.dm:244:error: GLOB.maintenance_loot: undefined var
code\game\objects\effects\effect_system\effect_system.dm:17:error: GLOB.cameranet.updateVisibility: undefined var
code\game\objects\effects\effect_system\effect_system.dm:20:error: GLOB.cameranet.updateVisibility: undefined var
code\game\objects\structures\ghost_role_spawners.dm:101:error: special: undefined proc
code\game\objects\structures\ghost_role_spawners.dm:188:error: initial: bad variable
code\game\objects\structures\ghost_role_spawners.dm:193:error: initial: bad variable
code\game\objects\structures\ghost_role_spawners.dm:214:error: G.owner: undefined type: /datum/species/golem
code\game\objects\structures\ghost_role_spawners.dm:200:error: special: undefined proc
code\game\objects\structures\ghost_role_spawners.dm:202:error: initial: bad variable
code\game\objects\structures\ghost_role_spawners.dm:218:error: initial: bad variable
code\game\objects\structures\ghost_role_spawners.dm:201:warning (unused_var): X: variable defined but not used
code\game\objects\structures\ghost_role_spawners.dm:213:warning (unused_var): G: variable defined but not used
code\game\objects\structures\ghost_role_spawners.dm:588:error: special: undefined proc
code\modules\wod13\map.dm:153:error: special: undefined proc
code\modules\wod13\map.dm:250:error: special: undefined proc
code\modules\wod13\map.dm:274:error: special: undefined proc
code\modules\wod13\map.dm:311:error: special: undefined proc
code\modules\wod13\map.dm:348:error: special: undefined proc
code\modules\fields\timestop.dm:32:error: GLOB.parasites: undefined var
code\modules\fields\timestop.dm:32:warning (unused_var): G: variable defined but not used
code\modules\projectiles\projectile\energy\net_snare.dm:35:warning (unused_var): com: variable defined but not used
code\modules\vtmb\chi_disciplines.dm:1983:error: anomalyEffect: undefined proc
code\game\machinery\constructable_frame.dm:219:warning (unused_var): replacer: variable defined but not used
code\game\machinery\computer\buildandrepair.dm:88:error: A: unknown variable type
code\game\machinery\camera\camera_assembly.dm:135:warning (unused_var): C: variable defined but not used
code\game\machinery\doors\firedoor.dm:375:warning (unused_var): P: variable defined but not used
code\game\objects\structures.dm:22:error: GLOB.cameranet.updateVisibility: undefined var
code\game\objects\structures.dm:25:error: GLOB.cameranet.updateVisibility: undefined var
code\game\objects\structures\barsigns.dm:94:warning (unused_var): C: variable defined but not used
code\game\objects\structures\crates_lockers\closets.dm:385:error: attack_robot: undefined proc
code\modules\cargo\supplypod.dm:272:error: benis.contents: undefined type: /mob/living/simple_animal/pet/gondola/gondolapod
code\modules\cargo\supplypod.dm:274:error: benis: undefined type: /mob/living/simple_animal/pet/gondola/gondolapod
code\modules\cargo\supplypod.dm:271:error: benis: unknown variable type
code\game\objects\structures\bedsheet_bin.dm:401:error: attack_tk: undefined proc
code\game\objects\structures\displaycase.dm:237:warning (unused_var): C: variable defined but not used
code\game\objects\structures\extinguisher.dm:92:error: attack_tk: undefined proc
code\game\objects\structures\fireaxe.dm:130:error: attack_ai: undefined proc
code\game\objects\structures\girders.dm:214:warning (unused_var): P: variable defined but not used
code\game\objects\structures\grille.dm:270:error: C.newavail: undefined proc
code\game\objects\structures\grille.dm:271:error: C.newavail: undefined proc
code\game\objects\structures\grille.dm:271:error: C.add_delayedload: undefined proc
code\game\objects\structures\industrial_lift.dm:269:error: attack_robot: undefined proc
code\game\objects\structures\janicart.dm:74:warning (unused_var): l: variable defined but not used
code\game\objects\structures\ladders.dm:144:error: attack_robot: undefined proc
code\game\objects\structures\mineral_doors.dm:49:error: attack_ai: undefined proc
code\game\objects\structures\morgue.dm:80:error: attack_robot: undefined proc
code\game\objects\structures\morgue.dm:217:error: attack_robot: undefined proc
code\game\objects\structures\windoor_assembly.dm:165:warning (unused_var): CC: variable defined but not used
code\game\objects\structures\window.dm:128:error: attack_tk: undefined proc
code\modules\paperwork\filingcabinet.dm:89:error: attack_self_tk: undefined proc
code\modules\paperwork\filingcabinet.dm:124:error: GLOB.data_core.general: undefined var
code\modules\paperwork\filingcabinet.dm:125:error: GLOB.data_core.security: undefined var
code\modules\paperwork\filingcabinet.dm:126:error: S: undefined type: /datum/data/record
code\modules\paperwork\filingcabinet.dm:131:error: S.fields: undefined type: /datum/data/record
code\modules\paperwork\filingcabinet.dm:131:error: S.fields: undefined type: /datum/data/record
code\modules\paperwork\filingcabinet.dm:131:error: S.fields: undefined type: /datum/data/record
code\modules\paperwork\filingcabinet.dm:131:error: S.fields: undefined type: /datum/data/record
code\modules\paperwork\filingcabinet.dm:133:error: S.fields: undefined type: /datum/data/record
code\modules\paperwork\filingcabinet.dm:134:error: S.fields: undefined type: /datum/data/record
code\modules\paperwork\filingcabinet.dm:124:warning (unused_var): G: variable defined but not used
code\modules\paperwork\filingcabinet.dm:125:warning (unused_var): S: variable defined but not used
code\modules\paperwork\filingcabinet.dm:158:error: GLOB.data_core.general: undefined var
code\modules\paperwork\filingcabinet.dm:159:error: GLOB.data_core.medical: undefined var
code\modules\paperwork\filingcabinet.dm:160:error: M: undefined type: /datum/data/record
code\modules\paperwork\filingcabinet.dm:165:error: M.fields: undefined type: /datum/data/record
code\modules\paperwork\filingcabinet.dm:165:error: M.fields: undefined type: /datum/data/record
code\modules\paperwork\filingcabinet.dm:165:error: M.fields: undefined type: /datum/data/record
code\modules\paperwork\filingcabinet.dm:165:error: M.fields: undefined type: /datum/data/record
code\modules\paperwork\filingcabinet.dm:165:error: M.fields: undefined type: /datum/data/record
code\modules\paperwork\filingcabinet.dm:165:error: M.fields: undefined type: /datum/data/record
code\modules\paperwork\filingcabinet.dm:165:error: M.fields: undefined type: /datum/data/record
code\modules\paperwork\filingcabinet.dm:165:error: M.fields: undefined type: /datum/data/record
code\modules\paperwork\filingcabinet.dm:165:error: M.fields: undefined type: /datum/data/record
code\modules\paperwork\filingcabinet.dm:165:error: M.fields: undefined type: /datum/data/record
code\modules\paperwork\filingcabinet.dm:165:error: M.fields: undefined type: /datum/data/record
code\modules\paperwork\filingcabinet.dm:167:error: M.fields: undefined type: /datum/data/record
code\modules\paperwork\filingcabinet.dm:168:error: M.fields: undefined type: /datum/data/record
code\modules\paperwork\filingcabinet.dm:158:warning (unused_var): G: variable defined but not used
code\modules\paperwork\filingcabinet.dm:159:warning (unused_var): M: variable defined but not used
code\modules\paperwork\filingcabinet.dm:205:error: GLOB.data_core.locked: undefined var
code\modules\paperwork\filingcabinet.dm:206:warning (unused_var): G: variable defined but not used
code\modules\power\floodlight.dm:47:warning (unused_var): L: variable defined but not used
code\modules\power\lighting.dm:151:warning (unused_var): coil: variable defined but not used
code\modules\power\multiz.dm:9:error: get_cable_connections: undefined proc
code\modules\wod13\map.dm:93:error: AM.icon: undefined type: /obj/overlay
code\modules\wod13\map.dm:94:error: AM.icon_state: undefined type: /obj/overlay
code\modules\wod13\map.dm:95:error: AM.layer: undefined type: /obj/overlay
code\modules\wod13\map.dm:96:error: AM.pixel_x: undefined type: /obj/overlay
code\modules\wod13\map.dm:97:error: AM.pixel_y: undefined type: /obj/overlay
code\modules\wod13\map.dm:98:error: AM: undefined type: /obj/overlay
code\modules\wod13\map.dm:112:error: AM: undefined type: /obj/overlay
code\modules\wod13\map.dm:92:error: AM: unknown variable type
code\modules\projectiles\projectile\special\gravity.dm:16:warning (unused_var): C: variable defined but not used
code\modules\projectiles\projectile\special\gravity.dm:51:warning (unused_var): C: variable defined but not used
code\modules\projectiles\projectile\special\gravity.dm:85:warning (unused_var): C: variable defined but not used
code\game\machinery\doors\airlock.dm:288:error: GLOB.cult_narsie: undefined type: /obj/narsie
code\game\machinery\doors\airlock.dm:313:warning (unused_var): D: variable defined but not used
code\game\machinery\doors\airlock.dm:673:error: attack_ai: undefined proc
code\game\machinery\doors\airlock.dm:944:warning (unused_var): cable: variable defined but not used
code\game\machinery\doors\door.dm:396:error: GLOB.cameranet: undefined var
code\game\machinery\doors\door.dm:397:error: GLOB.cameranet.updateVisibility: undefined var
code\game\machinery\doors\firedoor.dm:142:error: attack_ai: undefined proc
code\game\machinery\_machinery.dm:442:error: attack_robot: undefined proc
code\game\machinery\announcement_system.dm:146:error: attack_ai: undefined proc
code\game\machinery\autolathe.dm:115:warning (unused_var): D: variable defined but not used
code\game\machinery\bank_machine.dm:31:warning (unused_var): H: variable defined but not used
code\game\machinery\civilian_bounties.dm:43:error: C.cargo_hold_id: undefined var
code\game\machinery\civilian_bounties.dm:74:error: send: undefined proc
code\game\machinery\computer\apc_control.dm:33:error: attack_ai: undefined proc
code\game\machinery\computer\arcade.dm:776:error: GLOB.data_core.general: undefined var
code\game\machinery\computer\arcade.dm:777:error: GLOB.data_core.general: undefined var
code\game\machinery\computer\arcade.dm:777:warning (unused_var): R: variable defined but not used
code\game\machinery\computer\camera.dm:189:error: GLOB.cameranet.cameras: undefined var
code\game\machinery\computer\camera_advanced.dm:85:warning (unused_var): C: variable defined but not used
code\game\machinery\computer\camera_advanced.dm:141:error: GLOB.cameranet.checkTurfVis: undefined var
code\game\machinery\computer\camera_advanced.dm:144:error: GLOB.cameranet.cameras: undefined var
code\game\machinery\computer\card.dm:190:error: GLOB.data_core.general: undefined var
code\game\machinery\computer\card.dm:190:warning (unused_var): t: variable defined but not used
code\game\machinery\computer\card.dm:590:error: GLOB.data_core.general: undefined var
code\game\machinery\computer\card.dm:590:warning (unused_var): t: variable defined but not used
code\game\machinery\computer\launchpad_control.dm:94:warning (unused_var): current_pad: variable defined but not used
code\game\machinery\computer\law.dm:14:warning (unused_var): M: variable defined but not used
code\game\machinery\computer\mechlaunchpad.dm:29:warning (unused_var): pad: variable defined but not used
code\game\machinery\computer\mechlaunchpad.dm:43:warning (unused_var): mechpad: variable defined but not used
code\game\machinery\computer\mechlaunchpad.dm:66:error: buffered_console: undefined type: /obj/machinery/mechpad
code\game\machinery\computer\mechlaunchpad.dm:68:error: buffered_console: undefined type: /obj/machinery/mechpad
code\game\machinery\computer\mechlaunchpad.dm:69:error: buffered_console: undefined type: /obj/machinery/mechpad
code\game\machinery\computer\mechlaunchpad.dm:75:error: buffered_console: undefined type: /obj/machinery/mechpad
code\game\machinery\computer\mechlaunchpad.dm:76:error: buffered_console.consoles: undefined type: /obj/machinery/mechpad
code\game\machinery\computer\mechlaunchpad.dm:76:error: buffered_console.consoles: undefined type: /obj/machinery/mechpad
code\game\machinery\computer\mechlaunchpad.dm:76:error: buffered_console.consoles: undefined type: /obj/machinery/mechpad
code\game\machinery\computer\mechlaunchpad.dm:62:warning (unused_var): buffered_console: variable defined but not used
code\game\machinery\computer\mechlaunchpad.dm:147:warning (unused_var): current_pad: variable defined but not used
code\game\machinery\computer\medical.dm:65:error: GLOB.data_core.general: undefined var
code\game\machinery\computer\medical.dm:66:error: GLOB.data_core.general: undefined var
code\game\machinery\computer\medical.dm:69:error: GLOB.data_core.medical: undefined var
code\game\machinery\computer\medical.dm:97:error: GLOB.data_core.general: undefined var
code\game\machinery\computer\medical.dm:118:error: GLOB.data_core.medical: undefined var
code\game\machinery\computer\medical.dm:66:warning (unused_var): R: variable defined but not used
code\game\machinery\computer\medical.dm:69:warning (unused_var): E: variable defined but not used
code\game\machinery\computer\medical.dm:159:warning (unused_var): M: variable defined but not used
code\game\machinery\computer\medical.dm:181:error: GLOB.data_core.general: undefined var
code\game\machinery\computer\medical.dm:183:error: GLOB.data_core.medical: undefined var
code\game\machinery\computer\medical.dm:265:error: GLOB.data_core.medical.Cut: undefined var
code\game\machinery\computer\medical.dm:438:error: GLOB.data_core.general: undefined var
code\game\machinery\computer\medical.dm:440:error: GLOB.data_core.medical: undefined var
code\game\machinery\computer\medical.dm:462:error: GLOB.data_core.medical: undefined var
code\game\machinery\computer\medical.dm:467:error: GLOB.data_core.medical: undefined var
code\game\machinery\computer\medical.dm:489:error: GLOB.data_core.medical: undefined var
code\game\machinery\computer\medical.dm:497:error: GLOB.data_core.general: undefined var
code\game\machinery\computer\medical.dm:507:error: GLOB.data_core.medicalPrintCount: undefined var
code\game\machinery\computer\medical.dm:511:error: GLOB.data_core.medicalPrintCount: undefined var
code\game\machinery\computer\medical.dm:512:error: GLOB.data_core.general: undefined var
code\game\machinery\computer\medical.dm:518:error: GLOB.data_core.medical: undefined var
code\game\machinery\computer\medical.dm:524:error: GLOB.data_core.medicalPrintCount: undefined var
code\game\machinery\computer\medical.dm:527:error: GLOB.data_core.medicalPrintCount: undefined var
code\game\machinery\computer\medical.dm:246:warning (unused_var): Dis: variable defined but not used
code\game\machinery\computer\medical.dm:447:warning (unused_var): R: variable defined but not used
code\game\machinery\computer\medical.dm:489:warning (unused_var): R: variable defined but not used
code\game\machinery\computer\medical.dm:497:warning (unused_var): E: variable defined but not used
code\game\machinery\computer\medical.dm:539:error: GLOB.data_core.medical: undefined var
code\game\machinery\computer\medical.dm:539:warning (unused_var): R: variable defined but not used
code\game\machinery\computer\security.dm:121:error: GLOB.data_core.general: undefined var
code\game\machinery\computer\security.dm:122:error: GLOB.data_core.general: undefined var
code\game\machinery\computer\security.dm:124:error: GLOB.data_core.security: undefined var
code\game\machinery\computer\security.dm:162:error: GLOB.data_core.general.Find: undefined var
code\game\machinery\computer\security.dm:189:error: GLOB.data_core.security.Find: undefined var
code\game\machinery\computer\security.dm:122:warning (unused_var): R: variable defined but not used
code\game\machinery\computer\security.dm:124:warning (unused_var): E: variable defined but not used
code\game\machinery\computer\security.dm:203:warning (unused_var): c: variable defined but not used
code\game\machinery\computer\security.dm:229:warning (unused_var): c: variable defined but not used
code\game\machinery\computer\security.dm:271:error: GLOB.data_core.general.Find: undefined var
code\game\machinery\computer\security.dm:273:error: GLOB.data_core.security.Find: undefined var
code\game\machinery\computer\security.dm:340:error: GLOB.data_core.general: undefined var
code\game\machinery\computer\security.dm:341:error: R: undefined type: /datum/data/record
code\game\machinery\computer\security.dm:344:error: R: undefined type: /datum/data/record
code\game\machinery\computer\security.dm:345:error: GLOB.data_core.security: undefined var
code\game\machinery\computer\security.dm:346:error: R.fields: undefined type: /datum/data/record
code\game\machinery\computer\security.dm:346:error: R.fields: undefined type: /datum/data/record
code\game\machinery\computer\security.dm:360:error: GLOB.data_core.payCitation: undefined var
code\game\machinery\computer\security.dm:373:error: GLOB.data_core.securityPrintCount: undefined var
code\game\machinery\computer\security.dm:377:error: GLOB.data_core.securityPrintCount: undefined var
code\game\machinery\computer\security.dm:378:error: GLOB.data_core.general.Find: undefined var
code\game\machinery\computer\security.dm:384:error: GLOB.data_core.security.Find: undefined var
code\game\machinery\computer\security.dm:408:error: GLOB.data_core.securityPrintCount: undefined var
code\game\machinery\computer\security.dm:411:error: GLOB.data_core.securityPrintCount: undefined var
code\game\machinery\computer\security.dm:434:error: GLOB.data_core.general.Find: undefined var
code\game\machinery\computer\security.dm:451:error: GLOB.data_core.general.Find: undefined var
code\game\machinery\computer\security.dm:465:error: GLOB.data_core.security: undefined var
code\game\machinery\computer\security.dm:467:error: GLOB.data_core.security.Cut: undefined var
code\game\machinery\computer\security.dm:507:error: GLOB.data_core.security: undefined var
code\game\machinery\computer\security.dm:525:error: GLOB.data_core.general: undefined var
code\game\machinery\computer\security.dm:536:error: GLOB.data_core.security: undefined var
code\game\machinery\computer\security.dm:554:error: GLOB.data_core.medical: undefined var
code\game\machinery\computer\security.dm:662:error: GLOB.data_core.createCrimeEntry: undefined var
code\game\machinery\computer\security.dm:663:error: GLOB.data_core.addCrime: undefined var
code\game\machinery\computer\security.dm:670:error: GLOB.data_core.removeCrime: undefined var
code\game\machinery\computer\security.dm:677:error: GLOB.data_core.addCrimeDetails: undefined var
code\game\machinery\computer\security.dm:697:error: GLOB.data_core.createCrimeEntry: undefined var
code\game\machinery\computer\security.dm:698:error: GLOB.PDAs: undefined var
code\game\machinery\computer\security.dm:710:error: GLOB.data_core.addCitation: undefined var
code\game\machinery\computer\security.dm:717:error: GLOB.data_core.removeCitation: undefined var
code\game\machinery\computer\security.dm:782:error: GLOB.data_core.medical: undefined var
error: invalid variable
code\game\machinery\computer\security.dm:340:warning (unused_var): R: variable defined but not used
code\game\machinery\computer\security.dm:345:warning (unused_var): E: variable defined but not used
code\game\machinery\computer\security.dm:351:warning (unused_var): p: variable defined but not used
code\game\machinery\computer\security.dm:353:warning (unused_var): C: variable defined but not used
code\game\machinery\computer\security.dm:395:warning (unused_var): c: variable defined but not used
code\game\machinery\computer\security.dm:423:warning (unused_var): c: variable defined but not used
code\game\machinery\computer\security.dm:465:warning (unused_var): R: variable defined but not used
code\game\machinery\computer\security.dm:500:warning (unused_var): R: variable defined but not used
code\game\machinery\computer\security.dm:513:warning (unused_var): G: variable defined but not used
code\game\machinery\computer\security.dm:529:warning (unused_var): R: variable defined but not used
code\game\machinery\computer\security.dm:540:warning (unused_var): M: variable defined but not used
code\game\machinery\computer\security.dm:698:warning (unused_var): P: variable defined but not used
code\game\machinery\computer\security.dm:782:warning (unused_var): R: variable defined but not used
code\game\machinery\computer\security.dm:828:error: GLOB.data_core.security: undefined var
code\game\machinery\computer\security.dm:849:error: GLOB.data_core.general: undefined var
code\game\machinery\computer\security.dm:850:error: G.fields: undefined type: /datum/data/record
code\game\machinery\computer\security.dm:851:error: G.fields: undefined type: /datum/data/record
code\game\machinery\computer\security.dm:828:warning (unused_var): R: variable defined but not used
code\game\machinery\computer\security.dm:849:warning (unused_var): G: variable defined but not used
code\game\machinery\computer\warrant.dm:55:warning (unused_var): c: variable defined but not used
code\game\machinery\computer\warrant.dm:77:warning (unused_var): c: variable defined but not used
code\game\machinery\computer\warrant.dm:104:error: GLOB.data_core.security: undefined var
code\game\machinery\computer\warrant.dm:123:error: GLOB.data_core.payCitation: undefined var
code\game\machinery\computer\warrant.dm:104:warning (unused_var): R: variable defined but not used
code\game\machinery\computer\warrant.dm:114:warning (unused_var): p: variable defined but not used
code\game\machinery\computer\warrant.dm:116:warning (unused_var): C: variable defined but not used
code\game\machinery\telecomms\computers\message.dm:396:error: GLOB.PDAs: undefined var
code\game\machinery\telecomms\computers\message.dm:396:error: GLOB.PDAs.len: undefined var
code\game\machinery\telecomms\computers\message.dm:395:warning (unused_var): sendPDAs: variable defined but not used
code\modules\cargo\orderconsole.dm:88:error: SSshuttle.shuttle_loan: undefined type: /datum/round_event/shuttle_loan
code\modules\cargo\orderconsole.dm:89:error: SSshuttle.shuttle_loan: undefined type: /datum/round_event/shuttle_loan
code\modules\cargo\orderconsole.dm:89:error: SSshuttle.shuttle_loan.dispatched: undefined type: /datum/round_event/shuttle_loan
code\modules\cargo\orderconsole.dm:166:error: SSshuttle.shuttle_loan: undefined type: /datum/round_event/shuttle_loan
code\modules\cargo\orderconsole.dm:176:error: SSshuttle.shuttle_loan.loan_shuttle: undefined type: /datum/round_event/shuttle_loan
code\modules\mining\aux_base.dm:58:warning (unused_var): base_turret: variable defined but not used
code\modules\mining\aux_base.dm:169:warning (unused_var): base_turret: variable defined but not used
code\modules\mining\aux_base.dm:173:warning (unused_var): base_turret: variable defined but not used
code\game\machinery\cell_charger.dm:97:error: attack_tk: undefined proc
code\game\machinery\dish_drive.dm:102:error: attack_ai: undefined proc
code\game\machinery\dish_drive.dm:118:error: bin: undefined type: /obj/machinery/disposal/bin
code\game\machinery\dish_drive.dm:127:error: bin: undefined type: /obj/machinery/disposal/bin
code\game\machinery\dish_drive.dm:131:error: bin.name: undefined type: /obj/machinery/disposal/bin
code\game\machinery\dish_drive.dm:133:error: bin: undefined type: /obj/machinery/disposal/bin
code\game\machinery\dish_drive.dm:134:error: bin: undefined type: /obj/machinery/disposal/bin
code\game\machinery\dish_drive.dm:135:error: bin.update_icon: undefined type: /obj/machinery/disposal/bin
code\game\machinery\dish_drive.dm:117:error: bin: unknown variable type
code\game\machinery\firealarm.dm:240:warning (unused_var): coil: variable defined but not used
code\game\machinery\firealarm.dm:273:warning (unused_var): P: variable defined but not used
code\game\machinery\igniter.dm:110:error: attack_ai: undefined proc
code\game\machinery\limbgrower.dm:161:warning (unused_var): M: variable defined but not used
code\game\machinery\mass_driver.dm:28:warning (unused_var): control: variable defined but not used
code\game\machinery\medical_kiosk.dm:191:warning (unused_var): D: variable defined but not used
code\game\machinery\medipen_refiller.dm:22:warning (unused_var): B: variable defined but not used
code\game\machinery\scan_gate.dm:101:error: GLOB.data_core.security: undefined var
code\game\machinery\scan_gate.dm:102:error: R: undefined type: /datum/data/record
code\game\machinery\scan_gate.dm:102:error: R.fields: undefined type: /datum/data/record
code\game\machinery\scan_gate.dm:101:warning (unused_var): R: variable defined but not used
code\game\machinery\scan_gate.dm:110:warning (unused_var): nanites: variable defined but not used
code\modules\shuttle\special.dm:316:warning (unused_var): H: variable defined but not used
code\modules\shuttle\special.dm:333:warning (unused_var): H: variable defined but not used
code\modules\shuttle\special.dm:360:warning (unused_var): HC: variable defined but not used
code\game\machinery\status_display.dm:333:error: attack_ai: undefined proc
code\game\machinery\status_display.dm:344:error: initial: bad variable
code\game\machinery\status_display.dm:345:error: initial: bad variable
code\game\machinery\status_display.dm:343:warning (unused_var): emote: variable defined but not used
code\modules\power\apc.dm:1067:error: nameof: requires a var, proc reference, or type path
code\modules\power\apc.dm:1067:error: : missing expression
code\modules\power\apc.dm:1069:warning (unused_var): A: variable defined but not used
code\modules\power\apc.dm:1097:error: CR: unknown variable type
code\modules\power\apc.dm:1116:warning (unused_var): P: variable defined but not used
code\modules\power\apc.dm:588:warning (unused_var): C: variable defined but not used
code\modules\power\apc.dm:626:warning (unused_var): P: variable defined but not used
code\modules\power\apc.dm:811:error: E.drain_time: undefined type: /datum/species/ethereal
code\modules\power\apc.dm:819:error: E.drain_time: undefined type: /datum/species/ethereal
code\modules\power\apc.dm:831:error: E.drain_time: undefined type: /datum/species/ethereal
code\modules\power\apc.dm:839:error: E.drain_time: undefined type: /datum/species/ethereal
code\modules\power\apc.dm:809:warning (unused_var): E: variable defined but not used
code\modules\power\apc.dm:1120:error: transfer_ai: undefined proc
code\modules\power\power.dm:196:error: C.powernet: undefined var
code\modules\power\power.dm:204:error: C.powernet.add_machine: undefined var
code\modules\power\power.dm:218:warning (unused_var): coil: variable defined but not used
code\modules\power\tracker.dm:77:error: S: undefined type: /obj/item/solar_assembly
code\modules\power\tracker.dm:78:error: S.forceMove: undefined type: /obj/item/solar_assembly
code\modules\power\tracker.dm:79:error: S.give_glass: undefined type: /obj/item/solar_assembly
code\modules\power\tracker.dm:76:error: S: unknown variable type
code\game\machinery\camera\camera.dm:76:error: GLOB.cameranet.cameras: undefined var
code\game\machinery\camera\camera.dm:77:error: GLOB.cameranet.addCamera: undefined var
code\game\machinery\camera\camera.dm:170:error: GLOB.cameranet.addCamera: undefined var
code\game\machinery\camera\camera.dm:181:error: GLOB.cameranet.updateVisibility: undefined var
code\game\machinery\camera\camera.dm:393:error: GLOB.cameranet.addCamera: undefined var
code\game\machinery\camera\camera.dm:401:error: GLOB.cameranet.removeCamera: undefined var
code\game\machinery\camera\camera.dm:404:error: GLOB.cameranet.updateChunk: undefined var
code\game\machinery\camera\motion.dm:57:warning (unused_var): aiPlayer: variable defined but not used
code\game\machinery\camera\camera.dm:103:error: GLOB.cameranet.cameras: undefined var
code\game\machinery\camera\camera.dm:147:error: GLOB.cameranet.removeCamera: undefined var
code\game\machinery\camera\camera.dm:305:warning (unused_var): P: variable defined but not used
code\game\machinery\camera\motion.dm:44:error: A.motioncameras: undefined var
code\game\machinery\camera\tracking.dm:137:error: attack_ai: undefined proc
code\modules\shuttle\on_move.dm:204:error: GLOB.cameranet.removeCamera: undefined var
code\modules\shuttle\on_move.dm:208:error: GLOB.cameranet.addCamera: undefined var
code\game\machinery\doors\brigdoors.dm:54:warning (unused_var): F: variable defined but not used
code\game\machinery\doors\brigdoors.dm:199:warning (unused_var): F: variable defined but not used
code\game\machinery\doors\brigdoors.dm:227:warning (unused_var): F: variable defined but not used
code\game\machinery\telecomms\machine_interactions.dm:214:warning (unused_var): U: variable defined but not used
code\game\objects\items\wayfinding.dm:178:error: holochip: unknown variable type
code\modules\atmospherics\machinery\airalarm.dm:774:warning (unused_var): cable: variable defined but not used
code\modules\atmospherics\machinery\airalarm.dm:803:warning (unused_var): P: variable defined but not used
code\modules\atmospherics\machinery\atmosmachinery.dm:287:warning (unused_var): pipe: variable defined but not used
code\modules\atmospherics\machinery\atmosmachinery.dm:368:error: stored.setPipingLayer: undefined type: /obj/item/pipe
code\modules\atmospherics\machinery\atmosmachinery.dm:370:error: stored.obj_integrity: undefined type: /obj/item/pipe
code\modules\atmospherics\machinery\atmosmachinery.dm:370:error: stored.max_integrity: undefined type: /obj/item/pipe
code\modules\atmospherics\machinery\atmosmachinery.dm:371:error: stored: undefined type: /obj/item/pipe
code\modules\atmospherics\machinery\atmosmachinery.dm:372:error: stored: undefined type: /obj/item/pipe
code\modules\atmospherics\machinery\atmosmachinery.dm:367:warning (unused_var): stored: variable defined but not used
code\modules\atmospherics\machinery\pipes\pipes.dm:60:warning (unused_var): meter: variable defined but not used
code\modules\atmospherics\machinery\pipes\pipes.dm:81:error: PM: unknown variable type
code\modules\atmospherics\machinery\other\miner.dm:104:error: C.powernet: undefined var
code\modules\atmospherics\machinery\other\miner.dm:104:error: C.powernet.avail: undefined var
code\modules\atmospherics\machinery\other\miner.dm:105:error: C.powernet.load: undefined var
code\modules\atmospherics\machinery\other\miner.dm:141:error: attack_ai: undefined proc
code\modules\economy\pay_stand.dm:69:warning (unused_var): H: variable defined but not used
code\modules\food_and_drinks\kitchen_machinery\gibber.dm:37:warning (unused_var): M: variable defined but not used
code\modules\food_and_drinks\kitchen_machinery\monkeyrecycler.dm:26:warning (unused_var): console: variable defined but not used
code\modules\mining\machine_processing.dm:185:warning (unused_var): D: variable defined but not used
code\modules\NTNet\relays.dm:137:warning (unused_var): D: variable defined but not used
code\modules\paperwork\photocopier.dm:136:warning (unused_var): tempAI: variable defined but not used
code\modules\power\lighting.dm:539:warning (unused_var): LR: variable defined but not used
code\modules\power\lighting.dm:728:error: eth_species: undefined type: /datum/species/ethereal
code\modules\power\lighting.dm:730:error: E.drain_time: undefined type: /datum/species/ethereal
code\modules\power\lighting.dm:733:error: E.drain_time: undefined type: /datum/species/ethereal
code\modules\power\lighting.dm:727:warning (unused_var): eth_species: variable defined but not used
code\modules\power\lighting.dm:729:warning (unused_var): E: variable defined but not used
code\modules\reagents\chemistry\machinery\smoke_machine.dm:37:warning (unused_var): B: variable defined but not used
code\game\data_huds.dm:413:warning (unused_var): T: variable defined but not used
code\modules\shuttle\shuttle.dm:637:warning (unused_var): pod: variable defined but not used
code\game\area\areas.dm:245:warning (unused_var): aiPlayer: variable defined but not used
code\game\area\areas.dm:252:warning (unused_var): a: variable defined but not used
code\game\area\areas.dm:259:warning (unused_var): D: variable defined but not used
code\game\area\areas.dm:265:warning (unused_var): p: variable defined but not used
code\game\area\areas.dm:283:warning (unused_var): aiPlayer: variable defined but not used
code\game\area\areas.dm:286:warning (unused_var): a: variable defined but not used
code\game\area\areas.dm:289:warning (unused_var): D: variable defined but not used
code\game\area\areas.dm:292:warning (unused_var): p: variable defined but not used
code\game\area\areas.dm:297:warning (unused_var): aiPlayer: variable defined but not used
code\game\area\areas.dm:300:warning (unused_var): a: variable defined but not used
code\game\area\areas.dm:303:warning (unused_var): D: variable defined but not used
code\game\area\areas.dm:306:warning (unused_var): p: variable defined but not used
code\game\area\areas.dm:350:warning (unused_var): a: variable defined but not used
code\game\area\areas.dm:353:warning (unused_var): aiPlayer: variable defined but not used
code\game\area\areas.dm:356:warning (unused_var): D: variable defined but not used
code\game\area\areas.dm:359:warning (unused_var): p: variable defined but not used
code\game\area\areas.dm:380:warning (unused_var): aiPlayer: variable defined but not used
code\game\area\areas.dm:383:warning (unused_var): a: variable defined but not used
code\game\area\areas.dm:386:warning (unused_var): D: variable defined but not used
code\game\area\areas.dm:389:warning (unused_var): p: variable defined but not used
code\game\area\areas.dm:433:error: nameof: requires a var, proc reference, or type path
code\game\area\areas.dm:433:error: : missing expression
code\modules\reagents\chemistry\holder.dm:759:error: M.Uses: undefined var
code\modules\reagents\chemistry\holder.dm:810:error: ME2.Uses: undefined var
code\modules\reagents\chemistry\holder.dm:811:error: ME2.Uses: undefined var
code\modules\reagents\chemistry\holder.dm:757:warning (unused_var): M: variable defined but not used
code\game\machinery\computer\camera_advanced.dm:300:error: remote_eye.setLoc: undefined proc
code\modules\shuttle\navigation_computer.dm:390:error: remote_eye.setLoc: undefined proc
code\modules\admin\verbs\one_click_antag.dm:519:warning (unused_var): door: variable defined but not used
code\modules\clothing\outfits\ert.dm:317:warning (unused_var): M: variable defined but not used
code\modules\clothing\outfits\ert.dm:183:error: pda.owner: undefined type: /obj/item/pda/heads
code\modules\clothing\outfits\ert.dm:184:error: pda.ownjob: undefined type: /obj/item/pda/heads
code\modules\clothing\outfits\ert.dm:185:error: pda.update_label: undefined type: /obj/item/pda/heads
code\modules\clothing\outfits\ert.dm:182:warning (unused_var): pda: variable defined but not used
code\modules\clothing\outfits\standard.dm:231:error: pda.owner: undefined type: /obj/item/pda/heads
code\modules\clothing\outfits\standard.dm:232:error: pda.ownjob: undefined type: /obj/item/pda/heads
code\modules\clothing\outfits\standard.dm:233:error: pda.update_label: undefined type: /obj/item/pda/heads
code\modules\clothing\outfits\standard.dm:230:warning (unused_var): pda: variable defined but not used
code\modules\jobs\job_types\_job.dm:327:warning (unused_var): PDA: variable defined but not used
code\game\gamemodes\objective.dm:673:error: S.stored_research.copy_research_to: undefined type: /obj/item/clothing/suit/space/space_ninja
code\game\gamemodes\objective.dm:664:error: checking: unknown variable type
code\game\gamemodes\objective.dm:672:warning (unused_var): S: variable defined but not used
code\game\gamemodes\objective.dm:675:warning (unused_var): TD: variable defined but not used
code\modules\admin\verbs\secrets.dm:102:warning (unused_var): D: variable defined but not used
code\modules\admin\verbs\secrets.dm:132:warning (unused_var): t: variable defined but not used
code\modules\admin\verbs\secrets.dm:232:warning (unused_var): DC: variable defined but not used
code\modules\admin\verbs\secrets.dm:236:warning (unused_var): DC: variable defined but not used
code\modules\admin\verbs\secrets.dm:237:warning (unused_var): DO: variable defined but not used
code\modules\mob\living\carbon\human\species.dm:1581:warning (unused_var): rev: variable defined but not used
code\modules\surgery\surgery.dm:67:warning (unused_var): R: variable defined but not used
code\modules\surgery\prosthetic_replacement.dm:105:error: new_arm: unknown variable type
code\modules\vtmb\vampire_clane\baali.dm:19:error: T: unknown variable type
code\modules\power\power.dm:338:warning (unused_var): Cable: variable defined but not used
code\modules\admin\verbs\debug.dm:213:error: PDA.id: undefined type: /obj/item/pda
code\modules\admin\verbs\debug.dm:214:error: PDA: undefined type: /obj/item/pda
code\modules\admin\verbs\debug.dm:212:warning (unused_var): PDA: variable defined but not used
code\modules\mob\transform_procs.dm:149:error: initial: bad variable
code\modules\mob\living\carbon\human\human_helpers.dm:16:error: pda: undefined type: /obj/item/pda
code\modules\mob\living\carbon\human\human_helpers.dm:17:error: pda.ownjob: undefined type: /obj/item/pda
code\modules\mob\living\carbon\human\human_helpers.dm:15:warning (unused_var): pda: variable defined but not used
code\modules\mob\living\carbon\human\human_helpers.dm:30:error: pda: undefined type: /obj/item/pda
code\modules\mob\living\carbon\human\human_helpers.dm:31:error: returnpda.owner: undefined type: /obj/item/pda
code\modules\mob\living\carbon\human\human_helpers.dm:29:warning (unused_var): pda: variable defined but not used
code\modules\mob\living\carbon\human\human_helpers.dm:70:error: pda: undefined type: /obj/item/pda
code\modules\mob\living\carbon\human\human_helpers.dm:71:error: pda.owner: undefined type: /obj/item/pda
code\modules\mob\living\carbon\human\human_helpers.dm:72:error: tablet: undefined type: /obj/item/modular_computer/tablet
code\modules\mob\living\carbon\human\human_helpers.dm:73:error: tablet.all_components: undefined type: /obj/item/modular_computer/tablet
code\modules\mob\living\carbon\human\human_helpers.dm:74:error: card_slot: undefined type: /obj/item/computer_hardware/card_slot
code\modules\mob\living\carbon\human\human_helpers.dm:74:error: card_slot.stored_card: undefined var
code\modules\mob\living\carbon\human\human_helpers.dm:75:error: card_slot.stored_card.registered_name: undefined type: /obj/item/computer_hardware/card_slot
code\modules\mob\living\carbon\human\human_helpers.dm:63:warning (unused_var): pda: variable defined but not used
code\modules\mob\living\carbon\human\human_helpers.dm:65:warning (unused_var): tablet: variable defined but not used
code\modules\mob\living\carbon\human\human_helpers.dm:73:warning (unused_var): card_slot: variable defined but not used
code\modules\mob\living\carbon\human\examine.dm:514:warning (unused_var): R: variable defined but not used
code\modules\mob\living\carbon\human\human.dm:82:warning (unused_var): changeling: variable defined but not used
code\modules\mob\living\carbon\human\human.dm:315:warning (unused_var): R: variable defined but not used
code\modules\mob\living\carbon\human\human.dm:461:warning (unused_var): c: variable defined but not used
code\modules\mob\living\carbon\human\human.dm:488:warning (unused_var): P: variable defined but not used
code\modules\mob\living\carbon\human\human.dm:630:warning (unused_var): R: variable defined but not used
code\modules\mob\living\carbon\human\human_say.dm:14:error: V.voice_change: undefined type: /obj/item/clothing/mask/chameleon
code\modules\mob\living\carbon\human\human_say.dm:13:warning (unused_var): V: variable defined but not used
code\modules\mob\living\carbon\human\human_say.dm:29:warning (unused_var): changeling: variable defined but not used
code\modules\mob\living\carbon\carbon.dm:968:warning (unused_var): D: variable defined but not used
code\modules\mob\living\carbon\carbon_movement.dm:17:warning (unused_var): J: variable defined but not used
code\modules\mining\minebot.dm:120:warning (unused_var): M: variable defined but not used
code\modules\mob\living\simple_animal\hostile\bees.dm:143:warning (unused_var): H: variable defined but not used
code\modules\mob\living\simple_animal\hostile\bees.dm:162:warning (unused_var): Hydro: variable defined but not used
code\modules\mob\living\simple_animal\hostile\bees.dm:166:warning (unused_var): BB: variable defined but not used
code\modules\projectiles\guns\energy.dm:99:warning (unused_var): R: variable defined but not used
code\modules\projectiles\projectile\bullets\revolver.dm:72:warning (unused_var): imp: variable defined but not used
code\modules\projectiles\projectile\bullets\revolver.dm:73:warning (unused_var): TI: variable defined but not used
code\modules\power\smes.dm:124:warning (unused_var): C: variable defined but not used
code\game\machinery\camera\motion.dm:28:error: returnarea_motion.motionTargets: undefined var
tgstation.dmb - 6764 errors, 499 warnings (2/14/25 4:53 pm)
Total time: 0:11
=> Target 'dm' failed in 10.919s, exit code: 4294967295
=> Target 'build' failed
Press any key to continue . . . 
